{"level":"info","ts":1633871708.178926,"caller":"log/zap.go:104","msg":"Failed to fetch URL.","url":"http://example.com","attempt":3,"backoff":1}
{"level":"info","ts":1633871708.1792371,"caller":"log/zap.go:113","msg":"Failed to fetch URL.","url":"http://example.com","attempt":3,"backoff":1}
{"level":"info","ts":1633871708.1792462,"caller":"log/zap.go:119","msg":"Failed to fetch URL: http://example.com"}
{"level":"info","ts":1633871708.179252,"caller":"log/zap.go:104","msg":"Failed to fetch URL.","url":"http://example.com","attempt":3,"backoff":1}
{"level":"info","ts":1633871708.179258,"caller":"log/zap.go:113","msg":"Failed to fetch URL.","url":"http://example.com","attempt":3,"backoff":1}
{"level":"info","ts":1633871708.179265,"caller":"log/zap.go:119","msg":"Failed to fetch URL: http://example.com"}
{"level":"info","ts":1633871708.1792698,"caller":"log/zap.go:104","msg":"Failed to fetch URL.","url":"http://example.com","attempt":3,"backoff":1}
{"level":"info","ts":1633871708.179275,"caller":"log/zap.go:113","msg":"Failed to fetch URL.","url":"http://example.com","attempt":3,"backoff":1}
{"level":"info","ts":1633871708.179281,"caller":"log/zap.go:119","msg":"Failed to fetch URL: http://example.com"}
{"level":"info","ts":1633871708.179286,"caller":"log/zap.go:104","msg":"Failed to fetch URL.","url":"http://example.com","attempt":3,"backoff":1}
{"level":"info","ts":1633871708.1792908,"caller":"log/zap.go:113","msg":"Failed to fetch URL.","url":"http://example.com","attempt":3,"backoff":1}
{"level":"info","ts":1633871708.179296,"caller":"log/zap.go:119","msg":"Failed to fetch URL: http://example.com"}
{"level":"info","ts":1633871708.179304,"caller":"log/zap.go:104","msg":"Failed to fetch URL.","url":"http://example.com","attempt":3,"backoff":1}
{"level":"info","ts":1633871708.1793091,"caller":"log/zap.go:113","msg":"Failed to fetch URL.","url":"http://example.com","attempt":3,"backoff":1}
{"level":"info","ts":1633871708.179314,"caller":"log/zap.go:119","msg":"Failed to fetch URL: http://example.com"}
{"level":"info","ts":1633871708.1793191,"caller":"log/zap.go:104","msg":"Failed to fetch URL.","url":"http://example.com","attempt":3,"backoff":1}
{"level":"info","ts":1633871708.179324,"caller":"log/zap.go:113","msg":"Failed to fetch URL.","url":"http://example.com","attempt":3,"backoff":1}
{"level":"info","ts":1633871708.17933,"caller":"log/zap.go:119","msg":"Failed to fetch URL: http://example.com"}
{"level":"info","ts":1633871708.1793349,"caller":"log/zap.go:104","msg":"Failed to fetch URL.","url":"http://example.com","attempt":3,"backoff":1}
{"level":"info","ts":1633871708.1793401,"caller":"log/zap.go:113","msg":"Failed to fetch URL.","url":"http://example.com","attempt":3,"backoff":1}
{"level":"info","ts":1633871708.179345,"caller":"log/zap.go:119","msg":"Failed to fetch URL: http://example.com"}
{"level":"info","ts":1633871708.17935,"caller":"log/zap.go:104","msg":"Failed to fetch URL.","url":"http://example.com","attempt":3,"backoff":1}
{"level":"info","ts":1633871708.179355,"caller":"log/zap.go:113","msg":"Failed to fetch URL.","url":"http://example.com","attempt":3,"backoff":1}
{"level":"info","ts":1633871708.179361,"caller":"log/zap.go:119","msg":"Failed to fetch URL: http://example.com"}
{"level":"info","ts":1633871708.1793659,"caller":"log/zap.go:104","msg":"Failed to fetch URL.","url":"http://example.com","attempt":3,"backoff":1}
{"level":"info","ts":1633871708.179371,"caller":"log/zap.go:113","msg":"Failed to fetch URL.","url":"http://example.com","attempt":3,"backoff":1}
{"level":"info","ts":1633871708.1793761,"caller":"log/zap.go:119","msg":"Failed to fetch URL: http://example.com"}
{"level":"info","ts":1633871708.179381,"caller":"log/zap.go:104","msg":"Failed to fetch URL.","url":"http://example.com","attempt":3,"backoff":1}
{"level":"info","ts":1633871708.1793861,"caller":"log/zap.go:113","msg":"Failed to fetch URL.","url":"http://example.com","attempt":3,"backoff":1}
{"level":"info","ts":1633871708.179392,"caller":"log/zap.go:119","msg":"Failed to fetch URL: http://example.com"}
{"level":"info","ts":1633871708.179397,"caller":"log/zap.go:104","msg":"Failed to fetch URL.","url":"http://example.com","attempt":3,"backoff":1}
{"level":"info","ts":1633871708.17941,"caller":"log/zap.go:113","msg":"Failed to fetch URL.","url":"http://example.com","attempt":3,"backoff":1}
{"level":"info","ts":1633871708.1794188,"caller":"log/zap.go:119","msg":"Failed to fetch URL: http://example.com"}
{"level":"info","ts":1633871708.179423,"caller":"log/zap.go:104","msg":"Failed to fetch URL.","url":"http://example.com","attempt":3,"backoff":1}
{"level":"info","ts":1633871708.1794271,"caller":"log/zap.go:113","msg":"Failed to fetch URL.","url":"http://example.com","attempt":3,"backoff":1}
{"level":"info","ts":1633871708.179434,"caller":"log/zap.go:119","msg":"Failed to fetch URL: http://example.com"}
{"level":"info","ts":1633871708.1794372,"caller":"log/zap.go:104","msg":"Failed to fetch URL.","url":"http://example.com","attempt":3,"backoff":1}
{"level":"info","ts":1633871708.179441,"caller":"log/zap.go:113","msg":"Failed to fetch URL.","url":"http://example.com","attempt":3,"backoff":1}
{"level":"info","ts":1633871708.179445,"caller":"log/zap.go:119","msg":"Failed to fetch URL: http://example.com"}
{"level":"info","ts":1633871708.179449,"caller":"log/zap.go:104","msg":"Failed to fetch URL.","url":"http://example.com","attempt":3,"backoff":1}
{"level":"info","ts":1633871708.179453,"caller":"log/zap.go:113","msg":"Failed to fetch URL.","url":"http://example.com","attempt":3,"backoff":1}
{"level":"info","ts":1633871708.179457,"caller":"log/zap.go:119","msg":"Failed to fetch URL: http://example.com"}
{"level":"info","ts":1633871708.179461,"caller":"log/zap.go:104","msg":"Failed to fetch URL.","url":"http://example.com","attempt":3,"backoff":1}
{"level":"info","ts":1633871708.179465,"caller":"log/zap.go:113","msg":"Failed to fetch URL.","url":"http://example.com","attempt":3,"backoff":1}
{"level":"info","ts":1633871708.179469,"caller":"log/zap.go:119","msg":"Failed to fetch URL: http://example.com"}
{"level":"info","ts":1633871708.179473,"caller":"log/zap.go:104","msg":"Failed to fetch URL.","url":"http://example.com","attempt":3,"backoff":1}
{"level":"info","ts":1633871708.179476,"caller":"log/zap.go:113","msg":"Failed to fetch URL.","url":"http://example.com","attempt":3,"backoff":1}
{"level":"info","ts":1633871708.179481,"caller":"log/zap.go:119","msg":"Failed to fetch URL: http://example.com"}
{"level":"info","ts":1633871708.179484,"caller":"log/zap.go:104","msg":"Failed to fetch URL.","url":"http://example.com","attempt":3,"backoff":1}
{"level":"info","ts":1633871708.179488,"caller":"log/zap.go:113","msg":"Failed to fetch URL.","url":"http://example.com","attempt":3,"backoff":1}
{"level":"info","ts":1633871708.179492,"caller":"log/zap.go:119","msg":"Failed to fetch URL: http://example.com"}
{"level":"info","ts":1633871708.179496,"caller":"log/zap.go:104","msg":"Failed to fetch URL.","url":"http://example.com","attempt":3,"backoff":1}
{"level":"info","ts":1633871708.1795,"caller":"log/zap.go:113","msg":"Failed to fetch URL.","url":"http://example.com","attempt":3,"backoff":1}
{"level":"info","ts":1633871708.1795042,"caller":"log/zap.go:119","msg":"Failed to fetch URL: http://example.com"}
{"level":"info","ts":1633871708.179508,"caller":"log/zap.go:104","msg":"Failed to fetch URL.","url":"http://example.com","attempt":3,"backoff":1}
{"level":"info","ts":1633871708.179511,"caller":"log/zap.go:113","msg":"Failed to fetch URL.","url":"http://example.com","attempt":3,"backoff":1}
{"level":"info","ts":1633871708.179515,"caller":"log/zap.go:119","msg":"Failed to fetch URL: http://example.com"}
{"level":"info","ts":1633871708.179519,"caller":"log/zap.go:104","msg":"Failed to fetch URL.","url":"http://example.com","attempt":3,"backoff":1}
{"level":"info","ts":1633871708.179523,"caller":"log/zap.go:113","msg":"Failed to fetch URL.","url":"http://example.com","attempt":3,"backoff":1}
{"level":"info","ts":1633871708.1795268,"caller":"log/zap.go:119","msg":"Failed to fetch URL: http://example.com"}
{"level":"info","ts":1633871708.179531,"caller":"log/zap.go:104","msg":"Failed to fetch URL.","url":"http://example.com","attempt":3,"backoff":1}
{"level":"info","ts":1633871708.179539,"caller":"log/zap.go:113","msg":"Failed to fetch URL.","url":"http://example.com","attempt":3,"backoff":1}
{"level":"info","ts":1633871708.179544,"caller":"log/zap.go:119","msg":"Failed to fetch URL: http://example.com"}
{"level":"info","ts":1633871708.1795478,"caller":"log/zap.go:104","msg":"Failed to fetch URL.","url":"http://example.com","attempt":3,"backoff":1}
{"level":"info","ts":1633871708.179552,"caller":"log/zap.go:113","msg":"Failed to fetch URL.","url":"http://example.com","attempt":3,"backoff":1}
{"level":"info","ts":1633871708.1795561,"caller":"log/zap.go:119","msg":"Failed to fetch URL: http://example.com"}
{"level":"info","ts":1633871708.17956,"caller":"log/zap.go:104","msg":"Failed to fetch URL.","url":"http://example.com","attempt":3,"backoff":1}
{"level":"info","ts":1633871708.179563,"caller":"log/zap.go:113","msg":"Failed to fetch URL.","url":"http://example.com","attempt":3,"backoff":1}
{"level":"info","ts":1633871708.179567,"caller":"log/zap.go:119","msg":"Failed to fetch URL: http://example.com"}
{"level":"info","ts":1633871708.179571,"caller":"log/zap.go:104","msg":"Failed to fetch URL.","url":"http://example.com","attempt":3,"backoff":1}
{"level":"info","ts":1633871708.179575,"caller":"log/zap.go:113","msg":"Failed to fetch URL.","url":"http://example.com","attempt":3,"backoff":1}
{"level":"info","ts":1633871708.1795788,"caller":"log/zap.go:119","msg":"Failed to fetch URL: http://example.com"}
{"level":"info","ts":1633871708.179583,"caller":"log/zap.go:104","msg":"Failed to fetch URL.","url":"http://example.com","attempt":3,"backoff":1}
{"level":"info","ts":1633871708.179586,"caller":"log/zap.go:113","msg":"Failed to fetch URL.","url":"http://example.com","attempt":3,"backoff":1}
{"level":"info","ts":1633871708.179591,"caller":"log/zap.go:119","msg":"Failed to fetch URL: http://example.com"}
{"level":"info","ts":1633871708.179594,"caller":"log/zap.go:104","msg":"Failed to fetch URL.","url":"http://example.com","attempt":3,"backoff":1}
{"level":"info","ts":1633871708.179598,"caller":"log/zap.go:113","msg":"Failed to fetch URL.","url":"http://example.com","attempt":3,"backoff":1}
{"level":"info","ts":1633871708.179602,"caller":"log/zap.go:119","msg":"Failed to fetch URL: http://example.com"}
{"level":"info","ts":1633871708.179606,"caller":"log/zap.go:104","msg":"Failed to fetch URL.","url":"http://example.com","attempt":3,"backoff":1}
{"level":"info","ts":1633871708.17961,"caller":"log/zap.go:113","msg":"Failed to fetch URL.","url":"http://example.com","attempt":3,"backoff":1}
{"level":"info","ts":1633871708.179614,"caller":"log/zap.go:119","msg":"Failed to fetch URL: http://example.com"}
{"level":"info","ts":1633871708.1796181,"caller":"log/zap.go:104","msg":"Failed to fetch URL.","url":"http://example.com","attempt":3,"backoff":1}
{"level":"info","ts":1633871708.1796212,"caller":"log/zap.go:113","msg":"Failed to fetch URL.","url":"http://example.com","attempt":3,"backoff":1}
{"level":"info","ts":1633871708.179625,"caller":"log/zap.go:119","msg":"Failed to fetch URL: http://example.com"}
{"level":"info","ts":1633871708.179629,"caller":"log/zap.go:104","msg":"Failed to fetch URL.","url":"http://example.com","attempt":3,"backoff":1}
{"level":"info","ts":1633871708.179633,"caller":"log/zap.go:113","msg":"Failed to fetch URL.","url":"http://example.com","attempt":3,"backoff":1}
{"level":"info","ts":1633871708.179637,"caller":"log/zap.go:119","msg":"Failed to fetch URL: http://example.com"}
{"level":"info","ts":1633871708.179641,"caller":"log/zap.go:104","msg":"Failed to fetch URL.","url":"http://example.com","attempt":3,"backoff":1}
{"level":"info","ts":1633871708.1796439,"caller":"log/zap.go:113","msg":"Failed to fetch URL.","url":"http://example.com","attempt":3,"backoff":1}
{"level":"info","ts":1633871708.179649,"caller":"log/zap.go:119","msg":"Failed to fetch URL: http://example.com"}
{"level":"info","ts":1633871708.1796522,"caller":"log/zap.go:104","msg":"Failed to fetch URL.","url":"http://example.com","attempt":3,"backoff":1}
{"level":"info","ts":1633871708.17966,"caller":"log/zap.go:113","msg":"Failed to fetch URL.","url":"http://example.com","attempt":3,"backoff":1}
{"level":"info","ts":1633871708.1796649,"caller":"log/zap.go:119","msg":"Failed to fetch URL: http://example.com"}
{"level":"info","ts":1633871708.179668,"caller":"log/zap.go:104","msg":"Failed to fetch URL.","url":"http://example.com","attempt":3,"backoff":1}
{"level":"info","ts":1633871708.179672,"caller":"log/zap.go:113","msg":"Failed to fetch URL.","url":"http://example.com","attempt":3,"backoff":1}
{"level":"info","ts":1633871708.1796758,"caller":"log/zap.go:119","msg":"Failed to fetch URL: http://example.com"}
{"level":"info","ts":1633871708.17968,"caller":"log/zap.go:104","msg":"Failed to fetch URL.","url":"http://example.com","attempt":3,"backoff":1}
{"level":"info","ts":1633871708.1796842,"caller":"log/zap.go:113","msg":"Failed to fetch URL.","url":"http://example.com","attempt":3,"backoff":1}
{"level":"info","ts":1633871708.17969,"caller":"log/zap.go:119","msg":"Failed to fetch URL: http://example.com"}
{"level":"info","ts":1633871708.1796942,"caller":"log/zap.go:104","msg":"Failed to fetch URL.","url":"http://example.com","attempt":3,"backoff":1}
{"level":"info","ts":1633871708.179698,"caller":"log/zap.go:113","msg":"Failed to fetch URL.","url":"http://example.com","attempt":3,"backoff":1}
{"level":"info","ts":1633871708.179702,"caller":"log/zap.go:119","msg":"Failed to fetch URL: http://example.com"}
{"level":"info","ts":1633871708.179706,"caller":"log/zap.go:104","msg":"Failed to fetch URL.","url":"http://example.com","attempt":3,"backoff":1}
{"level":"info","ts":1633871708.17971,"caller":"log/zap.go:113","msg":"Failed to fetch URL.","url":"http://example.com","attempt":3,"backoff":1}
{"level":"info","ts":1633871708.179714,"caller":"log/zap.go:119","msg":"Failed to fetch URL: http://example.com"}
{"level":"info","ts":1633871708.1797178,"caller":"log/zap.go:104","msg":"Failed to fetch URL.","url":"http://example.com","attempt":3,"backoff":1}
{"level":"info","ts":1633871708.179722,"caller":"log/zap.go:113","msg":"Failed to fetch URL.","url":"http://example.com","attempt":3,"backoff":1}
{"level":"info","ts":1633871708.1797261,"caller":"log/zap.go:119","msg":"Failed to fetch URL: http://example.com"}
{"level":"info","ts":1633871708.179729,"caller":"log/zap.go:104","msg":"Failed to fetch URL.","url":"http://example.com","attempt":3,"backoff":1}
{"level":"info","ts":1633871708.179733,"caller":"log/zap.go:113","msg":"Failed to fetch URL.","url":"http://example.com","attempt":3,"backoff":1}
{"level":"info","ts":1633871708.179737,"caller":"log/zap.go:119","msg":"Failed to fetch URL: http://example.com"}
{"level":"info","ts":1633871708.179741,"caller":"log/zap.go:104","msg":"Failed to fetch URL.","url":"http://example.com","attempt":3,"backoff":1}
{"level":"info","ts":1633871708.179745,"caller":"log/zap.go:113","msg":"Failed to fetch URL.","url":"http://example.com","attempt":3,"backoff":1}
{"level":"info","ts":1633871708.179749,"caller":"log/zap.go:119","msg":"Failed to fetch URL: http://example.com"}
{"level":"info","ts":1633871708.179753,"caller":"log/zap.go:104","msg":"Failed to fetch URL.","url":"http://example.com","attempt":3,"backoff":1}
{"level":"info","ts":1633871708.179756,"caller":"log/zap.go:113","msg":"Failed to fetch URL.","url":"http://example.com","attempt":3,"backoff":1}
{"level":"info","ts":1633871708.179761,"caller":"log/zap.go:119","msg":"Failed to fetch URL: http://example.com"}
{"level":"info","ts":1633871708.179764,"caller":"log/zap.go:104","msg":"Failed to fetch URL.","url":"http://example.com","attempt":3,"backoff":1}
{"level":"info","ts":1633871708.179768,"caller":"log/zap.go:113","msg":"Failed to fetch URL.","url":"http://example.com","attempt":3,"backoff":1}
{"level":"info","ts":1633871708.179772,"caller":"log/zap.go:119","msg":"Failed to fetch URL: http://example.com"}
{"level":"info","ts":1633871708.179776,"caller":"log/zap.go:104","msg":"Failed to fetch URL.","url":"http://example.com","attempt":3,"backoff":1}
{"level":"info","ts":1633871708.179785,"caller":"log/zap.go:113","msg":"Failed to fetch URL.","url":"http://example.com","attempt":3,"backoff":1}
{"level":"info","ts":1633871708.179789,"caller":"log/zap.go:119","msg":"Failed to fetch URL: http://example.com"}
{"level":"info","ts":1633871708.179793,"caller":"log/zap.go:104","msg":"Failed to fetch URL.","url":"http://example.com","attempt":3,"backoff":1}
{"level":"info","ts":1633871708.179797,"caller":"log/zap.go:113","msg":"Failed to fetch URL.","url":"http://example.com","attempt":3,"backoff":1}
{"level":"info","ts":1633871708.179801,"caller":"log/zap.go:119","msg":"Failed to fetch URL: http://example.com"}
{"level":"info","ts":1633871708.179805,"caller":"log/zap.go:104","msg":"Failed to fetch URL.","url":"http://example.com","attempt":3,"backoff":1}
{"level":"info","ts":1633871708.179808,"caller":"log/zap.go:113","msg":"Failed to fetch URL.","url":"http://example.com","attempt":3,"backoff":1}
{"level":"info","ts":1633871708.1798131,"caller":"log/zap.go:119","msg":"Failed to fetch URL: http://example.com"}
{"level":"info","ts":1633871708.179817,"caller":"log/zap.go:104","msg":"Failed to fetch URL.","url":"http://example.com","attempt":3,"backoff":1}
{"level":"info","ts":1633871708.17982,"caller":"log/zap.go:113","msg":"Failed to fetch URL.","url":"http://example.com","attempt":3,"backoff":1}
{"level":"info","ts":1633871708.179824,"caller":"log/zap.go:119","msg":"Failed to fetch URL: http://example.com"}
{"level":"info","ts":1633871708.179828,"caller":"log/zap.go:104","msg":"Failed to fetch URL.","url":"http://example.com","attempt":3,"backoff":1}
{"level":"info","ts":1633871708.179832,"caller":"log/zap.go:113","msg":"Failed to fetch URL.","url":"http://example.com","attempt":3,"backoff":1}
{"level":"info","ts":1633871708.1798358,"caller":"log/zap.go:119","msg":"Failed to fetch URL: http://example.com"}
{"level":"info","ts":1633871708.17984,"caller":"log/zap.go:104","msg":"Failed to fetch URL.","url":"http://example.com","attempt":3,"backoff":1}
{"level":"info","ts":1633871708.1798441,"caller":"log/zap.go:113","msg":"Failed to fetch URL.","url":"http://example.com","attempt":3,"backoff":1}
{"level":"info","ts":1633871708.179848,"caller":"log/zap.go:119","msg":"Failed to fetch URL: http://example.com"}
{"level":"info","ts":1633871708.1798542,"caller":"log/zap.go:104","msg":"Failed to fetch URL.","url":"http://example.com","attempt":3,"backoff":1}
{"level":"info","ts":1633871708.179858,"caller":"log/zap.go:113","msg":"Failed to fetch URL.","url":"http://example.com","attempt":3,"backoff":1}
{"level":"info","ts":1633871708.179862,"caller":"log/zap.go:119","msg":"Failed to fetch URL: http://example.com"}
{"level":"info","ts":1633871708.179866,"caller":"log/zap.go:104","msg":"Failed to fetch URL.","url":"http://example.com","attempt":3,"backoff":1}
{"level":"info","ts":1633871708.17987,"caller":"log/zap.go:113","msg":"Failed to fetch URL.","url":"http://example.com","attempt":3,"backoff":1}
{"level":"info","ts":1633871708.179874,"caller":"log/zap.go:119","msg":"Failed to fetch URL: http://example.com"}
{"level":"info","ts":1633871708.179878,"caller":"log/zap.go:104","msg":"Failed to fetch URL.","url":"http://example.com","attempt":3,"backoff":1}
{"level":"info","ts":1633871708.179882,"caller":"log/zap.go:113","msg":"Failed to fetch URL.","url":"http://example.com","attempt":3,"backoff":1}
{"level":"info","ts":1633871708.179886,"caller":"log/zap.go:119","msg":"Failed to fetch URL: http://example.com"}
{"level":"info","ts":1633871708.17989,"caller":"log/zap.go:104","msg":"Failed to fetch URL.","url":"http://example.com","attempt":3,"backoff":1}
{"level":"info","ts":1633871708.179893,"caller":"log/zap.go:113","msg":"Failed to fetch URL.","url":"http://example.com","attempt":3,"backoff":1}
{"level":"info","ts":1633871708.179897,"caller":"log/zap.go:119","msg":"Failed to fetch URL: http://example.com"}
{"level":"info","ts":1633871708.179901,"caller":"log/zap.go:104","msg":"Failed to fetch URL.","url":"http://example.com","attempt":3,"backoff":1}
{"level":"info","ts":1633871708.179905,"caller":"log/zap.go:113","msg":"Failed to fetch URL.","url":"http://example.com","attempt":3,"backoff":1}
{"level":"info","ts":1633871708.179914,"caller":"log/zap.go:119","msg":"Failed to fetch URL: http://example.com"}
{"level":"info","ts":1633871708.179918,"caller":"log/zap.go:104","msg":"Failed to fetch URL.","url":"http://example.com","attempt":3,"backoff":1}
{"level":"info","ts":1633871708.1799219,"caller":"log/zap.go:113","msg":"Failed to fetch URL.","url":"http://example.com","attempt":3,"backoff":1}
{"level":"info","ts":1633871708.179926,"caller":"log/zap.go:119","msg":"Failed to fetch URL: http://example.com"}
{"level":"info","ts":1633871708.1799302,"caller":"log/zap.go:104","msg":"Failed to fetch URL.","url":"http://example.com","attempt":3,"backoff":1}
{"level":"info","ts":1633871708.1799328,"caller":"log/zap.go:113","msg":"Failed to fetch URL.","url":"http://example.com","attempt":3,"backoff":1}
{"level":"info","ts":1633871708.1799371,"caller":"log/zap.go:119","msg":"Failed to fetch URL: http://example.com"}
{"level":"info","ts":1633871708.1799412,"caller":"log/zap.go:104","msg":"Failed to fetch URL.","url":"http://example.com","attempt":3,"backoff":1}
{"level":"info","ts":1633871708.179945,"caller":"log/zap.go:113","msg":"Failed to fetch URL.","url":"http://example.com","attempt":3,"backoff":1}
{"level":"info","ts":1633871708.1799512,"caller":"log/zap.go:119","msg":"Failed to fetch URL: http://example.com"}
{"level":"info","ts":1633871708.179955,"caller":"log/zap.go:104","msg":"Failed to fetch URL.","url":"http://example.com","attempt":3,"backoff":1}
{"level":"info","ts":1633871708.179959,"caller":"log/zap.go:113","msg":"Failed to fetch URL.","url":"http://example.com","attempt":3,"backoff":1}
{"level":"info","ts":1633871708.1799629,"caller":"log/zap.go:119","msg":"Failed to fetch URL: http://example.com"}
{"level":"info","ts":1633871708.179967,"caller":"log/zap.go:104","msg":"Failed to fetch URL.","url":"http://example.com","attempt":3,"backoff":1}
{"level":"info","ts":1633871708.179971,"caller":"log/zap.go:113","msg":"Failed to fetch URL.","url":"http://example.com","attempt":3,"backoff":1}
{"level":"info","ts":1633871708.1799748,"caller":"log/zap.go:119","msg":"Failed to fetch URL: http://example.com"}
{"level":"info","ts":1633871708.179979,"caller":"log/zap.go:104","msg":"Failed to fetch URL.","url":"http://example.com","attempt":3,"backoff":1}
{"level":"info","ts":1633871708.1799822,"caller":"log/zap.go:113","msg":"Failed to fetch URL.","url":"http://example.com","attempt":3,"backoff":1}
{"level":"info","ts":1633871708.179986,"caller":"log/zap.go:119","msg":"Failed to fetch URL: http://example.com"}
{"level":"info","ts":1633871708.17999,"caller":"log/zap.go:104","msg":"Failed to fetch URL.","url":"http://example.com","attempt":3,"backoff":1}
{"level":"info","ts":1633871708.179994,"caller":"log/zap.go:113","msg":"Failed to fetch URL.","url":"http://example.com","attempt":3,"backoff":1}
{"level":"info","ts":1633871708.179998,"caller":"log/zap.go:119","msg":"Failed to fetch URL: http://example.com"}
{"level":"info","ts":1633871708.180002,"caller":"log/zap.go:104","msg":"Failed to fetch URL.","url":"http://example.com","attempt":3,"backoff":1}
{"level":"info","ts":1633871708.1800058,"caller":"log/zap.go:113","msg":"Failed to fetch URL.","url":"http://example.com","attempt":3,"backoff":1}
{"level":"info","ts":1633871708.18001,"caller":"log/zap.go:119","msg":"Failed to fetch URL: http://example.com"}
{"level":"info","ts":1633871708.180013,"caller":"log/zap.go:104","msg":"Failed to fetch URL.","url":"http://example.com","attempt":3,"backoff":1}
{"level":"info","ts":1633871708.180017,"caller":"log/zap.go:113","msg":"Failed to fetch URL.","url":"http://example.com","attempt":3,"backoff":1}
{"level":"info","ts":1633871708.180021,"caller":"log/zap.go:119","msg":"Failed to fetch URL: http://example.com"}
{"level":"info","ts":1633871708.180026,"caller":"log/zap.go:104","msg":"Failed to fetch URL.","url":"http://example.com","attempt":3,"backoff":1}
{"level":"info","ts":1633871708.180029,"caller":"log/zap.go:113","msg":"Failed to fetch URL.","url":"http://example.com","attempt":3,"backoff":1}
{"level":"info","ts":1633871708.180038,"caller":"log/zap.go:119","msg":"Failed to fetch URL: http://example.com"}
{"level":"info","ts":1633871708.180042,"caller":"log/zap.go:104","msg":"Failed to fetch URL.","url":"http://example.com","attempt":3,"backoff":1}
{"level":"info","ts":1633871708.1800451,"caller":"log/zap.go:113","msg":"Failed to fetch URL.","url":"http://example.com","attempt":3,"backoff":1}
{"level":"info","ts":1633871708.18005,"caller":"log/zap.go:119","msg":"Failed to fetch URL: http://example.com"}
{"level":"info","ts":1633871708.180053,"caller":"log/zap.go:104","msg":"Failed to fetch URL.","url":"http://example.com","attempt":3,"backoff":1}
{"level":"info","ts":1633871708.180057,"caller":"log/zap.go:113","msg":"Failed to fetch URL.","url":"http://example.com","attempt":3,"backoff":1}
{"level":"info","ts":1633871708.1800609,"caller":"log/zap.go:119","msg":"Failed to fetch URL: http://example.com"}
{"level":"info","ts":1633871708.180065,"caller":"log/zap.go:104","msg":"Failed to fetch URL.","url":"http://example.com","attempt":3,"backoff":1}
{"level":"info","ts":1633871708.1800692,"caller":"log/zap.go:113","msg":"Failed to fetch URL.","url":"http://example.com","attempt":3,"backoff":1}
{"level":"info","ts":1633871708.180073,"caller":"log/zap.go:119","msg":"Failed to fetch URL: http://example.com"}
{"level":"info","ts":1633871708.180077,"caller":"log/zap.go:104","msg":"Failed to fetch URL.","url":"http://example.com","attempt":3,"backoff":1}
{"level":"info","ts":1633871708.1800802,"caller":"log/zap.go:113","msg":"Failed to fetch URL.","url":"http://example.com","attempt":3,"backoff":1}
{"level":"info","ts":1633871708.180085,"caller":"log/zap.go:119","msg":"Failed to fetch URL: http://example.com"}
{"level":"info","ts":1633871708.180088,"caller":"log/zap.go:104","msg":"Failed to fetch URL.","url":"http://example.com","attempt":3,"backoff":1}
{"level":"info","ts":1633871708.1800919,"caller":"log/zap.go:113","msg":"Failed to fetch URL.","url":"http://example.com","attempt":3,"backoff":1}
{"level":"info","ts":1633871708.180096,"caller":"log/zap.go:119","msg":"Failed to fetch URL: http://example.com"}
{"level":"info","ts":1633871708.1801002,"caller":"log/zap.go:104","msg":"Failed to fetch URL.","url":"http://example.com","attempt":3,"backoff":1}
{"level":"info","ts":1633871708.180104,"caller":"log/zap.go:113","msg":"Failed to fetch URL.","url":"http://example.com","attempt":3,"backoff":1}
{"level":"info","ts":1633871708.180108,"caller":"log/zap.go:119","msg":"Failed to fetch URL: http://example.com"}
{"level":"info","ts":1633871708.180112,"caller":"log/zap.go:104","msg":"Failed to fetch URL.","url":"http://example.com","attempt":3,"backoff":1}
{"level":"info","ts":1633871708.180115,"caller":"log/zap.go:113","msg":"Failed to fetch URL.","url":"http://example.com","attempt":3,"backoff":1}
{"level":"info","ts":1633871708.180119,"caller":"log/zap.go:119","msg":"Failed to fetch URL: http://example.com"}
{"level":"info","ts":1633871708.1801229,"caller":"log/zap.go:104","msg":"Failed to fetch URL.","url":"http://example.com","attempt":3,"backoff":1}
{"level":"info","ts":1633871708.180127,"caller":"log/zap.go:113","msg":"Failed to fetch URL.","url":"http://example.com","attempt":3,"backoff":1}
{"level":"info","ts":1633871708.180131,"caller":"log/zap.go:119","msg":"Failed to fetch URL: http://example.com"}
{"level":"info","ts":1633871708.180135,"caller":"log/zap.go:104","msg":"Failed to fetch URL.","url":"http://example.com","attempt":3,"backoff":1}
{"level":"info","ts":1633871708.1801379,"caller":"log/zap.go:113","msg":"Failed to fetch URL.","url":"http://example.com","attempt":3,"backoff":1}
{"level":"info","ts":1633871708.180143,"caller":"log/zap.go:119","msg":"Failed to fetch URL: http://example.com"}
{"level":"info","ts":1633871708.180146,"caller":"log/zap.go:104","msg":"Failed to fetch URL.","url":"http://example.com","attempt":3,"backoff":1}
{"level":"info","ts":1633871708.18015,"caller":"log/zap.go:113","msg":"Failed to fetch URL.","url":"http://example.com","attempt":3,"backoff":1}
{"level":"info","ts":1633871708.180158,"caller":"log/zap.go:119","msg":"Failed to fetch URL: http://example.com"}
{"level":"info","ts":1633871708.180162,"caller":"log/zap.go:104","msg":"Failed to fetch URL.","url":"http://example.com","attempt":3,"backoff":1}
{"level":"info","ts":1633871708.180166,"caller":"log/zap.go:113","msg":"Failed to fetch URL.","url":"http://example.com","attempt":3,"backoff":1}
{"level":"info","ts":1633871708.18017,"caller":"log/zap.go:119","msg":"Failed to fetch URL: http://example.com"}
{"level":"info","ts":1633871708.180174,"caller":"log/zap.go:104","msg":"Failed to fetch URL.","url":"http://example.com","attempt":3,"backoff":1}
{"level":"info","ts":1633871708.180177,"caller":"log/zap.go:113","msg":"Failed to fetch URL.","url":"http://example.com","attempt":3,"backoff":1}
{"level":"info","ts":1633871708.180182,"caller":"log/zap.go:119","msg":"Failed to fetch URL: http://example.com"}
{"level":"info","ts":1633871708.180188,"caller":"log/zap.go:104","msg":"Failed to fetch URL.","url":"http://example.com","attempt":3,"backoff":1}
{"level":"info","ts":1633871708.180191,"caller":"log/zap.go:113","msg":"Failed to fetch URL.","url":"http://example.com","attempt":3,"backoff":1}
{"level":"info","ts":1633871708.180196,"caller":"log/zap.go:119","msg":"Failed to fetch URL: http://example.com"}
{"level":"info","ts":1633871708.180199,"caller":"log/zap.go:104","msg":"Failed to fetch URL.","url":"http://example.com","attempt":3,"backoff":1}
{"level":"info","ts":1633871708.180203,"caller":"log/zap.go:113","msg":"Failed to fetch URL.","url":"http://example.com","attempt":3,"backoff":1}
{"level":"info","ts":1633871708.1802082,"caller":"log/zap.go:119","msg":"Failed to fetch URL: http://example.com"}
{"level":"info","ts":1633871708.180212,"caller":"log/zap.go:104","msg":"Failed to fetch URL.","url":"http://example.com","attempt":3,"backoff":1}
{"level":"info","ts":1633871708.1802151,"caller":"log/zap.go:113","msg":"Failed to fetch URL.","url":"http://example.com","attempt":3,"backoff":1}
{"level":"info","ts":1633871708.18022,"caller":"log/zap.go:119","msg":"Failed to fetch URL: http://example.com"}
{"level":"info","ts":1633871708.180223,"caller":"log/zap.go:104","msg":"Failed to fetch URL.","url":"http://example.com","attempt":3,"backoff":1}
{"level":"info","ts":1633871708.180227,"caller":"log/zap.go:113","msg":"Failed to fetch URL.","url":"http://example.com","attempt":3,"backoff":1}
{"level":"info","ts":1633871708.1802309,"caller":"log/zap.go:119","msg":"Failed to fetch URL: http://example.com"}
{"level":"info","ts":1633871708.180235,"caller":"log/zap.go:104","msg":"Failed to fetch URL.","url":"http://example.com","attempt":3,"backoff":1}
{"level":"info","ts":1633871708.1802392,"caller":"log/zap.go:113","msg":"Failed to fetch URL.","url":"http://example.com","attempt":3,"backoff":1}
{"level":"info","ts":1633871708.180243,"caller":"log/zap.go:119","msg":"Failed to fetch URL: http://example.com"}
{"level":"info","ts":1633871708.180246,"caller":"log/zap.go:104","msg":"Failed to fetch URL.","url":"http://example.com","attempt":3,"backoff":1}
{"level":"info","ts":1633871708.1802502,"caller":"log/zap.go:113","msg":"Failed to fetch URL.","url":"http://example.com","attempt":3,"backoff":1}
{"level":"info","ts":1633871708.180254,"caller":"log/zap.go:119","msg":"Failed to fetch URL: http://example.com"}
{"level":"info","ts":1633871708.180258,"caller":"log/zap.go:104","msg":"Failed to fetch URL.","url":"http://example.com","attempt":3,"backoff":1}
{"level":"info","ts":1633871708.1802619,"caller":"log/zap.go:113","msg":"Failed to fetch URL.","url":"http://example.com","attempt":3,"backoff":1}
{"level":"info","ts":1633871708.180266,"caller":"log/zap.go:119","msg":"Failed to fetch URL: http://example.com"}
{"level":"info","ts":1633871708.180269,"caller":"log/zap.go:104","msg":"Failed to fetch URL.","url":"http://example.com","attempt":3,"backoff":1}
{"level":"info","ts":1633871708.1802728,"caller":"log/zap.go:113","msg":"Failed to fetch URL.","url":"http://example.com","attempt":3,"backoff":1}
{"level":"info","ts":1633871708.1802828,"caller":"log/zap.go:119","msg":"Failed to fetch URL: http://example.com"}
{"level":"info","ts":1633871708.180287,"caller":"log/zap.go:104","msg":"Failed to fetch URL.","url":"http://example.com","attempt":3,"backoff":1}
{"level":"info","ts":1633871708.18029,"caller":"log/zap.go:113","msg":"Failed to fetch URL.","url":"http://example.com","attempt":3,"backoff":1}
{"level":"info","ts":1633871708.180295,"caller":"log/zap.go:119","msg":"Failed to fetch URL: http://example.com"}
{"level":"info","ts":1633871708.180298,"caller":"log/zap.go:104","msg":"Failed to fetch URL.","url":"http://example.com","attempt":3,"backoff":1}
{"level":"info","ts":1633871708.1803021,"caller":"log/zap.go:113","msg":"Failed to fetch URL.","url":"http://example.com","attempt":3,"backoff":1}
{"level":"info","ts":1633871708.180306,"caller":"log/zap.go:119","msg":"Failed to fetch URL: http://example.com"}
{"level":"info","ts":1633871708.18031,"caller":"log/zap.go:104","msg":"Failed to fetch URL.","url":"http://example.com","attempt":3,"backoff":1}
{"level":"info","ts":1633871708.180314,"caller":"log/zap.go:113","msg":"Failed to fetch URL.","url":"http://example.com","attempt":3,"backoff":1}
{"level":"info","ts":1633871708.1803179,"caller":"log/zap.go:119","msg":"Failed to fetch URL: http://example.com"}
{"level":"info","ts":1633871708.180322,"caller":"log/zap.go:104","msg":"Failed to fetch URL.","url":"http://example.com","attempt":3,"backoff":1}
{"level":"info","ts":1633871708.180325,"caller":"log/zap.go:113","msg":"Failed to fetch URL.","url":"http://example.com","attempt":3,"backoff":1}
{"level":"info","ts":1633871708.1803288,"caller":"log/zap.go:119","msg":"Failed to fetch URL: http://example.com"}
{"level":"info","ts":1633871708.1803331,"caller":"log/zap.go:104","msg":"Failed to fetch URL.","url":"http://example.com","attempt":3,"backoff":1}
{"level":"info","ts":1633871708.180337,"caller":"log/zap.go:113","msg":"Failed to fetch URL.","url":"http://example.com","attempt":3,"backoff":1}
{"level":"info","ts":1633871708.1803432,"caller":"log/zap.go:119","msg":"Failed to fetch URL: http://example.com"}
{"level":"info","ts":1633871708.180347,"caller":"log/zap.go:104","msg":"Failed to fetch URL.","url":"http://example.com","attempt":3,"backoff":1}
{"level":"info","ts":1633871708.180351,"caller":"log/zap.go:113","msg":"Failed to fetch URL.","url":"http://example.com","attempt":3,"backoff":1}
{"level":"info","ts":1633871708.1803572,"caller":"log/zap.go:119","msg":"Failed to fetch URL: http://example.com"}
{"level":"info","ts":1633871708.180361,"caller":"log/zap.go:104","msg":"Failed to fetch URL.","url":"http://example.com","attempt":3,"backoff":1}
{"level":"info","ts":1633871708.180365,"caller":"log/zap.go:113","msg":"Failed to fetch URL.","url":"http://example.com","attempt":3,"backoff":1}
{"level":"info","ts":1633871708.180369,"caller":"log/zap.go:119","msg":"Failed to fetch URL: http://example.com"}
{"level":"info","ts":1633871708.180373,"caller":"log/zap.go:104","msg":"Failed to fetch URL.","url":"http://example.com","attempt":3,"backoff":1}
{"level":"info","ts":1633871708.180377,"caller":"log/zap.go:113","msg":"Failed to fetch URL.","url":"http://example.com","attempt":3,"backoff":1}
{"level":"info","ts":1633871708.1803808,"caller":"log/zap.go:119","msg":"Failed to fetch URL: http://example.com"}
{"level":"info","ts":1633871708.180385,"caller":"log/zap.go:104","msg":"Failed to fetch URL.","url":"http://example.com","attempt":3,"backoff":1}
{"level":"info","ts":1633871708.1803892,"caller":"log/zap.go:113","msg":"Failed to fetch URL.","url":"http://example.com","attempt":3,"backoff":1}
{"level":"info","ts":1633871708.180393,"caller":"log/zap.go:119","msg":"Failed to fetch URL: http://example.com"}
{"level":"info","ts":1633871708.180397,"caller":"log/zap.go:104","msg":"Failed to fetch URL.","url":"http://example.com","attempt":3,"backoff":1}
{"level":"info","ts":1633871708.1804001,"caller":"log/zap.go:113","msg":"Failed to fetch URL.","url":"http://example.com","attempt":3,"backoff":1}
{"level":"info","ts":1633871708.1804092,"caller":"log/zap.go:119","msg":"Failed to fetch URL: http://example.com"}
{"level":"info","ts":1633871708.180413,"caller":"log/zap.go:104","msg":"Failed to fetch URL.","url":"http://example.com","attempt":3,"backoff":1}
{"level":"info","ts":1633871708.180416,"caller":"log/zap.go:113","msg":"Failed to fetch URL.","url":"http://example.com","attempt":3,"backoff":1}
{"level":"info","ts":1633871708.1804202,"caller":"log/zap.go:119","msg":"Failed to fetch URL: http://example.com"}
{"level":"info","ts":1633871708.180424,"caller":"log/zap.go:104","msg":"Failed to fetch URL.","url":"http://example.com","attempt":3,"backoff":1}
{"level":"info","ts":1633871708.180428,"caller":"log/zap.go:113","msg":"Failed to fetch URL.","url":"http://example.com","attempt":3,"backoff":1}
{"level":"info","ts":1633871708.1804318,"caller":"log/zap.go:119","msg":"Failed to fetch URL: http://example.com"}
{"level":"info","ts":1633871708.180436,"caller":"log/zap.go:104","msg":"Failed to fetch URL.","url":"http://example.com","attempt":3,"backoff":1}
{"level":"info","ts":1633871708.180439,"caller":"log/zap.go:113","msg":"Failed to fetch URL.","url":"http://example.com","attempt":3,"backoff":1}
{"level":"info","ts":1633871708.1804428,"caller":"log/zap.go:119","msg":"Failed to fetch URL: http://example.com"}
{"level":"info","ts":1633871708.1804469,"caller":"log/zap.go:104","msg":"Failed to fetch URL.","url":"http://example.com","attempt":3,"backoff":1}
{"level":"info","ts":1633871708.1804512,"caller":"log/zap.go:113","msg":"Failed to fetch URL.","url":"http://example.com","attempt":3,"backoff":1}
{"level":"info","ts":1633871708.180455,"caller":"log/zap.go:119","msg":"Failed to fetch URL: http://example.com"}
{"level":"info","ts":1633871708.180459,"caller":"log/zap.go:104","msg":"Failed to fetch URL.","url":"http://example.com","attempt":3,"backoff":1}
{"level":"info","ts":1633871708.180463,"caller":"log/zap.go:113","msg":"Failed to fetch URL.","url":"http://example.com","attempt":3,"backoff":1}
{"level":"info","ts":1633871708.180469,"caller":"log/zap.go:119","msg":"Failed to fetch URL: http://example.com"}
{"level":"info","ts":1633871708.180473,"caller":"log/zap.go:104","msg":"Failed to fetch URL.","url":"http://example.com","attempt":3,"backoff":1}
{"level":"info","ts":1633871708.180476,"caller":"log/zap.go:113","msg":"Failed to fetch URL.","url":"http://example.com","attempt":3,"backoff":1}
{"level":"info","ts":1633871708.18048,"caller":"log/zap.go:119","msg":"Failed to fetch URL: http://example.com"}
{"level":"info","ts":1633871708.180484,"caller":"log/zap.go:104","msg":"Failed to fetch URL.","url":"http://example.com","attempt":3,"backoff":1}
{"level":"info","ts":1633871708.1804879,"caller":"log/zap.go:113","msg":"Failed to fetch URL.","url":"http://example.com","attempt":3,"backoff":1}
{"level":"info","ts":1633871708.180492,"caller":"log/zap.go:119","msg":"Failed to fetch URL: http://example.com"}
{"level":"info","ts":1633871708.180496,"caller":"log/zap.go:104","msg":"Failed to fetch URL.","url":"http://example.com","attempt":3,"backoff":1}
{"level":"info","ts":1633871708.1804988,"caller":"log/zap.go:113","msg":"Failed to fetch URL.","url":"http://example.com","attempt":3,"backoff":1}
{"level":"info","ts":1633871708.180504,"caller":"log/zap.go:119","msg":"Failed to fetch URL: http://example.com"}
{"level":"info","ts":1633871708.180508,"caller":"log/zap.go:104","msg":"Failed to fetch URL.","url":"http://example.com","attempt":3,"backoff":1}
{"level":"info","ts":1633871708.180512,"caller":"log/zap.go:113","msg":"Failed to fetch URL.","url":"http://example.com","attempt":3,"backoff":1}
{"level":"info","ts":1633871708.180516,"caller":"log/zap.go:119","msg":"Failed to fetch URL: http://example.com"}
{"level":"info","ts":1633871708.1805198,"caller":"log/zap.go:104","msg":"Failed to fetch URL.","url":"http://example.com","attempt":3,"backoff":1}
{"level":"info","ts":1633871708.180523,"caller":"log/zap.go:113","msg":"Failed to fetch URL.","url":"http://example.com","attempt":3,"backoff":1}
{"level":"info","ts":1633871708.1805272,"caller":"log/zap.go:119","msg":"Failed to fetch URL: http://example.com"}
{"level":"info","ts":1633871708.180535,"caller":"log/zap.go:104","msg":"Failed to fetch URL.","url":"http://example.com","attempt":3,"backoff":1}
{"level":"info","ts":1633871708.180539,"caller":"log/zap.go:113","msg":"Failed to fetch URL.","url":"http://example.com","attempt":3,"backoff":1}
{"level":"info","ts":1633871708.180543,"caller":"log/zap.go:119","msg":"Failed to fetch URL: http://example.com"}
{"level":"info","ts":1633871708.180547,"caller":"log/zap.go:104","msg":"Failed to fetch URL.","url":"http://example.com","attempt":3,"backoff":1}
{"level":"info","ts":1633871708.1805508,"caller":"log/zap.go:113","msg":"Failed to fetch URL.","url":"http://example.com","attempt":3,"backoff":1}
{"level":"info","ts":1633871708.180555,"caller":"log/zap.go:119","msg":"Failed to fetch URL: http://example.com"}
{"level":"info","ts":1633871708.1805592,"caller":"log/zap.go:104","msg":"Failed to fetch URL.","url":"http://example.com","attempt":3,"backoff":1}
{"level":"info","ts":1633871708.180562,"caller":"log/zap.go:113","msg":"Failed to fetch URL.","url":"http://example.com","attempt":3,"backoff":1}
{"level":"info","ts":1633871708.180566,"caller":"log/zap.go:119","msg":"Failed to fetch URL: http://example.com"}
{"level":"info","ts":1633871708.1805701,"caller":"log/zap.go:104","msg":"Failed to fetch URL.","url":"http://example.com","attempt":3,"backoff":1}
{"level":"info","ts":1633871708.180574,"caller":"log/zap.go:113","msg":"Failed to fetch URL.","url":"http://example.com","attempt":3,"backoff":1}
{"level":"info","ts":1633871708.180578,"caller":"log/zap.go:119","msg":"Failed to fetch URL: http://example.com"}
{"level":"info","ts":1633871708.1805818,"caller":"log/zap.go:104","msg":"Failed to fetch URL.","url":"http://example.com","attempt":3,"backoff":1}
{"level":"info","ts":1633871708.180585,"caller":"log/zap.go:113","msg":"Failed to fetch URL.","url":"http://example.com","attempt":3,"backoff":1}
{"level":"info","ts":1633871708.1805902,"caller":"log/zap.go:119","msg":"Failed to fetch URL: http://example.com"}
{"level":"info","ts":1633871708.180593,"caller":"log/zap.go:104","msg":"Failed to fetch URL.","url":"http://example.com","attempt":3,"backoff":1}
{"level":"info","ts":1633871708.180597,"caller":"log/zap.go:113","msg":"Failed to fetch URL.","url":"http://example.com","attempt":3,"backoff":1}
{"level":"info","ts":1633871708.1806011,"caller":"log/zap.go:119","msg":"Failed to fetch URL: http://example.com"}
{"level":"info","ts":1633871708.180605,"caller":"log/zap.go:104","msg":"Failed to fetch URL.","url":"http://example.com","attempt":3,"backoff":1}
{"level":"info","ts":1633871708.180609,"caller":"log/zap.go:113","msg":"Failed to fetch URL.","url":"http://example.com","attempt":3,"backoff":1}
{"level":"info","ts":1633871708.180613,"caller":"log/zap.go:119","msg":"Failed to fetch URL: http://example.com"}
{"level":"info","ts":1633871708.1806169,"caller":"log/zap.go:104","msg":"Failed to fetch URL.","url":"http://example.com","attempt":3,"backoff":1}
{"level":"info","ts":1633871708.18062,"caller":"log/zap.go:113","msg":"Failed to fetch URL.","url":"http://example.com","attempt":3,"backoff":1}
{"level":"info","ts":1633871708.1806238,"caller":"log/zap.go:119","msg":"Failed to fetch URL: http://example.com"}
{"level":"info","ts":1633871708.180628,"caller":"log/zap.go:104","msg":"Failed to fetch URL.","url":"http://example.com","attempt":3,"backoff":1}
{"level":"info","ts":1633871708.180632,"caller":"log/zap.go:113","msg":"Failed to fetch URL.","url":"http://example.com","attempt":3,"backoff":1}
{"level":"info","ts":1633871708.180636,"caller":"log/zap.go:119","msg":"Failed to fetch URL: http://example.com"}
{"level":"info","ts":1633871708.18064,"caller":"log/zap.go:104","msg":"Failed to fetch URL.","url":"http://example.com","attempt":3,"backoff":1}
{"level":"info","ts":1633871708.180643,"caller":"log/zap.go:113","msg":"Failed to fetch URL.","url":"http://example.com","attempt":3,"backoff":1}
{"level":"info","ts":1633871708.1806479,"caller":"log/zap.go:119","msg":"Failed to fetch URL: http://example.com"}
{"level":"info","ts":1633871708.180655,"caller":"log/zap.go:104","msg":"Failed to fetch URL.","url":"http://example.com","attempt":3,"backoff":1}
{"level":"info","ts":1633871708.180659,"caller":"log/zap.go:113","msg":"Failed to fetch URL.","url":"http://example.com","attempt":3,"backoff":1}
{"level":"info","ts":1633871708.180663,"caller":"log/zap.go:119","msg":"Failed to fetch URL: http://example.com"}
{"level":"info","ts":1633871708.18067,"caller":"log/zap.go:104","msg":"Failed to fetch URL.","url":"http://example.com","attempt":3,"backoff":1}
{"level":"info","ts":1633871708.1806731,"caller":"log/zap.go:113","msg":"Failed to fetch URL.","url":"http://example.com","attempt":3,"backoff":1}
{"level":"info","ts":1633871708.1806772,"caller":"log/zap.go:119","msg":"Failed to fetch URL: http://example.com"}
{"level":"info","ts":1633871708.180681,"caller":"log/zap.go:104","msg":"Failed to fetch URL.","url":"http://example.com","attempt":3,"backoff":1}
{"level":"info","ts":1633871708.180685,"caller":"log/zap.go:113","msg":"Failed to fetch URL.","url":"http://example.com","attempt":3,"backoff":1}
{"level":"info","ts":1633871708.1806889,"caller":"log/zap.go:119","msg":"Failed to fetch URL: http://example.com"}
{"level":"info","ts":1633871708.180693,"caller":"log/zap.go:104","msg":"Failed to fetch URL.","url":"http://example.com","attempt":3,"backoff":1}
{"level":"info","ts":1633871708.180696,"caller":"log/zap.go:113","msg":"Failed to fetch URL.","url":"http://example.com","attempt":3,"backoff":1}
{"level":"info","ts":1633871708.1806998,"caller":"log/zap.go:119","msg":"Failed to fetch URL: http://example.com"}
{"level":"info","ts":1633871708.180704,"caller":"log/zap.go:104","msg":"Failed to fetch URL.","url":"http://example.com","attempt":3,"backoff":1}
{"level":"info","ts":1633871708.1807082,"caller":"log/zap.go:113","msg":"Failed to fetch URL.","url":"http://example.com","attempt":3,"backoff":1}
{"level":"info","ts":1633871708.180712,"caller":"log/zap.go:119","msg":"Failed to fetch URL: http://example.com"}
{"level":"info","ts":1633871708.180716,"caller":"log/zap.go:104","msg":"Failed to fetch URL.","url":"http://example.com","attempt":3,"backoff":1}
{"level":"info","ts":1633871708.18072,"caller":"log/zap.go:113","msg":"Failed to fetch URL.","url":"http://example.com","attempt":3,"backoff":1}
{"level":"info","ts":1633871708.180724,"caller":"log/zap.go:119","msg":"Failed to fetch URL: http://example.com"}
{"level":"info","ts":1633871708.180728,"caller":"log/zap.go:104","msg":"Failed to fetch URL.","url":"http://example.com","attempt":3,"backoff":1}
{"level":"info","ts":1633871708.180732,"caller":"log/zap.go:113","msg":"Failed to fetch URL.","url":"http://example.com","attempt":3,"backoff":1}
{"level":"info","ts":1633871708.180736,"caller":"log/zap.go:119","msg":"Failed to fetch URL: http://example.com"}
{"level":"info","ts":1633871708.18074,"caller":"log/zap.go:104","msg":"Failed to fetch URL.","url":"http://example.com","attempt":3,"backoff":1}
{"level":"info","ts":1633871708.180743,"caller":"log/zap.go:113","msg":"Failed to fetch URL.","url":"http://example.com","attempt":3,"backoff":1}
{"level":"info","ts":1633871708.180748,"caller":"log/zap.go:119","msg":"Failed to fetch URL: http://example.com"}
{"level":"info","ts":1633871708.180751,"caller":"log/zap.go:104","msg":"Failed to fetch URL.","url":"http://example.com","attempt":3,"backoff":1}
{"level":"info","ts":1633871708.180755,"caller":"log/zap.go:113","msg":"Failed to fetch URL.","url":"http://example.com","attempt":3,"backoff":1}
{"level":"info","ts":1633871708.180759,"caller":"log/zap.go:119","msg":"Failed to fetch URL: http://example.com"}
{"level":"info","ts":1633871708.1807628,"caller":"log/zap.go:104","msg":"Failed to fetch URL.","url":"http://example.com","attempt":3,"backoff":1}
{"level":"info","ts":1633871708.180767,"caller":"log/zap.go:113","msg":"Failed to fetch URL.","url":"http://example.com","attempt":3,"backoff":1}
{"level":"info","ts":1633871708.180771,"caller":"log/zap.go:119","msg":"Failed to fetch URL: http://example.com"}
{"level":"info","ts":1633871708.18078,"caller":"log/zap.go:104","msg":"Failed to fetch URL.","url":"http://example.com","attempt":3,"backoff":1}
{"level":"info","ts":1633871708.1807842,"caller":"log/zap.go:113","msg":"Failed to fetch URL.","url":"http://example.com","attempt":3,"backoff":1}
{"level":"info","ts":1633871708.180788,"caller":"log/zap.go:119","msg":"Failed to fetch URL: http://example.com"}
{"level":"info","ts":1633871708.180792,"caller":"log/zap.go:104","msg":"Failed to fetch URL.","url":"http://example.com","attempt":3,"backoff":1}
{"level":"info","ts":1633871708.180795,"caller":"log/zap.go:113","msg":"Failed to fetch URL.","url":"http://example.com","attempt":3,"backoff":1}
{"level":"info","ts":1633871708.1808,"caller":"log/zap.go:119","msg":"Failed to fetch URL: http://example.com"}
{"level":"info","ts":1633871708.180803,"caller":"log/zap.go:104","msg":"Failed to fetch URL.","url":"http://example.com","attempt":3,"backoff":1}
{"level":"info","ts":1633871708.1808069,"caller":"log/zap.go:113","msg":"Failed to fetch URL.","url":"http://example.com","attempt":3,"backoff":1}
{"level":"info","ts":1633871708.180811,"caller":"log/zap.go:119","msg":"Failed to fetch URL: http://example.com"}
{"level":"info","ts":1633871708.1808152,"caller":"log/zap.go:104","msg":"Failed to fetch URL.","url":"http://example.com","attempt":3,"backoff":1}
{"level":"info","ts":1633871708.180819,"caller":"log/zap.go:113","msg":"Failed to fetch URL.","url":"http://example.com","attempt":3,"backoff":1}
{"level":"info","ts":1633871708.180823,"caller":"log/zap.go:119","msg":"Failed to fetch URL: http://example.com"}
{"level":"info","ts":1633871708.1808288,"caller":"log/zap.go:104","msg":"Failed to fetch URL.","url":"http://example.com","attempt":3,"backoff":1}
{"level":"info","ts":1633871708.180833,"caller":"log/zap.go:113","msg":"Failed to fetch URL.","url":"http://example.com","attempt":3,"backoff":1}
{"level":"info","ts":1633871708.1808372,"caller":"log/zap.go:119","msg":"Failed to fetch URL: http://example.com"}
{"level":"info","ts":1633871708.180841,"caller":"log/zap.go:104","msg":"Failed to fetch URL.","url":"http://example.com","attempt":3,"backoff":1}
{"level":"info","ts":1633871708.180845,"caller":"log/zap.go:113","msg":"Failed to fetch URL.","url":"http://example.com","attempt":3,"backoff":1}
{"level":"info","ts":1633871708.1808488,"caller":"log/zap.go:119","msg":"Failed to fetch URL: http://example.com"}
{"level":"info","ts":1633871708.180853,"caller":"log/zap.go:104","msg":"Failed to fetch URL.","url":"http://example.com","attempt":3,"backoff":1}
{"level":"info","ts":1633871708.180856,"caller":"log/zap.go:113","msg":"Failed to fetch URL.","url":"http://example.com","attempt":3,"backoff":1}
{"level":"info","ts":1633871708.1808598,"caller":"log/zap.go:119","msg":"Failed to fetch URL: http://example.com"}
{"level":"info","ts":1633871708.180864,"caller":"log/zap.go:104","msg":"Failed to fetch URL.","url":"http://example.com","attempt":3,"backoff":1}
{"level":"info","ts":1633871708.1808681,"caller":"log/zap.go:113","msg":"Failed to fetch URL.","url":"http://example.com","attempt":3,"backoff":1}
{"level":"info","ts":1633871708.180872,"caller":"log/zap.go:119","msg":"Failed to fetch URL: http://example.com"}
{"level":"info","ts":1633871708.180876,"caller":"log/zap.go:104","msg":"Failed to fetch URL.","url":"http://example.com","attempt":3,"backoff":1}
{"level":"info","ts":1633871708.180879,"caller":"log/zap.go:113","msg":"Failed to fetch URL.","url":"http://example.com","attempt":3,"backoff":1}
{"level":"info","ts":1633871708.180884,"caller":"log/zap.go:119","msg":"Failed to fetch URL: http://example.com"}
{"level":"info","ts":1633871708.1808882,"caller":"log/zap.go:104","msg":"Failed to fetch URL.","url":"http://example.com","attempt":3,"backoff":1}
{"level":"info","ts":1633871708.180892,"caller":"log/zap.go:113","msg":"Failed to fetch URL.","url":"http://example.com","attempt":3,"backoff":1}
{"level":"info","ts":1633871708.180896,"caller":"log/zap.go:119","msg":"Failed to fetch URL: http://example.com"}
{"level":"info","ts":1633871708.180904,"caller":"log/zap.go:104","msg":"Failed to fetch URL.","url":"http://example.com","attempt":3,"backoff":1}
{"level":"info","ts":1633871708.180908,"caller":"log/zap.go:113","msg":"Failed to fetch URL.","url":"http://example.com","attempt":3,"backoff":1}
{"level":"info","ts":1633871708.180912,"caller":"log/zap.go:119","msg":"Failed to fetch URL: http://example.com"}
{"level":"info","ts":1633871708.180916,"caller":"log/zap.go:104","msg":"Failed to fetch URL.","url":"http://example.com","attempt":3,"backoff":1}
{"level":"info","ts":1633871708.180919,"caller":"log/zap.go:113","msg":"Failed to fetch URL.","url":"http://example.com","attempt":3,"backoff":1}
{"level":"info","ts":1633871708.180924,"caller":"log/zap.go:119","msg":"Failed to fetch URL: http://example.com"}
{"level":"info","ts":1633871708.180927,"caller":"log/zap.go:104","msg":"Failed to fetch URL.","url":"http://example.com","attempt":3,"backoff":1}
{"level":"info","ts":1633871708.180931,"caller":"log/zap.go:113","msg":"Failed to fetch URL.","url":"http://example.com","attempt":3,"backoff":1}
{"level":"info","ts":1633871708.180935,"caller":"log/zap.go:119","msg":"Failed to fetch URL: http://example.com"}
{"level":"info","ts":1633871708.180939,"caller":"log/zap.go:104","msg":"Failed to fetch URL.","url":"http://example.com","attempt":3,"backoff":1}
{"level":"info","ts":1633871708.180942,"caller":"log/zap.go:113","msg":"Failed to fetch URL.","url":"http://example.com","attempt":3,"backoff":1}
{"level":"info","ts":1633871708.1809468,"caller":"log/zap.go:119","msg":"Failed to fetch URL: http://example.com"}
{"level":"info","ts":1633871708.18095,"caller":"log/zap.go:104","msg":"Failed to fetch URL.","url":"http://example.com","attempt":3,"backoff":1}
{"level":"info","ts":1633871708.1809542,"caller":"log/zap.go:113","msg":"Failed to fetch URL.","url":"http://example.com","attempt":3,"backoff":1}
{"level":"info","ts":1633871708.180958,"caller":"log/zap.go:119","msg":"Failed to fetch URL: http://example.com"}
{"level":"info","ts":1633871708.180962,"caller":"log/zap.go:104","msg":"Failed to fetch URL.","url":"http://example.com","attempt":3,"backoff":1}
{"level":"info","ts":1633871708.180966,"caller":"log/zap.go:113","msg":"Failed to fetch URL.","url":"http://example.com","attempt":3,"backoff":1}
{"level":"info","ts":1633871708.18097,"caller":"log/zap.go:119","msg":"Failed to fetch URL: http://example.com"}
{"level":"info","ts":1633871708.180974,"caller":"log/zap.go:104","msg":"Failed to fetch URL.","url":"http://example.com","attempt":3,"backoff":1}
{"level":"info","ts":1633871708.1809769,"caller":"log/zap.go:113","msg":"Failed to fetch URL.","url":"http://example.com","attempt":3,"backoff":1}
{"level":"info","ts":1633871708.180983,"caller":"log/zap.go:119","msg":"Failed to fetch URL: http://example.com"}
{"level":"info","ts":1633871708.1809878,"caller":"log/zap.go:104","msg":"Failed to fetch URL.","url":"http://example.com","attempt":3,"backoff":1}
{"level":"info","ts":1633871708.180991,"caller":"log/zap.go:113","msg":"Failed to fetch URL.","url":"http://example.com","attempt":3,"backoff":1}
{"level":"info","ts":1633871708.1809962,"caller":"log/zap.go:119","msg":"Failed to fetch URL: http://example.com"}
{"level":"info","ts":1633871708.1809988,"caller":"log/zap.go:104","msg":"Failed to fetch URL.","url":"http://example.com","attempt":3,"backoff":1}
{"level":"info","ts":1633871708.181003,"caller":"log/zap.go:113","msg":"Failed to fetch URL.","url":"http://example.com","attempt":3,"backoff":1}
{"level":"info","ts":1633871708.1810071,"caller":"log/zap.go:119","msg":"Failed to fetch URL: http://example.com"}
{"level":"info","ts":1633871708.181011,"caller":"log/zap.go:104","msg":"Failed to fetch URL.","url":"http://example.com","attempt":3,"backoff":1}
{"level":"info","ts":1633871708.181015,"caller":"log/zap.go:113","msg":"Failed to fetch URL.","url":"http://example.com","attempt":3,"backoff":1}
{"level":"info","ts":1633871708.1810188,"caller":"log/zap.go:119","msg":"Failed to fetch URL: http://example.com"}
{"level":"info","ts":1633871708.181022,"caller":"log/zap.go:104","msg":"Failed to fetch URL.","url":"http://example.com","attempt":3,"backoff":1}
{"level":"info","ts":1633871708.1810298,"caller":"log/zap.go:113","msg":"Failed to fetch URL.","url":"http://example.com","attempt":3,"backoff":1}
{"level":"info","ts":1633871708.181034,"caller":"log/zap.go:119","msg":"Failed to fetch URL: http://example.com"}
{"level":"info","ts":1633871708.1810381,"caller":"log/zap.go:104","msg":"Failed to fetch URL.","url":"http://example.com","attempt":3,"backoff":1}
{"level":"info","ts":1633871708.181042,"caller":"log/zap.go:113","msg":"Failed to fetch URL.","url":"http://example.com","attempt":3,"backoff":1}
{"level":"info","ts":1633871708.181046,"caller":"log/zap.go:119","msg":"Failed to fetch URL: http://example.com"}
{"level":"info","ts":1633871708.18105,"caller":"log/zap.go:104","msg":"Failed to fetch URL.","url":"http://example.com","attempt":3,"backoff":1}
{"level":"info","ts":1633871708.1810539,"caller":"log/zap.go:113","msg":"Failed to fetch URL.","url":"http://example.com","attempt":3,"backoff":1}
{"level":"info","ts":1633871708.181058,"caller":"log/zap.go:119","msg":"Failed to fetch URL: http://example.com"}
{"level":"info","ts":1633871708.181062,"caller":"log/zap.go:104","msg":"Failed to fetch URL.","url":"http://example.com","attempt":3,"backoff":1}
{"level":"info","ts":1633871708.1810648,"caller":"log/zap.go:113","msg":"Failed to fetch URL.","url":"http://example.com","attempt":3,"backoff":1}
{"level":"info","ts":1633871708.1810691,"caller":"log/zap.go:119","msg":"Failed to fetch URL: http://example.com"}
{"level":"info","ts":1633871708.181073,"caller":"log/zap.go:104","msg":"Failed to fetch URL.","url":"http://example.com","attempt":3,"backoff":1}
{"level":"info","ts":1633871708.181077,"caller":"log/zap.go:113","msg":"Failed to fetch URL.","url":"http://example.com","attempt":3,"backoff":1}
{"level":"info","ts":1633871708.181081,"caller":"log/zap.go:119","msg":"Failed to fetch URL: http://example.com"}
{"level":"info","ts":1633871708.1810849,"caller":"log/zap.go:104","msg":"Failed to fetch URL.","url":"http://example.com","attempt":3,"backoff":1}
{"level":"info","ts":1633871708.181088,"caller":"log/zap.go:113","msg":"Failed to fetch URL.","url":"http://example.com","attempt":3,"backoff":1}
{"level":"info","ts":1633871708.181092,"caller":"log/zap.go:119","msg":"Failed to fetch URL: http://example.com"}
{"level":"info","ts":1633871708.1810958,"caller":"log/zap.go:104","msg":"Failed to fetch URL.","url":"http://example.com","attempt":3,"backoff":1}
{"level":"info","ts":1633871708.1811001,"caller":"log/zap.go:113","msg":"Failed to fetch URL.","url":"http://example.com","attempt":3,"backoff":1}
{"level":"info","ts":1633871708.1811042,"caller":"log/zap.go:119","msg":"Failed to fetch URL: http://example.com"}
{"level":"info","ts":1633871708.181108,"caller":"log/zap.go:104","msg":"Failed to fetch URL.","url":"http://example.com","attempt":3,"backoff":1}
{"level":"info","ts":1633871708.181111,"caller":"log/zap.go:113","msg":"Failed to fetch URL.","url":"http://example.com","attempt":3,"backoff":1}
{"level":"info","ts":1633871708.1811159,"caller":"log/zap.go:119","msg":"Failed to fetch URL: http://example.com"}
{"level":"info","ts":1633871708.181119,"caller":"log/zap.go:104","msg":"Failed to fetch URL.","url":"http://example.com","attempt":3,"backoff":1}
{"level":"info","ts":1633871708.181123,"caller":"log/zap.go:113","msg":"Failed to fetch URL.","url":"http://example.com","attempt":3,"backoff":1}
{"level":"info","ts":1633871708.1811268,"caller":"log/zap.go:119","msg":"Failed to fetch URL: http://example.com"}
{"level":"info","ts":1633871708.1811311,"caller":"log/zap.go:104","msg":"Failed to fetch URL.","url":"http://example.com","attempt":3,"backoff":1}
{"level":"info","ts":1633871708.181134,"caller":"log/zap.go:113","msg":"Failed to fetch URL.","url":"http://example.com","attempt":3,"backoff":1}
{"level":"info","ts":1633871708.181139,"caller":"log/zap.go:119","msg":"Failed to fetch URL: http://example.com"}
{"level":"info","ts":1633871708.1811469,"caller":"log/zap.go:104","msg":"Failed to fetch URL.","url":"http://example.com","attempt":3,"backoff":1}
{"level":"info","ts":1633871708.181155,"caller":"log/zap.go:113","msg":"Failed to fetch URL.","url":"http://example.com","attempt":3,"backoff":1}
{"level":"info","ts":1633871708.181159,"caller":"log/zap.go:119","msg":"Failed to fetch URL: http://example.com"}
{"level":"info","ts":1633871708.181163,"caller":"log/zap.go:104","msg":"Failed to fetch URL.","url":"http://example.com","attempt":3,"backoff":1}
{"level":"info","ts":1633871708.1811671,"caller":"log/zap.go:113","msg":"Failed to fetch URL.","url":"http://example.com","attempt":3,"backoff":1}
{"level":"info","ts":1633871708.181171,"caller":"log/zap.go:119","msg":"Failed to fetch URL: http://example.com"}
{"level":"info","ts":1633871708.181175,"caller":"log/zap.go:104","msg":"Failed to fetch URL.","url":"http://example.com","attempt":3,"backoff":1}
{"level":"info","ts":1633871708.181178,"caller":"log/zap.go:113","msg":"Failed to fetch URL.","url":"http://example.com","attempt":3,"backoff":1}
{"level":"info","ts":1633871708.1811829,"caller":"log/zap.go:119","msg":"Failed to fetch URL: http://example.com"}
{"level":"info","ts":1633871708.181186,"caller":"log/zap.go:104","msg":"Failed to fetch URL.","url":"http://example.com","attempt":3,"backoff":1}
{"level":"info","ts":1633871708.1811898,"caller":"log/zap.go:113","msg":"Failed to fetch URL.","url":"http://example.com","attempt":3,"backoff":1}
{"level":"info","ts":1633871708.181194,"caller":"log/zap.go:119","msg":"Failed to fetch URL: http://example.com"}
{"level":"info","ts":1633871708.1811981,"caller":"log/zap.go:104","msg":"Failed to fetch URL.","url":"http://example.com","attempt":3,"backoff":1}
{"level":"info","ts":1633871708.181202,"caller":"log/zap.go:113","msg":"Failed to fetch URL.","url":"http://example.com","attempt":3,"backoff":1}
{"level":"info","ts":1633871708.181206,"caller":"log/zap.go:119","msg":"Failed to fetch URL: http://example.com"}
{"level":"info","ts":1633871708.18121,"caller":"log/zap.go:104","msg":"Failed to fetch URL.","url":"http://example.com","attempt":3,"backoff":1}
{"level":"info","ts":1633871708.181213,"caller":"log/zap.go:113","msg":"Failed to fetch URL.","url":"http://example.com","attempt":3,"backoff":1}
{"level":"info","ts":1633871708.181217,"caller":"log/zap.go:119","msg":"Failed to fetch URL: http://example.com"}
{"level":"info","ts":1633871708.181221,"caller":"log/zap.go:104","msg":"Failed to fetch URL.","url":"http://example.com","attempt":3,"backoff":1}
{"level":"info","ts":1633871708.181225,"caller":"log/zap.go:113","msg":"Failed to fetch URL.","url":"http://example.com","attempt":3,"backoff":1}
{"level":"info","ts":1633871708.181229,"caller":"log/zap.go:119","msg":"Failed to fetch URL: http://example.com"}
{"level":"info","ts":1633871708.181233,"caller":"log/zap.go:104","msg":"Failed to fetch URL.","url":"http://example.com","attempt":3,"backoff":1}
{"level":"info","ts":1633871708.181236,"caller":"log/zap.go:113","msg":"Failed to fetch URL.","url":"http://example.com","attempt":3,"backoff":1}
{"level":"info","ts":1633871708.181241,"caller":"log/zap.go:119","msg":"Failed to fetch URL: http://example.com"}
{"level":"info","ts":1633871708.1812449,"caller":"log/zap.go:104","msg":"Failed to fetch URL.","url":"http://example.com","attempt":3,"backoff":1}
{"level":"info","ts":1633871708.1812491,"caller":"log/zap.go:113","msg":"Failed to fetch URL.","url":"http://example.com","attempt":3,"backoff":1}
{"level":"info","ts":1633871708.1812532,"caller":"log/zap.go:119","msg":"Failed to fetch URL: http://example.com"}
{"level":"info","ts":1633871708.1812558,"caller":"log/zap.go:104","msg":"Failed to fetch URL.","url":"http://example.com","attempt":3,"backoff":1}
{"level":"info","ts":1633871708.18126,"caller":"log/zap.go:113","msg":"Failed to fetch URL.","url":"http://example.com","attempt":3,"backoff":1}
{"level":"info","ts":1633871708.181264,"caller":"log/zap.go:119","msg":"Failed to fetch URL: http://example.com"}
{"level":"info","ts":1633871708.181268,"caller":"log/zap.go:104","msg":"Failed to fetch URL.","url":"http://example.com","attempt":3,"backoff":1}
{"level":"info","ts":1633871708.181277,"caller":"log/zap.go:113","msg":"Failed to fetch URL.","url":"http://example.com","attempt":3,"backoff":1}
{"level":"info","ts":1633871708.181281,"caller":"log/zap.go:119","msg":"Failed to fetch URL: http://example.com"}
{"level":"info","ts":1633871708.1812851,"caller":"log/zap.go:104","msg":"Failed to fetch URL.","url":"http://example.com","attempt":3,"backoff":1}
{"level":"info","ts":1633871708.181288,"caller":"log/zap.go:113","msg":"Failed to fetch URL.","url":"http://example.com","attempt":3,"backoff":1}
{"level":"info","ts":1633871708.181293,"caller":"log/zap.go:119","msg":"Failed to fetch URL: http://example.com"}
{"level":"info","ts":1633871708.181296,"caller":"log/zap.go:104","msg":"Failed to fetch URL.","url":"http://example.com","attempt":3,"backoff":1}
{"level":"info","ts":1633871708.1813,"caller":"log/zap.go:113","msg":"Failed to fetch URL.","url":"http://example.com","attempt":3,"backoff":1}
{"level":"info","ts":1633871708.181304,"caller":"log/zap.go:119","msg":"Failed to fetch URL: http://example.com"}
{"level":"info","ts":1633871708.18131,"caller":"log/zap.go:104","msg":"Failed to fetch URL.","url":"http://example.com","attempt":3,"backoff":1}
{"level":"info","ts":1633871708.181314,"caller":"log/zap.go:113","msg":"Failed to fetch URL.","url":"http://example.com","attempt":3,"backoff":1}
{"level":"info","ts":1633871708.1813178,"caller":"log/zap.go:119","msg":"Failed to fetch URL: http://example.com"}
{"level":"info","ts":1633871708.181322,"caller":"log/zap.go:104","msg":"Failed to fetch URL.","url":"http://example.com","attempt":3,"backoff":1}
{"level":"info","ts":1633871708.181325,"caller":"log/zap.go:113","msg":"Failed to fetch URL.","url":"http://example.com","attempt":3,"backoff":1}
{"level":"info","ts":1633871708.18133,"caller":"log/zap.go:119","msg":"Failed to fetch URL: http://example.com"}
{"level":"info","ts":1633871708.181333,"caller":"log/zap.go:104","msg":"Failed to fetch URL.","url":"http://example.com","attempt":3,"backoff":1}
{"level":"info","ts":1633871708.181337,"caller":"log/zap.go:113","msg":"Failed to fetch URL.","url":"http://example.com","attempt":3,"backoff":1}
{"level":"info","ts":1633871708.181341,"caller":"log/zap.go:119","msg":"Failed to fetch URL: http://example.com"}
{"level":"info","ts":1633871708.181345,"caller":"log/zap.go:104","msg":"Failed to fetch URL.","url":"http://example.com","attempt":3,"backoff":1}
{"level":"info","ts":1633871708.181348,"caller":"log/zap.go:113","msg":"Failed to fetch URL.","url":"http://example.com","attempt":3,"backoff":1}
{"level":"info","ts":1633871708.1813529,"caller":"log/zap.go:119","msg":"Failed to fetch URL: http://example.com"}
{"level":"info","ts":1633871708.181356,"caller":"log/zap.go:104","msg":"Failed to fetch URL.","url":"http://example.com","attempt":3,"backoff":1}
{"level":"info","ts":1633871708.1813602,"caller":"log/zap.go:113","msg":"Failed to fetch URL.","url":"http://example.com","attempt":3,"backoff":1}
{"level":"info","ts":1633871708.181364,"caller":"log/zap.go:119","msg":"Failed to fetch URL: http://example.com"}
{"level":"info","ts":1633871708.181368,"caller":"log/zap.go:104","msg":"Failed to fetch URL.","url":"http://example.com","attempt":3,"backoff":1}
{"level":"info","ts":1633871708.181372,"caller":"log/zap.go:113","msg":"Failed to fetch URL.","url":"http://example.com","attempt":3,"backoff":1}
{"level":"info","ts":1633871708.181376,"caller":"log/zap.go:119","msg":"Failed to fetch URL: http://example.com"}
{"level":"info","ts":1633871708.18138,"caller":"log/zap.go:104","msg":"Failed to fetch URL.","url":"http://example.com","attempt":3,"backoff":1}
{"level":"info","ts":1633871708.181383,"caller":"log/zap.go:113","msg":"Failed to fetch URL.","url":"http://example.com","attempt":3,"backoff":1}
{"level":"info","ts":1633871708.181387,"caller":"log/zap.go:119","msg":"Failed to fetch URL: http://example.com"}
{"level":"info","ts":1633871708.181391,"caller":"log/zap.go:104","msg":"Failed to fetch URL.","url":"http://example.com","attempt":3,"backoff":1}
{"level":"info","ts":1633871708.181399,"caller":"log/zap.go:113","msg":"Failed to fetch URL.","url":"http://example.com","attempt":3,"backoff":1}
{"level":"info","ts":1633871708.181403,"caller":"log/zap.go:119","msg":"Failed to fetch URL: http://example.com"}
{"level":"info","ts":1633871708.181408,"caller":"log/zap.go:104","msg":"Failed to fetch URL.","url":"http://example.com","attempt":3,"backoff":1}
{"level":"info","ts":1633871708.181411,"caller":"log/zap.go:113","msg":"Failed to fetch URL.","url":"http://example.com","attempt":3,"backoff":1}
{"level":"info","ts":1633871708.181416,"caller":"log/zap.go:119","msg":"Failed to fetch URL: http://example.com"}
{"level":"info","ts":1633871708.181419,"caller":"log/zap.go:104","msg":"Failed to fetch URL.","url":"http://example.com","attempt":3,"backoff":1}
{"level":"info","ts":1633871708.1814232,"caller":"log/zap.go:113","msg":"Failed to fetch URL.","url":"http://example.com","attempt":3,"backoff":1}
{"level":"info","ts":1633871708.181427,"caller":"log/zap.go:119","msg":"Failed to fetch URL: http://example.com"}
{"level":"info","ts":1633871708.181431,"caller":"log/zap.go:104","msg":"Failed to fetch URL.","url":"http://example.com","attempt":3,"backoff":1}
{"level":"info","ts":1633871708.1814349,"caller":"log/zap.go:113","msg":"Failed to fetch URL.","url":"http://example.com","attempt":3,"backoff":1}
{"level":"info","ts":1633871708.181439,"caller":"log/zap.go:119","msg":"Failed to fetch URL: http://example.com"}
{"level":"info","ts":1633871708.181443,"caller":"log/zap.go:104","msg":"Failed to fetch URL.","url":"http://example.com","attempt":3,"backoff":1}
{"level":"info","ts":1633871708.1814458,"caller":"log/zap.go:113","msg":"Failed to fetch URL.","url":"http://example.com","attempt":3,"backoff":1}
{"level":"info","ts":1633871708.181451,"caller":"log/zap.go:119","msg":"Failed to fetch URL: http://example.com"}
{"level":"info","ts":1633871708.1814542,"caller":"log/zap.go:104","msg":"Failed to fetch URL.","url":"http://example.com","attempt":3,"backoff":1}
{"level":"info","ts":1633871708.181458,"caller":"log/zap.go:113","msg":"Failed to fetch URL.","url":"http://example.com","attempt":3,"backoff":1}
{"level":"info","ts":1633871708.181462,"caller":"log/zap.go:119","msg":"Failed to fetch URL: http://example.com"}
{"level":"info","ts":1633871708.181468,"caller":"log/zap.go:104","msg":"Failed to fetch URL.","url":"http://example.com","attempt":3,"backoff":1}
{"level":"info","ts":1633871708.181472,"caller":"log/zap.go:113","msg":"Failed to fetch URL.","url":"http://example.com","attempt":3,"backoff":1}
{"level":"info","ts":1633871708.181476,"caller":"log/zap.go:119","msg":"Failed to fetch URL: http://example.com"}
{"level":"info","ts":1633871708.181479,"caller":"log/zap.go:104","msg":"Failed to fetch URL.","url":"http://example.com","attempt":3,"backoff":1}
{"level":"info","ts":1633871708.181483,"caller":"log/zap.go:113","msg":"Failed to fetch URL.","url":"http://example.com","attempt":3,"backoff":1}
{"level":"info","ts":1633871708.181487,"caller":"log/zap.go:119","msg":"Failed to fetch URL: http://example.com"}
{"level":"info","ts":1633871708.181491,"caller":"log/zap.go:104","msg":"Failed to fetch URL.","url":"http://example.com","attempt":3,"backoff":1}
{"level":"info","ts":1633871708.181495,"caller":"log/zap.go:113","msg":"Failed to fetch URL.","url":"http://example.com","attempt":3,"backoff":1}
{"level":"info","ts":1633871708.1814988,"caller":"log/zap.go:119","msg":"Failed to fetch URL: http://example.com"}
{"level":"info","ts":1633871708.181503,"caller":"log/zap.go:104","msg":"Failed to fetch URL.","url":"http://example.com","attempt":3,"backoff":1}
{"level":"info","ts":1633871708.181507,"caller":"log/zap.go:113","msg":"Failed to fetch URL.","url":"http://example.com","attempt":3,"backoff":1}
{"level":"info","ts":1633871708.181511,"caller":"log/zap.go:119","msg":"Failed to fetch URL: http://example.com"}
{"level":"info","ts":1633871708.181515,"caller":"log/zap.go:104","msg":"Failed to fetch URL.","url":"http://example.com","attempt":3,"backoff":1}
{"level":"info","ts":1633871708.1815228,"caller":"log/zap.go:113","msg":"Failed to fetch URL.","url":"http://example.com","attempt":3,"backoff":1}
{"level":"info","ts":1633871708.1815271,"caller":"log/zap.go:119","msg":"Failed to fetch URL: http://example.com"}
{"level":"info","ts":1633871708.181531,"caller":"log/zap.go:104","msg":"Failed to fetch URL.","url":"http://example.com","attempt":3,"backoff":1}
{"level":"info","ts":1633871708.181534,"caller":"log/zap.go:113","msg":"Failed to fetch URL.","url":"http://example.com","attempt":3,"backoff":1}
{"level":"info","ts":1633871708.181539,"caller":"log/zap.go:119","msg":"Failed to fetch URL: http://example.com"}
{"level":"info","ts":1633871708.181542,"caller":"log/zap.go:104","msg":"Failed to fetch URL.","url":"http://example.com","attempt":3,"backoff":1}
{"level":"info","ts":1633871708.181546,"caller":"log/zap.go:113","msg":"Failed to fetch URL.","url":"http://example.com","attempt":3,"backoff":1}
{"level":"info","ts":1633871708.18155,"caller":"log/zap.go:119","msg":"Failed to fetch URL: http://example.com"}
{"level":"info","ts":1633871708.1815538,"caller":"log/zap.go:104","msg":"Failed to fetch URL.","url":"http://example.com","attempt":3,"backoff":1}
{"level":"info","ts":1633871708.1815581,"caller":"log/zap.go:113","msg":"Failed to fetch URL.","url":"http://example.com","attempt":3,"backoff":1}
{"level":"info","ts":1633871708.1815622,"caller":"log/zap.go:119","msg":"Failed to fetch URL: http://example.com"}
{"level":"info","ts":1633871708.181566,"caller":"log/zap.go:104","msg":"Failed to fetch URL.","url":"http://example.com","attempt":3,"backoff":1}
{"level":"info","ts":1633871708.181569,"caller":"log/zap.go:113","msg":"Failed to fetch URL.","url":"http://example.com","attempt":3,"backoff":1}
{"level":"info","ts":1633871708.1815732,"caller":"log/zap.go:119","msg":"Failed to fetch URL: http://example.com"}
{"level":"info","ts":1633871708.181577,"caller":"log/zap.go:104","msg":"Failed to fetch URL.","url":"http://example.com","attempt":3,"backoff":1}
{"level":"info","ts":1633871708.181581,"caller":"log/zap.go:113","msg":"Failed to fetch URL.","url":"http://example.com","attempt":3,"backoff":1}
{"level":"info","ts":1633871708.1815848,"caller":"log/zap.go:119","msg":"Failed to fetch URL: http://example.com"}
{"level":"info","ts":1633871708.181589,"caller":"log/zap.go:104","msg":"Failed to fetch URL.","url":"http://example.com","attempt":3,"backoff":1}
{"level":"info","ts":1633871708.181592,"caller":"log/zap.go:113","msg":"Failed to fetch URL.","url":"http://example.com","attempt":3,"backoff":1}
{"level":"info","ts":1633871708.1815958,"caller":"log/zap.go:119","msg":"Failed to fetch URL: http://example.com"}
{"level":"info","ts":1633871708.1816,"caller":"log/zap.go:104","msg":"Failed to fetch URL.","url":"http://example.com","attempt":3,"backoff":1}
{"level":"info","ts":1633871708.1816041,"caller":"log/zap.go:113","msg":"Failed to fetch URL.","url":"http://example.com","attempt":3,"backoff":1}
{"level":"info","ts":1633871708.181608,"caller":"log/zap.go:119","msg":"Failed to fetch URL: http://example.com"}
{"level":"info","ts":1633871708.181612,"caller":"log/zap.go:104","msg":"Failed to fetch URL.","url":"http://example.com","attempt":3,"backoff":1}
{"level":"info","ts":1633871708.181615,"caller":"log/zap.go:113","msg":"Failed to fetch URL.","url":"http://example.com","attempt":3,"backoff":1}
{"level":"info","ts":1633871708.18162,"caller":"log/zap.go:119","msg":"Failed to fetch URL: http://example.com"}
{"level":"info","ts":1633871708.1816251,"caller":"log/zap.go:104","msg":"Failed to fetch URL.","url":"http://example.com","attempt":3,"backoff":1}
{"level":"info","ts":1633871708.181629,"caller":"log/zap.go:113","msg":"Failed to fetch URL.","url":"http://example.com","attempt":3,"backoff":1}
{"level":"info","ts":1633871708.181633,"caller":"log/zap.go:119","msg":"Failed to fetch URL: http://example.com"}
{"level":"info","ts":1633871708.181637,"caller":"log/zap.go:104","msg":"Failed to fetch URL.","url":"http://example.com","attempt":3,"backoff":1}
{"level":"info","ts":1633871708.1816409,"caller":"log/zap.go:113","msg":"Failed to fetch URL.","url":"http://example.com","attempt":3,"backoff":1}
{"level":"info","ts":1633871708.181649,"caller":"log/zap.go:119","msg":"Failed to fetch URL: http://example.com"}
{"level":"info","ts":1633871708.181653,"caller":"log/zap.go:104","msg":"Failed to fetch URL.","url":"http://example.com","attempt":3,"backoff":1}
{"level":"info","ts":1633871708.181657,"caller":"log/zap.go:113","msg":"Failed to fetch URL.","url":"http://example.com","attempt":3,"backoff":1}
{"level":"info","ts":1633871708.181661,"caller":"log/zap.go:119","msg":"Failed to fetch URL: http://example.com"}
{"level":"info","ts":1633871708.181665,"caller":"log/zap.go:104","msg":"Failed to fetch URL.","url":"http://example.com","attempt":3,"backoff":1}
{"level":"info","ts":1633871708.181668,"caller":"log/zap.go:113","msg":"Failed to fetch URL.","url":"http://example.com","attempt":3,"backoff":1}
{"level":"info","ts":1633871708.1816719,"caller":"log/zap.go:119","msg":"Failed to fetch URL: http://example.com"}
{"level":"info","ts":1633871708.1816761,"caller":"log/zap.go:104","msg":"Failed to fetch URL.","url":"http://example.com","attempt":3,"backoff":1}
{"level":"info","ts":1633871708.1816802,"caller":"log/zap.go:113","msg":"Failed to fetch URL.","url":"http://example.com","attempt":3,"backoff":1}
{"level":"info","ts":1633871708.181684,"caller":"log/zap.go:119","msg":"Failed to fetch URL: http://example.com"}
{"level":"info","ts":1633871708.181688,"caller":"log/zap.go:104","msg":"Failed to fetch URL.","url":"http://example.com","attempt":3,"backoff":1}
{"level":"info","ts":1633871708.181691,"caller":"log/zap.go:113","msg":"Failed to fetch URL.","url":"http://example.com","attempt":3,"backoff":1}
{"level":"info","ts":1633871708.181695,"caller":"log/zap.go:119","msg":"Failed to fetch URL: http://example.com"}
{"level":"info","ts":1633871708.181699,"caller":"log/zap.go:104","msg":"Failed to fetch URL.","url":"http://example.com","attempt":3,"backoff":1}
{"level":"info","ts":1633871708.1817029,"caller":"log/zap.go:113","msg":"Failed to fetch URL.","url":"http://example.com","attempt":3,"backoff":1}
{"level":"info","ts":1633871708.181707,"caller":"log/zap.go:119","msg":"Failed to fetch URL: http://example.com"}
{"level":"info","ts":1633871708.1817112,"caller":"log/zap.go:104","msg":"Failed to fetch URL.","url":"http://example.com","attempt":3,"backoff":1}
{"level":"info","ts":1633871708.1817138,"caller":"log/zap.go:113","msg":"Failed to fetch URL.","url":"http://example.com","attempt":3,"backoff":1}
{"level":"info","ts":1633871708.181719,"caller":"log/zap.go:119","msg":"Failed to fetch URL: http://example.com"}
{"level":"info","ts":1633871708.1817222,"caller":"log/zap.go:104","msg":"Failed to fetch URL.","url":"http://example.com","attempt":3,"backoff":1}
{"level":"info","ts":1633871708.181726,"caller":"log/zap.go:113","msg":"Failed to fetch URL.","url":"http://example.com","attempt":3,"backoff":1}
{"level":"info","ts":1633871708.18173,"caller":"log/zap.go:119","msg":"Failed to fetch URL: http://example.com"}
{"level":"info","ts":1633871708.1817338,"caller":"log/zap.go:104","msg":"Failed to fetch URL.","url":"http://example.com","attempt":3,"backoff":1}
{"level":"info","ts":1633871708.181737,"caller":"log/zap.go:113","msg":"Failed to fetch URL.","url":"http://example.com","attempt":3,"backoff":1}
{"level":"info","ts":1633871708.1817422,"caller":"log/zap.go:119","msg":"Failed to fetch URL: http://example.com"}
{"level":"info","ts":1633871708.1817448,"caller":"log/zap.go:104","msg":"Failed to fetch URL.","url":"http://example.com","attempt":3,"backoff":1}
{"level":"info","ts":1633871708.181749,"caller":"log/zap.go:113","msg":"Failed to fetch URL.","url":"http://example.com","attempt":3,"backoff":1}
{"level":"info","ts":1633871708.181756,"caller":"log/zap.go:119","msg":"Failed to fetch URL: http://example.com"}
{"level":"info","ts":1633871708.1817589,"caller":"log/zap.go:104","msg":"Failed to fetch URL.","url":"http://example.com","attempt":3,"backoff":1}
{"level":"info","ts":1633871708.1817632,"caller":"log/zap.go:113","msg":"Failed to fetch URL.","url":"http://example.com","attempt":3,"backoff":1}
{"level":"info","ts":1633871708.181772,"caller":"log/zap.go:119","msg":"Failed to fetch URL: http://example.com"}
{"level":"info","ts":1633871708.1817758,"caller":"log/zap.go:104","msg":"Failed to fetch URL.","url":"http://example.com","attempt":3,"backoff":1}
{"level":"info","ts":1633871708.1817799,"caller":"log/zap.go:113","msg":"Failed to fetch URL.","url":"http://example.com","attempt":3,"backoff":1}
{"level":"info","ts":1633871708.1817842,"caller":"log/zap.go:119","msg":"Failed to fetch URL: http://example.com"}
{"level":"info","ts":1633871708.181789,"caller":"log/zap.go:104","msg":"Failed to fetch URL.","url":"http://example.com","attempt":3,"backoff":1}
{"level":"info","ts":1633871708.181792,"caller":"log/zap.go:113","msg":"Failed to fetch URL.","url":"http://example.com","attempt":3,"backoff":1}
{"level":"info","ts":1633871708.181796,"caller":"log/zap.go:119","msg":"Failed to fetch URL: http://example.com"}
{"level":"info","ts":1633871708.1818,"caller":"log/zap.go:104","msg":"Failed to fetch URL.","url":"http://example.com","attempt":3,"backoff":1}
{"level":"info","ts":1633871708.181804,"caller":"log/zap.go:113","msg":"Failed to fetch URL.","url":"http://example.com","attempt":3,"backoff":1}
{"level":"info","ts":1633871708.1818082,"caller":"log/zap.go:119","msg":"Failed to fetch URL: http://example.com"}
{"level":"info","ts":1633871708.181812,"caller":"log/zap.go:104","msg":"Failed to fetch URL.","url":"http://example.com","attempt":3,"backoff":1}
{"level":"info","ts":1633871708.1818151,"caller":"log/zap.go:113","msg":"Failed to fetch URL.","url":"http://example.com","attempt":3,"backoff":1}
{"level":"info","ts":1633871708.18182,"caller":"log/zap.go:119","msg":"Failed to fetch URL: http://example.com"}
{"level":"info","ts":1633871708.181823,"caller":"log/zap.go:104","msg":"Failed to fetch URL.","url":"http://example.com","attempt":3,"backoff":1}
{"level":"info","ts":1633871708.181827,"caller":"log/zap.go:113","msg":"Failed to fetch URL.","url":"http://example.com","attempt":3,"backoff":1}
{"level":"info","ts":1633871708.181831,"caller":"log/zap.go:119","msg":"Failed to fetch URL: http://example.com"}
{"level":"info","ts":1633871708.181835,"caller":"log/zap.go:104","msg":"Failed to fetch URL.","url":"http://example.com","attempt":3,"backoff":1}
{"level":"info","ts":1633871708.181839,"caller":"log/zap.go:113","msg":"Failed to fetch URL.","url":"http://example.com","attempt":3,"backoff":1}
{"level":"info","ts":1633871708.181843,"caller":"log/zap.go:119","msg":"Failed to fetch URL: http://example.com"}
{"level":"info","ts":1633871708.181847,"caller":"log/zap.go:104","msg":"Failed to fetch URL.","url":"http://example.com","attempt":3,"backoff":1}
{"level":"info","ts":1633871708.1818502,"caller":"log/zap.go:113","msg":"Failed to fetch URL.","url":"http://example.com","attempt":3,"backoff":1}
{"level":"info","ts":1633871708.181854,"caller":"log/zap.go:119","msg":"Failed to fetch URL: http://example.com"}
{"level":"info","ts":1633871708.181858,"caller":"log/zap.go:104","msg":"Failed to fetch URL.","url":"http://example.com","attempt":3,"backoff":1}
{"level":"info","ts":1633871708.1818619,"caller":"log/zap.go:113","msg":"Failed to fetch URL.","url":"http://example.com","attempt":3,"backoff":1}
{"level":"info","ts":1633871708.181866,"caller":"log/zap.go:119","msg":"Failed to fetch URL: http://example.com"}
{"level":"info","ts":1633871708.18187,"caller":"log/zap.go:104","msg":"Failed to fetch URL.","url":"http://example.com","attempt":3,"backoff":1}
{"level":"info","ts":1633871708.1818728,"caller":"log/zap.go:113","msg":"Failed to fetch URL.","url":"http://example.com","attempt":3,"backoff":1}
{"level":"info","ts":1633871708.181877,"caller":"log/zap.go:119","msg":"Failed to fetch URL: http://example.com"}
{"level":"info","ts":1633871708.1818812,"caller":"log/zap.go:104","msg":"Failed to fetch URL.","url":"http://example.com","attempt":3,"backoff":1}
{"level":"info","ts":1633871708.181885,"caller":"log/zap.go:113","msg":"Failed to fetch URL.","url":"http://example.com","attempt":3,"backoff":1}
{"level":"info","ts":1633871708.181893,"caller":"log/zap.go:119","msg":"Failed to fetch URL: http://example.com"}
{"level":"info","ts":1633871708.181897,"caller":"log/zap.go:104","msg":"Failed to fetch URL.","url":"http://example.com","attempt":3,"backoff":1}
{"level":"info","ts":1633871708.181901,"caller":"log/zap.go:113","msg":"Failed to fetch URL.","url":"http://example.com","attempt":3,"backoff":1}
{"level":"info","ts":1633871708.1819048,"caller":"log/zap.go:119","msg":"Failed to fetch URL: http://example.com"}
{"level":"info","ts":1633871708.181909,"caller":"log/zap.go:104","msg":"Failed to fetch URL.","url":"http://example.com","attempt":3,"backoff":1}
{"level":"info","ts":1633871708.1819131,"caller":"log/zap.go:113","msg":"Failed to fetch URL.","url":"http://example.com","attempt":3,"backoff":1}
{"level":"info","ts":1633871708.181917,"caller":"log/zap.go:119","msg":"Failed to fetch URL: http://example.com"}
{"level":"info","ts":1633871708.1819232,"caller":"log/zap.go:104","msg":"Failed to fetch URL.","url":"http://example.com","attempt":3,"backoff":1}
{"level":"info","ts":1633871708.1819258,"caller":"log/zap.go:113","msg":"Failed to fetch URL.","url":"http://example.com","attempt":3,"backoff":1}
{"level":"info","ts":1633871708.181931,"caller":"log/zap.go:119","msg":"Failed to fetch URL: http://example.com"}
{"level":"info","ts":1633871708.181934,"caller":"log/zap.go:104","msg":"Failed to fetch URL.","url":"http://example.com","attempt":3,"backoff":1}
{"level":"info","ts":1633871708.181938,"caller":"log/zap.go:113","msg":"Failed to fetch URL.","url":"http://example.com","attempt":3,"backoff":1}
{"level":"info","ts":1633871708.181942,"caller":"log/zap.go:119","msg":"Failed to fetch URL: http://example.com"}
{"level":"info","ts":1633871708.181947,"caller":"log/zap.go:104","msg":"Failed to fetch URL.","url":"http://example.com","attempt":3,"backoff":1}
{"level":"info","ts":1633871708.1819499,"caller":"log/zap.go:113","msg":"Failed to fetch URL.","url":"http://example.com","attempt":3,"backoff":1}
{"level":"info","ts":1633871708.1819541,"caller":"log/zap.go:119","msg":"Failed to fetch URL: http://example.com"}
{"level":"info","ts":1633871708.181958,"caller":"log/zap.go:104","msg":"Failed to fetch URL.","url":"http://example.com","attempt":3,"backoff":1}
{"level":"info","ts":1633871708.181962,"caller":"log/zap.go:113","msg":"Failed to fetch URL.","url":"http://example.com","attempt":3,"backoff":1}
{"level":"info","ts":1633871708.181966,"caller":"log/zap.go:119","msg":"Failed to fetch URL: http://example.com"}
{"level":"info","ts":1633871708.18197,"caller":"log/zap.go:104","msg":"Failed to fetch URL.","url":"http://example.com","attempt":3,"backoff":1}
{"level":"info","ts":1633871708.181973,"caller":"log/zap.go:113","msg":"Failed to fetch URL.","url":"http://example.com","attempt":3,"backoff":1}
{"level":"info","ts":1633871708.1819782,"caller":"log/zap.go:119","msg":"Failed to fetch URL: http://example.com"}
{"level":"info","ts":1633871708.1819808,"caller":"log/zap.go:104","msg":"Failed to fetch URL.","url":"http://example.com","attempt":3,"backoff":1}
{"level":"info","ts":1633871708.1819851,"caller":"log/zap.go:113","msg":"Failed to fetch URL.","url":"http://example.com","attempt":3,"backoff":1}
{"level":"info","ts":1633871708.1819892,"caller":"log/zap.go:119","msg":"Failed to fetch URL: http://example.com"}
{"level":"info","ts":1633871708.181993,"caller":"log/zap.go:104","msg":"Failed to fetch URL.","url":"http://example.com","attempt":3,"backoff":1}
{"level":"info","ts":1633871708.181997,"caller":"log/zap.go:113","msg":"Failed to fetch URL.","url":"http://example.com","attempt":3,"backoff":1}
{"level":"info","ts":1633871708.1820009,"caller":"log/zap.go:119","msg":"Failed to fetch URL: http://example.com"}
{"level":"info","ts":1633871708.182005,"caller":"log/zap.go:104","msg":"Failed to fetch URL.","url":"http://example.com","attempt":3,"backoff":1}
{"level":"info","ts":1633871708.182008,"caller":"log/zap.go:113","msg":"Failed to fetch URL.","url":"http://example.com","attempt":3,"backoff":1}
{"level":"info","ts":1633871708.182019,"caller":"log/zap.go:119","msg":"Failed to fetch URL: http://example.com"}
{"level":"info","ts":1633871708.1820228,"caller":"log/zap.go:104","msg":"Failed to fetch URL.","url":"http://example.com","attempt":3,"backoff":1}
{"level":"info","ts":1633871708.182027,"caller":"log/zap.go:113","msg":"Failed to fetch URL.","url":"http://example.com","attempt":3,"backoff":1}
{"level":"info","ts":1633871708.1820312,"caller":"log/zap.go:119","msg":"Failed to fetch URL: http://example.com"}
{"level":"info","ts":1633871708.182034,"caller":"log/zap.go:104","msg":"Failed to fetch URL.","url":"http://example.com","attempt":3,"backoff":1}
{"level":"info","ts":1633871708.182038,"caller":"log/zap.go:113","msg":"Failed to fetch URL.","url":"http://example.com","attempt":3,"backoff":1}
{"level":"info","ts":1633871708.1820421,"caller":"log/zap.go:119","msg":"Failed to fetch URL: http://example.com"}
{"level":"info","ts":1633871708.182046,"caller":"log/zap.go:104","msg":"Failed to fetch URL.","url":"http://example.com","attempt":3,"backoff":1}
{"level":"info","ts":1633871708.18205,"caller":"log/zap.go:113","msg":"Failed to fetch URL.","url":"http://example.com","attempt":3,"backoff":1}
{"level":"info","ts":1633871708.1820538,"caller":"log/zap.go:119","msg":"Failed to fetch URL: http://example.com"}
{"level":"info","ts":1633871708.182058,"caller":"log/zap.go:104","msg":"Failed to fetch URL.","url":"http://example.com","attempt":3,"backoff":1}
{"level":"info","ts":1633871708.182061,"caller":"log/zap.go:113","msg":"Failed to fetch URL.","url":"http://example.com","attempt":3,"backoff":1}
{"level":"info","ts":1633871708.182066,"caller":"log/zap.go:119","msg":"Failed to fetch URL: http://example.com"}
{"level":"info","ts":1633871708.18207,"caller":"log/zap.go:104","msg":"Failed to fetch URL.","url":"http://example.com","attempt":3,"backoff":1}
{"level":"info","ts":1633871708.182074,"caller":"log/zap.go:113","msg":"Failed to fetch URL.","url":"http://example.com","attempt":3,"backoff":1}
{"level":"info","ts":1633871708.182079,"caller":"log/zap.go:119","msg":"Failed to fetch URL: http://example.com"}
{"level":"info","ts":1633871708.1820831,"caller":"log/zap.go:104","msg":"Failed to fetch URL.","url":"http://example.com","attempt":3,"backoff":1}
{"level":"info","ts":1633871708.182087,"caller":"log/zap.go:113","msg":"Failed to fetch URL.","url":"http://example.com","attempt":3,"backoff":1}
{"level":"info","ts":1633871708.182091,"caller":"log/zap.go:119","msg":"Failed to fetch URL: http://example.com"}
{"level":"info","ts":1633871708.1820958,"caller":"log/zap.go:104","msg":"Failed to fetch URL.","url":"http://example.com","attempt":3,"backoff":1}
{"level":"info","ts":1633871708.1820989,"caller":"log/zap.go:113","msg":"Failed to fetch URL.","url":"http://example.com","attempt":3,"backoff":1}
{"level":"info","ts":1633871708.182104,"caller":"log/zap.go:119","msg":"Failed to fetch URL: http://example.com"}
{"level":"info","ts":1633871708.1821089,"caller":"log/zap.go:104","msg":"Failed to fetch URL.","url":"http://example.com","attempt":3,"backoff":1}
{"level":"info","ts":1633871708.182113,"caller":"log/zap.go:113","msg":"Failed to fetch URL.","url":"http://example.com","attempt":3,"backoff":1}
{"level":"info","ts":1633871708.1821172,"caller":"log/zap.go:119","msg":"Failed to fetch URL: http://example.com"}
{"level":"info","ts":1633871708.182122,"caller":"log/zap.go:104","msg":"Failed to fetch URL.","url":"http://example.com","attempt":3,"backoff":1}
{"level":"info","ts":1633871708.182125,"caller":"log/zap.go:113","msg":"Failed to fetch URL.","url":"http://example.com","attempt":3,"backoff":1}
{"level":"info","ts":1633871708.1821299,"caller":"log/zap.go:119","msg":"Failed to fetch URL: http://example.com"}
{"level":"info","ts":1633871708.182134,"caller":"log/zap.go:104","msg":"Failed to fetch URL.","url":"http://example.com","attempt":3,"backoff":1}
{"level":"info","ts":1633871708.1821382,"caller":"log/zap.go:113","msg":"Failed to fetch URL.","url":"http://example.com","attempt":3,"backoff":1}
{"level":"info","ts":1633871708.182147,"caller":"log/zap.go:119","msg":"Failed to fetch URL: http://example.com"}
{"level":"info","ts":1633871708.182152,"caller":"log/zap.go:104","msg":"Failed to fetch URL.","url":"http://example.com","attempt":3,"backoff":1}
{"level":"info","ts":1633871708.182156,"caller":"log/zap.go:113","msg":"Failed to fetch URL.","url":"http://example.com","attempt":3,"backoff":1}
{"level":"info","ts":1633871708.18216,"caller":"log/zap.go:119","msg":"Failed to fetch URL: http://example.com"}
{"level":"info","ts":1633871708.182164,"caller":"log/zap.go:104","msg":"Failed to fetch URL.","url":"http://example.com","attempt":3,"backoff":1}
{"level":"info","ts":1633871708.182168,"caller":"log/zap.go:113","msg":"Failed to fetch URL.","url":"http://example.com","attempt":3,"backoff":1}
{"level":"info","ts":1633871708.182173,"caller":"log/zap.go:119","msg":"Failed to fetch URL: http://example.com"}
{"level":"info","ts":1633871708.182177,"caller":"log/zap.go:104","msg":"Failed to fetch URL.","url":"http://example.com","attempt":3,"backoff":1}
{"level":"info","ts":1633871708.1821811,"caller":"log/zap.go:113","msg":"Failed to fetch URL.","url":"http://example.com","attempt":3,"backoff":1}
{"level":"info","ts":1633871708.182186,"caller":"log/zap.go:119","msg":"Failed to fetch URL: http://example.com"}
{"level":"info","ts":1633871708.1821902,"caller":"log/zap.go:104","msg":"Failed to fetch URL.","url":"http://example.com","attempt":3,"backoff":1}
{"level":"info","ts":1633871708.182194,"caller":"log/zap.go:113","msg":"Failed to fetch URL.","url":"http://example.com","attempt":3,"backoff":1}
{"level":"info","ts":1633871708.182198,"caller":"log/zap.go:119","msg":"Failed to fetch URL: http://example.com"}
{"level":"info","ts":1633871708.182202,"caller":"log/zap.go:104","msg":"Failed to fetch URL.","url":"http://example.com","attempt":3,"backoff":1}
{"level":"info","ts":1633871708.182206,"caller":"log/zap.go:113","msg":"Failed to fetch URL.","url":"http://example.com","attempt":3,"backoff":1}
{"level":"info","ts":1633871708.1822112,"caller":"log/zap.go:119","msg":"Failed to fetch URL: http://example.com"}
{"level":"info","ts":1633871708.182215,"caller":"log/zap.go:104","msg":"Failed to fetch URL.","url":"http://example.com","attempt":3,"backoff":1}
{"level":"info","ts":1633871708.182219,"caller":"log/zap.go:113","msg":"Failed to fetch URL.","url":"http://example.com","attempt":3,"backoff":1}
{"level":"info","ts":1633871708.182223,"caller":"log/zap.go:119","msg":"Failed to fetch URL: http://example.com"}
{"level":"info","ts":1633871708.182227,"caller":"log/zap.go:104","msg":"Failed to fetch URL.","url":"http://example.com","attempt":3,"backoff":1}
{"level":"info","ts":1633871708.182231,"caller":"log/zap.go:113","msg":"Failed to fetch URL.","url":"http://example.com","attempt":3,"backoff":1}
{"level":"info","ts":1633871708.182236,"caller":"log/zap.go:119","msg":"Failed to fetch URL: http://example.com"}
{"level":"info","ts":1633871708.18224,"caller":"log/zap.go:104","msg":"Failed to fetch URL.","url":"http://example.com","attempt":3,"backoff":1}
{"level":"info","ts":1633871708.182244,"caller":"log/zap.go:113","msg":"Failed to fetch URL.","url":"http://example.com","attempt":3,"backoff":1}
{"level":"info","ts":1633871708.182249,"caller":"log/zap.go:119","msg":"Failed to fetch URL: http://example.com"}
{"level":"info","ts":1633871708.1822531,"caller":"log/zap.go:104","msg":"Failed to fetch URL.","url":"http://example.com","attempt":3,"backoff":1}
{"level":"info","ts":1633871708.182257,"caller":"log/zap.go:113","msg":"Failed to fetch URL.","url":"http://example.com","attempt":3,"backoff":1}
{"level":"info","ts":1633871708.182261,"caller":"log/zap.go:119","msg":"Failed to fetch URL: http://example.com"}
{"level":"info","ts":1633871708.182265,"caller":"log/zap.go:104","msg":"Failed to fetch URL.","url":"http://example.com","attempt":3,"backoff":1}
{"level":"info","ts":1633871708.1822689,"caller":"log/zap.go:113","msg":"Failed to fetch URL.","url":"http://example.com","attempt":3,"backoff":1}
{"level":"info","ts":1633871708.182274,"caller":"log/zap.go:119","msg":"Failed to fetch URL: http://example.com"}
{"level":"info","ts":1633871708.182286,"caller":"log/zap.go:104","msg":"Failed to fetch URL.","url":"http://example.com","attempt":3,"backoff":1}
{"level":"info","ts":1633871708.1822898,"caller":"log/zap.go:113","msg":"Failed to fetch URL.","url":"http://example.com","attempt":3,"backoff":1}
{"level":"info","ts":1633871708.182295,"caller":"log/zap.go:119","msg":"Failed to fetch URL: http://example.com"}
{"level":"info","ts":1633871708.1822999,"caller":"log/zap.go:104","msg":"Failed to fetch URL.","url":"http://example.com","attempt":3,"backoff":1}
{"level":"info","ts":1633871708.182304,"caller":"log/zap.go:113","msg":"Failed to fetch URL.","url":"http://example.com","attempt":3,"backoff":1}
{"level":"info","ts":1633871708.1823082,"caller":"log/zap.go:119","msg":"Failed to fetch URL: http://example.com"}
{"level":"info","ts":1633871708.182312,"caller":"log/zap.go:104","msg":"Failed to fetch URL.","url":"http://example.com","attempt":3,"backoff":1}
{"level":"info","ts":1633871708.182316,"caller":"log/zap.go:113","msg":"Failed to fetch URL.","url":"http://example.com","attempt":3,"backoff":1}
{"level":"info","ts":1633871708.1823208,"caller":"log/zap.go:119","msg":"Failed to fetch URL: http://example.com"}
{"level":"info","ts":1633871708.182325,"caller":"log/zap.go:104","msg":"Failed to fetch URL.","url":"http://example.com","attempt":3,"backoff":1}
{"level":"info","ts":1633871708.1823292,"caller":"log/zap.go:113","msg":"Failed to fetch URL.","url":"http://example.com","attempt":3,"backoff":1}
{"level":"info","ts":1633871708.182334,"caller":"log/zap.go:119","msg":"Failed to fetch URL: http://example.com"}
{"level":"info","ts":1633871708.182338,"caller":"log/zap.go:104","msg":"Failed to fetch URL.","url":"http://example.com","attempt":3,"backoff":1}
{"level":"info","ts":1633871708.1823418,"caller":"log/zap.go:113","msg":"Failed to fetch URL.","url":"http://example.com","attempt":3,"backoff":1}
{"level":"info","ts":1633871708.1823459,"caller":"log/zap.go:119","msg":"Failed to fetch URL: http://example.com"}
{"level":"info","ts":1633871708.1823502,"caller":"log/zap.go:104","msg":"Failed to fetch URL.","url":"http://example.com","attempt":3,"backoff":1}
{"level":"info","ts":1633871708.182354,"caller":"log/zap.go:113","msg":"Failed to fetch URL.","url":"http://example.com","attempt":3,"backoff":1}
{"level":"info","ts":1633871708.182359,"caller":"log/zap.go:119","msg":"Failed to fetch URL: http://example.com"}
{"level":"info","ts":1633871708.1823628,"caller":"log/zap.go:104","msg":"Failed to fetch URL.","url":"http://example.com","attempt":3,"backoff":1}
{"level":"info","ts":1633871708.182367,"caller":"log/zap.go:113","msg":"Failed to fetch URL.","url":"http://example.com","attempt":3,"backoff":1}
{"level":"info","ts":1633871708.1823711,"caller":"log/zap.go:119","msg":"Failed to fetch URL: http://example.com"}
{"level":"info","ts":1633871708.182376,"caller":"log/zap.go:104","msg":"Failed to fetch URL.","url":"http://example.com","attempt":3,"backoff":1}
{"level":"info","ts":1633871708.18238,"caller":"log/zap.go:113","msg":"Failed to fetch URL.","url":"http://example.com","attempt":3,"backoff":1}
{"level":"info","ts":1633871708.182384,"caller":"log/zap.go:119","msg":"Failed to fetch URL: http://example.com"}
{"level":"info","ts":1633871708.182388,"caller":"log/zap.go:104","msg":"Failed to fetch URL.","url":"http://example.com","attempt":3,"backoff":1}
{"level":"info","ts":1633871708.1823921,"caller":"log/zap.go:113","msg":"Failed to fetch URL.","url":"http://example.com","attempt":3,"backoff":1}
{"level":"info","ts":1633871708.182397,"caller":"log/zap.go:119","msg":"Failed to fetch URL: http://example.com"}
{"level":"info","ts":1633871708.182401,"caller":"log/zap.go:104","msg":"Failed to fetch URL.","url":"http://example.com","attempt":3,"backoff":1}
{"level":"info","ts":1633871708.1824052,"caller":"log/zap.go:113","msg":"Failed to fetch URL.","url":"http://example.com","attempt":3,"backoff":1}
{"level":"info","ts":1633871708.182409,"caller":"log/zap.go:119","msg":"Failed to fetch URL: http://example.com"}
{"level":"info","ts":1633871708.1824179,"caller":"log/zap.go:104","msg":"Failed to fetch URL.","url":"http://example.com","attempt":3,"backoff":1}
{"level":"info","ts":1633871708.182422,"caller":"log/zap.go:113","msg":"Failed to fetch URL.","url":"http://example.com","attempt":3,"backoff":1}
{"level":"info","ts":1633871708.182427,"caller":"log/zap.go:119","msg":"Failed to fetch URL: http://example.com"}
{"level":"info","ts":1633871708.182431,"caller":"log/zap.go:104","msg":"Failed to fetch URL.","url":"http://example.com","attempt":3,"backoff":1}
{"level":"info","ts":1633871708.182435,"caller":"log/zap.go:113","msg":"Failed to fetch URL.","url":"http://example.com","attempt":3,"backoff":1}
{"level":"info","ts":1633871708.1824389,"caller":"log/zap.go:119","msg":"Failed to fetch URL: http://example.com"}
{"level":"info","ts":1633871708.182443,"caller":"log/zap.go:104","msg":"Failed to fetch URL.","url":"http://example.com","attempt":3,"backoff":1}
{"level":"info","ts":1633871708.1824472,"caller":"log/zap.go:113","msg":"Failed to fetch URL.","url":"http://example.com","attempt":3,"backoff":1}
{"level":"info","ts":1633871708.182452,"caller":"log/zap.go:119","msg":"Failed to fetch URL: http://example.com"}
{"level":"info","ts":1633871708.1824582,"caller":"log/zap.go:104","msg":"Failed to fetch URL.","url":"http://example.com","attempt":3,"backoff":1}
{"level":"info","ts":1633871708.182462,"caller":"log/zap.go:113","msg":"Failed to fetch URL.","url":"http://example.com","attempt":3,"backoff":1}
{"level":"info","ts":1633871708.182467,"caller":"log/zap.go:119","msg":"Failed to fetch URL: http://example.com"}
{"level":"info","ts":1633871708.182473,"caller":"log/zap.go:104","msg":"Failed to fetch URL.","url":"http://example.com","attempt":3,"backoff":1}
{"level":"info","ts":1633871708.182477,"caller":"log/zap.go:113","msg":"Failed to fetch URL.","url":"http://example.com","attempt":3,"backoff":1}
{"level":"info","ts":1633871708.182482,"caller":"log/zap.go:119","msg":"Failed to fetch URL: http://example.com"}
{"level":"info","ts":1633871708.182486,"caller":"log/zap.go:104","msg":"Failed to fetch URL.","url":"http://example.com","attempt":3,"backoff":1}
{"level":"info","ts":1633871708.18249,"caller":"log/zap.go:113","msg":"Failed to fetch URL.","url":"http://example.com","attempt":3,"backoff":1}
{"level":"info","ts":1633871708.1824949,"caller":"log/zap.go:119","msg":"Failed to fetch URL: http://example.com"}
{"level":"info","ts":1633871708.1824992,"caller":"log/zap.go:104","msg":"Failed to fetch URL.","url":"http://example.com","attempt":3,"backoff":1}
{"level":"info","ts":1633871708.182503,"caller":"log/zap.go:113","msg":"Failed to fetch URL.","url":"http://example.com","attempt":3,"backoff":1}
{"level":"info","ts":1633871708.182507,"caller":"log/zap.go:119","msg":"Failed to fetch URL: http://example.com"}
{"level":"info","ts":1633871708.182511,"caller":"log/zap.go:104","msg":"Failed to fetch URL.","url":"http://example.com","attempt":3,"backoff":1}
{"level":"info","ts":1633871708.182515,"caller":"log/zap.go:113","msg":"Failed to fetch URL.","url":"http://example.com","attempt":3,"backoff":1}
{"level":"info","ts":1633871708.1825202,"caller":"log/zap.go:119","msg":"Failed to fetch URL: http://example.com"}
{"level":"info","ts":1633871708.182524,"caller":"log/zap.go:104","msg":"Failed to fetch URL.","url":"http://example.com","attempt":3,"backoff":1}
{"level":"info","ts":1633871708.182528,"caller":"log/zap.go:113","msg":"Failed to fetch URL.","url":"http://example.com","attempt":3,"backoff":1}
{"level":"info","ts":1633871708.182532,"caller":"log/zap.go:119","msg":"Failed to fetch URL: http://example.com"}
{"level":"info","ts":1633871708.182537,"caller":"log/zap.go:104","msg":"Failed to fetch URL.","url":"http://example.com","attempt":3,"backoff":1}
{"level":"info","ts":1633871708.18254,"caller":"log/zap.go:113","msg":"Failed to fetch URL.","url":"http://example.com","attempt":3,"backoff":1}
{"level":"info","ts":1633871708.182545,"caller":"log/zap.go:119","msg":"Failed to fetch URL: http://example.com"}
{"level":"info","ts":1633871708.182554,"caller":"log/zap.go:104","msg":"Failed to fetch URL.","url":"http://example.com","attempt":3,"backoff":1}
{"level":"info","ts":1633871708.182558,"caller":"log/zap.go:113","msg":"Failed to fetch URL.","url":"http://example.com","attempt":3,"backoff":1}
{"level":"info","ts":1633871708.182562,"caller":"log/zap.go:119","msg":"Failed to fetch URL: http://example.com"}
{"level":"info","ts":1633871708.182566,"caller":"log/zap.go:104","msg":"Failed to fetch URL.","url":"http://example.com","attempt":3,"backoff":1}
{"level":"info","ts":1633871708.18257,"caller":"log/zap.go:113","msg":"Failed to fetch URL.","url":"http://example.com","attempt":3,"backoff":1}
{"level":"info","ts":1633871708.1825762,"caller":"log/zap.go:119","msg":"Failed to fetch URL: http://example.com"}
{"level":"info","ts":1633871708.18258,"caller":"log/zap.go:104","msg":"Failed to fetch URL.","url":"http://example.com","attempt":3,"backoff":1}
{"level":"info","ts":1633871708.182584,"caller":"log/zap.go:113","msg":"Failed to fetch URL.","url":"http://example.com","attempt":3,"backoff":1}
{"level":"info","ts":1633871708.1825879,"caller":"log/zap.go:119","msg":"Failed to fetch URL: http://example.com"}
{"level":"info","ts":1633871708.182592,"caller":"log/zap.go:104","msg":"Failed to fetch URL.","url":"http://example.com","attempt":3,"backoff":1}
{"level":"info","ts":1633871708.1825962,"caller":"log/zap.go:113","msg":"Failed to fetch URL.","url":"http://example.com","attempt":3,"backoff":1}
{"level":"info","ts":1633871708.182601,"caller":"log/zap.go:119","msg":"Failed to fetch URL: http://example.com"}
{"level":"info","ts":1633871708.182605,"caller":"log/zap.go:104","msg":"Failed to fetch URL.","url":"http://example.com","attempt":3,"backoff":1}
{"level":"info","ts":1633871708.1826088,"caller":"log/zap.go:113","msg":"Failed to fetch URL.","url":"http://example.com","attempt":3,"backoff":1}
{"level":"info","ts":1633871708.182613,"caller":"log/zap.go:119","msg":"Failed to fetch URL: http://example.com"}
{"level":"info","ts":1633871708.1826181,"caller":"log/zap.go:104","msg":"Failed to fetch URL.","url":"http://example.com","attempt":3,"backoff":1}
{"level":"info","ts":1633871708.182622,"caller":"log/zap.go:113","msg":"Failed to fetch URL.","url":"http://example.com","attempt":3,"backoff":1}
{"level":"info","ts":1633871708.182626,"caller":"log/zap.go:119","msg":"Failed to fetch URL: http://example.com"}
{"level":"info","ts":1633871708.182632,"caller":"log/zap.go:104","msg":"Failed to fetch URL.","url":"http://example.com","attempt":3,"backoff":1}
{"level":"info","ts":1633871708.182636,"caller":"log/zap.go:113","msg":"Failed to fetch URL.","url":"http://example.com","attempt":3,"backoff":1}
{"level":"info","ts":1633871708.1826408,"caller":"log/zap.go:119","msg":"Failed to fetch URL: http://example.com"}
{"level":"info","ts":1633871708.182645,"caller":"log/zap.go:104","msg":"Failed to fetch URL.","url":"http://example.com","attempt":3,"backoff":1}
{"level":"info","ts":1633871708.1826491,"caller":"log/zap.go:113","msg":"Failed to fetch URL.","url":"http://example.com","attempt":3,"backoff":1}
{"level":"info","ts":1633871708.182653,"caller":"log/zap.go:119","msg":"Failed to fetch URL: http://example.com"}
{"level":"info","ts":1633871708.182657,"caller":"log/zap.go:104","msg":"Failed to fetch URL.","url":"http://example.com","attempt":3,"backoff":1}
{"level":"info","ts":1633871708.182661,"caller":"log/zap.go:113","msg":"Failed to fetch URL.","url":"http://example.com","attempt":3,"backoff":1}
{"level":"info","ts":1633871708.182666,"caller":"log/zap.go:119","msg":"Failed to fetch URL: http://example.com"}
{"level":"info","ts":1633871708.18267,"caller":"log/zap.go:104","msg":"Failed to fetch URL.","url":"http://example.com","attempt":3,"backoff":1}
{"level":"info","ts":1633871708.182674,"caller":"log/zap.go:113","msg":"Failed to fetch URL.","url":"http://example.com","attempt":3,"backoff":1}
{"level":"info","ts":1633871708.182678,"caller":"log/zap.go:119","msg":"Failed to fetch URL: http://example.com"}
{"level":"info","ts":1633871708.182687,"caller":"log/zap.go:104","msg":"Failed to fetch URL.","url":"http://example.com","attempt":3,"backoff":1}
{"level":"info","ts":1633871708.182691,"caller":"log/zap.go:113","msg":"Failed to fetch URL.","url":"http://example.com","attempt":3,"backoff":1}
{"level":"info","ts":1633871708.1826959,"caller":"log/zap.go:119","msg":"Failed to fetch URL: http://example.com"}
{"level":"info","ts":1633871708.1827,"caller":"log/zap.go:104","msg":"Failed to fetch URL.","url":"http://example.com","attempt":3,"backoff":1}
{"level":"info","ts":1633871708.1827042,"caller":"log/zap.go:113","msg":"Failed to fetch URL.","url":"http://example.com","attempt":3,"backoff":1}
{"level":"info","ts":1633871708.182709,"caller":"log/zap.go:119","msg":"Failed to fetch URL: http://example.com"}
{"level":"info","ts":1633871708.182713,"caller":"log/zap.go:104","msg":"Failed to fetch URL.","url":"http://example.com","attempt":3,"backoff":1}
{"level":"info","ts":1633871708.1827168,"caller":"log/zap.go:113","msg":"Failed to fetch URL.","url":"http://example.com","attempt":3,"backoff":1}
{"level":"info","ts":1633871708.1827211,"caller":"log/zap.go:119","msg":"Failed to fetch URL: http://example.com"}
{"level":"info","ts":1633871708.1827252,"caller":"log/zap.go:104","msg":"Failed to fetch URL.","url":"http://example.com","attempt":3,"backoff":1}
{"level":"info","ts":1633871708.182729,"caller":"log/zap.go:113","msg":"Failed to fetch URL.","url":"http://example.com","attempt":3,"backoff":1}
{"level":"info","ts":1633871708.182734,"caller":"log/zap.go:119","msg":"Failed to fetch URL: http://example.com"}
{"level":"info","ts":1633871708.1827378,"caller":"log/zap.go:104","msg":"Failed to fetch URL.","url":"http://example.com","attempt":3,"backoff":1}
{"level":"info","ts":1633871708.182742,"caller":"log/zap.go:113","msg":"Failed to fetch URL.","url":"http://example.com","attempt":3,"backoff":1}
{"level":"info","ts":1633871708.182747,"caller":"log/zap.go:119","msg":"Failed to fetch URL: http://example.com"}
{"level":"info","ts":1633871708.182751,"caller":"log/zap.go:104","msg":"Failed to fetch URL.","url":"http://example.com","attempt":3,"backoff":1}
{"level":"info","ts":1633871708.182755,"caller":"log/zap.go:113","msg":"Failed to fetch URL.","url":"http://example.com","attempt":3,"backoff":1}
{"level":"info","ts":1633871708.1827588,"caller":"log/zap.go:119","msg":"Failed to fetch URL: http://example.com"}
{"level":"info","ts":1633871708.182763,"caller":"log/zap.go:104","msg":"Failed to fetch URL.","url":"http://example.com","attempt":3,"backoff":1}
{"level":"info","ts":1633871708.1827672,"caller":"log/zap.go:113","msg":"Failed to fetch URL.","url":"http://example.com","attempt":3,"backoff":1}
{"level":"info","ts":1633871708.182772,"caller":"log/zap.go:119","msg":"Failed to fetch URL: http://example.com"}
{"level":"info","ts":1633871708.182776,"caller":"log/zap.go:104","msg":"Failed to fetch URL.","url":"http://example.com","attempt":3,"backoff":1}
{"level":"info","ts":1633871708.1827798,"caller":"log/zap.go:113","msg":"Failed to fetch URL.","url":"http://example.com","attempt":3,"backoff":1}
{"level":"info","ts":1633871708.182785,"caller":"log/zap.go:119","msg":"Failed to fetch URL: http://example.com"}
{"level":"info","ts":1633871708.182789,"caller":"log/zap.go:104","msg":"Failed to fetch URL.","url":"http://example.com","attempt":3,"backoff":1}
{"level":"info","ts":1633871708.182792,"caller":"log/zap.go:113","msg":"Failed to fetch URL.","url":"http://example.com","attempt":3,"backoff":1}
{"level":"info","ts":1633871708.182797,"caller":"log/zap.go:119","msg":"Failed to fetch URL: http://example.com"}
{"level":"info","ts":1633871708.182802,"caller":"log/zap.go:104","msg":"Failed to fetch URL.","url":"http://example.com","attempt":3,"backoff":1}
{"level":"info","ts":1633871708.182806,"caller":"log/zap.go:113","msg":"Failed to fetch URL.","url":"http://example.com","attempt":3,"backoff":1}
{"level":"info","ts":1633871708.18281,"caller":"log/zap.go:119","msg":"Failed to fetch URL: http://example.com"}
{"level":"info","ts":1633871708.182815,"caller":"log/zap.go:104","msg":"Failed to fetch URL.","url":"http://example.com","attempt":3,"backoff":1}
{"level":"info","ts":1633871708.182824,"caller":"log/zap.go:113","msg":"Failed to fetch URL.","url":"http://example.com","attempt":3,"backoff":1}
{"level":"info","ts":1633871708.1828291,"caller":"log/zap.go:119","msg":"Failed to fetch URL: http://example.com"}
{"level":"info","ts":1633871708.182833,"caller":"log/zap.go:104","msg":"Failed to fetch URL.","url":"http://example.com","attempt":3,"backoff":1}
{"level":"info","ts":1633871708.182837,"caller":"log/zap.go:113","msg":"Failed to fetch URL.","url":"http://example.com","attempt":3,"backoff":1}
{"level":"info","ts":1633871708.182842,"caller":"log/zap.go:119","msg":"Failed to fetch URL: http://example.com"}
{"level":"info","ts":1633871708.182846,"caller":"log/zap.go:104","msg":"Failed to fetch URL.","url":"http://example.com","attempt":3,"backoff":1}
{"level":"info","ts":1633871708.1828501,"caller":"log/zap.go:113","msg":"Failed to fetch URL.","url":"http://example.com","attempt":3,"backoff":1}
{"level":"info","ts":1633871708.182857,"caller":"log/zap.go:119","msg":"Failed to fetch URL: http://example.com"}
{"level":"info","ts":1633871708.182861,"caller":"log/zap.go:104","msg":"Failed to fetch URL.","url":"http://example.com","attempt":3,"backoff":1}
{"level":"info","ts":1633871708.182865,"caller":"log/zap.go:113","msg":"Failed to fetch URL.","url":"http://example.com","attempt":3,"backoff":1}
{"level":"info","ts":1633871708.182869,"caller":"log/zap.go:119","msg":"Failed to fetch URL: http://example.com"}
{"level":"info","ts":1633871708.182873,"caller":"log/zap.go:104","msg":"Failed to fetch URL.","url":"http://example.com","attempt":3,"backoff":1}
{"level":"info","ts":1633871708.1828768,"caller":"log/zap.go:113","msg":"Failed to fetch URL.","url":"http://example.com","attempt":3,"backoff":1}
{"level":"info","ts":1633871708.182882,"caller":"log/zap.go:119","msg":"Failed to fetch URL: http://example.com"}
{"level":"info","ts":1633871708.182886,"caller":"log/zap.go:104","msg":"Failed to fetch URL.","url":"http://example.com","attempt":3,"backoff":1}
{"level":"info","ts":1633871708.18289,"caller":"log/zap.go:113","msg":"Failed to fetch URL.","url":"http://example.com","attempt":3,"backoff":1}
{"level":"info","ts":1633871708.1828952,"caller":"log/zap.go:119","msg":"Failed to fetch URL: http://example.com"}
{"level":"info","ts":1633871708.182899,"caller":"log/zap.go:104","msg":"Failed to fetch URL.","url":"http://example.com","attempt":3,"backoff":1}
{"level":"info","ts":1633871708.182903,"caller":"log/zap.go:113","msg":"Failed to fetch URL.","url":"http://example.com","attempt":3,"backoff":1}
{"level":"info","ts":1633871708.1829069,"caller":"log/zap.go:119","msg":"Failed to fetch URL: http://example.com"}
{"level":"info","ts":1633871708.182911,"caller":"log/zap.go:104","msg":"Failed to fetch URL.","url":"http://example.com","attempt":3,"backoff":1}
{"level":"info","ts":1633871708.182915,"caller":"log/zap.go:113","msg":"Failed to fetch URL.","url":"http://example.com","attempt":3,"backoff":1}
{"level":"info","ts":1633871708.18292,"caller":"log/zap.go:119","msg":"Failed to fetch URL: http://example.com"}
{"level":"info","ts":1633871708.182924,"caller":"log/zap.go:104","msg":"Failed to fetch URL.","url":"http://example.com","attempt":3,"backoff":1}
{"level":"info","ts":1633871708.1829278,"caller":"log/zap.go:113","msg":"Failed to fetch URL.","url":"http://example.com","attempt":3,"backoff":1}
{"level":"info","ts":1633871708.182933,"caller":"log/zap.go:119","msg":"Failed to fetch URL: http://example.com"}
{"level":"info","ts":1633871708.1829371,"caller":"log/zap.go:104","msg":"Failed to fetch URL.","url":"http://example.com","attempt":3,"backoff":1}
{"level":"info","ts":1633871708.182941,"caller":"log/zap.go:113","msg":"Failed to fetch URL.","url":"http://example.com","attempt":3,"backoff":1}
{"level":"info","ts":1633871708.182945,"caller":"log/zap.go:119","msg":"Failed to fetch URL: http://example.com"}
{"level":"info","ts":1633871708.182949,"caller":"log/zap.go:104","msg":"Failed to fetch URL.","url":"http://example.com","attempt":3,"backoff":1}
{"level":"info","ts":1633871708.1829581,"caller":"log/zap.go:113","msg":"Failed to fetch URL.","url":"http://example.com","attempt":3,"backoff":1}
{"level":"info","ts":1633871708.182963,"caller":"log/zap.go:119","msg":"Failed to fetch URL: http://example.com"}
{"level":"info","ts":1633871708.182967,"caller":"log/zap.go:104","msg":"Failed to fetch URL.","url":"http://example.com","attempt":3,"backoff":1}
{"level":"info","ts":1633871708.1829708,"caller":"log/zap.go:113","msg":"Failed to fetch URL.","url":"http://example.com","attempt":3,"backoff":1}
{"level":"info","ts":1633871708.182975,"caller":"log/zap.go:119","msg":"Failed to fetch URL: http://example.com"}
{"level":"info","ts":1633871708.18298,"caller":"log/zap.go:104","msg":"Failed to fetch URL.","url":"http://example.com","attempt":3,"backoff":1}
{"level":"info","ts":1633871708.1829839,"caller":"log/zap.go:113","msg":"Failed to fetch URL.","url":"http://example.com","attempt":3,"backoff":1}
{"level":"info","ts":1633871708.1829891,"caller":"log/zap.go:119","msg":"Failed to fetch URL: http://example.com"}
{"level":"info","ts":1633871708.182993,"caller":"log/zap.go:104","msg":"Failed to fetch URL.","url":"http://example.com","attempt":3,"backoff":1}
{"level":"info","ts":1633871708.182997,"caller":"log/zap.go:113","msg":"Failed to fetch URL.","url":"http://example.com","attempt":3,"backoff":1}
{"level":"info","ts":1633871708.183001,"caller":"log/zap.go:119","msg":"Failed to fetch URL: http://example.com"}
{"level":"info","ts":1633871708.1830049,"caller":"log/zap.go:104","msg":"Failed to fetch URL.","url":"http://example.com","attempt":3,"backoff":1}
{"level":"info","ts":1633871708.183009,"caller":"log/zap.go:113","msg":"Failed to fetch URL.","url":"http://example.com","attempt":3,"backoff":1}
{"level":"info","ts":1633871708.183014,"caller":"log/zap.go:119","msg":"Failed to fetch URL: http://example.com"}
{"level":"info","ts":1633871708.183018,"caller":"log/zap.go:104","msg":"Failed to fetch URL.","url":"http://example.com","attempt":3,"backoff":1}
{"level":"info","ts":1633871708.183022,"caller":"log/zap.go:113","msg":"Failed to fetch URL.","url":"http://example.com","attempt":3,"backoff":1}
{"level":"info","ts":1633871708.1830258,"caller":"log/zap.go:119","msg":"Failed to fetch URL: http://example.com"}
{"level":"info","ts":1633871708.183033,"caller":"log/zap.go:104","msg":"Failed to fetch URL.","url":"http://example.com","attempt":3,"backoff":1}
{"level":"info","ts":1633871708.183037,"caller":"log/zap.go:113","msg":"Failed to fetch URL.","url":"http://example.com","attempt":3,"backoff":1}
{"level":"info","ts":1633871708.1830468,"caller":"log/zap.go:119","msg":"Failed to fetch URL: http://example.com"}
{"level":"info","ts":1633871708.183052,"caller":"log/zap.go:104","msg":"Failed to fetch URL.","url":"http://example.com","attempt":3,"backoff":1}
{"level":"info","ts":1633871708.1830559,"caller":"log/zap.go:113","msg":"Failed to fetch URL.","url":"http://example.com","attempt":3,"backoff":1}
{"level":"info","ts":1633871708.18306,"caller":"log/zap.go:119","msg":"Failed to fetch URL: http://example.com"}
{"level":"info","ts":1633871708.1830652,"caller":"log/zap.go:104","msg":"Failed to fetch URL.","url":"http://example.com","attempt":3,"backoff":1}
{"level":"info","ts":1633871708.183069,"caller":"log/zap.go:113","msg":"Failed to fetch URL.","url":"http://example.com","attempt":3,"backoff":1}
{"level":"info","ts":1633871708.183073,"caller":"log/zap.go:119","msg":"Failed to fetch URL: http://example.com"}
{"level":"info","ts":1633871708.183077,"caller":"log/zap.go:104","msg":"Failed to fetch URL.","url":"http://example.com","attempt":3,"backoff":1}
{"level":"info","ts":1633871708.183081,"caller":"log/zap.go:113","msg":"Failed to fetch URL.","url":"http://example.com","attempt":3,"backoff":1}
{"level":"info","ts":1633871708.1830862,"caller":"log/zap.go:119","msg":"Failed to fetch URL: http://example.com"}
{"level":"info","ts":1633871708.18309,"caller":"log/zap.go:104","msg":"Failed to fetch URL.","url":"http://example.com","attempt":3,"backoff":1}
{"level":"info","ts":1633871708.183098,"caller":"log/zap.go:113","msg":"Failed to fetch URL.","url":"http://example.com","attempt":3,"backoff":1}
{"level":"info","ts":1633871708.183103,"caller":"log/zap.go:119","msg":"Failed to fetch URL: http://example.com"}
{"level":"info","ts":1633871708.1831071,"caller":"log/zap.go:104","msg":"Failed to fetch URL.","url":"http://example.com","attempt":3,"backoff":1}
{"level":"info","ts":1633871708.183112,"caller":"log/zap.go:113","msg":"Failed to fetch URL.","url":"http://example.com","attempt":3,"backoff":1}
{"level":"info","ts":1633871708.183116,"caller":"log/zap.go:119","msg":"Failed to fetch URL: http://example.com"}
{"level":"info","ts":1633871708.1831198,"caller":"log/zap.go:104","msg":"Failed to fetch URL.","url":"http://example.com","attempt":3,"backoff":1}
{"level":"info","ts":1633871708.183124,"caller":"log/zap.go:113","msg":"Failed to fetch URL.","url":"http://example.com","attempt":3,"backoff":1}
{"level":"info","ts":1633871708.183129,"caller":"log/zap.go:119","msg":"Failed to fetch URL: http://example.com"}
{"level":"info","ts":1633871708.183133,"caller":"log/zap.go:104","msg":"Failed to fetch URL.","url":"http://example.com","attempt":3,"backoff":1}
{"level":"info","ts":1633871708.183137,"caller":"log/zap.go:113","msg":"Failed to fetch URL.","url":"http://example.com","attempt":3,"backoff":1}
{"level":"info","ts":1633871708.183142,"caller":"log/zap.go:119","msg":"Failed to fetch URL: http://example.com"}
{"level":"info","ts":1633871708.183146,"caller":"log/zap.go:104","msg":"Failed to fetch URL.","url":"http://example.com","attempt":3,"backoff":1}
{"level":"info","ts":1633871708.18315,"caller":"log/zap.go:113","msg":"Failed to fetch URL.","url":"http://example.com","attempt":3,"backoff":1}
{"level":"info","ts":1633871708.183155,"caller":"log/zap.go:119","msg":"Failed to fetch URL: http://example.com"}
{"level":"info","ts":1633871708.183161,"caller":"log/zap.go:104","msg":"Failed to fetch URL.","url":"http://example.com","attempt":3,"backoff":1}
{"level":"info","ts":1633871708.1831648,"caller":"log/zap.go:113","msg":"Failed to fetch URL.","url":"http://example.com","attempt":3,"backoff":1}
{"level":"info","ts":1633871708.18317,"caller":"log/zap.go:119","msg":"Failed to fetch URL: http://example.com"}
{"level":"info","ts":1633871708.183174,"caller":"log/zap.go:104","msg":"Failed to fetch URL.","url":"http://example.com","attempt":3,"backoff":1}
{"level":"info","ts":1633871708.183178,"caller":"log/zap.go:113","msg":"Failed to fetch URL.","url":"http://example.com","attempt":3,"backoff":1}
{"level":"info","ts":1633871708.183182,"caller":"log/zap.go:119","msg":"Failed to fetch URL: http://example.com"}
{"level":"info","ts":1633871708.1831858,"caller":"log/zap.go:104","msg":"Failed to fetch URL.","url":"http://example.com","attempt":3,"backoff":1}
{"level":"info","ts":1633871708.18319,"caller":"log/zap.go:113","msg":"Failed to fetch URL.","url":"http://example.com","attempt":3,"backoff":1}
{"level":"info","ts":1633871708.1831949,"caller":"log/zap.go:119","msg":"Failed to fetch URL: http://example.com"}
{"level":"info","ts":1633871708.183199,"caller":"log/zap.go:104","msg":"Failed to fetch URL.","url":"http://example.com","attempt":3,"backoff":1}
{"level":"info","ts":1633871708.183203,"caller":"log/zap.go:113","msg":"Failed to fetch URL.","url":"http://example.com","attempt":3,"backoff":1}
{"level":"info","ts":1633871708.183208,"caller":"log/zap.go:119","msg":"Failed to fetch URL: http://example.com"}
{"level":"info","ts":1633871708.183212,"caller":"log/zap.go:104","msg":"Failed to fetch URL.","url":"http://example.com","attempt":3,"backoff":1}
{"level":"info","ts":1633871708.183216,"caller":"log/zap.go:113","msg":"Failed to fetch URL.","url":"http://example.com","attempt":3,"backoff":1}
{"level":"info","ts":1633871708.18322,"caller":"log/zap.go:119","msg":"Failed to fetch URL: http://example.com"}
{"level":"info","ts":1633871708.1832252,"caller":"log/zap.go:104","msg":"Failed to fetch URL.","url":"http://example.com","attempt":3,"backoff":1}
{"level":"info","ts":1633871708.183233,"caller":"log/zap.go:113","msg":"Failed to fetch URL.","url":"http://example.com","attempt":3,"backoff":1}
{"level":"info","ts":1633871708.1832378,"caller":"log/zap.go:119","msg":"Failed to fetch URL: http://example.com"}
{"level":"info","ts":1633871708.183242,"caller":"log/zap.go:104","msg":"Failed to fetch URL.","url":"http://example.com","attempt":3,"backoff":1}
{"level":"info","ts":1633871708.1832461,"caller":"log/zap.go:113","msg":"Failed to fetch URL.","url":"http://example.com","attempt":3,"backoff":1}
{"level":"info","ts":1633871708.18325,"caller":"log/zap.go:119","msg":"Failed to fetch URL: http://example.com"}
{"level":"info","ts":1633871708.183254,"caller":"log/zap.go:104","msg":"Failed to fetch URL.","url":"http://example.com","attempt":3,"backoff":1}
{"level":"info","ts":1633871708.1832588,"caller":"log/zap.go:113","msg":"Failed to fetch URL.","url":"http://example.com","attempt":3,"backoff":1}
{"level":"info","ts":1633871708.183264,"caller":"log/zap.go:119","msg":"Failed to fetch URL: http://example.com"}
{"level":"info","ts":1633871708.183268,"caller":"log/zap.go:104","msg":"Failed to fetch URL.","url":"http://example.com","attempt":3,"backoff":1}
{"level":"info","ts":1633871708.183272,"caller":"log/zap.go:113","msg":"Failed to fetch URL.","url":"http://example.com","attempt":3,"backoff":1}
{"level":"info","ts":1633871708.1832771,"caller":"log/zap.go:119","msg":"Failed to fetch URL: http://example.com"}
{"level":"info","ts":1633871708.183281,"caller":"log/zap.go:104","msg":"Failed to fetch URL.","url":"http://example.com","attempt":3,"backoff":1}
{"level":"info","ts":1633871708.183285,"caller":"log/zap.go:113","msg":"Failed to fetch URL.","url":"http://example.com","attempt":3,"backoff":1}
{"level":"info","ts":1633871708.183289,"caller":"log/zap.go:119","msg":"Failed to fetch URL: http://example.com"}
{"level":"info","ts":1633871708.1832929,"caller":"log/zap.go:104","msg":"Failed to fetch URL.","url":"http://example.com","attempt":3,"backoff":1}
{"level":"info","ts":1633871708.183297,"caller":"log/zap.go:113","msg":"Failed to fetch URL.","url":"http://example.com","attempt":3,"backoff":1}
{"level":"info","ts":1633871708.183302,"caller":"log/zap.go:119","msg":"Failed to fetch URL: http://example.com"}
{"level":"info","ts":1633871708.183306,"caller":"log/zap.go:104","msg":"Failed to fetch URL.","url":"http://example.com","attempt":3,"backoff":1}
{"level":"info","ts":1633871708.18331,"caller":"log/zap.go:113","msg":"Failed to fetch URL.","url":"http://example.com","attempt":3,"backoff":1}
{"level":"info","ts":1633871708.1833138,"caller":"log/zap.go:119","msg":"Failed to fetch URL: http://example.com"}
{"level":"info","ts":1633871708.183319,"caller":"log/zap.go:104","msg":"Failed to fetch URL.","url":"http://example.com","attempt":3,"backoff":1}
{"level":"info","ts":1633871708.183323,"caller":"log/zap.go:113","msg":"Failed to fetch URL.","url":"http://example.com","attempt":3,"backoff":1}
{"level":"info","ts":1633871708.183327,"caller":"log/zap.go:119","msg":"Failed to fetch URL: http://example.com"}
{"level":"info","ts":1633871708.1833348,"caller":"log/zap.go:104","msg":"Failed to fetch URL.","url":"http://example.com","attempt":3,"backoff":1}
{"level":"info","ts":1633871708.183339,"caller":"log/zap.go:113","msg":"Failed to fetch URL.","url":"http://example.com","attempt":3,"backoff":1}
{"level":"info","ts":1633871708.1833441,"caller":"log/zap.go:119","msg":"Failed to fetch URL: http://example.com"}
{"level":"info","ts":1633871708.183348,"caller":"log/zap.go:104","msg":"Failed to fetch URL.","url":"http://example.com","attempt":3,"backoff":1}
{"level":"info","ts":1633871708.183352,"caller":"log/zap.go:113","msg":"Failed to fetch URL.","url":"http://example.com","attempt":3,"backoff":1}
{"level":"info","ts":1633871708.183357,"caller":"log/zap.go:119","msg":"Failed to fetch URL: http://example.com"}
{"level":"info","ts":1633871708.183361,"caller":"log/zap.go:104","msg":"Failed to fetch URL.","url":"http://example.com","attempt":3,"backoff":1}
{"level":"info","ts":1633871708.183365,"caller":"log/zap.go:113","msg":"Failed to fetch URL.","url":"http://example.com","attempt":3,"backoff":1}
{"level":"info","ts":1633871708.1833751,"caller":"log/zap.go:119","msg":"Failed to fetch URL: http://example.com"}
{"level":"info","ts":1633871708.183379,"caller":"log/zap.go:104","msg":"Failed to fetch URL.","url":"http://example.com","attempt":3,"backoff":1}
{"level":"info","ts":1633871708.183383,"caller":"log/zap.go:113","msg":"Failed to fetch URL.","url":"http://example.com","attempt":3,"backoff":1}
{"level":"info","ts":1633871708.183388,"caller":"log/zap.go:119","msg":"Failed to fetch URL: http://example.com"}
{"level":"info","ts":1633871708.183392,"caller":"log/zap.go:104","msg":"Failed to fetch URL.","url":"http://example.com","attempt":3,"backoff":1}
{"level":"info","ts":1633871708.183396,"caller":"log/zap.go:113","msg":"Failed to fetch URL.","url":"http://example.com","attempt":3,"backoff":1}
{"level":"info","ts":1633871708.1834,"caller":"log/zap.go:119","msg":"Failed to fetch URL: http://example.com"}
{"level":"info","ts":1633871708.183404,"caller":"log/zap.go:104","msg":"Failed to fetch URL.","url":"http://example.com","attempt":3,"backoff":1}
{"level":"info","ts":1633871708.183408,"caller":"log/zap.go:113","msg":"Failed to fetch URL.","url":"http://example.com","attempt":3,"backoff":1}
{"level":"info","ts":1633871708.183413,"caller":"log/zap.go:119","msg":"Failed to fetch URL: http://example.com"}
{"level":"info","ts":1633871708.183417,"caller":"log/zap.go:104","msg":"Failed to fetch URL.","url":"http://example.com","attempt":3,"backoff":1}
{"level":"info","ts":1633871708.183421,"caller":"log/zap.go:113","msg":"Failed to fetch URL.","url":"http://example.com","attempt":3,"backoff":1}
{"level":"info","ts":1633871708.183431,"caller":"log/zap.go:119","msg":"Failed to fetch URL: http://example.com"}
{"level":"info","ts":1633871708.183435,"caller":"log/zap.go:104","msg":"Failed to fetch URL.","url":"http://example.com","attempt":3,"backoff":1}
{"level":"info","ts":1633871708.183439,"caller":"log/zap.go:113","msg":"Failed to fetch URL.","url":"http://example.com","attempt":3,"backoff":1}
{"level":"info","ts":1633871708.1834428,"caller":"log/zap.go:119","msg":"Failed to fetch URL: http://example.com"}
{"level":"info","ts":1633871708.1834471,"caller":"log/zap.go:104","msg":"Failed to fetch URL.","url":"http://example.com","attempt":3,"backoff":1}
{"level":"info","ts":1633871708.183451,"caller":"log/zap.go:113","msg":"Failed to fetch URL.","url":"http://example.com","attempt":3,"backoff":1}
{"level":"info","ts":1633871708.183456,"caller":"log/zap.go:119","msg":"Failed to fetch URL: http://example.com"}
{"level":"info","ts":1633871708.18346,"caller":"log/zap.go:104","msg":"Failed to fetch URL.","url":"http://example.com","attempt":3,"backoff":1}
{"level":"info","ts":1633871708.183464,"caller":"log/zap.go:113","msg":"Failed to fetch URL.","url":"http://example.com","attempt":3,"backoff":1}
{"level":"info","ts":1633871708.183469,"caller":"log/zap.go:119","msg":"Failed to fetch URL: http://example.com"}
{"level":"info","ts":1633871708.1834729,"caller":"log/zap.go:104","msg":"Failed to fetch URL.","url":"http://example.com","attempt":3,"backoff":1}
{"level":"info","ts":1633871708.183477,"caller":"log/zap.go:113","msg":"Failed to fetch URL.","url":"http://example.com","attempt":3,"backoff":1}
{"level":"info","ts":1633871708.183481,"caller":"log/zap.go:119","msg":"Failed to fetch URL: http://example.com"}
{"level":"info","ts":1633871708.183485,"caller":"log/zap.go:104","msg":"Failed to fetch URL.","url":"http://example.com","attempt":3,"backoff":1}
{"level":"info","ts":1633871708.183489,"caller":"log/zap.go:113","msg":"Failed to fetch URL.","url":"http://example.com","attempt":3,"backoff":1}
{"level":"info","ts":1633871708.1834939,"caller":"log/zap.go:119","msg":"Failed to fetch URL: http://example.com"}
{"level":"info","ts":1633871708.183498,"caller":"log/zap.go:104","msg":"Failed to fetch URL.","url":"http://example.com","attempt":3,"backoff":1}
{"level":"info","ts":1633871708.1835022,"caller":"log/zap.go:113","msg":"Failed to fetch URL.","url":"http://example.com","attempt":3,"backoff":1}
{"level":"info","ts":1633871708.183511,"caller":"log/zap.go:119","msg":"Failed to fetch URL: http://example.com"}
{"level":"info","ts":1633871708.183518,"caller":"log/zap.go:104","msg":"Failed to fetch URL.","url":"http://example.com","attempt":3,"backoff":1}
{"level":"info","ts":1633871708.183522,"caller":"log/zap.go:113","msg":"Failed to fetch URL.","url":"http://example.com","attempt":3,"backoff":1}
{"level":"info","ts":1633871708.183527,"caller":"log/zap.go:119","msg":"Failed to fetch URL: http://example.com"}
{"level":"info","ts":1633871708.183531,"caller":"log/zap.go:104","msg":"Failed to fetch URL.","url":"http://example.com","attempt":3,"backoff":1}
{"level":"info","ts":1633871708.183535,"caller":"log/zap.go:113","msg":"Failed to fetch URL.","url":"http://example.com","attempt":3,"backoff":1}
{"level":"info","ts":1633871708.183539,"caller":"log/zap.go:119","msg":"Failed to fetch URL: http://example.com"}
{"level":"info","ts":1633871708.183543,"caller":"log/zap.go:104","msg":"Failed to fetch URL.","url":"http://example.com","attempt":3,"backoff":1}
{"level":"info","ts":1633871708.1835468,"caller":"log/zap.go:113","msg":"Failed to fetch URL.","url":"http://example.com","attempt":3,"backoff":1}
{"level":"info","ts":1633871708.183552,"caller":"log/zap.go:119","msg":"Failed to fetch URL: http://example.com"}
{"level":"info","ts":1633871708.183556,"caller":"log/zap.go:104","msg":"Failed to fetch URL.","url":"http://example.com","attempt":3,"backoff":1}
{"level":"info","ts":1633871708.18356,"caller":"log/zap.go:113","msg":"Failed to fetch URL.","url":"http://example.com","attempt":3,"backoff":1}
{"level":"info","ts":1633871708.1835651,"caller":"log/zap.go:119","msg":"Failed to fetch URL: http://example.com"}
{"level":"info","ts":1633871708.183569,"caller":"log/zap.go:104","msg":"Failed to fetch URL.","url":"http://example.com","attempt":3,"backoff":1}
{"level":"info","ts":1633871708.183573,"caller":"log/zap.go:113","msg":"Failed to fetch URL.","url":"http://example.com","attempt":3,"backoff":1}
{"level":"info","ts":1633871708.183577,"caller":"log/zap.go:119","msg":"Failed to fetch URL: http://example.com"}
{"level":"info","ts":1633871708.1835809,"caller":"log/zap.go:104","msg":"Failed to fetch URL.","url":"http://example.com","attempt":3,"backoff":1}
{"level":"info","ts":1633871708.183585,"caller":"log/zap.go:113","msg":"Failed to fetch URL.","url":"http://example.com","attempt":3,"backoff":1}
{"level":"info","ts":1633871708.18359,"caller":"log/zap.go:119","msg":"Failed to fetch URL: http://example.com"}
{"level":"info","ts":1633871708.183594,"caller":"log/zap.go:104","msg":"Failed to fetch URL.","url":"http://example.com","attempt":3,"backoff":1}
{"level":"info","ts":1633871708.183598,"caller":"log/zap.go:113","msg":"Failed to fetch URL.","url":"http://example.com","attempt":3,"backoff":1}
{"level":"info","ts":1633871708.183603,"caller":"log/zap.go:119","msg":"Failed to fetch URL: http://example.com"}
{"level":"info","ts":1633871708.183607,"caller":"log/zap.go:104","msg":"Failed to fetch URL.","url":"http://example.com","attempt":3,"backoff":1}
{"level":"info","ts":1633871708.183611,"caller":"log/zap.go:113","msg":"Failed to fetch URL.","url":"http://example.com","attempt":3,"backoff":1}
{"level":"info","ts":1633871708.183616,"caller":"log/zap.go:119","msg":"Failed to fetch URL: http://example.com"}
{"level":"info","ts":1633871708.1836202,"caller":"log/zap.go:104","msg":"Failed to fetch URL.","url":"http://example.com","attempt":3,"backoff":1}
{"level":"info","ts":1633871708.183624,"caller":"log/zap.go:113","msg":"Failed to fetch URL.","url":"http://example.com","attempt":3,"backoff":1}
{"level":"info","ts":1633871708.183629,"caller":"log/zap.go:119","msg":"Failed to fetch URL: http://example.com"}
{"level":"info","ts":1633871708.1836329,"caller":"log/zap.go:104","msg":"Failed to fetch URL.","url":"http://example.com","attempt":3,"backoff":1}
{"level":"info","ts":1633871708.183637,"caller":"log/zap.go:113","msg":"Failed to fetch URL.","url":"http://example.com","attempt":3,"backoff":1}
{"level":"info","ts":1633871708.183646,"caller":"log/zap.go:119","msg":"Failed to fetch URL: http://example.com"}
{"level":"info","ts":1633871708.18365,"caller":"log/zap.go:104","msg":"Failed to fetch URL.","url":"http://example.com","attempt":3,"backoff":1}
{"level":"info","ts":1633871708.1836538,"caller":"log/zap.go:113","msg":"Failed to fetch URL.","url":"http://example.com","attempt":3,"backoff":1}
{"level":"info","ts":1633871708.183659,"caller":"log/zap.go:119","msg":"Failed to fetch URL: http://example.com"}
{"level":"info","ts":1633871708.1836631,"caller":"log/zap.go:104","msg":"Failed to fetch URL.","url":"http://example.com","attempt":3,"backoff":1}
{"level":"info","ts":1633871708.183667,"caller":"log/zap.go:113","msg":"Failed to fetch URL.","url":"http://example.com","attempt":3,"backoff":1}
{"level":"info","ts":1633871708.183672,"caller":"log/zap.go:119","msg":"Failed to fetch URL: http://example.com"}
{"level":"info","ts":1633871708.183676,"caller":"log/zap.go:104","msg":"Failed to fetch URL.","url":"http://example.com","attempt":3,"backoff":1}
{"level":"info","ts":1633871708.18368,"caller":"log/zap.go:113","msg":"Failed to fetch URL.","url":"http://example.com","attempt":3,"backoff":1}
{"level":"info","ts":1633871708.183684,"caller":"log/zap.go:119","msg":"Failed to fetch URL: http://example.com"}
{"level":"info","ts":1633871708.183691,"caller":"log/zap.go:104","msg":"Failed to fetch URL.","url":"http://example.com","attempt":3,"backoff":1}
{"level":"info","ts":1633871708.183695,"caller":"log/zap.go:113","msg":"Failed to fetch URL.","url":"http://example.com","attempt":3,"backoff":1}
{"level":"info","ts":1633871708.183699,"caller":"log/zap.go:119","msg":"Failed to fetch URL: http://example.com"}
{"level":"info","ts":1633871708.1837041,"caller":"log/zap.go:104","msg":"Failed to fetch URL.","url":"http://example.com","attempt":3,"backoff":1}
{"level":"info","ts":1633871708.183708,"caller":"log/zap.go:113","msg":"Failed to fetch URL.","url":"http://example.com","attempt":3,"backoff":1}
{"level":"info","ts":1633871708.183713,"caller":"log/zap.go:119","msg":"Failed to fetch URL: http://example.com"}
{"level":"info","ts":1633871708.183717,"caller":"log/zap.go:104","msg":"Failed to fetch URL.","url":"http://example.com","attempt":3,"backoff":1}
{"level":"info","ts":1633871708.183721,"caller":"log/zap.go:113","msg":"Failed to fetch URL.","url":"http://example.com","attempt":3,"backoff":1}
{"level":"info","ts":1633871708.183726,"caller":"log/zap.go:119","msg":"Failed to fetch URL: http://example.com"}
{"level":"info","ts":1633871708.18373,"caller":"log/zap.go:104","msg":"Failed to fetch URL.","url":"http://example.com","attempt":3,"backoff":1}
{"level":"info","ts":1633871708.183734,"caller":"log/zap.go:113","msg":"Failed to fetch URL.","url":"http://example.com","attempt":3,"backoff":1}
{"level":"info","ts":1633871708.183738,"caller":"log/zap.go:119","msg":"Failed to fetch URL: http://example.com"}
{"level":"info","ts":1633871708.183742,"caller":"log/zap.go:104","msg":"Failed to fetch URL.","url":"http://example.com","attempt":3,"backoff":1}
{"level":"info","ts":1633871708.183746,"caller":"log/zap.go:113","msg":"Failed to fetch URL.","url":"http://example.com","attempt":3,"backoff":1}
{"level":"info","ts":1633871708.1837509,"caller":"log/zap.go:119","msg":"Failed to fetch URL: http://example.com"}
{"level":"info","ts":1633871708.183755,"caller":"log/zap.go:104","msg":"Failed to fetch URL.","url":"http://example.com","attempt":3,"backoff":1}
{"level":"info","ts":1633871708.1837592,"caller":"log/zap.go:113","msg":"Failed to fetch URL.","url":"http://example.com","attempt":3,"backoff":1}
{"level":"info","ts":1633871708.183764,"caller":"log/zap.go:119","msg":"Failed to fetch URL: http://example.com"}
{"level":"info","ts":1633871708.183768,"caller":"log/zap.go:104","msg":"Failed to fetch URL.","url":"http://example.com","attempt":3,"backoff":1}
{"level":"info","ts":1633871708.1837718,"caller":"log/zap.go:113","msg":"Failed to fetch URL.","url":"http://example.com","attempt":3,"backoff":1}
{"level":"info","ts":1633871708.1837811,"caller":"log/zap.go:119","msg":"Failed to fetch URL: http://example.com"}
{"level":"info","ts":1633871708.183785,"caller":"log/zap.go:104","msg":"Failed to fetch URL.","url":"http://example.com","attempt":3,"backoff":1}
{"level":"info","ts":1633871708.183789,"caller":"log/zap.go:113","msg":"Failed to fetch URL.","url":"http://example.com","attempt":3,"backoff":1}
{"level":"info","ts":1633871708.183794,"caller":"log/zap.go:119","msg":"Failed to fetch URL: http://example.com"}
{"level":"info","ts":1633871708.183798,"caller":"log/zap.go:104","msg":"Failed to fetch URL.","url":"http://example.com","attempt":3,"backoff":1}
{"level":"info","ts":1633871708.1838021,"caller":"log/zap.go:113","msg":"Failed to fetch URL.","url":"http://example.com","attempt":3,"backoff":1}
{"level":"info","ts":1633871708.183806,"caller":"log/zap.go:119","msg":"Failed to fetch URL: http://example.com"}
{"level":"info","ts":1633871708.1838112,"caller":"log/zap.go:104","msg":"Failed to fetch URL.","url":"http://example.com","attempt":3,"backoff":1}
{"level":"info","ts":1633871708.183815,"caller":"log/zap.go:113","msg":"Failed to fetch URL.","url":"http://example.com","attempt":3,"backoff":1}
{"level":"info","ts":1633871708.183819,"caller":"log/zap.go:119","msg":"Failed to fetch URL: http://example.com"}
{"level":"info","ts":1633871708.183823,"caller":"log/zap.go:104","msg":"Failed to fetch URL.","url":"http://example.com","attempt":3,"backoff":1}
{"level":"info","ts":1633871708.183827,"caller":"log/zap.go:113","msg":"Failed to fetch URL.","url":"http://example.com","attempt":3,"backoff":1}
{"level":"info","ts":1633871708.1838322,"caller":"log/zap.go:119","msg":"Failed to fetch URL: http://example.com"}
{"level":"info","ts":1633871708.183836,"caller":"log/zap.go:104","msg":"Failed to fetch URL.","url":"http://example.com","attempt":3,"backoff":1}
{"level":"info","ts":1633871708.18384,"caller":"log/zap.go:113","msg":"Failed to fetch URL.","url":"http://example.com","attempt":3,"backoff":1}
{"level":"info","ts":1633871708.183845,"caller":"log/zap.go:119","msg":"Failed to fetch URL: http://example.com"}
{"level":"info","ts":1633871708.1838489,"caller":"log/zap.go:104","msg":"Failed to fetch URL.","url":"http://example.com","attempt":3,"backoff":1}
{"level":"info","ts":1633871708.1838531,"caller":"log/zap.go:113","msg":"Failed to fetch URL.","url":"http://example.com","attempt":3,"backoff":1}
{"level":"info","ts":1633871708.183857,"caller":"log/zap.go:119","msg":"Failed to fetch URL: http://example.com"}
{"level":"info","ts":1633871708.183864,"caller":"log/zap.go:104","msg":"Failed to fetch URL.","url":"http://example.com","attempt":3,"backoff":1}
{"level":"info","ts":1633871708.183868,"caller":"log/zap.go:113","msg":"Failed to fetch URL.","url":"http://example.com","attempt":3,"backoff":1}
{"level":"info","ts":1633871708.183872,"caller":"log/zap.go:119","msg":"Failed to fetch URL: http://example.com"}
{"level":"info","ts":1633871708.183876,"caller":"log/zap.go:104","msg":"Failed to fetch URL.","url":"http://example.com","attempt":3,"backoff":1}
{"level":"info","ts":1633871708.1838799,"caller":"log/zap.go:113","msg":"Failed to fetch URL.","url":"http://example.com","attempt":3,"backoff":1}
{"level":"info","ts":1633871708.183885,"caller":"log/zap.go:119","msg":"Failed to fetch URL: http://example.com"}
{"level":"info","ts":1633871708.183889,"caller":"log/zap.go:104","msg":"Failed to fetch URL.","url":"http://example.com","attempt":3,"backoff":1}
{"level":"info","ts":1633871708.183893,"caller":"log/zap.go:113","msg":"Failed to fetch URL.","url":"http://example.com","attempt":3,"backoff":1}
{"level":"info","ts":1633871708.183897,"caller":"log/zap.go:119","msg":"Failed to fetch URL: http://example.com"}
{"level":"info","ts":1633871708.1839008,"caller":"log/zap.go:104","msg":"Failed to fetch URL.","url":"http://example.com","attempt":3,"backoff":1}
{"level":"info","ts":1633871708.1839051,"caller":"log/zap.go:113","msg":"Failed to fetch URL.","url":"http://example.com","attempt":3,"backoff":1}
{"level":"info","ts":1633871708.183915,"caller":"log/zap.go:119","msg":"Failed to fetch URL: http://example.com"}
{"level":"info","ts":1633871708.1839201,"caller":"log/zap.go:104","msg":"Failed to fetch URL.","url":"http://example.com","attempt":3,"backoff":1}
{"level":"info","ts":1633871708.183924,"caller":"log/zap.go:113","msg":"Failed to fetch URL.","url":"http://example.com","attempt":3,"backoff":1}
{"level":"info","ts":1633871708.183928,"caller":"log/zap.go:119","msg":"Failed to fetch URL: http://example.com"}
{"level":"info","ts":1633871708.1839318,"caller":"log/zap.go:104","msg":"Failed to fetch URL.","url":"http://example.com","attempt":3,"backoff":1}
{"level":"info","ts":1633871708.183936,"caller":"log/zap.go:113","msg":"Failed to fetch URL.","url":"http://example.com","attempt":3,"backoff":1}
{"level":"info","ts":1633871708.1839411,"caller":"log/zap.go:119","msg":"Failed to fetch URL: http://example.com"}
{"level":"info","ts":1633871708.183945,"caller":"log/zap.go:104","msg":"Failed to fetch URL.","url":"http://example.com","attempt":3,"backoff":1}
{"level":"info","ts":1633871708.183949,"caller":"log/zap.go:113","msg":"Failed to fetch URL.","url":"http://example.com","attempt":3,"backoff":1}
{"level":"info","ts":1633871708.183954,"caller":"log/zap.go:119","msg":"Failed to fetch URL: http://example.com"}
{"level":"info","ts":1633871708.183958,"caller":"log/zap.go:104","msg":"Failed to fetch URL.","url":"http://example.com","attempt":3,"backoff":1}
{"level":"info","ts":1633871708.183962,"caller":"log/zap.go:113","msg":"Failed to fetch URL.","url":"http://example.com","attempt":3,"backoff":1}
{"level":"info","ts":1633871708.183966,"caller":"log/zap.go:119","msg":"Failed to fetch URL: http://example.com"}
{"level":"info","ts":1633871708.18397,"caller":"log/zap.go:104","msg":"Failed to fetch URL.","url":"http://example.com","attempt":3,"backoff":1}
{"level":"info","ts":1633871708.1839738,"caller":"log/zap.go:113","msg":"Failed to fetch URL.","url":"http://example.com","attempt":3,"backoff":1}
{"level":"info","ts":1633871708.183979,"caller":"log/zap.go:119","msg":"Failed to fetch URL: http://example.com"}
{"level":"info","ts":1633871708.183983,"caller":"log/zap.go:104","msg":"Failed to fetch URL.","url":"http://example.com","attempt":3,"backoff":1}
{"level":"info","ts":1633871708.183987,"caller":"log/zap.go:113","msg":"Failed to fetch URL.","url":"http://example.com","attempt":3,"backoff":1}
{"level":"info","ts":1633871708.1839921,"caller":"log/zap.go:119","msg":"Failed to fetch URL: http://example.com"}
{"level":"info","ts":1633871708.183996,"caller":"log/zap.go:104","msg":"Failed to fetch URL.","url":"http://example.com","attempt":3,"backoff":1}
{"level":"info","ts":1633871708.184,"caller":"log/zap.go:113","msg":"Failed to fetch URL.","url":"http://example.com","attempt":3,"backoff":1}
{"level":"info","ts":1633871708.184005,"caller":"log/zap.go:119","msg":"Failed to fetch URL: http://example.com"}
{"level":"info","ts":1633871708.184009,"caller":"log/zap.go:104","msg":"Failed to fetch URL.","url":"http://example.com","attempt":3,"backoff":1}
{"level":"info","ts":1633871708.1840131,"caller":"log/zap.go:113","msg":"Failed to fetch URL.","url":"http://example.com","attempt":3,"backoff":1}
{"level":"info","ts":1633871708.184018,"caller":"log/zap.go:119","msg":"Failed to fetch URL: http://example.com"}
{"level":"info","ts":1633871708.184022,"caller":"log/zap.go:104","msg":"Failed to fetch URL.","url":"http://example.com","attempt":3,"backoff":1}
{"level":"info","ts":1633871708.184026,"caller":"log/zap.go:113","msg":"Failed to fetch URL.","url":"http://example.com","attempt":3,"backoff":1}
{"level":"info","ts":1633871708.18403,"caller":"log/zap.go:119","msg":"Failed to fetch URL: http://example.com"}
{"level":"info","ts":1633871708.1840372,"caller":"log/zap.go:104","msg":"Failed to fetch URL.","url":"http://example.com","attempt":3,"backoff":1}
{"level":"info","ts":1633871708.184041,"caller":"log/zap.go:113","msg":"Failed to fetch URL.","url":"http://example.com","attempt":3,"backoff":1}
{"level":"info","ts":1633871708.184046,"caller":"log/zap.go:119","msg":"Failed to fetch URL: http://example.com"}
{"level":"info","ts":1633871708.184054,"caller":"log/zap.go:104","msg":"Failed to fetch URL.","url":"http://example.com","attempt":3,"backoff":1}
{"level":"info","ts":1633871708.1840582,"caller":"log/zap.go:113","msg":"Failed to fetch URL.","url":"http://example.com","attempt":3,"backoff":1}
{"level":"info","ts":1633871708.184063,"caller":"log/zap.go:119","msg":"Failed to fetch URL: http://example.com"}
{"level":"info","ts":1633871708.1840682,"caller":"log/zap.go:104","msg":"Failed to fetch URL.","url":"http://example.com","attempt":3,"backoff":1}
{"level":"info","ts":1633871708.184072,"caller":"log/zap.go:113","msg":"Failed to fetch URL.","url":"http://example.com","attempt":3,"backoff":1}
{"level":"info","ts":1633871708.184076,"caller":"log/zap.go:119","msg":"Failed to fetch URL: http://example.com"}
{"level":"info","ts":1633871708.18408,"caller":"log/zap.go:104","msg":"Failed to fetch URL.","url":"http://example.com","attempt":3,"backoff":1}
{"level":"info","ts":1633871708.184084,"caller":"log/zap.go:113","msg":"Failed to fetch URL.","url":"http://example.com","attempt":3,"backoff":1}
{"level":"info","ts":1633871708.1840892,"caller":"log/zap.go:119","msg":"Failed to fetch URL: http://example.com"}
{"level":"info","ts":1633871708.184093,"caller":"log/zap.go:104","msg":"Failed to fetch URL.","url":"http://example.com","attempt":3,"backoff":1}
{"level":"info","ts":1633871708.184097,"caller":"log/zap.go:113","msg":"Failed to fetch URL.","url":"http://example.com","attempt":3,"backoff":1}
{"level":"info","ts":1633871708.184101,"caller":"log/zap.go:119","msg":"Failed to fetch URL: http://example.com"}
{"level":"info","ts":1633871708.1841059,"caller":"log/zap.go:104","msg":"Failed to fetch URL.","url":"http://example.com","attempt":3,"backoff":1}
{"level":"info","ts":1633871708.1841102,"caller":"log/zap.go:113","msg":"Failed to fetch URL.","url":"http://example.com","attempt":3,"backoff":1}
{"level":"info","ts":1633871708.184114,"caller":"log/zap.go:119","msg":"Failed to fetch URL: http://example.com"}
{"level":"info","ts":1633871708.184118,"caller":"log/zap.go:104","msg":"Failed to fetch URL.","url":"http://example.com","attempt":3,"backoff":1}
{"level":"info","ts":1633871708.184122,"caller":"log/zap.go:113","msg":"Failed to fetch URL.","url":"http://example.com","attempt":3,"backoff":1}
{"level":"info","ts":1633871708.184127,"caller":"log/zap.go:119","msg":"Failed to fetch URL: http://example.com"}
{"level":"info","ts":1633871708.1841311,"caller":"log/zap.go:104","msg":"Failed to fetch URL.","url":"http://example.com","attempt":3,"backoff":1}
{"level":"info","ts":1633871708.184135,"caller":"log/zap.go:113","msg":"Failed to fetch URL.","url":"http://example.com","attempt":3,"backoff":1}
{"level":"info","ts":1633871708.184139,"caller":"log/zap.go:119","msg":"Failed to fetch URL: http://example.com"}
{"level":"info","ts":1633871708.184143,"caller":"log/zap.go:104","msg":"Failed to fetch URL.","url":"http://example.com","attempt":3,"backoff":1}
{"level":"info","ts":1633871708.184147,"caller":"log/zap.go:113","msg":"Failed to fetch URL.","url":"http://example.com","attempt":3,"backoff":1}
{"level":"info","ts":1633871708.1841521,"caller":"log/zap.go:119","msg":"Failed to fetch URL: http://example.com"}
{"level":"info","ts":1633871708.184156,"caller":"log/zap.go:104","msg":"Failed to fetch URL.","url":"http://example.com","attempt":3,"backoff":1}
{"level":"info","ts":1633871708.18416,"caller":"log/zap.go:113","msg":"Failed to fetch URL.","url":"http://example.com","attempt":3,"backoff":1}
{"level":"info","ts":1633871708.184165,"caller":"log/zap.go:119","msg":"Failed to fetch URL: http://example.com"}
{"level":"info","ts":1633871708.184169,"caller":"log/zap.go:104","msg":"Failed to fetch URL.","url":"http://example.com","attempt":3,"backoff":1}
{"level":"info","ts":1633871708.184173,"caller":"log/zap.go:113","msg":"Failed to fetch URL.","url":"http://example.com","attempt":3,"backoff":1}
{"level":"info","ts":1633871708.1841779,"caller":"log/zap.go:119","msg":"Failed to fetch URL: http://example.com"}
{"level":"info","ts":1633871708.18419,"caller":"log/zap.go:104","msg":"Failed to fetch URL.","url":"http://example.com","attempt":3,"backoff":1}
{"level":"info","ts":1633871708.184194,"caller":"log/zap.go:113","msg":"Failed to fetch URL.","url":"http://example.com","attempt":3,"backoff":1}
{"level":"info","ts":1633871708.184198,"caller":"log/zap.go:119","msg":"Failed to fetch URL: http://example.com"}
{"level":"info","ts":1633871708.184203,"caller":"log/zap.go:104","msg":"Failed to fetch URL.","url":"http://example.com","attempt":3,"backoff":1}
{"level":"info","ts":1633871708.1842072,"caller":"log/zap.go:113","msg":"Failed to fetch URL.","url":"http://example.com","attempt":3,"backoff":1}
{"level":"info","ts":1633871708.184211,"caller":"log/zap.go:119","msg":"Failed to fetch URL: http://example.com"}
{"level":"info","ts":1633871708.184217,"caller":"log/zap.go:104","msg":"Failed to fetch URL.","url":"http://example.com","attempt":3,"backoff":1}
{"level":"info","ts":1633871708.184221,"caller":"log/zap.go:113","msg":"Failed to fetch URL.","url":"http://example.com","attempt":3,"backoff":1}
{"level":"info","ts":1633871708.184226,"caller":"log/zap.go:119","msg":"Failed to fetch URL: http://example.com"}
{"level":"info","ts":1633871708.1842299,"caller":"log/zap.go:104","msg":"Failed to fetch URL.","url":"http://example.com","attempt":3,"backoff":1}
{"level":"info","ts":1633871708.184234,"caller":"log/zap.go:113","msg":"Failed to fetch URL.","url":"http://example.com","attempt":3,"backoff":1}
{"level":"info","ts":1633871708.1842391,"caller":"log/zap.go:119","msg":"Failed to fetch URL: http://example.com"}
{"level":"info","ts":1633871708.184243,"caller":"log/zap.go:104","msg":"Failed to fetch URL.","url":"http://example.com","attempt":3,"backoff":1}
{"level":"info","ts":1633871708.184247,"caller":"log/zap.go:113","msg":"Failed to fetch URL.","url":"http://example.com","attempt":3,"backoff":1}
{"level":"info","ts":1633871708.1842508,"caller":"log/zap.go:119","msg":"Failed to fetch URL: http://example.com"}
{"level":"info","ts":1633871708.184255,"caller":"log/zap.go:104","msg":"Failed to fetch URL.","url":"http://example.com","attempt":3,"backoff":1}
{"level":"info","ts":1633871708.1842592,"caller":"log/zap.go:113","msg":"Failed to fetch URL.","url":"http://example.com","attempt":3,"backoff":1}
{"level":"info","ts":1633871708.184264,"caller":"log/zap.go:119","msg":"Failed to fetch URL: http://example.com"}
{"level":"info","ts":1633871708.184268,"caller":"log/zap.go:104","msg":"Failed to fetch URL.","url":"http://example.com","attempt":3,"backoff":1}
{"level":"info","ts":1633871708.1842718,"caller":"log/zap.go:113","msg":"Failed to fetch URL.","url":"http://example.com","attempt":3,"backoff":1}
{"level":"info","ts":1633871708.184277,"caller":"log/zap.go:119","msg":"Failed to fetch URL: http://example.com"}
{"level":"info","ts":1633871708.184281,"caller":"log/zap.go:104","msg":"Failed to fetch URL.","url":"http://example.com","attempt":3,"backoff":1}
{"level":"info","ts":1633871708.184285,"caller":"log/zap.go:113","msg":"Failed to fetch URL.","url":"http://example.com","attempt":3,"backoff":1}
{"level":"info","ts":1633871708.18429,"caller":"log/zap.go:119","msg":"Failed to fetch URL: http://example.com"}
{"level":"info","ts":1633871708.184294,"caller":"log/zap.go:104","msg":"Failed to fetch URL.","url":"http://example.com","attempt":3,"backoff":1}
{"level":"info","ts":1633871708.184298,"caller":"log/zap.go:113","msg":"Failed to fetch URL.","url":"http://example.com","attempt":3,"backoff":1}
{"level":"info","ts":1633871708.184303,"caller":"log/zap.go:119","msg":"Failed to fetch URL: http://example.com"}
{"level":"info","ts":1633871708.1843069,"caller":"log/zap.go:104","msg":"Failed to fetch URL.","url":"http://example.com","attempt":3,"backoff":1}
{"level":"info","ts":1633871708.1843112,"caller":"log/zap.go:113","msg":"Failed to fetch URL.","url":"http://example.com","attempt":3,"backoff":1}
{"level":"info","ts":1633871708.184315,"caller":"log/zap.go:119","msg":"Failed to fetch URL: http://example.com"}
{"level":"info","ts":1633871708.184324,"caller":"log/zap.go:104","msg":"Failed to fetch URL.","url":"http://example.com","attempt":3,"backoff":1}
{"level":"info","ts":1633871708.1843278,"caller":"log/zap.go:113","msg":"Failed to fetch URL.","url":"http://example.com","attempt":3,"backoff":1}
{"level":"info","ts":1633871708.1843321,"caller":"log/zap.go:119","msg":"Failed to fetch URL: http://example.com"}
{"level":"info","ts":1633871708.184337,"caller":"log/zap.go:104","msg":"Failed to fetch URL.","url":"http://example.com","attempt":3,"backoff":1}
{"level":"info","ts":1633871708.18434,"caller":"log/zap.go:113","msg":"Failed to fetch URL.","url":"http://example.com","attempt":3,"backoff":1}
{"level":"info","ts":1633871708.184345,"caller":"log/zap.go:119","msg":"Failed to fetch URL: http://example.com"}
{"level":"info","ts":1633871708.1843488,"caller":"log/zap.go:104","msg":"Failed to fetch URL.","url":"http://example.com","attempt":3,"backoff":1}
{"level":"info","ts":1633871708.184353,"caller":"log/zap.go:113","msg":"Failed to fetch URL.","url":"http://example.com","attempt":3,"backoff":1}
{"level":"info","ts":1633871708.184358,"caller":"log/zap.go:119","msg":"Failed to fetch URL: http://example.com"}
{"level":"info","ts":1633871708.184362,"caller":"log/zap.go:104","msg":"Failed to fetch URL.","url":"http://example.com","attempt":3,"backoff":1}
{"level":"info","ts":1633871708.184366,"caller":"log/zap.go:113","msg":"Failed to fetch URL.","url":"http://example.com","attempt":3,"backoff":1}
{"level":"info","ts":1633871708.1843698,"caller":"log/zap.go:119","msg":"Failed to fetch URL: http://example.com"}
{"level":"info","ts":1633871708.184375,"caller":"log/zap.go:104","msg":"Failed to fetch URL.","url":"http://example.com","attempt":3,"backoff":1}
{"level":"info","ts":1633871708.1843781,"caller":"log/zap.go:113","msg":"Failed to fetch URL.","url":"http://example.com","attempt":3,"backoff":1}
{"level":"info","ts":1633871708.184383,"caller":"log/zap.go:119","msg":"Failed to fetch URL: http://example.com"}
{"level":"info","ts":1633871708.184389,"caller":"log/zap.go:104","msg":"Failed to fetch URL.","url":"http://example.com","attempt":3,"backoff":1}
{"level":"info","ts":1633871708.184393,"caller":"log/zap.go:113","msg":"Failed to fetch URL.","url":"http://example.com","attempt":3,"backoff":1}
{"level":"info","ts":1633871708.1843982,"caller":"log/zap.go:119","msg":"Failed to fetch URL: http://example.com"}
{"level":"info","ts":1633871708.184402,"caller":"log/zap.go:104","msg":"Failed to fetch URL.","url":"http://example.com","attempt":3,"backoff":1}
{"level":"info","ts":1633871708.184406,"caller":"log/zap.go:113","msg":"Failed to fetch URL.","url":"http://example.com","attempt":3,"backoff":1}
{"level":"info","ts":1633871708.18441,"caller":"log/zap.go:119","msg":"Failed to fetch URL: http://example.com"}
{"level":"info","ts":1633871708.1844149,"caller":"log/zap.go:104","msg":"Failed to fetch URL.","url":"http://example.com","attempt":3,"backoff":1}
{"level":"info","ts":1633871708.1844192,"caller":"log/zap.go:113","msg":"Failed to fetch URL.","url":"http://example.com","attempt":3,"backoff":1}
{"level":"info","ts":1633871708.184423,"caller":"log/zap.go:119","msg":"Failed to fetch URL: http://example.com"}
{"level":"info","ts":1633871708.184427,"caller":"log/zap.go:104","msg":"Failed to fetch URL.","url":"http://example.com","attempt":3,"backoff":1}
{"level":"info","ts":1633871708.184431,"caller":"log/zap.go:113","msg":"Failed to fetch URL.","url":"http://example.com","attempt":3,"backoff":1}
{"level":"info","ts":1633871708.184436,"caller":"log/zap.go:119","msg":"Failed to fetch URL: http://example.com"}
{"level":"info","ts":1633871708.1844401,"caller":"log/zap.go:104","msg":"Failed to fetch URL.","url":"http://example.com","attempt":3,"backoff":1}
{"level":"info","ts":1633871708.184444,"caller":"log/zap.go:113","msg":"Failed to fetch URL.","url":"http://example.com","attempt":3,"backoff":1}
{"level":"info","ts":1633871708.184448,"caller":"log/zap.go:119","msg":"Failed to fetch URL: http://example.com"}
{"level":"info","ts":1633871708.184458,"caller":"log/zap.go:104","msg":"Failed to fetch URL.","url":"http://example.com","attempt":3,"backoff":1}
{"level":"info","ts":1633871708.184462,"caller":"log/zap.go:113","msg":"Failed to fetch URL.","url":"http://example.com","attempt":3,"backoff":1}
{"level":"info","ts":1633871708.1844668,"caller":"log/zap.go:119","msg":"Failed to fetch URL: http://example.com"}
{"level":"info","ts":1633871708.1844711,"caller":"log/zap.go:104","msg":"Failed to fetch URL.","url":"http://example.com","attempt":3,"backoff":1}
{"level":"info","ts":1633871708.184475,"caller":"log/zap.go:113","msg":"Failed to fetch URL.","url":"http://example.com","attempt":3,"backoff":1}
{"level":"info","ts":1633871708.18448,"caller":"log/zap.go:119","msg":"Failed to fetch URL: http://example.com"}
{"level":"info","ts":1633871708.184484,"caller":"log/zap.go:104","msg":"Failed to fetch URL.","url":"http://example.com","attempt":3,"backoff":1}
{"level":"info","ts":1633871708.1844878,"caller":"log/zap.go:113","msg":"Failed to fetch URL.","url":"http://example.com","attempt":3,"backoff":1}
{"level":"info","ts":1633871708.184492,"caller":"log/zap.go:119","msg":"Failed to fetch URL: http://example.com"}
{"level":"info","ts":1633871708.1844962,"caller":"log/zap.go:104","msg":"Failed to fetch URL.","url":"http://example.com","attempt":3,"backoff":1}
{"level":"info","ts":1633871708.1845,"caller":"log/zap.go:113","msg":"Failed to fetch URL.","url":"http://example.com","attempt":3,"backoff":1}
{"level":"info","ts":1633871708.184505,"caller":"log/zap.go:119","msg":"Failed to fetch URL: http://example.com"}
{"level":"info","ts":1633871708.184509,"caller":"log/zap.go:104","msg":"Failed to fetch URL.","url":"http://example.com","attempt":3,"backoff":1}
{"level":"info","ts":1633871708.184513,"caller":"log/zap.go:113","msg":"Failed to fetch URL.","url":"http://example.com","attempt":3,"backoff":1}
{"level":"info","ts":1633871708.1845179,"caller":"log/zap.go:119","msg":"Failed to fetch URL: http://example.com"}
{"level":"info","ts":1633871708.184522,"caller":"log/zap.go:104","msg":"Failed to fetch URL.","url":"http://example.com","attempt":3,"backoff":1}
{"level":"info","ts":1633871708.184526,"caller":"log/zap.go:113","msg":"Failed to fetch URL.","url":"http://example.com","attempt":3,"backoff":1}
{"level":"info","ts":1633871708.18453,"caller":"log/zap.go:119","msg":"Failed to fetch URL: http://example.com"}
{"level":"info","ts":1633871708.184534,"caller":"log/zap.go:104","msg":"Failed to fetch URL.","url":"http://example.com","attempt":3,"backoff":1}
{"level":"info","ts":1633871708.1845381,"caller":"log/zap.go:113","msg":"Failed to fetch URL.","url":"http://example.com","attempt":3,"backoff":1}
{"level":"info","ts":1633871708.184543,"caller":"log/zap.go:119","msg":"Failed to fetch URL: http://example.com"}
{"level":"info","ts":1633871708.1845472,"caller":"log/zap.go:104","msg":"Failed to fetch URL.","url":"http://example.com","attempt":3,"backoff":1}
{"level":"info","ts":1633871708.184551,"caller":"log/zap.go:113","msg":"Failed to fetch URL.","url":"http://example.com","attempt":3,"backoff":1}
{"level":"info","ts":1633871708.184557,"caller":"log/zap.go:119","msg":"Failed to fetch URL: http://example.com"}
{"level":"info","ts":1633871708.184563,"caller":"log/zap.go:104","msg":"Failed to fetch URL.","url":"http://example.com","attempt":3,"backoff":1}
{"level":"info","ts":1633871708.184567,"caller":"log/zap.go:113","msg":"Failed to fetch URL.","url":"http://example.com","attempt":3,"backoff":1}
{"level":"info","ts":1633871708.184572,"caller":"log/zap.go:119","msg":"Failed to fetch URL: http://example.com"}
{"level":"info","ts":1633871708.184576,"caller":"log/zap.go:104","msg":"Failed to fetch URL.","url":"http://example.com","attempt":3,"backoff":1}
{"level":"info","ts":1633871708.18458,"caller":"log/zap.go:113","msg":"Failed to fetch URL.","url":"http://example.com","attempt":3,"backoff":1}
{"level":"info","ts":1633871708.184584,"caller":"log/zap.go:119","msg":"Failed to fetch URL: http://example.com"}
{"level":"info","ts":1633871708.184588,"caller":"log/zap.go:104","msg":"Failed to fetch URL.","url":"http://example.com","attempt":3,"backoff":1}
{"level":"info","ts":1633871708.184597,"caller":"log/zap.go:113","msg":"Failed to fetch URL.","url":"http://example.com","attempt":3,"backoff":1}
{"level":"info","ts":1633871708.184602,"caller":"log/zap.go:119","msg":"Failed to fetch URL: http://example.com"}
{"level":"info","ts":1633871708.1846058,"caller":"log/zap.go:104","msg":"Failed to fetch URL.","url":"http://example.com","attempt":3,"backoff":1}
{"level":"info","ts":1633871708.1846101,"caller":"log/zap.go:113","msg":"Failed to fetch URL.","url":"http://example.com","attempt":3,"backoff":1}
{"level":"info","ts":1633871708.184614,"caller":"log/zap.go:119","msg":"Failed to fetch URL: http://example.com"}
{"level":"info","ts":1633871708.184619,"caller":"log/zap.go:104","msg":"Failed to fetch URL.","url":"http://example.com","attempt":3,"backoff":1}
{"level":"info","ts":1633871708.184623,"caller":"log/zap.go:113","msg":"Failed to fetch URL.","url":"http://example.com","attempt":3,"backoff":1}
{"level":"info","ts":1633871708.184627,"caller":"log/zap.go:119","msg":"Failed to fetch URL: http://example.com"}
{"level":"info","ts":1633871708.184631,"caller":"log/zap.go:104","msg":"Failed to fetch URL.","url":"http://example.com","attempt":3,"backoff":1}
{"level":"info","ts":1633871708.184635,"caller":"log/zap.go:113","msg":"Failed to fetch URL.","url":"http://example.com","attempt":3,"backoff":1}
{"level":"info","ts":1633871708.18464,"caller":"log/zap.go:119","msg":"Failed to fetch URL: http://example.com"}
{"level":"info","ts":1633871708.184644,"caller":"log/zap.go:104","msg":"Failed to fetch URL.","url":"http://example.com","attempt":3,"backoff":1}
{"level":"info","ts":1633871708.184648,"caller":"log/zap.go:113","msg":"Failed to fetch URL.","url":"http://example.com","attempt":3,"backoff":1}
{"level":"info","ts":1633871708.184652,"caller":"log/zap.go:119","msg":"Failed to fetch URL: http://example.com"}
{"level":"info","ts":1633871708.1846569,"caller":"log/zap.go:104","msg":"Failed to fetch URL.","url":"http://example.com","attempt":3,"backoff":1}
{"level":"info","ts":1633871708.184661,"caller":"log/zap.go:113","msg":"Failed to fetch URL.","url":"http://example.com","attempt":3,"backoff":1}
{"level":"info","ts":1633871708.1846652,"caller":"log/zap.go:119","msg":"Failed to fetch URL: http://example.com"}
{"level":"info","ts":1633871708.184669,"caller":"log/zap.go:104","msg":"Failed to fetch URL.","url":"http://example.com","attempt":3,"backoff":1}
{"level":"info","ts":1633871708.184673,"caller":"log/zap.go:113","msg":"Failed to fetch URL.","url":"http://example.com","attempt":3,"backoff":1}
{"level":"info","ts":1633871708.1846778,"caller":"log/zap.go:119","msg":"Failed to fetch URL: http://example.com"}
{"level":"info","ts":1633871708.184682,"caller":"log/zap.go:104","msg":"Failed to fetch URL.","url":"http://example.com","attempt":3,"backoff":1}
{"level":"info","ts":1633871708.1846862,"caller":"log/zap.go:113","msg":"Failed to fetch URL.","url":"http://example.com","attempt":3,"backoff":1}
{"level":"info","ts":1633871708.18469,"caller":"log/zap.go:119","msg":"Failed to fetch URL: http://example.com"}
{"level":"info","ts":1633871708.184695,"caller":"log/zap.go:104","msg":"Failed to fetch URL.","url":"http://example.com","attempt":3,"backoff":1}
{"level":"info","ts":1633871708.1846988,"caller":"log/zap.go:113","msg":"Failed to fetch URL.","url":"http://example.com","attempt":3,"backoff":1}
{"level":"info","ts":1633871708.1847029,"caller":"log/zap.go:119","msg":"Failed to fetch URL: http://example.com"}
{"level":"info","ts":1633871708.1847072,"caller":"log/zap.go:104","msg":"Failed to fetch URL.","url":"http://example.com","attempt":3,"backoff":1}
{"level":"info","ts":1633871708.184711,"caller":"log/zap.go:113","msg":"Failed to fetch URL.","url":"http://example.com","attempt":3,"backoff":1}
{"level":"info","ts":1633871708.184716,"caller":"log/zap.go:119","msg":"Failed to fetch URL: http://example.com"}
{"level":"info","ts":1633871708.1847198,"caller":"log/zap.go:104","msg":"Failed to fetch URL.","url":"http://example.com","attempt":3,"backoff":1}
{"level":"info","ts":1633871708.1847281,"caller":"log/zap.go:113","msg":"Failed to fetch URL.","url":"http://example.com","attempt":3,"backoff":1}
{"level":"info","ts":1633871708.184733,"caller":"log/zap.go:119","msg":"Failed to fetch URL: http://example.com"}
{"level":"info","ts":1633871708.18474,"caller":"log/zap.go:104","msg":"Failed to fetch URL.","url":"http://example.com","attempt":3,"backoff":1}
{"level":"info","ts":1633871708.184744,"caller":"log/zap.go:113","msg":"Failed to fetch URL.","url":"http://example.com","attempt":3,"backoff":1}
{"level":"info","ts":1633871708.1847491,"caller":"log/zap.go:119","msg":"Failed to fetch URL: http://example.com"}
{"level":"info","ts":1633871992.1955562,"caller":"test_go_log/zap.go:104","msg":"Failed to fetch URL.","url":"http://example.com","attempt":3,"backoff":1}
{"level":"info","ts":1633871992.1958249,"caller":"test_go_log/zap.go:113","msg":"Failed to fetch URL.","url":"http://example.com","attempt":3,"backoff":1}
{"level":"info","ts":1633871992.195851,"caller":"test_go_log/zap.go:119","msg":"Failed to fetch URL: http://example.com"}
{"level":"info","ts":1633871992.195863,"caller":"test_go_log/zap.go:104","msg":"Failed to fetch URL.","url":"http://example.com","attempt":3,"backoff":1}
{"level":"info","ts":1633871992.195872,"caller":"test_go_log/zap.go:113","msg":"Failed to fetch URL.","url":"http://example.com","attempt":3,"backoff":1}
{"level":"info","ts":1633871992.195882,"caller":"test_go_log/zap.go:119","msg":"Failed to fetch URL: http://example.com"}
{"level":"info","ts":1633871992.19589,"caller":"test_go_log/zap.go:104","msg":"Failed to fetch URL.","url":"http://example.com","attempt":3,"backoff":1}
{"level":"info","ts":1633871992.195897,"caller":"test_go_log/zap.go:113","msg":"Failed to fetch URL.","url":"http://example.com","attempt":3,"backoff":1}
{"level":"info","ts":1633871992.1959062,"caller":"test_go_log/zap.go:119","msg":"Failed to fetch URL: http://example.com"}
{"level":"info","ts":1633871992.195914,"caller":"test_go_log/zap.go:104","msg":"Failed to fetch URL.","url":"http://example.com","attempt":3,"backoff":1}
{"level":"info","ts":1633871992.195921,"caller":"test_go_log/zap.go:113","msg":"Failed to fetch URL.","url":"http://example.com","attempt":3,"backoff":1}
{"level":"info","ts":1633871992.195929,"caller":"test_go_log/zap.go:119","msg":"Failed to fetch URL: http://example.com"}
{"level":"info","ts":1633871992.195936,"caller":"test_go_log/zap.go:104","msg":"Failed to fetch URL.","url":"http://example.com","attempt":3,"backoff":1}
{"level":"info","ts":1633871992.1959429,"caller":"test_go_log/zap.go:113","msg":"Failed to fetch URL.","url":"http://example.com","attempt":3,"backoff":1}
{"level":"info","ts":1633871992.195951,"caller":"test_go_log/zap.go:119","msg":"Failed to fetch URL: http://example.com"}
{"level":"info","ts":1633871992.195958,"caller":"test_go_log/zap.go:104","msg":"Failed to fetch URL.","url":"http://example.com","attempt":3,"backoff":1}
{"level":"info","ts":1633871992.1959648,"caller":"test_go_log/zap.go:113","msg":"Failed to fetch URL.","url":"http://example.com","attempt":3,"backoff":1}
{"level":"info","ts":1633871992.1959732,"caller":"test_go_log/zap.go:119","msg":"Failed to fetch URL: http://example.com"}
{"level":"info","ts":1633871992.195981,"caller":"test_go_log/zap.go:104","msg":"Failed to fetch URL.","url":"http://example.com","attempt":3,"backoff":1}
{"level":"info","ts":1633871992.195988,"caller":"test_go_log/zap.go:113","msg":"Failed to fetch URL.","url":"http://example.com","attempt":3,"backoff":1}
{"level":"info","ts":1633871992.1959958,"caller":"test_go_log/zap.go:119","msg":"Failed to fetch URL: http://example.com"}
{"level":"info","ts":1633871992.196003,"caller":"test_go_log/zap.go:104","msg":"Failed to fetch URL.","url":"http://example.com","attempt":3,"backoff":1}
{"level":"info","ts":1633871992.196009,"caller":"test_go_log/zap.go:113","msg":"Failed to fetch URL.","url":"http://example.com","attempt":3,"backoff":1}
{"level":"info","ts":1633871992.1960168,"caller":"test_go_log/zap.go:119","msg":"Failed to fetch URL: http://example.com"}
{"level":"info","ts":1633871992.196037,"caller":"test_go_log/zap.go:104","msg":"Failed to fetch URL.","url":"http://example.com","attempt":3,"backoff":1}
{"level":"info","ts":1633871992.196042,"caller":"test_go_log/zap.go:113","msg":"Failed to fetch URL.","url":"http://example.com","attempt":3,"backoff":1}
{"level":"info","ts":1633871992.196049,"caller":"test_go_log/zap.go:119","msg":"Failed to fetch URL: http://example.com"}
{"level":"info","ts":1633871992.196054,"caller":"test_go_log/zap.go:104","msg":"Failed to fetch URL.","url":"http://example.com","attempt":3,"backoff":1}
{"level":"info","ts":1633871992.196059,"caller":"test_go_log/zap.go:113","msg":"Failed to fetch URL.","url":"http://example.com","attempt":3,"backoff":1}
{"level":"info","ts":1633871992.196065,"caller":"test_go_log/zap.go:119","msg":"Failed to fetch URL: http://example.com"}
{"level":"info","ts":1633871992.1960719,"caller":"test_go_log/zap.go:104","msg":"Failed to fetch URL.","url":"http://example.com","attempt":3,"backoff":1}
{"level":"info","ts":1633871992.196077,"caller":"test_go_log/zap.go:113","msg":"Failed to fetch URL.","url":"http://example.com","attempt":3,"backoff":1}
{"level":"info","ts":1633871992.1960828,"caller":"test_go_log/zap.go:119","msg":"Failed to fetch URL: http://example.com"}
{"level":"info","ts":1633871992.196088,"caller":"test_go_log/zap.go:104","msg":"Failed to fetch URL.","url":"http://example.com","attempt":3,"backoff":1}
{"level":"info","ts":1633871992.1960928,"caller":"test_go_log/zap.go:113","msg":"Failed to fetch URL.","url":"http://example.com","attempt":3,"backoff":1}
{"level":"info","ts":1633871992.196099,"caller":"test_go_log/zap.go:119","msg":"Failed to fetch URL: http://example.com"}
{"level":"info","ts":1633871992.196105,"caller":"test_go_log/zap.go:104","msg":"Failed to fetch URL.","url":"http://example.com","attempt":3,"backoff":1}
{"level":"info","ts":1633871992.19611,"caller":"test_go_log/zap.go:113","msg":"Failed to fetch URL.","url":"http://example.com","attempt":3,"backoff":1}
{"level":"info","ts":1633871992.196116,"caller":"test_go_log/zap.go:119","msg":"Failed to fetch URL: http://example.com"}
{"level":"info","ts":1633871992.196126,"caller":"test_go_log/zap.go:104","msg":"Failed to fetch URL.","url":"http://example.com","attempt":3,"backoff":1}
{"level":"info","ts":1633871992.196131,"caller":"test_go_log/zap.go:113","msg":"Failed to fetch URL.","url":"http://example.com","attempt":3,"backoff":1}
{"level":"info","ts":1633871992.196138,"caller":"test_go_log/zap.go:119","msg":"Failed to fetch URL: http://example.com"}
{"level":"info","ts":1633871992.1961432,"caller":"test_go_log/zap.go:104","msg":"Failed to fetch URL.","url":"http://example.com","attempt":3,"backoff":1}
{"level":"info","ts":1633871992.196148,"caller":"test_go_log/zap.go:113","msg":"Failed to fetch URL.","url":"http://example.com","attempt":3,"backoff":1}
{"level":"info","ts":1633871992.196154,"caller":"test_go_log/zap.go:119","msg":"Failed to fetch URL: http://example.com"}
{"level":"info","ts":1633871992.196159,"caller":"test_go_log/zap.go:104","msg":"Failed to fetch URL.","url":"http://example.com","attempt":3,"backoff":1}
{"level":"info","ts":1633871992.196165,"caller":"test_go_log/zap.go:113","msg":"Failed to fetch URL.","url":"http://example.com","attempt":3,"backoff":1}
{"level":"info","ts":1633871992.19617,"caller":"test_go_log/zap.go:119","msg":"Failed to fetch URL: http://example.com"}
{"level":"info","ts":1633871992.1961758,"caller":"test_go_log/zap.go:104","msg":"Failed to fetch URL.","url":"http://example.com","attempt":3,"backoff":1}
{"level":"info","ts":1633871992.196181,"caller":"test_go_log/zap.go:113","msg":"Failed to fetch URL.","url":"http://example.com","attempt":3,"backoff":1}
{"level":"info","ts":1633871992.1961868,"caller":"test_go_log/zap.go:119","msg":"Failed to fetch URL: http://example.com"}
{"level":"info","ts":1633871992.196192,"caller":"test_go_log/zap.go:104","msg":"Failed to fetch URL.","url":"http://example.com","attempt":3,"backoff":1}
{"level":"info","ts":1633871992.196203,"caller":"test_go_log/zap.go:113","msg":"Failed to fetch URL.","url":"http://example.com","attempt":3,"backoff":1}
{"level":"info","ts":1633871992.196209,"caller":"test_go_log/zap.go:119","msg":"Failed to fetch URL: http://example.com"}
{"level":"info","ts":1633871992.1962152,"caller":"test_go_log/zap.go:104","msg":"Failed to fetch URL.","url":"http://example.com","attempt":3,"backoff":1}
{"level":"info","ts":1633871992.19622,"caller":"test_go_log/zap.go:113","msg":"Failed to fetch URL.","url":"http://example.com","attempt":3,"backoff":1}
{"level":"info","ts":1633871992.1962261,"caller":"test_go_log/zap.go:119","msg":"Failed to fetch URL: http://example.com"}
{"level":"info","ts":1633871992.196231,"caller":"test_go_log/zap.go:104","msg":"Failed to fetch URL.","url":"http://example.com","attempt":3,"backoff":1}
{"level":"info","ts":1633871992.1962361,"caller":"test_go_log/zap.go:113","msg":"Failed to fetch URL.","url":"http://example.com","attempt":3,"backoff":1}
{"level":"info","ts":1633871992.196247,"caller":"test_go_log/zap.go:119","msg":"Failed to fetch URL: http://example.com"}
{"level":"info","ts":1633871992.1962519,"caller":"test_go_log/zap.go:104","msg":"Failed to fetch URL.","url":"http://example.com","attempt":3,"backoff":1}
{"level":"info","ts":1633871992.196258,"caller":"test_go_log/zap.go:113","msg":"Failed to fetch URL.","url":"http://example.com","attempt":3,"backoff":1}
{"level":"info","ts":1633871992.1962628,"caller":"test_go_log/zap.go:119","msg":"Failed to fetch URL: http://example.com"}
{"level":"info","ts":1633871992.196269,"caller":"test_go_log/zap.go:104","msg":"Failed to fetch URL.","url":"http://example.com","attempt":3,"backoff":1}
{"level":"info","ts":1633871992.1962738,"caller":"test_go_log/zap.go:113","msg":"Failed to fetch URL.","url":"http://example.com","attempt":3,"backoff":1}
{"level":"info","ts":1633871992.19628,"caller":"test_go_log/zap.go:119","msg":"Failed to fetch URL: http://example.com"}
{"level":"info","ts":1633871992.196285,"caller":"test_go_log/zap.go:104","msg":"Failed to fetch URL.","url":"http://example.com","attempt":3,"backoff":1}
{"level":"info","ts":1633871992.19629,"caller":"test_go_log/zap.go:113","msg":"Failed to fetch URL.","url":"http://example.com","attempt":3,"backoff":1}
{"level":"info","ts":1633871992.196296,"caller":"test_go_log/zap.go:119","msg":"Failed to fetch URL: http://example.com"}
{"level":"info","ts":1633871992.196301,"caller":"test_go_log/zap.go:104","msg":"Failed to fetch URL.","url":"http://example.com","attempt":3,"backoff":1}
{"level":"info","ts":1633871992.196306,"caller":"test_go_log/zap.go:113","msg":"Failed to fetch URL.","url":"http://example.com","attempt":3,"backoff":1}
{"level":"info","ts":1633871992.196312,"caller":"test_go_log/zap.go:119","msg":"Failed to fetch URL: http://example.com"}
{"level":"info","ts":1633871992.196318,"caller":"test_go_log/zap.go:104","msg":"Failed to fetch URL.","url":"http://example.com","attempt":3,"backoff":1}
{"level":"info","ts":1633871992.1963232,"caller":"test_go_log/zap.go:113","msg":"Failed to fetch URL.","url":"http://example.com","attempt":3,"backoff":1}
{"level":"info","ts":1633871992.1963289,"caller":"test_go_log/zap.go:119","msg":"Failed to fetch URL: http://example.com"}
{"level":"info","ts":1633871992.1963341,"caller":"test_go_log/zap.go:104","msg":"Failed to fetch URL.","url":"http://example.com","attempt":3,"backoff":1}
{"level":"info","ts":1633871992.196339,"caller":"test_go_log/zap.go:113","msg":"Failed to fetch URL.","url":"http://example.com","attempt":3,"backoff":1}
{"level":"info","ts":1633871992.196345,"caller":"test_go_log/zap.go:119","msg":"Failed to fetch URL: http://example.com"}
{"level":"info","ts":1633871992.1963542,"caller":"test_go_log/zap.go:104","msg":"Failed to fetch URL.","url":"http://example.com","attempt":3,"backoff":1}
{"level":"info","ts":1633871992.196359,"caller":"test_go_log/zap.go:113","msg":"Failed to fetch URL.","url":"http://example.com","attempt":3,"backoff":1}
{"level":"info","ts":1633871992.196365,"caller":"test_go_log/zap.go:119","msg":"Failed to fetch URL: http://example.com"}
{"level":"info","ts":1633871992.19637,"caller":"test_go_log/zap.go:104","msg":"Failed to fetch URL.","url":"http://example.com","attempt":3,"backoff":1}
{"level":"info","ts":1633871992.1963751,"caller":"test_go_log/zap.go:113","msg":"Failed to fetch URL.","url":"http://example.com","attempt":3,"backoff":1}
{"level":"info","ts":1633871992.1963809,"caller":"test_go_log/zap.go:119","msg":"Failed to fetch URL: http://example.com"}
{"level":"info","ts":1633871992.196387,"caller":"test_go_log/zap.go:104","msg":"Failed to fetch URL.","url":"http://example.com","attempt":3,"backoff":1}
{"level":"info","ts":1633871992.1963918,"caller":"test_go_log/zap.go:113","msg":"Failed to fetch URL.","url":"http://example.com","attempt":3,"backoff":1}
{"level":"info","ts":1633871992.196398,"caller":"test_go_log/zap.go:119","msg":"Failed to fetch URL: http://example.com"}
{"level":"info","ts":1633871992.196403,"caller":"test_go_log/zap.go:104","msg":"Failed to fetch URL.","url":"http://example.com","attempt":3,"backoff":1}
{"level":"info","ts":1633871992.196408,"caller":"test_go_log/zap.go:113","msg":"Failed to fetch URL.","url":"http://example.com","attempt":3,"backoff":1}
{"level":"info","ts":1633871992.196414,"caller":"test_go_log/zap.go:119","msg":"Failed to fetch URL: http://example.com"}
{"level":"info","ts":1633871992.1964202,"caller":"test_go_log/zap.go:104","msg":"Failed to fetch URL.","url":"http://example.com","attempt":3,"backoff":1}
{"level":"info","ts":1633871992.196425,"caller":"test_go_log/zap.go:113","msg":"Failed to fetch URL.","url":"http://example.com","attempt":3,"backoff":1}
{"level":"info","ts":1633871992.1964312,"caller":"test_go_log/zap.go:119","msg":"Failed to fetch URL: http://example.com"}
{"level":"info","ts":1633871992.196436,"caller":"test_go_log/zap.go:104","msg":"Failed to fetch URL.","url":"http://example.com","attempt":3,"backoff":1}
{"level":"info","ts":1633871992.1964412,"caller":"test_go_log/zap.go:113","msg":"Failed to fetch URL.","url":"http://example.com","attempt":3,"backoff":1}
{"level":"info","ts":1633871992.196447,"caller":"test_go_log/zap.go:119","msg":"Failed to fetch URL: http://example.com"}
{"level":"info","ts":1633871992.1964521,"caller":"test_go_log/zap.go:104","msg":"Failed to fetch URL.","url":"http://example.com","attempt":3,"backoff":1}
{"level":"info","ts":1633871992.196458,"caller":"test_go_log/zap.go:113","msg":"Failed to fetch URL.","url":"http://example.com","attempt":3,"backoff":1}
{"level":"info","ts":1633871992.196464,"caller":"test_go_log/zap.go:119","msg":"Failed to fetch URL: http://example.com"}
{"level":"info","ts":1633871992.196471,"caller":"test_go_log/zap.go:104","msg":"Failed to fetch URL.","url":"http://example.com","attempt":3,"backoff":1}
{"level":"info","ts":1633871992.196476,"caller":"test_go_log/zap.go:113","msg":"Failed to fetch URL.","url":"http://example.com","attempt":3,"backoff":1}
{"level":"info","ts":1633871992.196482,"caller":"test_go_log/zap.go:119","msg":"Failed to fetch URL: http://example.com"}
{"level":"info","ts":1633871992.196488,"caller":"test_go_log/zap.go:104","msg":"Failed to fetch URL.","url":"http://example.com","attempt":3,"backoff":1}
{"level":"info","ts":1633871992.1964931,"caller":"test_go_log/zap.go:113","msg":"Failed to fetch URL.","url":"http://example.com","attempt":3,"backoff":1}
{"level":"info","ts":1633871992.196498,"caller":"test_go_log/zap.go:119","msg":"Failed to fetch URL: http://example.com"}
{"level":"info","ts":1633871992.196504,"caller":"test_go_log/zap.go:104","msg":"Failed to fetch URL.","url":"http://example.com","attempt":3,"backoff":1}
{"level":"info","ts":1633871992.196509,"caller":"test_go_log/zap.go:113","msg":"Failed to fetch URL.","url":"http://example.com","attempt":3,"backoff":1}
{"level":"info","ts":1633871992.196515,"caller":"test_go_log/zap.go:119","msg":"Failed to fetch URL: http://example.com"}
{"level":"info","ts":1633871992.1965199,"caller":"test_go_log/zap.go:104","msg":"Failed to fetch URL.","url":"http://example.com","attempt":3,"backoff":1}
{"level":"info","ts":1633871992.196525,"caller":"test_go_log/zap.go:113","msg":"Failed to fetch URL.","url":"http://example.com","attempt":3,"backoff":1}
{"level":"info","ts":1633871992.196531,"caller":"test_go_log/zap.go:119","msg":"Failed to fetch URL: http://example.com"}
{"level":"info","ts":1633871992.196536,"caller":"test_go_log/zap.go:104","msg":"Failed to fetch URL.","url":"http://example.com","attempt":3,"backoff":1}
{"level":"info","ts":1633871992.1965408,"caller":"test_go_log/zap.go:113","msg":"Failed to fetch URL.","url":"http://example.com","attempt":3,"backoff":1}
{"level":"info","ts":1633871992.196547,"caller":"test_go_log/zap.go:119","msg":"Failed to fetch URL: http://example.com"}
{"level":"info","ts":1633871992.196552,"caller":"test_go_log/zap.go:104","msg":"Failed to fetch URL.","url":"http://example.com","attempt":3,"backoff":1}
{"level":"info","ts":1633871992.196557,"caller":"test_go_log/zap.go:113","msg":"Failed to fetch URL.","url":"http://example.com","attempt":3,"backoff":1}
{"level":"info","ts":1633871992.196563,"caller":"test_go_log/zap.go:119","msg":"Failed to fetch URL: http://example.com"}
{"level":"info","ts":1633871992.1965818,"caller":"test_go_log/zap.go:104","msg":"Failed to fetch URL.","url":"http://example.com","attempt":3,"backoff":1}
{"level":"info","ts":1633871992.196587,"caller":"test_go_log/zap.go:113","msg":"Failed to fetch URL.","url":"http://example.com","attempt":3,"backoff":1}
{"level":"info","ts":1633871992.1965928,"caller":"test_go_log/zap.go:119","msg":"Failed to fetch URL: http://example.com"}
{"level":"info","ts":1633871992.196598,"caller":"test_go_log/zap.go:104","msg":"Failed to fetch URL.","url":"http://example.com","attempt":3,"backoff":1}
{"level":"info","ts":1633871992.1966028,"caller":"test_go_log/zap.go:113","msg":"Failed to fetch URL.","url":"http://example.com","attempt":3,"backoff":1}
{"level":"info","ts":1633871992.19661,"caller":"test_go_log/zap.go:119","msg":"Failed to fetch URL: http://example.com"}
{"level":"info","ts":1633871992.196615,"caller":"test_go_log/zap.go:104","msg":"Failed to fetch URL.","url":"http://example.com","attempt":3,"backoff":1}
{"level":"info","ts":1633871992.19662,"caller":"test_go_log/zap.go:113","msg":"Failed to fetch URL.","url":"http://example.com","attempt":3,"backoff":1}
{"level":"info","ts":1633871992.196626,"caller":"test_go_log/zap.go:119","msg":"Failed to fetch URL: http://example.com"}
{"level":"info","ts":1633871992.196631,"caller":"test_go_log/zap.go:104","msg":"Failed to fetch URL.","url":"http://example.com","attempt":3,"backoff":1}
{"level":"info","ts":1633871992.196636,"caller":"test_go_log/zap.go:113","msg":"Failed to fetch URL.","url":"http://example.com","attempt":3,"backoff":1}
{"level":"info","ts":1633871992.1966422,"caller":"test_go_log/zap.go:119","msg":"Failed to fetch URL: http://example.com"}
{"level":"info","ts":1633871992.196647,"caller":"test_go_log/zap.go:104","msg":"Failed to fetch URL.","url":"http://example.com","attempt":3,"backoff":1}
{"level":"info","ts":1633871992.196652,"caller":"test_go_log/zap.go:113","msg":"Failed to fetch URL.","url":"http://example.com","attempt":3,"backoff":1}
{"level":"info","ts":1633871992.196658,"caller":"test_go_log/zap.go:119","msg":"Failed to fetch URL: http://example.com"}
{"level":"info","ts":1633871992.1966631,"caller":"test_go_log/zap.go:104","msg":"Failed to fetch URL.","url":"http://example.com","attempt":3,"backoff":1}
{"level":"info","ts":1633871992.196668,"caller":"test_go_log/zap.go:113","msg":"Failed to fetch URL.","url":"http://example.com","attempt":3,"backoff":1}
{"level":"info","ts":1633871992.196674,"caller":"test_go_log/zap.go:119","msg":"Failed to fetch URL: http://example.com"}
{"level":"info","ts":1633871992.1966789,"caller":"test_go_log/zap.go:104","msg":"Failed to fetch URL.","url":"http://example.com","attempt":3,"backoff":1}
{"level":"info","ts":1633871992.1966841,"caller":"test_go_log/zap.go:113","msg":"Failed to fetch URL.","url":"http://example.com","attempt":3,"backoff":1}
{"level":"info","ts":1633871992.1966898,"caller":"test_go_log/zap.go:119","msg":"Failed to fetch URL: http://example.com"}
{"level":"info","ts":1633871992.196695,"caller":"test_go_log/zap.go:104","msg":"Failed to fetch URL.","url":"http://example.com","attempt":3,"backoff":1}
{"level":"info","ts":1633871992.1966999,"caller":"test_go_log/zap.go:113","msg":"Failed to fetch URL.","url":"http://example.com","attempt":3,"backoff":1}
{"level":"info","ts":1633871992.196706,"caller":"test_go_log/zap.go:119","msg":"Failed to fetch URL: http://example.com"}
{"level":"info","ts":1633871992.1967108,"caller":"test_go_log/zap.go:104","msg":"Failed to fetch URL.","url":"http://example.com","attempt":3,"backoff":1}
{"level":"info","ts":1633871992.196716,"caller":"test_go_log/zap.go:113","msg":"Failed to fetch URL.","url":"http://example.com","attempt":3,"backoff":1}
{"level":"info","ts":1633871992.196722,"caller":"test_go_log/zap.go:119","msg":"Failed to fetch URL: http://example.com"}
{"level":"info","ts":1633871992.196727,"caller":"test_go_log/zap.go:104","msg":"Failed to fetch URL.","url":"http://example.com","attempt":3,"backoff":1}
{"level":"info","ts":1633871992.1967318,"caller":"test_go_log/zap.go:113","msg":"Failed to fetch URL.","url":"http://example.com","attempt":3,"backoff":1}
{"level":"info","ts":1633871992.196738,"caller":"test_go_log/zap.go:119","msg":"Failed to fetch URL: http://example.com"}
{"level":"info","ts":1633871992.196743,"caller":"test_go_log/zap.go:104","msg":"Failed to fetch URL.","url":"http://example.com","attempt":3,"backoff":1}
{"level":"info","ts":1633871992.196748,"caller":"test_go_log/zap.go:113","msg":"Failed to fetch URL.","url":"http://example.com","attempt":3,"backoff":1}
{"level":"info","ts":1633871992.196754,"caller":"test_go_log/zap.go:119","msg":"Failed to fetch URL: http://example.com"}
{"level":"info","ts":1633871992.196759,"caller":"test_go_log/zap.go:104","msg":"Failed to fetch URL.","url":"http://example.com","attempt":3,"backoff":1}
{"level":"info","ts":1633871992.196764,"caller":"test_go_log/zap.go:113","msg":"Failed to fetch URL.","url":"http://example.com","attempt":3,"backoff":1}
{"level":"info","ts":1633871992.19677,"caller":"test_go_log/zap.go:119","msg":"Failed to fetch URL: http://example.com"}
{"level":"info","ts":1633871992.196775,"caller":"test_go_log/zap.go:104","msg":"Failed to fetch URL.","url":"http://example.com","attempt":3,"backoff":1}
{"level":"info","ts":1633871992.19678,"caller":"test_go_log/zap.go:113","msg":"Failed to fetch URL.","url":"http://example.com","attempt":3,"backoff":1}
{"level":"info","ts":1633871992.196786,"caller":"test_go_log/zap.go:119","msg":"Failed to fetch URL: http://example.com"}
{"level":"info","ts":1633871992.196795,"caller":"test_go_log/zap.go:104","msg":"Failed to fetch URL.","url":"http://example.com","attempt":3,"backoff":1}
{"level":"info","ts":1633871992.1968,"caller":"test_go_log/zap.go:113","msg":"Failed to fetch URL.","url":"http://example.com","attempt":3,"backoff":1}
{"level":"info","ts":1633871992.196806,"caller":"test_go_log/zap.go:119","msg":"Failed to fetch URL: http://example.com"}
{"level":"info","ts":1633871992.196811,"caller":"test_go_log/zap.go:104","msg":"Failed to fetch URL.","url":"http://example.com","attempt":3,"backoff":1}
{"level":"info","ts":1633871992.196816,"caller":"test_go_log/zap.go:113","msg":"Failed to fetch URL.","url":"http://example.com","attempt":3,"backoff":1}
{"level":"info","ts":1633871992.196822,"caller":"test_go_log/zap.go:119","msg":"Failed to fetch URL: http://example.com"}
{"level":"info","ts":1633871992.196827,"caller":"test_go_log/zap.go:104","msg":"Failed to fetch URL.","url":"http://example.com","attempt":3,"backoff":1}
{"level":"info","ts":1633871992.196832,"caller":"test_go_log/zap.go:113","msg":"Failed to fetch URL.","url":"http://example.com","attempt":3,"backoff":1}
{"level":"info","ts":1633871992.1968372,"caller":"test_go_log/zap.go:119","msg":"Failed to fetch URL: http://example.com"}
{"level":"info","ts":1633871992.196842,"caller":"test_go_log/zap.go:104","msg":"Failed to fetch URL.","url":"http://example.com","attempt":3,"backoff":1}
{"level":"info","ts":1633871992.1968489,"caller":"test_go_log/zap.go:113","msg":"Failed to fetch URL.","url":"http://example.com","attempt":3,"backoff":1}
{"level":"info","ts":1633871992.196855,"caller":"test_go_log/zap.go:119","msg":"Failed to fetch URL: http://example.com"}
{"level":"info","ts":1633871992.1968598,"caller":"test_go_log/zap.go:104","msg":"Failed to fetch URL.","url":"http://example.com","attempt":3,"backoff":1}
{"level":"info","ts":1633871992.196865,"caller":"test_go_log/zap.go:113","msg":"Failed to fetch URL.","url":"http://example.com","attempt":3,"backoff":1}
{"level":"info","ts":1633871992.1968708,"caller":"test_go_log/zap.go:119","msg":"Failed to fetch URL: http://example.com"}
{"level":"info","ts":1633871992.196876,"caller":"test_go_log/zap.go:104","msg":"Failed to fetch URL.","url":"http://example.com","attempt":3,"backoff":1}
{"level":"info","ts":1633871992.1968808,"caller":"test_go_log/zap.go:113","msg":"Failed to fetch URL.","url":"http://example.com","attempt":3,"backoff":1}
{"level":"info","ts":1633871992.196887,"caller":"test_go_log/zap.go:119","msg":"Failed to fetch URL: http://example.com"}
{"level":"info","ts":1633871992.196892,"caller":"test_go_log/zap.go:104","msg":"Failed to fetch URL.","url":"http://example.com","attempt":3,"backoff":1}
{"level":"info","ts":1633871992.196897,"caller":"test_go_log/zap.go:113","msg":"Failed to fetch URL.","url":"http://example.com","attempt":3,"backoff":1}
{"level":"info","ts":1633871992.196903,"caller":"test_go_log/zap.go:119","msg":"Failed to fetch URL: http://example.com"}
{"level":"info","ts":1633871992.196908,"caller":"test_go_log/zap.go:104","msg":"Failed to fetch URL.","url":"http://example.com","attempt":3,"backoff":1}
{"level":"info","ts":1633871992.196913,"caller":"test_go_log/zap.go:113","msg":"Failed to fetch URL.","url":"http://example.com","attempt":3,"backoff":1}
{"level":"info","ts":1633871992.196919,"caller":"test_go_log/zap.go:119","msg":"Failed to fetch URL: http://example.com"}
{"level":"info","ts":1633871992.196924,"caller":"test_go_log/zap.go:104","msg":"Failed to fetch URL.","url":"http://example.com","attempt":3,"backoff":1}
{"level":"info","ts":1633871992.196929,"caller":"test_go_log/zap.go:113","msg":"Failed to fetch URL.","url":"http://example.com","attempt":3,"backoff":1}
{"level":"info","ts":1633871992.196935,"caller":"test_go_log/zap.go:119","msg":"Failed to fetch URL: http://example.com"}
{"level":"info","ts":1633871992.19694,"caller":"test_go_log/zap.go:104","msg":"Failed to fetch URL.","url":"http://example.com","attempt":3,"backoff":1}
{"level":"info","ts":1633871992.196945,"caller":"test_go_log/zap.go:113","msg":"Failed to fetch URL.","url":"http://example.com","attempt":3,"backoff":1}
{"level":"info","ts":1633871992.196952,"caller":"test_go_log/zap.go:119","msg":"Failed to fetch URL: http://example.com"}
{"level":"info","ts":1633871992.1969569,"caller":"test_go_log/zap.go:104","msg":"Failed to fetch URL.","url":"http://example.com","attempt":3,"backoff":1}
{"level":"info","ts":1633871992.196963,"caller":"test_go_log/zap.go:113","msg":"Failed to fetch URL.","url":"http://example.com","attempt":3,"backoff":1}
{"level":"info","ts":1633871992.1969678,"caller":"test_go_log/zap.go:119","msg":"Failed to fetch URL: http://example.com"}
{"level":"info","ts":1633871992.196974,"caller":"test_go_log/zap.go:104","msg":"Failed to fetch URL.","url":"http://example.com","attempt":3,"backoff":1}
{"level":"info","ts":1633871992.196979,"caller":"test_go_log/zap.go:113","msg":"Failed to fetch URL.","url":"http://example.com","attempt":3,"backoff":1}
{"level":"info","ts":1633871992.196984,"caller":"test_go_log/zap.go:119","msg":"Failed to fetch URL: http://example.com"}
{"level":"info","ts":1633871992.19699,"caller":"test_go_log/zap.go:104","msg":"Failed to fetch URL.","url":"http://example.com","attempt":3,"backoff":1}
{"level":"info","ts":1633871992.196995,"caller":"test_go_log/zap.go:113","msg":"Failed to fetch URL.","url":"http://example.com","attempt":3,"backoff":1}
{"level":"info","ts":1633871992.197,"caller":"test_go_log/zap.go:119","msg":"Failed to fetch URL: http://example.com"}
{"level":"info","ts":1633871992.197014,"caller":"test_go_log/zap.go:104","msg":"Failed to fetch URL.","url":"http://example.com","attempt":3,"backoff":1}
{"level":"info","ts":1633871992.1970189,"caller":"test_go_log/zap.go:113","msg":"Failed to fetch URL.","url":"http://example.com","attempt":3,"backoff":1}
{"level":"info","ts":1633871992.197025,"caller":"test_go_log/zap.go:119","msg":"Failed to fetch URL: http://example.com"}
{"level":"info","ts":1633871992.1970298,"caller":"test_go_log/zap.go:104","msg":"Failed to fetch URL.","url":"http://example.com","attempt":3,"backoff":1}
{"level":"info","ts":1633871992.197035,"caller":"test_go_log/zap.go:113","msg":"Failed to fetch URL.","url":"http://example.com","attempt":3,"backoff":1}
{"level":"info","ts":1633871992.1970408,"caller":"test_go_log/zap.go:119","msg":"Failed to fetch URL: http://example.com"}
{"level":"info","ts":1633871992.197046,"caller":"test_go_log/zap.go:104","msg":"Failed to fetch URL.","url":"http://example.com","attempt":3,"backoff":1}
{"level":"info","ts":1633871992.1970508,"caller":"test_go_log/zap.go:113","msg":"Failed to fetch URL.","url":"http://example.com","attempt":3,"backoff":1}
{"level":"info","ts":1633871992.197057,"caller":"test_go_log/zap.go:119","msg":"Failed to fetch URL: http://example.com"}
{"level":"info","ts":1633871992.1970618,"caller":"test_go_log/zap.go:104","msg":"Failed to fetch URL.","url":"http://example.com","attempt":3,"backoff":1}
{"level":"info","ts":1633871992.197067,"caller":"test_go_log/zap.go:113","msg":"Failed to fetch URL.","url":"http://example.com","attempt":3,"backoff":1}
{"level":"info","ts":1633871992.197073,"caller":"test_go_log/zap.go:119","msg":"Failed to fetch URL: http://example.com"}
{"level":"info","ts":1633871992.197078,"caller":"test_go_log/zap.go:104","msg":"Failed to fetch URL.","url":"http://example.com","attempt":3,"backoff":1}
{"level":"info","ts":1633871992.197083,"caller":"test_go_log/zap.go:113","msg":"Failed to fetch URL.","url":"http://example.com","attempt":3,"backoff":1}
{"level":"info","ts":1633871992.197089,"caller":"test_go_log/zap.go:119","msg":"Failed to fetch URL: http://example.com"}
{"level":"info","ts":1633871992.197094,"caller":"test_go_log/zap.go:104","msg":"Failed to fetch URL.","url":"http://example.com","attempt":3,"backoff":1}
{"level":"info","ts":1633871992.197099,"caller":"test_go_log/zap.go:113","msg":"Failed to fetch URL.","url":"http://example.com","attempt":3,"backoff":1}
{"level":"info","ts":1633871992.197105,"caller":"test_go_log/zap.go:119","msg":"Failed to fetch URL: http://example.com"}
{"level":"info","ts":1633871992.19711,"caller":"test_go_log/zap.go:104","msg":"Failed to fetch URL.","url":"http://example.com","attempt":3,"backoff":1}
{"level":"info","ts":1633871992.197115,"caller":"test_go_log/zap.go:113","msg":"Failed to fetch URL.","url":"http://example.com","attempt":3,"backoff":1}
{"level":"info","ts":1633871992.197121,"caller":"test_go_log/zap.go:119","msg":"Failed to fetch URL: http://example.com"}
{"level":"info","ts":1633871992.197126,"caller":"test_go_log/zap.go:104","msg":"Failed to fetch URL.","url":"http://example.com","attempt":3,"backoff":1}
{"level":"info","ts":1633871992.197131,"caller":"test_go_log/zap.go:113","msg":"Failed to fetch URL.","url":"http://example.com","attempt":3,"backoff":1}
{"level":"info","ts":1633871992.1971369,"caller":"test_go_log/zap.go:119","msg":"Failed to fetch URL: http://example.com"}
{"level":"info","ts":1633871992.1971421,"caller":"test_go_log/zap.go:104","msg":"Failed to fetch URL.","url":"http://example.com","attempt":3,"backoff":1}
{"level":"info","ts":1633871992.197147,"caller":"test_go_log/zap.go:113","msg":"Failed to fetch URL.","url":"http://example.com","attempt":3,"backoff":1}
{"level":"info","ts":1633871992.197153,"caller":"test_go_log/zap.go:119","msg":"Failed to fetch URL: http://example.com"}
{"level":"info","ts":1633871992.1971579,"caller":"test_go_log/zap.go:104","msg":"Failed to fetch URL.","url":"http://example.com","attempt":3,"backoff":1}
{"level":"info","ts":1633871992.197163,"caller":"test_go_log/zap.go:113","msg":"Failed to fetch URL.","url":"http://example.com","attempt":3,"backoff":1}
{"level":"info","ts":1633871992.1971688,"caller":"test_go_log/zap.go:119","msg":"Failed to fetch URL: http://example.com"}
{"level":"info","ts":1633871992.197175,"caller":"test_go_log/zap.go:104","msg":"Failed to fetch URL.","url":"http://example.com","attempt":3,"backoff":1}
{"level":"info","ts":1633871992.1971798,"caller":"test_go_log/zap.go:113","msg":"Failed to fetch URL.","url":"http://example.com","attempt":3,"backoff":1}
{"level":"info","ts":1633871992.197186,"caller":"test_go_log/zap.go:119","msg":"Failed to fetch URL: http://example.com"}
{"level":"info","ts":1633871992.197191,"caller":"test_go_log/zap.go:104","msg":"Failed to fetch URL.","url":"http://example.com","attempt":3,"backoff":1}
{"level":"info","ts":1633871992.197196,"caller":"test_go_log/zap.go:113","msg":"Failed to fetch URL.","url":"http://example.com","attempt":3,"backoff":1}
{"level":"info","ts":1633871992.197202,"caller":"test_go_log/zap.go:119","msg":"Failed to fetch URL: http://example.com"}
{"level":"info","ts":1633871992.197207,"caller":"test_go_log/zap.go:104","msg":"Failed to fetch URL.","url":"http://example.com","attempt":3,"backoff":1}
{"level":"info","ts":1633871992.197212,"caller":"test_go_log/zap.go:113","msg":"Failed to fetch URL.","url":"http://example.com","attempt":3,"backoff":1}
{"level":"info","ts":1633871992.197218,"caller":"test_go_log/zap.go:119","msg":"Failed to fetch URL: http://example.com"}
{"level":"info","ts":1633871992.197227,"caller":"test_go_log/zap.go:104","msg":"Failed to fetch URL.","url":"http://example.com","attempt":3,"backoff":1}
{"level":"info","ts":1633871992.1972322,"caller":"test_go_log/zap.go:113","msg":"Failed to fetch URL.","url":"http://example.com","attempt":3,"backoff":1}
{"level":"info","ts":1633871992.197238,"caller":"test_go_log/zap.go:119","msg":"Failed to fetch URL: http://example.com"}
{"level":"info","ts":1633871992.197243,"caller":"test_go_log/zap.go:104","msg":"Failed to fetch URL.","url":"http://example.com","attempt":3,"backoff":1}
{"level":"info","ts":1633871992.197248,"caller":"test_go_log/zap.go:113","msg":"Failed to fetch URL.","url":"http://example.com","attempt":3,"backoff":1}
{"level":"info","ts":1633871992.197254,"caller":"test_go_log/zap.go:119","msg":"Failed to fetch URL: http://example.com"}
{"level":"info","ts":1633871992.197259,"caller":"test_go_log/zap.go:104","msg":"Failed to fetch URL.","url":"http://example.com","attempt":3,"backoff":1}
{"level":"info","ts":1633871992.197264,"caller":"test_go_log/zap.go:113","msg":"Failed to fetch URL.","url":"http://example.com","attempt":3,"backoff":1}
{"level":"info","ts":1633871992.19727,"caller":"test_go_log/zap.go:119","msg":"Failed to fetch URL: http://example.com"}
{"level":"info","ts":1633871992.197275,"caller":"test_go_log/zap.go:104","msg":"Failed to fetch URL.","url":"http://example.com","attempt":3,"backoff":1}
{"level":"info","ts":1633871992.19728,"caller":"test_go_log/zap.go:113","msg":"Failed to fetch URL.","url":"http://example.com","attempt":3,"backoff":1}
{"level":"info","ts":1633871992.197286,"caller":"test_go_log/zap.go:119","msg":"Failed to fetch URL: http://example.com"}
{"level":"info","ts":1633871992.197291,"caller":"test_go_log/zap.go:104","msg":"Failed to fetch URL.","url":"http://example.com","attempt":3,"backoff":1}
{"level":"info","ts":1633871992.1972961,"caller":"test_go_log/zap.go:113","msg":"Failed to fetch URL.","url":"http://example.com","attempt":3,"backoff":1}
{"level":"info","ts":1633871992.197303,"caller":"test_go_log/zap.go:119","msg":"Failed to fetch URL: http://example.com"}
{"level":"info","ts":1633871992.1973078,"caller":"test_go_log/zap.go:104","msg":"Failed to fetch URL.","url":"http://example.com","attempt":3,"backoff":1}
{"level":"info","ts":1633871992.197313,"caller":"test_go_log/zap.go:113","msg":"Failed to fetch URL.","url":"http://example.com","attempt":3,"backoff":1}
{"level":"info","ts":1633871992.197319,"caller":"test_go_log/zap.go:119","msg":"Failed to fetch URL: http://example.com"}
{"level":"info","ts":1633871992.197324,"caller":"test_go_log/zap.go:104","msg":"Failed to fetch URL.","url":"http://example.com","attempt":3,"backoff":1}
{"level":"info","ts":1633871992.1973288,"caller":"test_go_log/zap.go:113","msg":"Failed to fetch URL.","url":"http://example.com","attempt":3,"backoff":1}
{"level":"info","ts":1633871992.197335,"caller":"test_go_log/zap.go:119","msg":"Failed to fetch URL: http://example.com"}
{"level":"info","ts":1633871992.19734,"caller":"test_go_log/zap.go:104","msg":"Failed to fetch URL.","url":"http://example.com","attempt":3,"backoff":1}
{"level":"info","ts":1633871992.197345,"caller":"test_go_log/zap.go:113","msg":"Failed to fetch URL.","url":"http://example.com","attempt":3,"backoff":1}
{"level":"info","ts":1633871992.197351,"caller":"test_go_log/zap.go:119","msg":"Failed to fetch URL: http://example.com"}
{"level":"info","ts":1633871992.197356,"caller":"test_go_log/zap.go:104","msg":"Failed to fetch URL.","url":"http://example.com","attempt":3,"backoff":1}
{"level":"info","ts":1633871992.197361,"caller":"test_go_log/zap.go:113","msg":"Failed to fetch URL.","url":"http://example.com","attempt":3,"backoff":1}
{"level":"info","ts":1633871992.197367,"caller":"test_go_log/zap.go:119","msg":"Failed to fetch URL: http://example.com"}
{"level":"info","ts":1633871992.197372,"caller":"test_go_log/zap.go:104","msg":"Failed to fetch URL.","url":"http://example.com","attempt":3,"backoff":1}
{"level":"info","ts":1633871992.197377,"caller":"test_go_log/zap.go:113","msg":"Failed to fetch URL.","url":"http://example.com","attempt":3,"backoff":1}
{"level":"info","ts":1633871992.197383,"caller":"test_go_log/zap.go:119","msg":"Failed to fetch URL: http://example.com"}
{"level":"info","ts":1633871992.197388,"caller":"test_go_log/zap.go:104","msg":"Failed to fetch URL.","url":"http://example.com","attempt":3,"backoff":1}
{"level":"info","ts":1633871992.197393,"caller":"test_go_log/zap.go:113","msg":"Failed to fetch URL.","url":"http://example.com","attempt":3,"backoff":1}
{"level":"info","ts":1633871992.1973991,"caller":"test_go_log/zap.go:119","msg":"Failed to fetch URL: http://example.com"}
{"level":"info","ts":1633871992.197404,"caller":"test_go_log/zap.go:104","msg":"Failed to fetch URL.","url":"http://example.com","attempt":3,"backoff":1}
{"level":"info","ts":1633871992.197409,"caller":"test_go_log/zap.go:113","msg":"Failed to fetch URL.","url":"http://example.com","attempt":3,"backoff":1}
{"level":"info","ts":1633871992.1974149,"caller":"test_go_log/zap.go:119","msg":"Failed to fetch URL: http://example.com"}
{"level":"info","ts":1633871992.1974201,"caller":"test_go_log/zap.go:104","msg":"Failed to fetch URL.","url":"http://example.com","attempt":3,"backoff":1}
{"level":"info","ts":1633871992.197425,"caller":"test_go_log/zap.go:113","msg":"Failed to fetch URL.","url":"http://example.com","attempt":3,"backoff":1}
{"level":"info","ts":1633871992.197431,"caller":"test_go_log/zap.go:119","msg":"Failed to fetch URL: http://example.com"}
{"level":"info","ts":1633871992.19746,"caller":"test_go_log/zap.go:104","msg":"Failed to fetch URL.","url":"http://example.com","attempt":3,"backoff":1}
{"level":"info","ts":1633871992.1974652,"caller":"test_go_log/zap.go:113","msg":"Failed to fetch URL.","url":"http://example.com","attempt":3,"backoff":1}
{"level":"info","ts":1633871992.197471,"caller":"test_go_log/zap.go:119","msg":"Failed to fetch URL: http://example.com"}
{"level":"info","ts":1633871992.1974761,"caller":"test_go_log/zap.go:104","msg":"Failed to fetch URL.","url":"http://example.com","attempt":3,"backoff":1}
{"level":"info","ts":1633871992.197481,"caller":"test_go_log/zap.go:113","msg":"Failed to fetch URL.","url":"http://example.com","attempt":3,"backoff":1}
{"level":"info","ts":1633871992.197487,"caller":"test_go_log/zap.go:119","msg":"Failed to fetch URL: http://example.com"}
{"level":"info","ts":1633871992.197492,"caller":"test_go_log/zap.go:104","msg":"Failed to fetch URL.","url":"http://example.com","attempt":3,"backoff":1}
{"level":"info","ts":1633871992.1974971,"caller":"test_go_log/zap.go:113","msg":"Failed to fetch URL.","url":"http://example.com","attempt":3,"backoff":1}
{"level":"info","ts":1633871992.197505,"caller":"test_go_log/zap.go:119","msg":"Failed to fetch URL: http://example.com"}
{"level":"info","ts":1633871992.19751,"caller":"test_go_log/zap.go:104","msg":"Failed to fetch URL.","url":"http://example.com","attempt":3,"backoff":1}
{"level":"info","ts":1633871992.197515,"caller":"test_go_log/zap.go:113","msg":"Failed to fetch URL.","url":"http://example.com","attempt":3,"backoff":1}
{"level":"info","ts":1633871992.197521,"caller":"test_go_log/zap.go:119","msg":"Failed to fetch URL: http://example.com"}
{"level":"info","ts":1633871992.197526,"caller":"test_go_log/zap.go:104","msg":"Failed to fetch URL.","url":"http://example.com","attempt":3,"backoff":1}
{"level":"info","ts":1633871992.197531,"caller":"test_go_log/zap.go:113","msg":"Failed to fetch URL.","url":"http://example.com","attempt":3,"backoff":1}
{"level":"info","ts":1633871992.197537,"caller":"test_go_log/zap.go:119","msg":"Failed to fetch URL: http://example.com"}
{"level":"info","ts":1633871992.197542,"caller":"test_go_log/zap.go:104","msg":"Failed to fetch URL.","url":"http://example.com","attempt":3,"backoff":1}
{"level":"info","ts":1633871992.197547,"caller":"test_go_log/zap.go:113","msg":"Failed to fetch URL.","url":"http://example.com","attempt":3,"backoff":1}
{"level":"info","ts":1633871992.197553,"caller":"test_go_log/zap.go:119","msg":"Failed to fetch URL: http://example.com"}
{"level":"info","ts":1633871992.197558,"caller":"test_go_log/zap.go:104","msg":"Failed to fetch URL.","url":"http://example.com","attempt":3,"backoff":1}
{"level":"info","ts":1633871992.197563,"caller":"test_go_log/zap.go:113","msg":"Failed to fetch URL.","url":"http://example.com","attempt":3,"backoff":1}
{"level":"info","ts":1633871992.1975691,"caller":"test_go_log/zap.go:119","msg":"Failed to fetch URL: http://example.com"}
{"level":"info","ts":1633871992.197574,"caller":"test_go_log/zap.go:104","msg":"Failed to fetch URL.","url":"http://example.com","attempt":3,"backoff":1}
{"level":"info","ts":1633871992.197579,"caller":"test_go_log/zap.go:113","msg":"Failed to fetch URL.","url":"http://example.com","attempt":3,"backoff":1}
{"level":"info","ts":1633871992.1975849,"caller":"test_go_log/zap.go:119","msg":"Failed to fetch URL: http://example.com"}
{"level":"info","ts":1633871992.19759,"caller":"test_go_log/zap.go:104","msg":"Failed to fetch URL.","url":"http://example.com","attempt":3,"backoff":1}
{"level":"info","ts":1633871992.197595,"caller":"test_go_log/zap.go:113","msg":"Failed to fetch URL.","url":"http://example.com","attempt":3,"backoff":1}
{"level":"info","ts":1633871992.197601,"caller":"test_go_log/zap.go:119","msg":"Failed to fetch URL: http://example.com"}
{"level":"info","ts":1633871992.1976058,"caller":"test_go_log/zap.go:104","msg":"Failed to fetch URL.","url":"http://example.com","attempt":3,"backoff":1}
{"level":"info","ts":1633871992.197611,"caller":"test_go_log/zap.go:113","msg":"Failed to fetch URL.","url":"http://example.com","attempt":3,"backoff":1}
{"level":"info","ts":1633871992.1976168,"caller":"test_go_log/zap.go:119","msg":"Failed to fetch URL: http://example.com"}
{"level":"info","ts":1633871992.197622,"caller":"test_go_log/zap.go:104","msg":"Failed to fetch URL.","url":"http://example.com","attempt":3,"backoff":1}
{"level":"info","ts":1633871992.1976268,"caller":"test_go_log/zap.go:113","msg":"Failed to fetch URL.","url":"http://example.com","attempt":3,"backoff":1}
{"level":"info","ts":1633871992.197633,"caller":"test_go_log/zap.go:119","msg":"Failed to fetch URL: http://example.com"}
{"level":"info","ts":1633871992.1976378,"caller":"test_go_log/zap.go:104","msg":"Failed to fetch URL.","url":"http://example.com","attempt":3,"backoff":1}
{"level":"info","ts":1633871992.197643,"caller":"test_go_log/zap.go:113","msg":"Failed to fetch URL.","url":"http://example.com","attempt":3,"backoff":1}
{"level":"info","ts":1633871992.197649,"caller":"test_go_log/zap.go:119","msg":"Failed to fetch URL: http://example.com"}
{"level":"info","ts":1633871992.197654,"caller":"test_go_log/zap.go:104","msg":"Failed to fetch URL.","url":"http://example.com","attempt":3,"backoff":1}
{"level":"info","ts":1633871992.1976588,"caller":"test_go_log/zap.go:113","msg":"Failed to fetch URL.","url":"http://example.com","attempt":3,"backoff":1}
{"level":"info","ts":1633871992.197666,"caller":"test_go_log/zap.go:119","msg":"Failed to fetch URL: http://example.com"}
{"level":"info","ts":1633871992.197674,"caller":"test_go_log/zap.go:104","msg":"Failed to fetch URL.","url":"http://example.com","attempt":3,"backoff":1}
{"level":"info","ts":1633871992.197679,"caller":"test_go_log/zap.go:113","msg":"Failed to fetch URL.","url":"http://example.com","attempt":3,"backoff":1}
{"level":"info","ts":1633871992.197685,"caller":"test_go_log/zap.go:119","msg":"Failed to fetch URL: http://example.com"}
{"level":"info","ts":1633871992.19769,"caller":"test_go_log/zap.go:104","msg":"Failed to fetch URL.","url":"http://example.com","attempt":3,"backoff":1}
{"level":"info","ts":1633871992.197695,"caller":"test_go_log/zap.go:113","msg":"Failed to fetch URL.","url":"http://example.com","attempt":3,"backoff":1}
{"level":"info","ts":1633871992.1977012,"caller":"test_go_log/zap.go:119","msg":"Failed to fetch URL: http://example.com"}
{"level":"info","ts":1633871992.197706,"caller":"test_go_log/zap.go:104","msg":"Failed to fetch URL.","url":"http://example.com","attempt":3,"backoff":1}
{"level":"info","ts":1633871992.197711,"caller":"test_go_log/zap.go:113","msg":"Failed to fetch URL.","url":"http://example.com","attempt":3,"backoff":1}
{"level":"info","ts":1633871992.197717,"caller":"test_go_log/zap.go:119","msg":"Failed to fetch URL: http://example.com"}
{"level":"info","ts":1633871992.1977222,"caller":"test_go_log/zap.go:104","msg":"Failed to fetch URL.","url":"http://example.com","attempt":3,"backoff":1}
{"level":"info","ts":1633871992.1977322,"caller":"test_go_log/zap.go:113","msg":"Failed to fetch URL.","url":"http://example.com","attempt":3,"backoff":1}
{"level":"info","ts":1633871992.197738,"caller":"test_go_log/zap.go:119","msg":"Failed to fetch URL: http://example.com"}
{"level":"info","ts":1633871992.1977432,"caller":"test_go_log/zap.go:104","msg":"Failed to fetch URL.","url":"http://example.com","attempt":3,"backoff":1}
{"level":"info","ts":1633871992.197748,"caller":"test_go_log/zap.go:113","msg":"Failed to fetch URL.","url":"http://example.com","attempt":3,"backoff":1}
{"level":"info","ts":1633871992.1977541,"caller":"test_go_log/zap.go:119","msg":"Failed to fetch URL: http://example.com"}
{"level":"info","ts":1633871992.197759,"caller":"test_go_log/zap.go:104","msg":"Failed to fetch URL.","url":"http://example.com","attempt":3,"backoff":1}
{"level":"info","ts":1633871992.1977642,"caller":"test_go_log/zap.go:113","msg":"Failed to fetch URL.","url":"http://example.com","attempt":3,"backoff":1}
{"level":"info","ts":1633871992.1977699,"caller":"test_go_log/zap.go:119","msg":"Failed to fetch URL: http://example.com"}
{"level":"info","ts":1633871992.1977751,"caller":"test_go_log/zap.go:104","msg":"Failed to fetch URL.","url":"http://example.com","attempt":3,"backoff":1}
{"level":"info","ts":1633871992.19778,"caller":"test_go_log/zap.go:113","msg":"Failed to fetch URL.","url":"http://example.com","attempt":3,"backoff":1}
{"level":"info","ts":1633871992.197786,"caller":"test_go_log/zap.go:119","msg":"Failed to fetch URL: http://example.com"}
{"level":"info","ts":1633871992.1977909,"caller":"test_go_log/zap.go:104","msg":"Failed to fetch URL.","url":"http://example.com","attempt":3,"backoff":1}
{"level":"info","ts":1633871992.197796,"caller":"test_go_log/zap.go:113","msg":"Failed to fetch URL.","url":"http://example.com","attempt":3,"backoff":1}
{"level":"info","ts":1633871992.197802,"caller":"test_go_log/zap.go:119","msg":"Failed to fetch URL: http://example.com"}
{"level":"info","ts":1633871992.197807,"caller":"test_go_log/zap.go:104","msg":"Failed to fetch URL.","url":"http://example.com","attempt":3,"backoff":1}
{"level":"info","ts":1633871992.197812,"caller":"test_go_log/zap.go:113","msg":"Failed to fetch URL.","url":"http://example.com","attempt":3,"backoff":1}
{"level":"info","ts":1633871992.197818,"caller":"test_go_log/zap.go:119","msg":"Failed to fetch URL: http://example.com"}
{"level":"info","ts":1633871992.197823,"caller":"test_go_log/zap.go:104","msg":"Failed to fetch URL.","url":"http://example.com","attempt":3,"backoff":1}
{"level":"info","ts":1633871992.197828,"caller":"test_go_log/zap.go:113","msg":"Failed to fetch URL.","url":"http://example.com","attempt":3,"backoff":1}
{"level":"info","ts":1633871992.197834,"caller":"test_go_log/zap.go:119","msg":"Failed to fetch URL: http://example.com"}
{"level":"info","ts":1633871992.197839,"caller":"test_go_log/zap.go:104","msg":"Failed to fetch URL.","url":"http://example.com","attempt":3,"backoff":1}
{"level":"info","ts":1633871992.197844,"caller":"test_go_log/zap.go:113","msg":"Failed to fetch URL.","url":"http://example.com","attempt":3,"backoff":1}
{"level":"info","ts":1633871992.197849,"caller":"test_go_log/zap.go:119","msg":"Failed to fetch URL: http://example.com"}
{"level":"info","ts":1633871992.197855,"caller":"test_go_log/zap.go:104","msg":"Failed to fetch URL.","url":"http://example.com","attempt":3,"backoff":1}
{"level":"info","ts":1633871992.19786,"caller":"test_go_log/zap.go:113","msg":"Failed to fetch URL.","url":"http://example.com","attempt":3,"backoff":1}
{"level":"info","ts":1633871992.197866,"caller":"test_go_log/zap.go:119","msg":"Failed to fetch URL: http://example.com"}
{"level":"info","ts":1633871992.1978712,"caller":"test_go_log/zap.go:104","msg":"Failed to fetch URL.","url":"http://example.com","attempt":3,"backoff":1}
{"level":"info","ts":1633871992.197876,"caller":"test_go_log/zap.go:113","msg":"Failed to fetch URL.","url":"http://example.com","attempt":3,"backoff":1}
{"level":"info","ts":1633871992.1978822,"caller":"test_go_log/zap.go:119","msg":"Failed to fetch URL: http://example.com"}
{"level":"info","ts":1633871992.197897,"caller":"test_go_log/zap.go:104","msg":"Failed to fetch URL.","url":"http://example.com","attempt":3,"backoff":1}
{"level":"info","ts":1633871992.1979032,"caller":"test_go_log/zap.go:113","msg":"Failed to fetch URL.","url":"http://example.com","attempt":3,"backoff":1}
{"level":"info","ts":1633871992.1979089,"caller":"test_go_log/zap.go:119","msg":"Failed to fetch URL: http://example.com"}
{"level":"info","ts":1633871992.1979141,"caller":"test_go_log/zap.go:104","msg":"Failed to fetch URL.","url":"http://example.com","attempt":3,"backoff":1}
{"level":"info","ts":1633871992.197919,"caller":"test_go_log/zap.go:113","msg":"Failed to fetch URL.","url":"http://example.com","attempt":3,"backoff":1}
{"level":"info","ts":1633871992.197925,"caller":"test_go_log/zap.go:119","msg":"Failed to fetch URL: http://example.com"}
{"level":"info","ts":1633871992.19793,"caller":"test_go_log/zap.go:104","msg":"Failed to fetch URL.","url":"http://example.com","attempt":3,"backoff":1}
{"level":"info","ts":1633871992.197935,"caller":"test_go_log/zap.go:113","msg":"Failed to fetch URL.","url":"http://example.com","attempt":3,"backoff":1}
{"level":"info","ts":1633871992.197941,"caller":"test_go_log/zap.go:119","msg":"Failed to fetch URL: http://example.com"}
{"level":"info","ts":1633871992.197946,"caller":"test_go_log/zap.go:104","msg":"Failed to fetch URL.","url":"http://example.com","attempt":3,"backoff":1}
{"level":"info","ts":1633871992.197951,"caller":"test_go_log/zap.go:113","msg":"Failed to fetch URL.","url":"http://example.com","attempt":3,"backoff":1}
{"level":"info","ts":1633871992.197957,"caller":"test_go_log/zap.go:119","msg":"Failed to fetch URL: http://example.com"}
{"level":"info","ts":1633871992.197962,"caller":"test_go_log/zap.go:104","msg":"Failed to fetch URL.","url":"http://example.com","attempt":3,"backoff":1}
{"level":"info","ts":1633871992.197967,"caller":"test_go_log/zap.go:113","msg":"Failed to fetch URL.","url":"http://example.com","attempt":3,"backoff":1}
{"level":"info","ts":1633871992.197973,"caller":"test_go_log/zap.go:119","msg":"Failed to fetch URL: http://example.com"}
{"level":"info","ts":1633871992.197978,"caller":"test_go_log/zap.go:104","msg":"Failed to fetch URL.","url":"http://example.com","attempt":3,"backoff":1}
{"level":"info","ts":1633871992.197983,"caller":"test_go_log/zap.go:113","msg":"Failed to fetch URL.","url":"http://example.com","attempt":3,"backoff":1}
{"level":"info","ts":1633871992.1979892,"caller":"test_go_log/zap.go:119","msg":"Failed to fetch URL: http://example.com"}
{"level":"info","ts":1633871992.197994,"caller":"test_go_log/zap.go:104","msg":"Failed to fetch URL.","url":"http://example.com","attempt":3,"backoff":1}
{"level":"info","ts":1633871992.197999,"caller":"test_go_log/zap.go:113","msg":"Failed to fetch URL.","url":"http://example.com","attempt":3,"backoff":1}
{"level":"info","ts":1633871992.198005,"caller":"test_go_log/zap.go:119","msg":"Failed to fetch URL: http://example.com"}
{"level":"info","ts":1633871992.1980102,"caller":"test_go_log/zap.go:104","msg":"Failed to fetch URL.","url":"http://example.com","attempt":3,"backoff":1}
{"level":"info","ts":1633871992.198015,"caller":"test_go_log/zap.go:113","msg":"Failed to fetch URL.","url":"http://example.com","attempt":3,"backoff":1}
{"level":"info","ts":1633871992.198027,"caller":"test_go_log/zap.go:119","msg":"Failed to fetch URL: http://example.com"}
{"level":"info","ts":1633871992.198032,"caller":"test_go_log/zap.go:104","msg":"Failed to fetch URL.","url":"http://example.com","attempt":3,"backoff":1}
{"level":"info","ts":1633871992.198037,"caller":"test_go_log/zap.go:113","msg":"Failed to fetch URL.","url":"http://example.com","attempt":3,"backoff":1}
{"level":"info","ts":1633871992.1980429,"caller":"test_go_log/zap.go:119","msg":"Failed to fetch URL: http://example.com"}
{"level":"info","ts":1633871992.198048,"caller":"test_go_log/zap.go:104","msg":"Failed to fetch URL.","url":"http://example.com","attempt":3,"backoff":1}
{"level":"info","ts":1633871992.1980531,"caller":"test_go_log/zap.go:113","msg":"Failed to fetch URL.","url":"http://example.com","attempt":3,"backoff":1}
{"level":"info","ts":1633871992.198059,"caller":"test_go_log/zap.go:119","msg":"Failed to fetch URL: http://example.com"}
{"level":"info","ts":1633871992.198064,"caller":"test_go_log/zap.go:104","msg":"Failed to fetch URL.","url":"http://example.com","attempt":3,"backoff":1}
{"level":"info","ts":1633871992.198069,"caller":"test_go_log/zap.go:113","msg":"Failed to fetch URL.","url":"http://example.com","attempt":3,"backoff":1}
{"level":"info","ts":1633871992.1980748,"caller":"test_go_log/zap.go:119","msg":"Failed to fetch URL: http://example.com"}
{"level":"info","ts":1633871992.19808,"caller":"test_go_log/zap.go:104","msg":"Failed to fetch URL.","url":"http://example.com","attempt":3,"backoff":1}
{"level":"info","ts":1633871992.198085,"caller":"test_go_log/zap.go:113","msg":"Failed to fetch URL.","url":"http://example.com","attempt":3,"backoff":1}
{"level":"info","ts":1633871992.198091,"caller":"test_go_log/zap.go:119","msg":"Failed to fetch URL: http://example.com"}
{"level":"info","ts":1633871992.1980958,"caller":"test_go_log/zap.go:104","msg":"Failed to fetch URL.","url":"http://example.com","attempt":3,"backoff":1}
{"level":"info","ts":1633871992.198101,"caller":"test_go_log/zap.go:113","msg":"Failed to fetch URL.","url":"http://example.com","attempt":3,"backoff":1}
{"level":"info","ts":1633871992.1981068,"caller":"test_go_log/zap.go:119","msg":"Failed to fetch URL: http://example.com"}
{"level":"info","ts":1633871992.198113,"caller":"test_go_log/zap.go:104","msg":"Failed to fetch URL.","url":"http://example.com","attempt":3,"backoff":1}
{"level":"info","ts":1633871992.198118,"caller":"test_go_log/zap.go:113","msg":"Failed to fetch URL.","url":"http://example.com","attempt":3,"backoff":1}
{"level":"info","ts":1633871992.198124,"caller":"test_go_log/zap.go:119","msg":"Failed to fetch URL: http://example.com"}
{"level":"info","ts":1633871992.198129,"caller":"test_go_log/zap.go:104","msg":"Failed to fetch URL.","url":"http://example.com","attempt":3,"backoff":1}
{"level":"info","ts":1633871992.198134,"caller":"test_go_log/zap.go:113","msg":"Failed to fetch URL.","url":"http://example.com","attempt":3,"backoff":1}
{"level":"info","ts":1633871992.198142,"caller":"test_go_log/zap.go:119","msg":"Failed to fetch URL: http://example.com"}
{"level":"info","ts":1633871992.198147,"caller":"test_go_log/zap.go:104","msg":"Failed to fetch URL.","url":"http://example.com","attempt":3,"backoff":1}
{"level":"info","ts":1633871992.1981518,"caller":"test_go_log/zap.go:113","msg":"Failed to fetch URL.","url":"http://example.com","attempt":3,"backoff":1}
{"level":"info","ts":1633871992.198158,"caller":"test_go_log/zap.go:119","msg":"Failed to fetch URL: http://example.com"}
{"level":"info","ts":1633871992.198163,"caller":"test_go_log/zap.go:104","msg":"Failed to fetch URL.","url":"http://example.com","attempt":3,"backoff":1}
{"level":"info","ts":1633871992.198168,"caller":"test_go_log/zap.go:113","msg":"Failed to fetch URL.","url":"http://example.com","attempt":3,"backoff":1}
{"level":"info","ts":1633871992.198174,"caller":"test_go_log/zap.go:119","msg":"Failed to fetch URL: http://example.com"}
{"level":"info","ts":1633871992.198179,"caller":"test_go_log/zap.go:104","msg":"Failed to fetch URL.","url":"http://example.com","attempt":3,"backoff":1}
{"level":"info","ts":1633871992.198184,"caller":"test_go_log/zap.go:113","msg":"Failed to fetch URL.","url":"http://example.com","attempt":3,"backoff":1}
{"level":"info","ts":1633871992.19819,"caller":"test_go_log/zap.go:119","msg":"Failed to fetch URL: http://example.com"}
{"level":"info","ts":1633871992.198195,"caller":"test_go_log/zap.go:104","msg":"Failed to fetch URL.","url":"http://example.com","attempt":3,"backoff":1}
{"level":"info","ts":1633871992.1982,"caller":"test_go_log/zap.go:113","msg":"Failed to fetch URL.","url":"http://example.com","attempt":3,"backoff":1}
{"level":"info","ts":1633871992.198206,"caller":"test_go_log/zap.go:119","msg":"Failed to fetch URL: http://example.com"}
{"level":"info","ts":1633871992.198211,"caller":"test_go_log/zap.go:104","msg":"Failed to fetch URL.","url":"http://example.com","attempt":3,"backoff":1}
{"level":"info","ts":1633871992.198216,"caller":"test_go_log/zap.go:113","msg":"Failed to fetch URL.","url":"http://example.com","attempt":3,"backoff":1}
{"level":"info","ts":1633871992.1982222,"caller":"test_go_log/zap.go:119","msg":"Failed to fetch URL: http://example.com"}
{"level":"info","ts":1633871992.198227,"caller":"test_go_log/zap.go:104","msg":"Failed to fetch URL.","url":"http://example.com","attempt":3,"backoff":1}
{"level":"info","ts":1633871992.1982322,"caller":"test_go_log/zap.go:113","msg":"Failed to fetch URL.","url":"http://example.com","attempt":3,"backoff":1}
{"level":"info","ts":1633871992.198238,"caller":"test_go_log/zap.go:119","msg":"Failed to fetch URL: http://example.com"}
{"level":"info","ts":1633871992.1982431,"caller":"test_go_log/zap.go:104","msg":"Failed to fetch URL.","url":"http://example.com","attempt":3,"backoff":1}
{"level":"info","ts":1633871992.198248,"caller":"test_go_log/zap.go:113","msg":"Failed to fetch URL.","url":"http://example.com","attempt":3,"backoff":1}
{"level":"info","ts":1633871992.198254,"caller":"test_go_log/zap.go:119","msg":"Failed to fetch URL: http://example.com"}
{"level":"info","ts":1633871992.1982589,"caller":"test_go_log/zap.go:104","msg":"Failed to fetch URL.","url":"http://example.com","attempt":3,"backoff":1}
{"level":"info","ts":1633871992.1982641,"caller":"test_go_log/zap.go:113","msg":"Failed to fetch URL.","url":"http://example.com","attempt":3,"backoff":1}
{"level":"info","ts":1633871992.1982698,"caller":"test_go_log/zap.go:119","msg":"Failed to fetch URL: http://example.com"}
{"level":"info","ts":1633871992.198275,"caller":"test_go_log/zap.go:104","msg":"Failed to fetch URL.","url":"http://example.com","attempt":3,"backoff":1}
{"level":"info","ts":1633871992.1982799,"caller":"test_go_log/zap.go:113","msg":"Failed to fetch URL.","url":"http://example.com","attempt":3,"backoff":1}
{"level":"info","ts":1633871992.198286,"caller":"test_go_log/zap.go:119","msg":"Failed to fetch URL: http://example.com"}
{"level":"info","ts":1633871992.1982908,"caller":"test_go_log/zap.go:104","msg":"Failed to fetch URL.","url":"http://example.com","attempt":3,"backoff":1}
{"level":"info","ts":1633871992.198296,"caller":"test_go_log/zap.go:113","msg":"Failed to fetch URL.","url":"http://example.com","attempt":3,"backoff":1}
{"level":"info","ts":1633871992.198302,"caller":"test_go_log/zap.go:119","msg":"Failed to fetch URL: http://example.com"}
{"level":"info","ts":1633871992.198307,"caller":"test_go_log/zap.go:104","msg":"Failed to fetch URL.","url":"http://example.com","attempt":3,"backoff":1}
{"level":"info","ts":1633871992.198312,"caller":"test_go_log/zap.go:113","msg":"Failed to fetch URL.","url":"http://example.com","attempt":3,"backoff":1}
{"level":"info","ts":1633871992.198318,"caller":"test_go_log/zap.go:119","msg":"Failed to fetch URL: http://example.com"}
{"level":"info","ts":1633871992.198326,"caller":"test_go_log/zap.go:104","msg":"Failed to fetch URL.","url":"http://example.com","attempt":3,"backoff":1}
{"level":"info","ts":1633871992.1983309,"caller":"test_go_log/zap.go:113","msg":"Failed to fetch URL.","url":"http://example.com","attempt":3,"backoff":1}
{"level":"info","ts":1633871992.198337,"caller":"test_go_log/zap.go:119","msg":"Failed to fetch URL: http://example.com"}
{"level":"info","ts":1633871992.1983418,"caller":"test_go_log/zap.go:104","msg":"Failed to fetch URL.","url":"http://example.com","attempt":3,"backoff":1}
{"level":"info","ts":1633871992.198348,"caller":"test_go_log/zap.go:113","msg":"Failed to fetch URL.","url":"http://example.com","attempt":3,"backoff":1}
{"level":"info","ts":1633871992.1983528,"caller":"test_go_log/zap.go:119","msg":"Failed to fetch URL: http://example.com"}
{"level":"info","ts":1633871992.198359,"caller":"test_go_log/zap.go:104","msg":"Failed to fetch URL.","url":"http://example.com","attempt":3,"backoff":1}
{"level":"info","ts":1633871992.198364,"caller":"test_go_log/zap.go:113","msg":"Failed to fetch URL.","url":"http://example.com","attempt":3,"backoff":1}
{"level":"info","ts":1633871992.19837,"caller":"test_go_log/zap.go:119","msg":"Failed to fetch URL: http://example.com"}
{"level":"info","ts":1633871992.198376,"caller":"test_go_log/zap.go:104","msg":"Failed to fetch URL.","url":"http://example.com","attempt":3,"backoff":1}
{"level":"info","ts":1633871992.198381,"caller":"test_go_log/zap.go:113","msg":"Failed to fetch URL.","url":"http://example.com","attempt":3,"backoff":1}
{"level":"info","ts":1633871992.198386,"caller":"test_go_log/zap.go:119","msg":"Failed to fetch URL: http://example.com"}
{"level":"info","ts":1633871992.1983922,"caller":"test_go_log/zap.go:104","msg":"Failed to fetch URL.","url":"http://example.com","attempt":3,"backoff":1}
{"level":"info","ts":1633871992.198397,"caller":"test_go_log/zap.go:113","msg":"Failed to fetch URL.","url":"http://example.com","attempt":3,"backoff":1}
{"level":"info","ts":1633871992.1984022,"caller":"test_go_log/zap.go:119","msg":"Failed to fetch URL: http://example.com"}
{"level":"info","ts":1633871992.198408,"caller":"test_go_log/zap.go:104","msg":"Failed to fetch URL.","url":"http://example.com","attempt":3,"backoff":1}
{"level":"info","ts":1633871992.1984131,"caller":"test_go_log/zap.go:113","msg":"Failed to fetch URL.","url":"http://example.com","attempt":3,"backoff":1}
{"level":"info","ts":1633871992.198418,"caller":"test_go_log/zap.go:119","msg":"Failed to fetch URL: http://example.com"}
{"level":"info","ts":1633871992.198424,"caller":"test_go_log/zap.go:104","msg":"Failed to fetch URL.","url":"http://example.com","attempt":3,"backoff":1}
{"level":"info","ts":1633871992.1984289,"caller":"test_go_log/zap.go:113","msg":"Failed to fetch URL.","url":"http://example.com","attempt":3,"backoff":1}
{"level":"info","ts":1633871992.198434,"caller":"test_go_log/zap.go:119","msg":"Failed to fetch URL: http://example.com"}
{"level":"info","ts":1633871992.1984398,"caller":"test_go_log/zap.go:104","msg":"Failed to fetch URL.","url":"http://example.com","attempt":3,"backoff":1}
{"level":"info","ts":1633871992.198445,"caller":"test_go_log/zap.go:113","msg":"Failed to fetch URL.","url":"http://example.com","attempt":3,"backoff":1}
{"level":"info","ts":1633871992.198451,"caller":"test_go_log/zap.go:119","msg":"Failed to fetch URL: http://example.com"}
{"level":"info","ts":1633871992.198456,"caller":"test_go_log/zap.go:104","msg":"Failed to fetch URL.","url":"http://example.com","attempt":3,"backoff":1}
{"level":"info","ts":1633871992.1984608,"caller":"test_go_log/zap.go:113","msg":"Failed to fetch URL.","url":"http://example.com","attempt":3,"backoff":1}
{"level":"info","ts":1633871992.198466,"caller":"test_go_log/zap.go:119","msg":"Failed to fetch URL: http://example.com"}
{"level":"info","ts":1633871992.198472,"caller":"test_go_log/zap.go:104","msg":"Failed to fetch URL.","url":"http://example.com","attempt":3,"backoff":1}
{"level":"info","ts":1633871992.198477,"caller":"test_go_log/zap.go:113","msg":"Failed to fetch URL.","url":"http://example.com","attempt":3,"backoff":1}
{"level":"info","ts":1633871992.198482,"caller":"test_go_log/zap.go:119","msg":"Failed to fetch URL: http://example.com"}
{"level":"info","ts":1633871992.198488,"caller":"test_go_log/zap.go:104","msg":"Failed to fetch URL.","url":"http://example.com","attempt":3,"backoff":1}
{"level":"info","ts":1633871992.198493,"caller":"test_go_log/zap.go:113","msg":"Failed to fetch URL.","url":"http://example.com","attempt":3,"backoff":1}
{"level":"info","ts":1633871992.198503,"caller":"test_go_log/zap.go:119","msg":"Failed to fetch URL: http://example.com"}
{"level":"info","ts":1633871992.198508,"caller":"test_go_log/zap.go:104","msg":"Failed to fetch URL.","url":"http://example.com","attempt":3,"backoff":1}
{"level":"info","ts":1633871992.1985128,"caller":"test_go_log/zap.go:113","msg":"Failed to fetch URL.","url":"http://example.com","attempt":3,"backoff":1}
{"level":"info","ts":1633871992.198519,"caller":"test_go_log/zap.go:119","msg":"Failed to fetch URL: http://example.com"}
{"level":"info","ts":1633871992.198524,"caller":"test_go_log/zap.go:104","msg":"Failed to fetch URL.","url":"http://example.com","attempt":3,"backoff":1}
{"level":"info","ts":1633871992.198529,"caller":"test_go_log/zap.go:113","msg":"Failed to fetch URL.","url":"http://example.com","attempt":3,"backoff":1}
{"level":"info","ts":1633871992.198535,"caller":"test_go_log/zap.go:119","msg":"Failed to fetch URL: http://example.com"}
{"level":"info","ts":1633871992.1985412,"caller":"test_go_log/zap.go:104","msg":"Failed to fetch URL.","url":"http://example.com","attempt":3,"backoff":1}
{"level":"info","ts":1633871992.198546,"caller":"test_go_log/zap.go:113","msg":"Failed to fetch URL.","url":"http://example.com","attempt":3,"backoff":1}
{"level":"info","ts":1633871992.1985521,"caller":"test_go_log/zap.go:119","msg":"Failed to fetch URL: http://example.com"}
{"level":"info","ts":1633871992.198557,"caller":"test_go_log/zap.go:104","msg":"Failed to fetch URL.","url":"http://example.com","attempt":3,"backoff":1}
{"level":"info","ts":1633871992.1985621,"caller":"test_go_log/zap.go:113","msg":"Failed to fetch URL.","url":"http://example.com","attempt":3,"backoff":1}
{"level":"info","ts":1633871992.1985679,"caller":"test_go_log/zap.go:119","msg":"Failed to fetch URL: http://example.com"}
{"level":"info","ts":1633871992.198573,"caller":"test_go_log/zap.go:104","msg":"Failed to fetch URL.","url":"http://example.com","attempt":3,"backoff":1}
{"level":"info","ts":1633871992.198578,"caller":"test_go_log/zap.go:113","msg":"Failed to fetch URL.","url":"http://example.com","attempt":3,"backoff":1}
{"level":"info","ts":1633871992.198584,"caller":"test_go_log/zap.go:119","msg":"Failed to fetch URL: http://example.com"}
{"level":"info","ts":1633871992.198591,"caller":"test_go_log/zap.go:104","msg":"Failed to fetch URL.","url":"http://example.com","attempt":3,"backoff":1}
{"level":"info","ts":1633871992.1985972,"caller":"test_go_log/zap.go:113","msg":"Failed to fetch URL.","url":"http://example.com","attempt":3,"backoff":1}
{"level":"info","ts":1633871992.198602,"caller":"test_go_log/zap.go:119","msg":"Failed to fetch URL: http://example.com"}
{"level":"info","ts":1633871992.1986198,"caller":"test_go_log/zap.go:104","msg":"Failed to fetch URL.","url":"http://example.com","attempt":3,"backoff":1}
{"level":"info","ts":1633871992.198625,"caller":"test_go_log/zap.go:113","msg":"Failed to fetch URL.","url":"http://example.com","attempt":3,"backoff":1}
{"level":"info","ts":1633871992.1986308,"caller":"test_go_log/zap.go:119","msg":"Failed to fetch URL: http://example.com"}
{"level":"info","ts":1633871992.198636,"caller":"test_go_log/zap.go:104","msg":"Failed to fetch URL.","url":"http://example.com","attempt":3,"backoff":1}
{"level":"info","ts":1633871992.1986408,"caller":"test_go_log/zap.go:113","msg":"Failed to fetch URL.","url":"http://example.com","attempt":3,"backoff":1}
{"level":"info","ts":1633871992.198647,"caller":"test_go_log/zap.go:119","msg":"Failed to fetch URL: http://example.com"}
{"level":"info","ts":1633871992.1986518,"caller":"test_go_log/zap.go:104","msg":"Failed to fetch URL.","url":"http://example.com","attempt":3,"backoff":1}
{"level":"info","ts":1633871992.198657,"caller":"test_go_log/zap.go:113","msg":"Failed to fetch URL.","url":"http://example.com","attempt":3,"backoff":1}
{"level":"info","ts":1633871992.198663,"caller":"test_go_log/zap.go:119","msg":"Failed to fetch URL: http://example.com"}
{"level":"info","ts":1633871992.198668,"caller":"test_go_log/zap.go:104","msg":"Failed to fetch URL.","url":"http://example.com","attempt":3,"backoff":1}
{"level":"info","ts":1633871992.198673,"caller":"test_go_log/zap.go:113","msg":"Failed to fetch URL.","url":"http://example.com","attempt":3,"backoff":1}
{"level":"info","ts":1633871992.198679,"caller":"test_go_log/zap.go:119","msg":"Failed to fetch URL: http://example.com"}
{"level":"info","ts":1633871992.198684,"caller":"test_go_log/zap.go:104","msg":"Failed to fetch URL.","url":"http://example.com","attempt":3,"backoff":1}
{"level":"info","ts":1633871992.198689,"caller":"test_go_log/zap.go:113","msg":"Failed to fetch URL.","url":"http://example.com","attempt":3,"backoff":1}
{"level":"info","ts":1633871992.198695,"caller":"test_go_log/zap.go:119","msg":"Failed to fetch URL: http://example.com"}
{"level":"info","ts":1633871992.1987,"caller":"test_go_log/zap.go:104","msg":"Failed to fetch URL.","url":"http://example.com","attempt":3,"backoff":1}
{"level":"info","ts":1633871992.198705,"caller":"test_go_log/zap.go:113","msg":"Failed to fetch URL.","url":"http://example.com","attempt":3,"backoff":1}
{"level":"info","ts":1633871992.1987112,"caller":"test_go_log/zap.go:119","msg":"Failed to fetch URL: http://example.com"}
{"level":"info","ts":1633871992.198716,"caller":"test_go_log/zap.go:104","msg":"Failed to fetch URL.","url":"http://example.com","attempt":3,"backoff":1}
{"level":"info","ts":1633871992.198721,"caller":"test_go_log/zap.go:113","msg":"Failed to fetch URL.","url":"http://example.com","attempt":3,"backoff":1}
{"level":"info","ts":1633871992.1987278,"caller":"test_go_log/zap.go:119","msg":"Failed to fetch URL: http://example.com"}
{"level":"info","ts":1633871992.198733,"caller":"test_go_log/zap.go:104","msg":"Failed to fetch URL.","url":"http://example.com","attempt":3,"backoff":1}
{"level":"info","ts":1633871992.1987379,"caller":"test_go_log/zap.go:113","msg":"Failed to fetch URL.","url":"http://example.com","attempt":3,"backoff":1}
{"level":"info","ts":1633871992.198744,"caller":"test_go_log/zap.go:119","msg":"Failed to fetch URL: http://example.com"}
{"level":"info","ts":1633871992.1987488,"caller":"test_go_log/zap.go:104","msg":"Failed to fetch URL.","url":"http://example.com","attempt":3,"backoff":1}
{"level":"info","ts":1633871992.198754,"caller":"test_go_log/zap.go:113","msg":"Failed to fetch URL.","url":"http://example.com","attempt":3,"backoff":1}
{"level":"info","ts":1633871992.19876,"caller":"test_go_log/zap.go:119","msg":"Failed to fetch URL: http://example.com"}
{"level":"info","ts":1633871992.1987672,"caller":"test_go_log/zap.go:104","msg":"Failed to fetch URL.","url":"http://example.com","attempt":3,"backoff":1}
{"level":"info","ts":1633871992.198773,"caller":"test_go_log/zap.go:113","msg":"Failed to fetch URL.","url":"http://example.com","attempt":3,"backoff":1}
{"level":"info","ts":1633871992.1987798,"caller":"test_go_log/zap.go:119","msg":"Failed to fetch URL: http://example.com"}
{"level":"info","ts":1633871992.198785,"caller":"test_go_log/zap.go:104","msg":"Failed to fetch URL.","url":"http://example.com","attempt":3,"backoff":1}
{"level":"info","ts":1633871992.1987898,"caller":"test_go_log/zap.go:113","msg":"Failed to fetch URL.","url":"http://example.com","attempt":3,"backoff":1}
{"level":"info","ts":1633871992.198796,"caller":"test_go_log/zap.go:119","msg":"Failed to fetch URL: http://example.com"}
{"level":"info","ts":1633871992.1988008,"caller":"test_go_log/zap.go:104","msg":"Failed to fetch URL.","url":"http://example.com","attempt":3,"backoff":1}
{"level":"info","ts":1633871992.198806,"caller":"test_go_log/zap.go:113","msg":"Failed to fetch URL.","url":"http://example.com","attempt":3,"backoff":1}
{"level":"info","ts":1633871992.198812,"caller":"test_go_log/zap.go:119","msg":"Failed to fetch URL: http://example.com"}
{"level":"info","ts":1633871992.198817,"caller":"test_go_log/zap.go:104","msg":"Failed to fetch URL.","url":"http://example.com","attempt":3,"backoff":1}
{"level":"info","ts":1633871992.1988218,"caller":"test_go_log/zap.go:113","msg":"Failed to fetch URL.","url":"http://example.com","attempt":3,"backoff":1}
{"level":"info","ts":1633871992.198828,"caller":"test_go_log/zap.go:119","msg":"Failed to fetch URL: http://example.com"}
{"level":"info","ts":1633871992.198833,"caller":"test_go_log/zap.go:104","msg":"Failed to fetch URL.","url":"http://example.com","attempt":3,"backoff":1}
{"level":"info","ts":1633871992.198838,"caller":"test_go_log/zap.go:113","msg":"Failed to fetch URL.","url":"http://example.com","attempt":3,"backoff":1}
{"level":"info","ts":1633871992.198844,"caller":"test_go_log/zap.go:119","msg":"Failed to fetch URL: http://example.com"}
{"level":"info","ts":1633871992.198849,"caller":"test_go_log/zap.go:104","msg":"Failed to fetch URL.","url":"http://example.com","attempt":3,"backoff":1}
{"level":"info","ts":1633871992.198854,"caller":"test_go_log/zap.go:113","msg":"Failed to fetch URL.","url":"http://example.com","attempt":3,"backoff":1}
{"level":"info","ts":1633871992.19886,"caller":"test_go_log/zap.go:119","msg":"Failed to fetch URL: http://example.com"}
{"level":"info","ts":1633871992.198865,"caller":"test_go_log/zap.go:104","msg":"Failed to fetch URL.","url":"http://example.com","attempt":3,"backoff":1}
{"level":"info","ts":1633871992.19887,"caller":"test_go_log/zap.go:113","msg":"Failed to fetch URL.","url":"http://example.com","attempt":3,"backoff":1}
{"level":"info","ts":1633871992.198875,"caller":"test_go_log/zap.go:119","msg":"Failed to fetch URL: http://example.com"}
{"level":"info","ts":1633871992.198881,"caller":"test_go_log/zap.go:104","msg":"Failed to fetch URL.","url":"http://example.com","attempt":3,"backoff":1}
{"level":"info","ts":1633871992.198886,"caller":"test_go_log/zap.go:113","msg":"Failed to fetch URL.","url":"http://example.com","attempt":3,"backoff":1}
{"level":"info","ts":1633871992.198891,"caller":"test_go_log/zap.go:119","msg":"Failed to fetch URL: http://example.com"}
{"level":"info","ts":1633871992.198897,"caller":"test_go_log/zap.go:104","msg":"Failed to fetch URL.","url":"http://example.com","attempt":3,"backoff":1}
{"level":"info","ts":1633871992.1989021,"caller":"test_go_log/zap.go:113","msg":"Failed to fetch URL.","url":"http://example.com","attempt":3,"backoff":1}
{"level":"info","ts":1633871992.198907,"caller":"test_go_log/zap.go:119","msg":"Failed to fetch URL: http://example.com"}
{"level":"info","ts":1633871992.198912,"caller":"test_go_log/zap.go:104","msg":"Failed to fetch URL.","url":"http://example.com","attempt":3,"backoff":1}
{"level":"info","ts":1633871992.1989172,"caller":"test_go_log/zap.go:113","msg":"Failed to fetch URL.","url":"http://example.com","attempt":3,"backoff":1}
{"level":"info","ts":1633871992.198923,"caller":"test_go_log/zap.go:119","msg":"Failed to fetch URL: http://example.com"}
{"level":"info","ts":1633871992.1989279,"caller":"test_go_log/zap.go:104","msg":"Failed to fetch URL.","url":"http://example.com","attempt":3,"backoff":1}
{"level":"info","ts":1633871992.198933,"caller":"test_go_log/zap.go:113","msg":"Failed to fetch URL.","url":"http://example.com","attempt":3,"backoff":1}
{"level":"info","ts":1633871992.1989388,"caller":"test_go_log/zap.go:119","msg":"Failed to fetch URL: http://example.com"}
{"level":"info","ts":1633871992.198944,"caller":"test_go_log/zap.go:104","msg":"Failed to fetch URL.","url":"http://example.com","attempt":3,"backoff":1}
{"level":"info","ts":1633871992.198949,"caller":"test_go_log/zap.go:113","msg":"Failed to fetch URL.","url":"http://example.com","attempt":3,"backoff":1}
{"level":"info","ts":1633871992.198955,"caller":"test_go_log/zap.go:119","msg":"Failed to fetch URL: http://example.com"}
{"level":"info","ts":1633871992.19896,"caller":"test_go_log/zap.go:104","msg":"Failed to fetch URL.","url":"http://example.com","attempt":3,"backoff":1}
{"level":"info","ts":1633871992.198965,"caller":"test_go_log/zap.go:113","msg":"Failed to fetch URL.","url":"http://example.com","attempt":3,"backoff":1}
{"level":"info","ts":1633871992.1989708,"caller":"test_go_log/zap.go:119","msg":"Failed to fetch URL: http://example.com"}
{"level":"info","ts":1633871992.198977,"caller":"test_go_log/zap.go:104","msg":"Failed to fetch URL.","url":"http://example.com","attempt":3,"backoff":1}
{"level":"info","ts":1633871992.198982,"caller":"test_go_log/zap.go:113","msg":"Failed to fetch URL.","url":"http://example.com","attempt":3,"backoff":1}
{"level":"info","ts":1633871992.198988,"caller":"test_go_log/zap.go:119","msg":"Failed to fetch URL: http://example.com"}
{"level":"info","ts":1633871992.198993,"caller":"test_go_log/zap.go:104","msg":"Failed to fetch URL.","url":"http://example.com","attempt":3,"backoff":1}
{"level":"info","ts":1633871992.198998,"caller":"test_go_log/zap.go:113","msg":"Failed to fetch URL.","url":"http://example.com","attempt":3,"backoff":1}
{"level":"info","ts":1633871992.199004,"caller":"test_go_log/zap.go:119","msg":"Failed to fetch URL: http://example.com"}
{"level":"info","ts":1633871992.199009,"caller":"test_go_log/zap.go:104","msg":"Failed to fetch URL.","url":"http://example.com","attempt":3,"backoff":1}
{"level":"info","ts":1633871992.199014,"caller":"test_go_log/zap.go:113","msg":"Failed to fetch URL.","url":"http://example.com","attempt":3,"backoff":1}
{"level":"info","ts":1633871992.1990201,"caller":"test_go_log/zap.go:119","msg":"Failed to fetch URL: http://example.com"}
{"level":"info","ts":1633871992.199025,"caller":"test_go_log/zap.go:104","msg":"Failed to fetch URL.","url":"http://example.com","attempt":3,"backoff":1}
{"level":"info","ts":1633871992.19903,"caller":"test_go_log/zap.go:113","msg":"Failed to fetch URL.","url":"http://example.com","attempt":3,"backoff":1}
{"level":"info","ts":1633871992.199036,"caller":"test_go_log/zap.go:119","msg":"Failed to fetch URL: http://example.com"}
{"level":"info","ts":1633871992.1990411,"caller":"test_go_log/zap.go:104","msg":"Failed to fetch URL.","url":"http://example.com","attempt":3,"backoff":1}
{"level":"info","ts":1633871992.199046,"caller":"test_go_log/zap.go:113","msg":"Failed to fetch URL.","url":"http://example.com","attempt":3,"backoff":1}
{"level":"info","ts":1633871992.199052,"caller":"test_go_log/zap.go:119","msg":"Failed to fetch URL: http://example.com"}
{"level":"info","ts":1633871992.1990569,"caller":"test_go_log/zap.go:104","msg":"Failed to fetch URL.","url":"http://example.com","attempt":3,"backoff":1}
{"level":"info","ts":1633871992.199062,"caller":"test_go_log/zap.go:113","msg":"Failed to fetch URL.","url":"http://example.com","attempt":3,"backoff":1}
{"level":"info","ts":1633871992.199071,"caller":"test_go_log/zap.go:119","msg":"Failed to fetch URL: http://example.com"}
{"level":"info","ts":1633871992.1990762,"caller":"test_go_log/zap.go:104","msg":"Failed to fetch URL.","url":"http://example.com","attempt":3,"backoff":1}
{"level":"info","ts":1633871992.199081,"caller":"test_go_log/zap.go:113","msg":"Failed to fetch URL.","url":"http://example.com","attempt":3,"backoff":1}
{"level":"info","ts":1633871992.1990871,"caller":"test_go_log/zap.go:119","msg":"Failed to fetch URL: http://example.com"}
{"level":"info","ts":1633871992.199092,"caller":"test_go_log/zap.go:104","msg":"Failed to fetch URL.","url":"http://example.com","attempt":3,"backoff":1}
{"level":"info","ts":1633871992.1990972,"caller":"test_go_log/zap.go:113","msg":"Failed to fetch URL.","url":"http://example.com","attempt":3,"backoff":1}
{"level":"info","ts":1633871992.1991029,"caller":"test_go_log/zap.go:119","msg":"Failed to fetch URL: http://example.com"}
{"level":"info","ts":1633871992.1991081,"caller":"test_go_log/zap.go:104","msg":"Failed to fetch URL.","url":"http://example.com","attempt":3,"backoff":1}
{"level":"info","ts":1633871992.199113,"caller":"test_go_log/zap.go:113","msg":"Failed to fetch URL.","url":"http://example.com","attempt":3,"backoff":1}
{"level":"info","ts":1633871992.199119,"caller":"test_go_log/zap.go:119","msg":"Failed to fetch URL: http://example.com"}
{"level":"info","ts":1633871992.1991239,"caller":"test_go_log/zap.go:104","msg":"Failed to fetch URL.","url":"http://example.com","attempt":3,"backoff":1}
{"level":"info","ts":1633871992.199129,"caller":"test_go_log/zap.go:113","msg":"Failed to fetch URL.","url":"http://example.com","attempt":3,"backoff":1}
{"level":"info","ts":1633871992.199135,"caller":"test_go_log/zap.go:119","msg":"Failed to fetch URL: http://example.com"}
{"level":"info","ts":1633871992.19914,"caller":"test_go_log/zap.go:104","msg":"Failed to fetch URL.","url":"http://example.com","attempt":3,"backoff":1}
{"level":"info","ts":1633871992.199146,"caller":"test_go_log/zap.go:113","msg":"Failed to fetch URL.","url":"http://example.com","attempt":3,"backoff":1}
{"level":"info","ts":1633871992.199151,"caller":"test_go_log/zap.go:119","msg":"Failed to fetch URL: http://example.com"}
{"level":"info","ts":1633871992.199157,"caller":"test_go_log/zap.go:104","msg":"Failed to fetch URL.","url":"http://example.com","attempt":3,"backoff":1}
{"level":"info","ts":1633871992.199162,"caller":"test_go_log/zap.go:113","msg":"Failed to fetch URL.","url":"http://example.com","attempt":3,"backoff":1}
{"level":"info","ts":1633871992.199167,"caller":"test_go_log/zap.go:119","msg":"Failed to fetch URL: http://example.com"}
{"level":"info","ts":1633871992.1991732,"caller":"test_go_log/zap.go:104","msg":"Failed to fetch URL.","url":"http://example.com","attempt":3,"backoff":1}
{"level":"info","ts":1633871992.199178,"caller":"test_go_log/zap.go:113","msg":"Failed to fetch URL.","url":"http://example.com","attempt":3,"backoff":1}
{"level":"info","ts":1633871992.199183,"caller":"test_go_log/zap.go:119","msg":"Failed to fetch URL: http://example.com"}
{"level":"info","ts":1633871992.199189,"caller":"test_go_log/zap.go:104","msg":"Failed to fetch URL.","url":"http://example.com","attempt":3,"backoff":1}
{"level":"info","ts":1633871992.199195,"caller":"test_go_log/zap.go:113","msg":"Failed to fetch URL.","url":"http://example.com","attempt":3,"backoff":1}
{"level":"info","ts":1633871992.1992,"caller":"test_go_log/zap.go:119","msg":"Failed to fetch URL: http://example.com"}
{"level":"info","ts":1633871992.1992052,"caller":"test_go_log/zap.go:104","msg":"Failed to fetch URL.","url":"http://example.com","attempt":3,"backoff":1}
{"level":"info","ts":1633871992.19921,"caller":"test_go_log/zap.go:113","msg":"Failed to fetch URL.","url":"http://example.com","attempt":3,"backoff":1}
{"level":"info","ts":1633871992.1992161,"caller":"test_go_log/zap.go:119","msg":"Failed to fetch URL: http://example.com"}
{"level":"info","ts":1633871992.199221,"caller":"test_go_log/zap.go:104","msg":"Failed to fetch URL.","url":"http://example.com","attempt":3,"backoff":1}
{"level":"info","ts":1633871992.1992261,"caller":"test_go_log/zap.go:113","msg":"Failed to fetch URL.","url":"http://example.com","attempt":3,"backoff":1}
{"level":"info","ts":1633871992.199232,"caller":"test_go_log/zap.go:119","msg":"Failed to fetch URL: http://example.com"}
{"level":"info","ts":1633871992.199237,"caller":"test_go_log/zap.go:104","msg":"Failed to fetch URL.","url":"http://example.com","attempt":3,"backoff":1}
{"level":"info","ts":1633871992.199243,"caller":"test_go_log/zap.go:113","msg":"Failed to fetch URL.","url":"http://example.com","attempt":3,"backoff":1}
{"level":"info","ts":1633871992.1992478,"caller":"test_go_log/zap.go:119","msg":"Failed to fetch URL: http://example.com"}
{"level":"info","ts":1633871992.199253,"caller":"test_go_log/zap.go:104","msg":"Failed to fetch URL.","url":"http://example.com","attempt":3,"backoff":1}
{"level":"info","ts":1633871992.199258,"caller":"test_go_log/zap.go:113","msg":"Failed to fetch URL.","url":"http://example.com","attempt":3,"backoff":1}
{"level":"info","ts":1633871992.199264,"caller":"test_go_log/zap.go:119","msg":"Failed to fetch URL: http://example.com"}
{"level":"info","ts":1633871992.199269,"caller":"test_go_log/zap.go:104","msg":"Failed to fetch URL.","url":"http://example.com","attempt":3,"backoff":1}
{"level":"info","ts":1633871992.199274,"caller":"test_go_log/zap.go:113","msg":"Failed to fetch URL.","url":"http://example.com","attempt":3,"backoff":1}
{"level":"info","ts":1633871992.19928,"caller":"test_go_log/zap.go:119","msg":"Failed to fetch URL: http://example.com"}
{"level":"info","ts":1633871992.1992881,"caller":"test_go_log/zap.go:104","msg":"Failed to fetch URL.","url":"http://example.com","attempt":3,"backoff":1}
{"level":"info","ts":1633871992.199293,"caller":"test_go_log/zap.go:113","msg":"Failed to fetch URL.","url":"http://example.com","attempt":3,"backoff":1}
{"level":"info","ts":1633871992.199299,"caller":"test_go_log/zap.go:119","msg":"Failed to fetch URL: http://example.com"}
{"level":"info","ts":1633871992.1993039,"caller":"test_go_log/zap.go:104","msg":"Failed to fetch URL.","url":"http://example.com","attempt":3,"backoff":1}
{"level":"info","ts":1633871992.199309,"caller":"test_go_log/zap.go:113","msg":"Failed to fetch URL.","url":"http://example.com","attempt":3,"backoff":1}
{"level":"info","ts":1633871992.1993148,"caller":"test_go_log/zap.go:119","msg":"Failed to fetch URL: http://example.com"}
{"level":"info","ts":1633871992.19932,"caller":"test_go_log/zap.go:104","msg":"Failed to fetch URL.","url":"http://example.com","attempt":3,"backoff":1}
{"level":"info","ts":1633871992.1993248,"caller":"test_go_log/zap.go:113","msg":"Failed to fetch URL.","url":"http://example.com","attempt":3,"backoff":1}
{"level":"info","ts":1633871992.199331,"caller":"test_go_log/zap.go:119","msg":"Failed to fetch URL: http://example.com"}
{"level":"info","ts":1633871992.199336,"caller":"test_go_log/zap.go:104","msg":"Failed to fetch URL.","url":"http://example.com","attempt":3,"backoff":1}
{"level":"info","ts":1633871992.199341,"caller":"test_go_log/zap.go:113","msg":"Failed to fetch URL.","url":"http://example.com","attempt":3,"backoff":1}
{"level":"info","ts":1633871992.199347,"caller":"test_go_log/zap.go:119","msg":"Failed to fetch URL: http://example.com"}
{"level":"info","ts":1633871992.199352,"caller":"test_go_log/zap.go:104","msg":"Failed to fetch URL.","url":"http://example.com","attempt":3,"backoff":1}
{"level":"info","ts":1633871992.199357,"caller":"test_go_log/zap.go:113","msg":"Failed to fetch URL.","url":"http://example.com","attempt":3,"backoff":1}
{"level":"info","ts":1633871992.199363,"caller":"test_go_log/zap.go:119","msg":"Failed to fetch URL: http://example.com"}
{"level":"info","ts":1633871992.199368,"caller":"test_go_log/zap.go:104","msg":"Failed to fetch URL.","url":"http://example.com","attempt":3,"backoff":1}
{"level":"info","ts":1633871992.199373,"caller":"test_go_log/zap.go:113","msg":"Failed to fetch URL.","url":"http://example.com","attempt":3,"backoff":1}
{"level":"info","ts":1633871992.199379,"caller":"test_go_log/zap.go:119","msg":"Failed to fetch URL: http://example.com"}
{"level":"info","ts":1633871992.199384,"caller":"test_go_log/zap.go:104","msg":"Failed to fetch URL.","url":"http://example.com","attempt":3,"backoff":1}
{"level":"info","ts":1633871992.199389,"caller":"test_go_log/zap.go:113","msg":"Failed to fetch URL.","url":"http://example.com","attempt":3,"backoff":1}
{"level":"info","ts":1633871992.1993961,"caller":"test_go_log/zap.go:119","msg":"Failed to fetch URL: http://example.com"}
{"level":"info","ts":1633871992.199402,"caller":"test_go_log/zap.go:104","msg":"Failed to fetch URL.","url":"http://example.com","attempt":3,"backoff":1}
{"level":"info","ts":1633871992.199408,"caller":"test_go_log/zap.go:113","msg":"Failed to fetch URL.","url":"http://example.com","attempt":3,"backoff":1}
{"level":"info","ts":1633871992.1994162,"caller":"test_go_log/zap.go:119","msg":"Failed to fetch URL: http://example.com"}
{"level":"info","ts":1633871992.199422,"caller":"test_go_log/zap.go:104","msg":"Failed to fetch URL.","url":"http://example.com","attempt":3,"backoff":1}
{"level":"info","ts":1633871992.1994271,"caller":"test_go_log/zap.go:113","msg":"Failed to fetch URL.","url":"http://example.com","attempt":3,"backoff":1}
{"level":"info","ts":1633871992.1994328,"caller":"test_go_log/zap.go:119","msg":"Failed to fetch URL: http://example.com"}
{"level":"info","ts":1633871992.199438,"caller":"test_go_log/zap.go:104","msg":"Failed to fetch URL.","url":"http://example.com","attempt":3,"backoff":1}
{"level":"info","ts":1633871992.1994429,"caller":"test_go_log/zap.go:113","msg":"Failed to fetch URL.","url":"http://example.com","attempt":3,"backoff":1}
{"level":"info","ts":1633871992.199449,"caller":"test_go_log/zap.go:119","msg":"Failed to fetch URL: http://example.com"}
{"level":"info","ts":1633871992.199454,"caller":"test_go_log/zap.go:104","msg":"Failed to fetch URL.","url":"http://example.com","attempt":3,"backoff":1}
{"level":"info","ts":1633871992.199459,"caller":"test_go_log/zap.go:113","msg":"Failed to fetch URL.","url":"http://example.com","attempt":3,"backoff":1}
{"level":"info","ts":1633871992.199465,"caller":"test_go_log/zap.go:119","msg":"Failed to fetch URL: http://example.com"}
{"level":"info","ts":1633871992.19947,"caller":"test_go_log/zap.go:104","msg":"Failed to fetch URL.","url":"http://example.com","attempt":3,"backoff":1}
{"level":"info","ts":1633871992.199475,"caller":"test_go_log/zap.go:113","msg":"Failed to fetch URL.","url":"http://example.com","attempt":3,"backoff":1}
{"level":"info","ts":1633871992.199481,"caller":"test_go_log/zap.go:119","msg":"Failed to fetch URL: http://example.com"}
{"level":"info","ts":1633871992.199486,"caller":"test_go_log/zap.go:104","msg":"Failed to fetch URL.","url":"http://example.com","attempt":3,"backoff":1}
{"level":"info","ts":1633871992.199491,"caller":"test_go_log/zap.go:113","msg":"Failed to fetch URL.","url":"http://example.com","attempt":3,"backoff":1}
{"level":"info","ts":1633871992.199497,"caller":"test_go_log/zap.go:119","msg":"Failed to fetch URL: http://example.com"}
{"level":"info","ts":1633871992.199502,"caller":"test_go_log/zap.go:104","msg":"Failed to fetch URL.","url":"http://example.com","attempt":3,"backoff":1}
{"level":"info","ts":1633871992.199507,"caller":"test_go_log/zap.go:113","msg":"Failed to fetch URL.","url":"http://example.com","attempt":3,"backoff":1}
{"level":"info","ts":1633871992.1995132,"caller":"test_go_log/zap.go:119","msg":"Failed to fetch URL: http://example.com"}
{"level":"info","ts":1633871992.199518,"caller":"test_go_log/zap.go:104","msg":"Failed to fetch URL.","url":"http://example.com","attempt":3,"backoff":1}
{"level":"info","ts":1633871992.199523,"caller":"test_go_log/zap.go:113","msg":"Failed to fetch URL.","url":"http://example.com","attempt":3,"backoff":1}
{"level":"info","ts":1633871992.199529,"caller":"test_go_log/zap.go:119","msg":"Failed to fetch URL: http://example.com"}
{"level":"info","ts":1633871992.1995342,"caller":"test_go_log/zap.go:104","msg":"Failed to fetch URL.","url":"http://example.com","attempt":3,"backoff":1}
{"level":"info","ts":1633871992.199539,"caller":"test_go_log/zap.go:113","msg":"Failed to fetch URL.","url":"http://example.com","attempt":3,"backoff":1}
{"level":"info","ts":1633871992.1995451,"caller":"test_go_log/zap.go:119","msg":"Failed to fetch URL: http://example.com"}
{"level":"info","ts":1633871992.19955,"caller":"test_go_log/zap.go:104","msg":"Failed to fetch URL.","url":"http://example.com","attempt":3,"backoff":1}
{"level":"info","ts":1633871992.1995552,"caller":"test_go_log/zap.go:113","msg":"Failed to fetch URL.","url":"http://example.com","attempt":3,"backoff":1}
{"level":"info","ts":1633871992.1995609,"caller":"test_go_log/zap.go:119","msg":"Failed to fetch URL: http://example.com"}
{"level":"info","ts":1633871992.1995661,"caller":"test_go_log/zap.go:104","msg":"Failed to fetch URL.","url":"http://example.com","attempt":3,"backoff":1}
{"level":"info","ts":1633871992.199571,"caller":"test_go_log/zap.go:113","msg":"Failed to fetch URL.","url":"http://example.com","attempt":3,"backoff":1}
{"level":"info","ts":1633871992.199577,"caller":"test_go_log/zap.go:119","msg":"Failed to fetch URL: http://example.com"}
{"level":"info","ts":1633871992.1995819,"caller":"test_go_log/zap.go:104","msg":"Failed to fetch URL.","url":"http://example.com","attempt":3,"backoff":1}
{"level":"info","ts":1633871992.199587,"caller":"test_go_log/zap.go:113","msg":"Failed to fetch URL.","url":"http://example.com","attempt":3,"backoff":1}
{"level":"info","ts":1633871992.199593,"caller":"test_go_log/zap.go:119","msg":"Failed to fetch URL: http://example.com"}
{"level":"info","ts":1633871992.199598,"caller":"test_go_log/zap.go:104","msg":"Failed to fetch URL.","url":"http://example.com","attempt":3,"backoff":1}
{"level":"info","ts":1633871992.1996028,"caller":"test_go_log/zap.go:113","msg":"Failed to fetch URL.","url":"http://example.com","attempt":3,"backoff":1}
{"level":"info","ts":1633871992.199609,"caller":"test_go_log/zap.go:119","msg":"Failed to fetch URL: http://example.com"}
{"level":"info","ts":1633871992.199618,"caller":"test_go_log/zap.go:104","msg":"Failed to fetch URL.","url":"http://example.com","attempt":3,"backoff":1}
{"level":"info","ts":1633871992.1996229,"caller":"test_go_log/zap.go:113","msg":"Failed to fetch URL.","url":"http://example.com","attempt":3,"backoff":1}
{"level":"info","ts":1633871992.199628,"caller":"test_go_log/zap.go:119","msg":"Failed to fetch URL: http://example.com"}
{"level":"info","ts":1633871992.199633,"caller":"test_go_log/zap.go:104","msg":"Failed to fetch URL.","url":"http://example.com","attempt":3,"backoff":1}
{"level":"info","ts":1633871992.199639,"caller":"test_go_log/zap.go:113","msg":"Failed to fetch URL.","url":"http://example.com","attempt":3,"backoff":1}
{"level":"info","ts":1633871992.1996439,"caller":"test_go_log/zap.go:119","msg":"Failed to fetch URL: http://example.com"}
{"level":"info","ts":1633871992.199649,"caller":"test_go_log/zap.go:104","msg":"Failed to fetch URL.","url":"http://example.com","attempt":3,"backoff":1}
{"level":"info","ts":1633871992.1996539,"caller":"test_go_log/zap.go:113","msg":"Failed to fetch URL.","url":"http://example.com","attempt":3,"backoff":1}
{"level":"info","ts":1633871992.19966,"caller":"test_go_log/zap.go:119","msg":"Failed to fetch URL: http://example.com"}
{"level":"info","ts":1633871992.199666,"caller":"test_go_log/zap.go:104","msg":"Failed to fetch URL.","url":"http://example.com","attempt":3,"backoff":1}
{"level":"info","ts":1633871992.199671,"caller":"test_go_log/zap.go:113","msg":"Failed to fetch URL.","url":"http://example.com","attempt":3,"backoff":1}
{"level":"info","ts":1633871992.1996758,"caller":"test_go_log/zap.go:119","msg":"Failed to fetch URL: http://example.com"}
{"level":"info","ts":1633871992.199681,"caller":"test_go_log/zap.go:104","msg":"Failed to fetch URL.","url":"http://example.com","attempt":3,"backoff":1}
{"level":"info","ts":1633871992.199687,"caller":"test_go_log/zap.go:113","msg":"Failed to fetch URL.","url":"http://example.com","attempt":3,"backoff":1}
{"level":"info","ts":1633871992.199692,"caller":"test_go_log/zap.go:119","msg":"Failed to fetch URL: http://example.com"}
{"level":"info","ts":1633871992.1996968,"caller":"test_go_log/zap.go:104","msg":"Failed to fetch URL.","url":"http://example.com","attempt":3,"backoff":1}
{"level":"info","ts":1633871992.199702,"caller":"test_go_log/zap.go:113","msg":"Failed to fetch URL.","url":"http://example.com","attempt":3,"backoff":1}
{"level":"info","ts":1633871992.199708,"caller":"test_go_log/zap.go:119","msg":"Failed to fetch URL: http://example.com"}
{"level":"info","ts":1633871992.199714,"caller":"test_go_log/zap.go:104","msg":"Failed to fetch URL.","url":"http://example.com","attempt":3,"backoff":1}
{"level":"info","ts":1633871992.199719,"caller":"test_go_log/zap.go:113","msg":"Failed to fetch URL.","url":"http://example.com","attempt":3,"backoff":1}
{"level":"info","ts":1633871992.199724,"caller":"test_go_log/zap.go:119","msg":"Failed to fetch URL: http://example.com"}
{"level":"info","ts":1633871992.199729,"caller":"test_go_log/zap.go:104","msg":"Failed to fetch URL.","url":"http://example.com","attempt":3,"backoff":1}
{"level":"info","ts":1633871992.199735,"caller":"test_go_log/zap.go:113","msg":"Failed to fetch URL.","url":"http://example.com","attempt":3,"backoff":1}
{"level":"info","ts":1633871992.19974,"caller":"test_go_log/zap.go:119","msg":"Failed to fetch URL: http://example.com"}
{"level":"info","ts":1633871992.1997461,"caller":"test_go_log/zap.go:104","msg":"Failed to fetch URL.","url":"http://example.com","attempt":3,"backoff":1}
{"level":"info","ts":1633871992.199751,"caller":"test_go_log/zap.go:113","msg":"Failed to fetch URL.","url":"http://example.com","attempt":3,"backoff":1}
{"level":"info","ts":1633871992.199758,"caller":"test_go_log/zap.go:119","msg":"Failed to fetch URL: http://example.com"}
{"level":"info","ts":1633871992.199763,"caller":"test_go_log/zap.go:104","msg":"Failed to fetch URL.","url":"http://example.com","attempt":3,"backoff":1}
{"level":"info","ts":1633871992.199769,"caller":"test_go_log/zap.go:113","msg":"Failed to fetch URL.","url":"http://example.com","attempt":3,"backoff":1}
{"level":"info","ts":1633871992.199774,"caller":"test_go_log/zap.go:119","msg":"Failed to fetch URL: http://example.com"}
{"level":"info","ts":1633871992.19978,"caller":"test_go_log/zap.go:104","msg":"Failed to fetch URL.","url":"http://example.com","attempt":3,"backoff":1}
{"level":"info","ts":1633871992.199784,"caller":"test_go_log/zap.go:113","msg":"Failed to fetch URL.","url":"http://example.com","attempt":3,"backoff":1}
{"level":"info","ts":1633871992.19979,"caller":"test_go_log/zap.go:119","msg":"Failed to fetch URL: http://example.com"}
{"level":"info","ts":1633871992.199795,"caller":"test_go_log/zap.go:104","msg":"Failed to fetch URL.","url":"http://example.com","attempt":3,"backoff":1}
{"level":"info","ts":1633871992.1998,"caller":"test_go_log/zap.go:113","msg":"Failed to fetch URL.","url":"http://example.com","attempt":3,"backoff":1}
{"level":"info","ts":1633871992.199806,"caller":"test_go_log/zap.go:119","msg":"Failed to fetch URL: http://example.com"}
{"level":"info","ts":1633871992.199811,"caller":"test_go_log/zap.go:104","msg":"Failed to fetch URL.","url":"http://example.com","attempt":3,"backoff":1}
{"level":"info","ts":1633871992.199817,"caller":"test_go_log/zap.go:113","msg":"Failed to fetch URL.","url":"http://example.com","attempt":3,"backoff":1}
{"level":"info","ts":1633871992.1998222,"caller":"test_go_log/zap.go:119","msg":"Failed to fetch URL: http://example.com"}
{"level":"info","ts":1633871992.19983,"caller":"test_go_log/zap.go:104","msg":"Failed to fetch URL.","url":"http://example.com","attempt":3,"backoff":1}
{"level":"info","ts":1633871992.1998348,"caller":"test_go_log/zap.go:113","msg":"Failed to fetch URL.","url":"http://example.com","attempt":3,"backoff":1}
{"level":"info","ts":1633871992.199841,"caller":"test_go_log/zap.go:119","msg":"Failed to fetch URL: http://example.com"}
{"level":"info","ts":1633871992.1998458,"caller":"test_go_log/zap.go:104","msg":"Failed to fetch URL.","url":"http://example.com","attempt":3,"backoff":1}
{"level":"info","ts":1633871992.199851,"caller":"test_go_log/zap.go:113","msg":"Failed to fetch URL.","url":"http://example.com","attempt":3,"backoff":1}
{"level":"info","ts":1633871992.199857,"caller":"test_go_log/zap.go:119","msg":"Failed to fetch URL: http://example.com"}
{"level":"info","ts":1633871992.199862,"caller":"test_go_log/zap.go:104","msg":"Failed to fetch URL.","url":"http://example.com","attempt":3,"backoff":1}
{"level":"info","ts":1633871992.1998668,"caller":"test_go_log/zap.go:113","msg":"Failed to fetch URL.","url":"http://example.com","attempt":3,"backoff":1}
{"level":"info","ts":1633871992.199873,"caller":"test_go_log/zap.go:119","msg":"Failed to fetch URL: http://example.com"}
{"level":"info","ts":1633871992.199878,"caller":"test_go_log/zap.go:104","msg":"Failed to fetch URL.","url":"http://example.com","attempt":3,"backoff":1}
{"level":"info","ts":1633871992.199883,"caller":"test_go_log/zap.go:113","msg":"Failed to fetch URL.","url":"http://example.com","attempt":3,"backoff":1}
{"level":"info","ts":1633871992.199889,"caller":"test_go_log/zap.go:119","msg":"Failed to fetch URL: http://example.com"}
{"level":"info","ts":1633871992.199894,"caller":"test_go_log/zap.go:104","msg":"Failed to fetch URL.","url":"http://example.com","attempt":3,"backoff":1}
{"level":"info","ts":1633871992.199899,"caller":"test_go_log/zap.go:113","msg":"Failed to fetch URL.","url":"http://example.com","attempt":3,"backoff":1}
{"level":"info","ts":1633871992.199905,"caller":"test_go_log/zap.go:119","msg":"Failed to fetch URL: http://example.com"}
{"level":"info","ts":1633871992.19991,"caller":"test_go_log/zap.go:104","msg":"Failed to fetch URL.","url":"http://example.com","attempt":3,"backoff":1}
{"level":"info","ts":1633871992.199915,"caller":"test_go_log/zap.go:113","msg":"Failed to fetch URL.","url":"http://example.com","attempt":3,"backoff":1}
{"level":"info","ts":1633871992.199921,"caller":"test_go_log/zap.go:119","msg":"Failed to fetch URL: http://example.com"}
{"level":"info","ts":1633871992.199926,"caller":"test_go_log/zap.go:104","msg":"Failed to fetch URL.","url":"http://example.com","attempt":3,"backoff":1}
{"level":"info","ts":1633871992.199931,"caller":"test_go_log/zap.go:113","msg":"Failed to fetch URL.","url":"http://example.com","attempt":3,"backoff":1}
{"level":"info","ts":1633871992.199937,"caller":"test_go_log/zap.go:119","msg":"Failed to fetch URL: http://example.com"}
{"level":"info","ts":1633871992.1999419,"caller":"test_go_log/zap.go:104","msg":"Failed to fetch URL.","url":"http://example.com","attempt":3,"backoff":1}
{"level":"info","ts":1633871992.199947,"caller":"test_go_log/zap.go:113","msg":"Failed to fetch URL.","url":"http://example.com","attempt":3,"backoff":1}
{"level":"info","ts":1633871992.1999528,"caller":"test_go_log/zap.go:119","msg":"Failed to fetch URL: http://example.com"}
{"level":"info","ts":1633871992.199958,"caller":"test_go_log/zap.go:104","msg":"Failed to fetch URL.","url":"http://example.com","attempt":3,"backoff":1}
{"level":"info","ts":1633871992.1999629,"caller":"test_go_log/zap.go:113","msg":"Failed to fetch URL.","url":"http://example.com","attempt":3,"backoff":1}
{"level":"info","ts":1633871992.199969,"caller":"test_go_log/zap.go:119","msg":"Failed to fetch URL: http://example.com"}
{"level":"info","ts":1633871992.199975,"caller":"test_go_log/zap.go:104","msg":"Failed to fetch URL.","url":"http://example.com","attempt":3,"backoff":1}
{"level":"info","ts":1633871992.19998,"caller":"test_go_log/zap.go:113","msg":"Failed to fetch URL.","url":"http://example.com","attempt":3,"backoff":1}
{"level":"info","ts":1633871992.199986,"caller":"test_go_log/zap.go:119","msg":"Failed to fetch URL: http://example.com"}
{"level":"info","ts":1633871992.199991,"caller":"test_go_log/zap.go:104","msg":"Failed to fetch URL.","url":"http://example.com","attempt":3,"backoff":1}
{"level":"info","ts":1633871992.199996,"caller":"test_go_log/zap.go:113","msg":"Failed to fetch URL.","url":"http://example.com","attempt":3,"backoff":1}
{"level":"info","ts":1633871992.200001,"caller":"test_go_log/zap.go:119","msg":"Failed to fetch URL: http://example.com"}
{"level":"info","ts":1633871992.200007,"caller":"test_go_log/zap.go:104","msg":"Failed to fetch URL.","url":"http://example.com","attempt":3,"backoff":1}
{"level":"info","ts":1633871992.200012,"caller":"test_go_log/zap.go:113","msg":"Failed to fetch URL.","url":"http://example.com","attempt":3,"backoff":1}
{"level":"info","ts":1633871992.20002,"caller":"test_go_log/zap.go:119","msg":"Failed to fetch URL: http://example.com"}
{"level":"info","ts":1633871992.200025,"caller":"test_go_log/zap.go:104","msg":"Failed to fetch URL.","url":"http://example.com","attempt":3,"backoff":1}
{"level":"info","ts":1633871992.2000299,"caller":"test_go_log/zap.go:113","msg":"Failed to fetch URL.","url":"http://example.com","attempt":3,"backoff":1}
{"level":"info","ts":1633871992.200036,"caller":"test_go_log/zap.go:119","msg":"Failed to fetch URL: http://example.com"}
{"level":"info","ts":1633871992.200044,"caller":"test_go_log/zap.go:104","msg":"Failed to fetch URL.","url":"http://example.com","attempt":3,"backoff":1}
{"level":"info","ts":1633871992.200049,"caller":"test_go_log/zap.go:113","msg":"Failed to fetch URL.","url":"http://example.com","attempt":3,"backoff":1}
{"level":"info","ts":1633871992.200054,"caller":"test_go_log/zap.go:119","msg":"Failed to fetch URL: http://example.com"}
{"level":"info","ts":1633871992.20006,"caller":"test_go_log/zap.go:104","msg":"Failed to fetch URL.","url":"http://example.com","attempt":3,"backoff":1}
{"level":"info","ts":1633871992.2000651,"caller":"test_go_log/zap.go:113","msg":"Failed to fetch URL.","url":"http://example.com","attempt":3,"backoff":1}
{"level":"info","ts":1633871992.2000709,"caller":"test_go_log/zap.go:119","msg":"Failed to fetch URL: http://example.com"}
{"level":"info","ts":1633871992.200076,"caller":"test_go_log/zap.go:104","msg":"Failed to fetch URL.","url":"http://example.com","attempt":3,"backoff":1}
{"level":"info","ts":1633871992.2000809,"caller":"test_go_log/zap.go:113","msg":"Failed to fetch URL.","url":"http://example.com","attempt":3,"backoff":1}
{"level":"info","ts":1633871992.200087,"caller":"test_go_log/zap.go:119","msg":"Failed to fetch URL: http://example.com"}
{"level":"info","ts":1633871992.2000918,"caller":"test_go_log/zap.go:104","msg":"Failed to fetch URL.","url":"http://example.com","attempt":3,"backoff":1}
{"level":"info","ts":1633871992.200097,"caller":"test_go_log/zap.go:113","msg":"Failed to fetch URL.","url":"http://example.com","attempt":3,"backoff":1}
{"level":"info","ts":1633871992.200104,"caller":"test_go_log/zap.go:119","msg":"Failed to fetch URL: http://example.com"}
{"level":"info","ts":1633871992.200109,"caller":"test_go_log/zap.go:104","msg":"Failed to fetch URL.","url":"http://example.com","attempt":3,"backoff":1}
{"level":"info","ts":1633871992.200114,"caller":"test_go_log/zap.go:113","msg":"Failed to fetch URL.","url":"http://example.com","attempt":3,"backoff":1}
{"level":"info","ts":1633871992.20012,"caller":"test_go_log/zap.go:119","msg":"Failed to fetch URL: http://example.com"}
{"level":"info","ts":1633871992.200125,"caller":"test_go_log/zap.go:104","msg":"Failed to fetch URL.","url":"http://example.com","attempt":3,"backoff":1}
{"level":"info","ts":1633871992.20013,"caller":"test_go_log/zap.go:113","msg":"Failed to fetch URL.","url":"http://example.com","attempt":3,"backoff":1}
{"level":"info","ts":1633871992.200136,"caller":"test_go_log/zap.go:119","msg":"Failed to fetch URL: http://example.com"}
{"level":"info","ts":1633871992.200141,"caller":"test_go_log/zap.go:104","msg":"Failed to fetch URL.","url":"http://example.com","attempt":3,"backoff":1}
{"level":"info","ts":1633871992.200146,"caller":"test_go_log/zap.go:113","msg":"Failed to fetch URL.","url":"http://example.com","attempt":3,"backoff":1}
{"level":"info","ts":1633871992.2001522,"caller":"test_go_log/zap.go:119","msg":"Failed to fetch URL: http://example.com"}
{"level":"info","ts":1633871992.200157,"caller":"test_go_log/zap.go:104","msg":"Failed to fetch URL.","url":"http://example.com","attempt":3,"backoff":1}
{"level":"info","ts":1633871992.200162,"caller":"test_go_log/zap.go:113","msg":"Failed to fetch URL.","url":"http://example.com","attempt":3,"backoff":1}
{"level":"info","ts":1633871992.200168,"caller":"test_go_log/zap.go:119","msg":"Failed to fetch URL: http://example.com"}
{"level":"info","ts":1633871992.2001731,"caller":"test_go_log/zap.go:104","msg":"Failed to fetch URL.","url":"http://example.com","attempt":3,"backoff":1}
{"level":"info","ts":1633871992.200178,"caller":"test_go_log/zap.go:113","msg":"Failed to fetch URL.","url":"http://example.com","attempt":3,"backoff":1}
{"level":"info","ts":1633871992.200184,"caller":"test_go_log/zap.go:119","msg":"Failed to fetch URL: http://example.com"}
{"level":"info","ts":1633871992.2001889,"caller":"test_go_log/zap.go:104","msg":"Failed to fetch URL.","url":"http://example.com","attempt":3,"backoff":1}
{"level":"info","ts":1633871992.2001941,"caller":"test_go_log/zap.go:113","msg":"Failed to fetch URL.","url":"http://example.com","attempt":3,"backoff":1}
{"level":"info","ts":1633871992.2001998,"caller":"test_go_log/zap.go:119","msg":"Failed to fetch URL: http://example.com"}
{"level":"info","ts":1633871992.200205,"caller":"test_go_log/zap.go:104","msg":"Failed to fetch URL.","url":"http://example.com","attempt":3,"backoff":1}
{"level":"info","ts":1633871992.2002099,"caller":"test_go_log/zap.go:113","msg":"Failed to fetch URL.","url":"http://example.com","attempt":3,"backoff":1}
{"level":"info","ts":1633871992.200216,"caller":"test_go_log/zap.go:119","msg":"Failed to fetch URL: http://example.com"}
{"level":"info","ts":1633871992.2002208,"caller":"test_go_log/zap.go:104","msg":"Failed to fetch URL.","url":"http://example.com","attempt":3,"backoff":1}
{"level":"info","ts":1633871992.200226,"caller":"test_go_log/zap.go:113","msg":"Failed to fetch URL.","url":"http://example.com","attempt":3,"backoff":1}
{"level":"info","ts":1633871992.200232,"caller":"test_go_log/zap.go:119","msg":"Failed to fetch URL: http://example.com"}
{"level":"info","ts":1633871992.200237,"caller":"test_go_log/zap.go:104","msg":"Failed to fetch URL.","url":"http://example.com","attempt":3,"backoff":1}
{"level":"info","ts":1633871992.2002418,"caller":"test_go_log/zap.go:113","msg":"Failed to fetch URL.","url":"http://example.com","attempt":3,"backoff":1}
{"level":"info","ts":1633871992.200248,"caller":"test_go_log/zap.go:119","msg":"Failed to fetch URL: http://example.com"}
{"level":"info","ts":1633871992.200256,"caller":"test_go_log/zap.go:104","msg":"Failed to fetch URL.","url":"http://example.com","attempt":3,"backoff":1}
{"level":"info","ts":1633871992.200261,"caller":"test_go_log/zap.go:113","msg":"Failed to fetch URL.","url":"http://example.com","attempt":3,"backoff":1}
{"level":"info","ts":1633871992.200267,"caller":"test_go_log/zap.go:119","msg":"Failed to fetch URL: http://example.com"}
{"level":"info","ts":1633871992.2002718,"caller":"test_go_log/zap.go:104","msg":"Failed to fetch URL.","url":"http://example.com","attempt":3,"backoff":1}
{"level":"info","ts":1633871992.200277,"caller":"test_go_log/zap.go:113","msg":"Failed to fetch URL.","url":"http://example.com","attempt":3,"backoff":1}
{"level":"info","ts":1633871992.2002828,"caller":"test_go_log/zap.go:119","msg":"Failed to fetch URL: http://example.com"}
{"level":"info","ts":1633871992.200289,"caller":"test_go_log/zap.go:104","msg":"Failed to fetch URL.","url":"http://example.com","attempt":3,"backoff":1}
{"level":"info","ts":1633871992.2002938,"caller":"test_go_log/zap.go:113","msg":"Failed to fetch URL.","url":"http://example.com","attempt":3,"backoff":1}
{"level":"info","ts":1633871992.200299,"caller":"test_go_log/zap.go:119","msg":"Failed to fetch URL: http://example.com"}
{"level":"info","ts":1633871992.200304,"caller":"test_go_log/zap.go:104","msg":"Failed to fetch URL.","url":"http://example.com","attempt":3,"backoff":1}
{"level":"info","ts":1633871992.200309,"caller":"test_go_log/zap.go:113","msg":"Failed to fetch URL.","url":"http://example.com","attempt":3,"backoff":1}
{"level":"info","ts":1633871992.200315,"caller":"test_go_log/zap.go:119","msg":"Failed to fetch URL: http://example.com"}
{"level":"info","ts":1633871992.20032,"caller":"test_go_log/zap.go:104","msg":"Failed to fetch URL.","url":"http://example.com","attempt":3,"backoff":1}
{"level":"info","ts":1633871992.200325,"caller":"test_go_log/zap.go:113","msg":"Failed to fetch URL.","url":"http://example.com","attempt":3,"backoff":1}
{"level":"info","ts":1633871992.200331,"caller":"test_go_log/zap.go:119","msg":"Failed to fetch URL: http://example.com"}
{"level":"info","ts":1633871992.200336,"caller":"test_go_log/zap.go:104","msg":"Failed to fetch URL.","url":"http://example.com","attempt":3,"backoff":1}
{"level":"info","ts":1633871992.200341,"caller":"test_go_log/zap.go:113","msg":"Failed to fetch URL.","url":"http://example.com","attempt":3,"backoff":1}
{"level":"info","ts":1633871992.200347,"caller":"test_go_log/zap.go:119","msg":"Failed to fetch URL: http://example.com"}
{"level":"info","ts":1633871992.200352,"caller":"test_go_log/zap.go:104","msg":"Failed to fetch URL.","url":"http://example.com","attempt":3,"backoff":1}
{"level":"info","ts":1633871992.2003572,"caller":"test_go_log/zap.go:113","msg":"Failed to fetch URL.","url":"http://example.com","attempt":3,"backoff":1}
{"level":"info","ts":1633871992.200363,"caller":"test_go_log/zap.go:119","msg":"Failed to fetch URL: http://example.com"}
{"level":"info","ts":1633871992.2003682,"caller":"test_go_log/zap.go:104","msg":"Failed to fetch URL.","url":"http://example.com","attempt":3,"backoff":1}
{"level":"info","ts":1633871992.200373,"caller":"test_go_log/zap.go:113","msg":"Failed to fetch URL.","url":"http://example.com","attempt":3,"backoff":1}
{"level":"info","ts":1633871992.200379,"caller":"test_go_log/zap.go:119","msg":"Failed to fetch URL: http://example.com"}
{"level":"info","ts":1633871992.200384,"caller":"test_go_log/zap.go:104","msg":"Failed to fetch URL.","url":"http://example.com","attempt":3,"backoff":1}
{"level":"info","ts":1633871992.2003891,"caller":"test_go_log/zap.go:113","msg":"Failed to fetch URL.","url":"http://example.com","attempt":3,"backoff":1}
{"level":"info","ts":1633871992.200395,"caller":"test_go_log/zap.go:119","msg":"Failed to fetch URL: http://example.com"}
{"level":"info","ts":1633871992.2003999,"caller":"test_go_log/zap.go:104","msg":"Failed to fetch URL.","url":"http://example.com","attempt":3,"backoff":1}
{"level":"info","ts":1633871992.200405,"caller":"test_go_log/zap.go:113","msg":"Failed to fetch URL.","url":"http://example.com","attempt":3,"backoff":1}
{"level":"info","ts":1633871992.200453,"caller":"test_go_log/zap.go:119","msg":"Failed to fetch URL: http://example.com"}
{"level":"info","ts":1633871992.200469,"caller":"test_go_log/zap.go:104","msg":"Failed to fetch URL.","url":"http://example.com","attempt":3,"backoff":1}
{"level":"info","ts":1633871992.2004778,"caller":"test_go_log/zap.go:113","msg":"Failed to fetch URL.","url":"http://example.com","attempt":3,"backoff":1}
{"level":"info","ts":1633871992.2004879,"caller":"test_go_log/zap.go:119","msg":"Failed to fetch URL: http://example.com"}
{"level":"info","ts":1633871992.200494,"caller":"test_go_log/zap.go:104","msg":"Failed to fetch URL.","url":"http://example.com","attempt":3,"backoff":1}
{"level":"info","ts":1633871992.200499,"caller":"test_go_log/zap.go:113","msg":"Failed to fetch URL.","url":"http://example.com","attempt":3,"backoff":1}
{"level":"info","ts":1633871992.2005088,"caller":"test_go_log/zap.go:119","msg":"Failed to fetch URL: http://example.com"}
{"level":"info","ts":1633871992.200515,"caller":"test_go_log/zap.go:104","msg":"Failed to fetch URL.","url":"http://example.com","attempt":3,"backoff":1}
{"level":"info","ts":1633871992.200521,"caller":"test_go_log/zap.go:113","msg":"Failed to fetch URL.","url":"http://example.com","attempt":3,"backoff":1}
{"level":"info","ts":1633871992.2005272,"caller":"test_go_log/zap.go:119","msg":"Failed to fetch URL: http://example.com"}
{"level":"info","ts":1633871992.2005382,"caller":"test_go_log/zap.go:104","msg":"Failed to fetch URL.","url":"http://example.com","attempt":3,"backoff":1}
{"level":"info","ts":1633871992.200543,"caller":"test_go_log/zap.go:113","msg":"Failed to fetch URL.","url":"http://example.com","attempt":3,"backoff":1}
{"level":"info","ts":1633871992.2005491,"caller":"test_go_log/zap.go:119","msg":"Failed to fetch URL: http://example.com"}
{"level":"info","ts":1633871992.200555,"caller":"test_go_log/zap.go:104","msg":"Failed to fetch URL.","url":"http://example.com","attempt":3,"backoff":1}
{"level":"info","ts":1633871992.20056,"caller":"test_go_log/zap.go:113","msg":"Failed to fetch URL.","url":"http://example.com","attempt":3,"backoff":1}
{"level":"info","ts":1633871992.200566,"caller":"test_go_log/zap.go:119","msg":"Failed to fetch URL: http://example.com"}
{"level":"info","ts":1633871992.200572,"caller":"test_go_log/zap.go:104","msg":"Failed to fetch URL.","url":"http://example.com","attempt":3,"backoff":1}
{"level":"info","ts":1633871992.200577,"caller":"test_go_log/zap.go:113","msg":"Failed to fetch URL.","url":"http://example.com","attempt":3,"backoff":1}
{"level":"info","ts":1633871992.200583,"caller":"test_go_log/zap.go:119","msg":"Failed to fetch URL: http://example.com"}
{"level":"info","ts":1633871992.200588,"caller":"test_go_log/zap.go:104","msg":"Failed to fetch URL.","url":"http://example.com","attempt":3,"backoff":1}
{"level":"info","ts":1633871992.200593,"caller":"test_go_log/zap.go:113","msg":"Failed to fetch URL.","url":"http://example.com","attempt":3,"backoff":1}
{"level":"info","ts":1633871992.200599,"caller":"test_go_log/zap.go:119","msg":"Failed to fetch URL: http://example.com"}
{"level":"info","ts":1633871992.200604,"caller":"test_go_log/zap.go:104","msg":"Failed to fetch URL.","url":"http://example.com","attempt":3,"backoff":1}
{"level":"info","ts":1633871992.200609,"caller":"test_go_log/zap.go:113","msg":"Failed to fetch URL.","url":"http://example.com","attempt":3,"backoff":1}
{"level":"info","ts":1633871992.200615,"caller":"test_go_log/zap.go:119","msg":"Failed to fetch URL: http://example.com"}
{"level":"info","ts":1633871992.20062,"caller":"test_go_log/zap.go:104","msg":"Failed to fetch URL.","url":"http://example.com","attempt":3,"backoff":1}
{"level":"info","ts":1633871992.200625,"caller":"test_go_log/zap.go:113","msg":"Failed to fetch URL.","url":"http://example.com","attempt":3,"backoff":1}
{"level":"info","ts":1633871992.2006311,"caller":"test_go_log/zap.go:119","msg":"Failed to fetch URL: http://example.com"}
{"level":"info","ts":1633871992.200636,"caller":"test_go_log/zap.go:104","msg":"Failed to fetch URL.","url":"http://example.com","attempt":3,"backoff":1}
{"level":"info","ts":1633871992.200641,"caller":"test_go_log/zap.go:113","msg":"Failed to fetch URL.","url":"http://example.com","attempt":3,"backoff":1}
{"level":"info","ts":1633871992.2006469,"caller":"test_go_log/zap.go:119","msg":"Failed to fetch URL: http://example.com"}
{"level":"info","ts":1633871992.2006521,"caller":"test_go_log/zap.go:104","msg":"Failed to fetch URL.","url":"http://example.com","attempt":3,"backoff":1}
{"level":"info","ts":1633871992.2006578,"caller":"test_go_log/zap.go:113","msg":"Failed to fetch URL.","url":"http://example.com","attempt":3,"backoff":1}
{"level":"info","ts":1633871992.200663,"caller":"test_go_log/zap.go:119","msg":"Failed to fetch URL: http://example.com"}
{"level":"info","ts":1633871992.2006688,"caller":"test_go_log/zap.go:104","msg":"Failed to fetch URL.","url":"http://example.com","attempt":3,"backoff":1}
{"level":"info","ts":1633871992.200674,"caller":"test_go_log/zap.go:113","msg":"Failed to fetch URL.","url":"http://example.com","attempt":3,"backoff":1}
{"level":"info","ts":1633871992.20068,"caller":"test_go_log/zap.go:119","msg":"Failed to fetch URL: http://example.com"}
{"level":"info","ts":1633871992.200685,"caller":"test_go_log/zap.go:104","msg":"Failed to fetch URL.","url":"http://example.com","attempt":3,"backoff":1}
{"level":"info","ts":1633871992.20069,"caller":"test_go_log/zap.go:113","msg":"Failed to fetch URL.","url":"http://example.com","attempt":3,"backoff":1}
{"level":"info","ts":1633871992.200696,"caller":"test_go_log/zap.go:119","msg":"Failed to fetch URL: http://example.com"}
{"level":"info","ts":1633871992.200701,"caller":"test_go_log/zap.go:104","msg":"Failed to fetch URL.","url":"http://example.com","attempt":3,"backoff":1}
{"level":"info","ts":1633871992.200706,"caller":"test_go_log/zap.go:113","msg":"Failed to fetch URL.","url":"http://example.com","attempt":3,"backoff":1}
{"level":"info","ts":1633871992.200715,"caller":"test_go_log/zap.go:119","msg":"Failed to fetch URL: http://example.com"}
{"level":"info","ts":1633871992.2007198,"caller":"test_go_log/zap.go:104","msg":"Failed to fetch URL.","url":"http://example.com","attempt":3,"backoff":1}
{"level":"info","ts":1633871992.200727,"caller":"test_go_log/zap.go:113","msg":"Failed to fetch URL.","url":"http://example.com","attempt":3,"backoff":1}
{"level":"info","ts":1633871992.200733,"caller":"test_go_log/zap.go:119","msg":"Failed to fetch URL: http://example.com"}
{"level":"info","ts":1633871992.200741,"caller":"test_go_log/zap.go:104","msg":"Failed to fetch URL.","url":"http://example.com","attempt":3,"backoff":1}
{"level":"info","ts":1633871992.200747,"caller":"test_go_log/zap.go:113","msg":"Failed to fetch URL.","url":"http://example.com","attempt":3,"backoff":1}
{"level":"info","ts":1633871992.200753,"caller":"test_go_log/zap.go:119","msg":"Failed to fetch URL: http://example.com"}
{"level":"info","ts":1633871992.200759,"caller":"test_go_log/zap.go:104","msg":"Failed to fetch URL.","url":"http://example.com","attempt":3,"backoff":1}
{"level":"info","ts":1633871992.200764,"caller":"test_go_log/zap.go:113","msg":"Failed to fetch URL.","url":"http://example.com","attempt":3,"backoff":1}
{"level":"info","ts":1633871992.2007701,"caller":"test_go_log/zap.go:119","msg":"Failed to fetch URL: http://example.com"}
{"level":"info","ts":1633871992.200775,"caller":"test_go_log/zap.go:104","msg":"Failed to fetch URL.","url":"http://example.com","attempt":3,"backoff":1}
{"level":"info","ts":1633871992.20078,"caller":"test_go_log/zap.go:113","msg":"Failed to fetch URL.","url":"http://example.com","attempt":3,"backoff":1}
{"level":"info","ts":1633871992.2007859,"caller":"test_go_log/zap.go:119","msg":"Failed to fetch URL: http://example.com"}
{"level":"info","ts":1633871992.2007911,"caller":"test_go_log/zap.go:104","msg":"Failed to fetch URL.","url":"http://example.com","attempt":3,"backoff":1}
{"level":"info","ts":1633871992.200796,"caller":"test_go_log/zap.go:113","msg":"Failed to fetch URL.","url":"http://example.com","attempt":3,"backoff":1}
{"level":"info","ts":1633871992.200802,"caller":"test_go_log/zap.go:119","msg":"Failed to fetch URL: http://example.com"}
{"level":"info","ts":1633871992.2008069,"caller":"test_go_log/zap.go:104","msg":"Failed to fetch URL.","url":"http://example.com","attempt":3,"backoff":1}
{"level":"info","ts":1633871992.200812,"caller":"test_go_log/zap.go:113","msg":"Failed to fetch URL.","url":"http://example.com","attempt":3,"backoff":1}
{"level":"info","ts":1633871992.2008178,"caller":"test_go_log/zap.go:119","msg":"Failed to fetch URL: http://example.com"}
{"level":"info","ts":1633871992.200823,"caller":"test_go_log/zap.go:104","msg":"Failed to fetch URL.","url":"http://example.com","attempt":3,"backoff":1}
{"level":"info","ts":1633871992.2008278,"caller":"test_go_log/zap.go:113","msg":"Failed to fetch URL.","url":"http://example.com","attempt":3,"backoff":1}
{"level":"info","ts":1633871992.200834,"caller":"test_go_log/zap.go:119","msg":"Failed to fetch URL: http://example.com"}
{"level":"info","ts":1633871992.2008388,"caller":"test_go_log/zap.go:104","msg":"Failed to fetch URL.","url":"http://example.com","attempt":3,"backoff":1}
{"level":"info","ts":1633871992.200844,"caller":"test_go_log/zap.go:113","msg":"Failed to fetch URL.","url":"http://example.com","attempt":3,"backoff":1}
{"level":"info","ts":1633871992.20085,"caller":"test_go_log/zap.go:119","msg":"Failed to fetch URL: http://example.com"}
{"level":"info","ts":1633871992.200855,"caller":"test_go_log/zap.go:104","msg":"Failed to fetch URL.","url":"http://example.com","attempt":3,"backoff":1}
{"level":"info","ts":1633871992.2008598,"caller":"test_go_log/zap.go:113","msg":"Failed to fetch URL.","url":"http://example.com","attempt":3,"backoff":1}
{"level":"info","ts":1633871992.2008698,"caller":"test_go_log/zap.go:119","msg":"Failed to fetch URL: http://example.com"}
{"level":"info","ts":1633871992.200875,"caller":"test_go_log/zap.go:104","msg":"Failed to fetch URL.","url":"http://example.com","attempt":3,"backoff":1}
{"level":"info","ts":1633871992.20088,"caller":"test_go_log/zap.go:113","msg":"Failed to fetch URL.","url":"http://example.com","attempt":3,"backoff":1}
{"level":"info","ts":1633871992.200886,"caller":"test_go_log/zap.go:119","msg":"Failed to fetch URL: http://example.com"}
{"level":"info","ts":1633871992.2008908,"caller":"test_go_log/zap.go:104","msg":"Failed to fetch URL.","url":"http://example.com","attempt":3,"backoff":1}
{"level":"info","ts":1633871992.200896,"caller":"test_go_log/zap.go:113","msg":"Failed to fetch URL.","url":"http://example.com","attempt":3,"backoff":1}
{"level":"info","ts":1633871992.200902,"caller":"test_go_log/zap.go:119","msg":"Failed to fetch URL: http://example.com"}
{"level":"info","ts":1633871992.200907,"caller":"test_go_log/zap.go:104","msg":"Failed to fetch URL.","url":"http://example.com","attempt":3,"backoff":1}
{"level":"info","ts":1633871992.2009118,"caller":"test_go_log/zap.go:113","msg":"Failed to fetch URL.","url":"http://example.com","attempt":3,"backoff":1}
{"level":"info","ts":1633871992.200918,"caller":"test_go_log/zap.go:119","msg":"Failed to fetch URL: http://example.com"}
{"level":"info","ts":1633871992.200923,"caller":"test_go_log/zap.go:104","msg":"Failed to fetch URL.","url":"http://example.com","attempt":3,"backoff":1}
{"level":"info","ts":1633871992.200928,"caller":"test_go_log/zap.go:113","msg":"Failed to fetch URL.","url":"http://example.com","attempt":3,"backoff":1}
{"level":"info","ts":1633871992.200934,"caller":"test_go_log/zap.go:119","msg":"Failed to fetch URL: http://example.com"}
{"level":"info","ts":1633871992.200939,"caller":"test_go_log/zap.go:104","msg":"Failed to fetch URL.","url":"http://example.com","attempt":3,"backoff":1}
{"level":"info","ts":1633871992.2009442,"caller":"test_go_log/zap.go:113","msg":"Failed to fetch URL.","url":"http://example.com","attempt":3,"backoff":1}
{"level":"info","ts":1633871992.20095,"caller":"test_go_log/zap.go:119","msg":"Failed to fetch URL: http://example.com"}
{"level":"info","ts":1633871992.200955,"caller":"test_go_log/zap.go:104","msg":"Failed to fetch URL.","url":"http://example.com","attempt":3,"backoff":1}
{"level":"info","ts":1633871992.20096,"caller":"test_go_log/zap.go:113","msg":"Failed to fetch URL.","url":"http://example.com","attempt":3,"backoff":1}
{"level":"info","ts":1633871992.200966,"caller":"test_go_log/zap.go:119","msg":"Failed to fetch URL: http://example.com"}
{"level":"info","ts":1633871992.200972,"caller":"test_go_log/zap.go:104","msg":"Failed to fetch URL.","url":"http://example.com","attempt":3,"backoff":1}
{"level":"info","ts":1633871992.2009768,"caller":"test_go_log/zap.go:113","msg":"Failed to fetch URL.","url":"http://example.com","attempt":3,"backoff":1}
{"level":"info","ts":1633871992.200983,"caller":"test_go_log/zap.go:119","msg":"Failed to fetch URL: http://example.com"}
{"level":"info","ts":1633871992.2009878,"caller":"test_go_log/zap.go:104","msg":"Failed to fetch URL.","url":"http://example.com","attempt":3,"backoff":1}
{"level":"info","ts":1633871992.200993,"caller":"test_go_log/zap.go:113","msg":"Failed to fetch URL.","url":"http://example.com","attempt":3,"backoff":1}
{"level":"info","ts":1633871992.200999,"caller":"test_go_log/zap.go:119","msg":"Failed to fetch URL: http://example.com"}
{"level":"info","ts":1633871992.201004,"caller":"test_go_log/zap.go:104","msg":"Failed to fetch URL.","url":"http://example.com","attempt":3,"backoff":1}
{"level":"info","ts":1633871992.2010088,"caller":"test_go_log/zap.go:113","msg":"Failed to fetch URL.","url":"http://example.com","attempt":3,"backoff":1}
{"level":"info","ts":1633871992.201015,"caller":"test_go_log/zap.go:119","msg":"Failed to fetch URL: http://example.com"}
{"level":"info","ts":1633871992.20102,"caller":"test_go_log/zap.go:104","msg":"Failed to fetch URL.","url":"http://example.com","attempt":3,"backoff":1}
{"level":"info","ts":1633871992.201026,"caller":"test_go_log/zap.go:113","msg":"Failed to fetch URL.","url":"http://example.com","attempt":3,"backoff":1}
{"level":"info","ts":1633871992.201031,"caller":"test_go_log/zap.go:119","msg":"Failed to fetch URL: http://example.com"}
{"level":"info","ts":1633871992.2010372,"caller":"test_go_log/zap.go:104","msg":"Failed to fetch URL.","url":"http://example.com","attempt":3,"backoff":1}
{"level":"info","ts":1633871992.201042,"caller":"test_go_log/zap.go:113","msg":"Failed to fetch URL.","url":"http://example.com","attempt":3,"backoff":1}
{"level":"info","ts":1633871992.201047,"caller":"test_go_log/zap.go:119","msg":"Failed to fetch URL: http://example.com"}
{"level":"info","ts":1633871992.201052,"caller":"test_go_log/zap.go:104","msg":"Failed to fetch URL.","url":"http://example.com","attempt":3,"backoff":1}
{"level":"info","ts":1633871992.201057,"caller":"test_go_log/zap.go:113","msg":"Failed to fetch URL.","url":"http://example.com","attempt":3,"backoff":1}
{"level":"info","ts":1633871992.201063,"caller":"test_go_log/zap.go:119","msg":"Failed to fetch URL: http://example.com"}
{"level":"info","ts":1633871992.201068,"caller":"test_go_log/zap.go:104","msg":"Failed to fetch URL.","url":"http://example.com","attempt":3,"backoff":1}
{"level":"info","ts":1633871992.201073,"caller":"test_go_log/zap.go:113","msg":"Failed to fetch URL.","url":"http://example.com","attempt":3,"backoff":1}
{"level":"info","ts":1633871992.2010791,"caller":"test_go_log/zap.go:119","msg":"Failed to fetch URL: http://example.com"}
{"level":"info","ts":1633871992.2010849,"caller":"test_go_log/zap.go:104","msg":"Failed to fetch URL.","url":"http://example.com","attempt":3,"backoff":1}
{"level":"info","ts":1633871992.20109,"caller":"test_go_log/zap.go:113","msg":"Failed to fetch URL.","url":"http://example.com","attempt":3,"backoff":1}
{"level":"info","ts":1633871992.2010958,"caller":"test_go_log/zap.go:119","msg":"Failed to fetch URL: http://example.com"}
{"level":"info","ts":1633871992.201101,"caller":"test_go_log/zap.go:104","msg":"Failed to fetch URL.","url":"http://example.com","attempt":3,"backoff":1}
{"level":"info","ts":1633871992.2011049,"caller":"test_go_log/zap.go:113","msg":"Failed to fetch URL.","url":"http://example.com","attempt":3,"backoff":1}
{"level":"info","ts":1633871992.2011101,"caller":"test_go_log/zap.go:119","msg":"Failed to fetch URL: http://example.com"}
{"level":"info","ts":1633871992.201115,"caller":"test_go_log/zap.go:104","msg":"Failed to fetch URL.","url":"http://example.com","attempt":3,"backoff":1}
{"level":"info","ts":1633871992.201119,"caller":"test_go_log/zap.go:113","msg":"Failed to fetch URL.","url":"http://example.com","attempt":3,"backoff":1}
{"level":"info","ts":1633871992.2011242,"caller":"test_go_log/zap.go:119","msg":"Failed to fetch URL: http://example.com"}
{"level":"info","ts":1633871992.201129,"caller":"test_go_log/zap.go:104","msg":"Failed to fetch URL.","url":"http://example.com","attempt":3,"backoff":1}
{"level":"info","ts":1633871992.201133,"caller":"test_go_log/zap.go:113","msg":"Failed to fetch URL.","url":"http://example.com","attempt":3,"backoff":1}
{"level":"info","ts":1633871992.201138,"caller":"test_go_log/zap.go:119","msg":"Failed to fetch URL: http://example.com"}
{"level":"info","ts":1633871992.201143,"caller":"test_go_log/zap.go:104","msg":"Failed to fetch URL.","url":"http://example.com","attempt":3,"backoff":1}
{"level":"info","ts":1633871992.2011468,"caller":"test_go_log/zap.go:113","msg":"Failed to fetch URL.","url":"http://example.com","attempt":3,"backoff":1}
{"level":"info","ts":1633871992.201152,"caller":"test_go_log/zap.go:119","msg":"Failed to fetch URL: http://example.com"}
{"level":"info","ts":1633871992.201157,"caller":"test_go_log/zap.go:104","msg":"Failed to fetch URL.","url":"http://example.com","attempt":3,"backoff":1}
{"level":"info","ts":1633871992.201161,"caller":"test_go_log/zap.go:113","msg":"Failed to fetch URL.","url":"http://example.com","attempt":3,"backoff":1}
{"level":"info","ts":1633871992.2011662,"caller":"test_go_log/zap.go:119","msg":"Failed to fetch URL: http://example.com"}
{"level":"info","ts":1633871992.201174,"caller":"test_go_log/zap.go:104","msg":"Failed to fetch URL.","url":"http://example.com","attempt":3,"backoff":1}
{"level":"info","ts":1633871992.201198,"caller":"test_go_log/zap.go:113","msg":"Failed to fetch URL.","url":"http://example.com","attempt":3,"backoff":1}
{"level":"info","ts":1633871992.201204,"caller":"test_go_log/zap.go:119","msg":"Failed to fetch URL: http://example.com"}
{"level":"info","ts":1633871992.201208,"caller":"test_go_log/zap.go:104","msg":"Failed to fetch URL.","url":"http://example.com","attempt":3,"backoff":1}
{"level":"info","ts":1633871992.201213,"caller":"test_go_log/zap.go:113","msg":"Failed to fetch URL.","url":"http://example.com","attempt":3,"backoff":1}
{"level":"info","ts":1633871992.201219,"caller":"test_go_log/zap.go:119","msg":"Failed to fetch URL: http://example.com"}
{"level":"info","ts":1633871992.2012239,"caller":"test_go_log/zap.go:104","msg":"Failed to fetch URL.","url":"http://example.com","attempt":3,"backoff":1}
{"level":"info","ts":1633871992.2012281,"caller":"test_go_log/zap.go:113","msg":"Failed to fetch URL.","url":"http://example.com","attempt":3,"backoff":1}
{"level":"info","ts":1633871992.201233,"caller":"test_go_log/zap.go:119","msg":"Failed to fetch URL: http://example.com"}
{"level":"info","ts":1633871992.201238,"caller":"test_go_log/zap.go:104","msg":"Failed to fetch URL.","url":"http://example.com","attempt":3,"backoff":1}
{"level":"info","ts":1633871992.201243,"caller":"test_go_log/zap.go:113","msg":"Failed to fetch URL.","url":"http://example.com","attempt":3,"backoff":1}
{"level":"info","ts":1633871992.201248,"caller":"test_go_log/zap.go:119","msg":"Failed to fetch URL: http://example.com"}
{"level":"info","ts":1633871992.201252,"caller":"test_go_log/zap.go:104","msg":"Failed to fetch URL.","url":"http://example.com","attempt":3,"backoff":1}
{"level":"info","ts":1633871992.201257,"caller":"test_go_log/zap.go:113","msg":"Failed to fetch URL.","url":"http://example.com","attempt":3,"backoff":1}
{"level":"info","ts":1633871992.201262,"caller":"test_go_log/zap.go:119","msg":"Failed to fetch URL: http://example.com"}
{"level":"info","ts":1633871992.2012658,"caller":"test_go_log/zap.go:104","msg":"Failed to fetch URL.","url":"http://example.com","attempt":3,"backoff":1}
{"level":"info","ts":1633871992.201271,"caller":"test_go_log/zap.go:113","msg":"Failed to fetch URL.","url":"http://example.com","attempt":3,"backoff":1}
{"level":"info","ts":1633871992.2012758,"caller":"test_go_log/zap.go:119","msg":"Failed to fetch URL: http://example.com"}
{"level":"info","ts":1633871992.201281,"caller":"test_go_log/zap.go:104","msg":"Failed to fetch URL.","url":"http://example.com","attempt":3,"backoff":1}
{"level":"info","ts":1633871992.2012851,"caller":"test_go_log/zap.go:113","msg":"Failed to fetch URL.","url":"http://example.com","attempt":3,"backoff":1}
{"level":"info","ts":1633871992.20129,"caller":"test_go_log/zap.go:119","msg":"Failed to fetch URL: http://example.com"}
{"level":"info","ts":1633871992.2012951,"caller":"test_go_log/zap.go:104","msg":"Failed to fetch URL.","url":"http://example.com","attempt":3,"backoff":1}
{"level":"info","ts":1633871992.201299,"caller":"test_go_log/zap.go:113","msg":"Failed to fetch URL.","url":"http://example.com","attempt":3,"backoff":1}
{"level":"info","ts":1633871992.201304,"caller":"test_go_log/zap.go:119","msg":"Failed to fetch URL: http://example.com"}
{"level":"info","ts":1633871992.201309,"caller":"test_go_log/zap.go:104","msg":"Failed to fetch URL.","url":"http://example.com","attempt":3,"backoff":1}
{"level":"info","ts":1633871992.201313,"caller":"test_go_log/zap.go:113","msg":"Failed to fetch URL.","url":"http://example.com","attempt":3,"backoff":1}
{"level":"info","ts":1633871992.2013178,"caller":"test_go_log/zap.go:119","msg":"Failed to fetch URL: http://example.com"}
{"level":"info","ts":1633871992.201323,"caller":"test_go_log/zap.go:104","msg":"Failed to fetch URL.","url":"http://example.com","attempt":3,"backoff":1}
{"level":"info","ts":1633871992.201327,"caller":"test_go_log/zap.go:113","msg":"Failed to fetch URL.","url":"http://example.com","attempt":3,"backoff":1}
{"level":"info","ts":1633871992.201334,"caller":"test_go_log/zap.go:119","msg":"Failed to fetch URL: http://example.com"}
{"level":"info","ts":1633871992.2013388,"caller":"test_go_log/zap.go:104","msg":"Failed to fetch URL.","url":"http://example.com","attempt":3,"backoff":1}
{"level":"info","ts":1633871992.201343,"caller":"test_go_log/zap.go:113","msg":"Failed to fetch URL.","url":"http://example.com","attempt":3,"backoff":1}
{"level":"info","ts":1633871992.201348,"caller":"test_go_log/zap.go:119","msg":"Failed to fetch URL: http://example.com"}
{"level":"info","ts":1633871992.201353,"caller":"test_go_log/zap.go:104","msg":"Failed to fetch URL.","url":"http://example.com","attempt":3,"backoff":1}
{"level":"info","ts":1633871992.201358,"caller":"test_go_log/zap.go:113","msg":"Failed to fetch URL.","url":"http://example.com","attempt":3,"backoff":1}
{"level":"info","ts":1633871992.201365,"caller":"test_go_log/zap.go:119","msg":"Failed to fetch URL: http://example.com"}
{"level":"info","ts":1633871992.20137,"caller":"test_go_log/zap.go:104","msg":"Failed to fetch URL.","url":"http://example.com","attempt":3,"backoff":1}
{"level":"info","ts":1633871992.201375,"caller":"test_go_log/zap.go:113","msg":"Failed to fetch URL.","url":"http://example.com","attempt":3,"backoff":1}
{"level":"info","ts":1633871992.20138,"caller":"test_go_log/zap.go:119","msg":"Failed to fetch URL: http://example.com"}
{"level":"info","ts":1633871992.201385,"caller":"test_go_log/zap.go:104","msg":"Failed to fetch URL.","url":"http://example.com","attempt":3,"backoff":1}
{"level":"info","ts":1633871992.20139,"caller":"test_go_log/zap.go:113","msg":"Failed to fetch URL.","url":"http://example.com","attempt":3,"backoff":1}
{"level":"info","ts":1633871992.201395,"caller":"test_go_log/zap.go:119","msg":"Failed to fetch URL: http://example.com"}
{"level":"info","ts":1633871992.201399,"caller":"test_go_log/zap.go:104","msg":"Failed to fetch URL.","url":"http://example.com","attempt":3,"backoff":1}
{"level":"info","ts":1633871992.2014039,"caller":"test_go_log/zap.go:113","msg":"Failed to fetch URL.","url":"http://example.com","attempt":3,"backoff":1}
{"level":"info","ts":1633871992.201409,"caller":"test_go_log/zap.go:119","msg":"Failed to fetch URL: http://example.com"}
{"level":"info","ts":1633871992.201416,"caller":"test_go_log/zap.go:104","msg":"Failed to fetch URL.","url":"http://example.com","attempt":3,"backoff":1}
{"level":"info","ts":1633871992.201421,"caller":"test_go_log/zap.go:113","msg":"Failed to fetch URL.","url":"http://example.com","attempt":3,"backoff":1}
{"level":"info","ts":1633871992.201426,"caller":"test_go_log/zap.go:119","msg":"Failed to fetch URL: http://example.com"}
{"level":"info","ts":1633871992.201431,"caller":"test_go_log/zap.go:104","msg":"Failed to fetch URL.","url":"http://example.com","attempt":3,"backoff":1}
{"level":"info","ts":1633871992.2014349,"caller":"test_go_log/zap.go:113","msg":"Failed to fetch URL.","url":"http://example.com","attempt":3,"backoff":1}
{"level":"info","ts":1633871992.20144,"caller":"test_go_log/zap.go:119","msg":"Failed to fetch URL: http://example.com"}
{"level":"info","ts":1633871992.201445,"caller":"test_go_log/zap.go:104","msg":"Failed to fetch URL.","url":"http://example.com","attempt":3,"backoff":1}
{"level":"info","ts":1633871992.201449,"caller":"test_go_log/zap.go:113","msg":"Failed to fetch URL.","url":"http://example.com","attempt":3,"backoff":1}
{"level":"info","ts":1633871992.2014542,"caller":"test_go_log/zap.go:119","msg":"Failed to fetch URL: http://example.com"}
{"level":"info","ts":1633871992.201459,"caller":"test_go_log/zap.go:104","msg":"Failed to fetch URL.","url":"http://example.com","attempt":3,"backoff":1}
{"level":"info","ts":1633871992.201463,"caller":"test_go_log/zap.go:113","msg":"Failed to fetch URL.","url":"http://example.com","attempt":3,"backoff":1}
{"level":"info","ts":1633871992.201468,"caller":"test_go_log/zap.go:119","msg":"Failed to fetch URL: http://example.com"}
{"level":"info","ts":1633871992.201473,"caller":"test_go_log/zap.go:104","msg":"Failed to fetch URL.","url":"http://example.com","attempt":3,"backoff":1}
{"level":"info","ts":1633871992.201477,"caller":"test_go_log/zap.go:113","msg":"Failed to fetch URL.","url":"http://example.com","attempt":3,"backoff":1}
{"level":"info","ts":1633871992.201483,"caller":"test_go_log/zap.go:119","msg":"Failed to fetch URL: http://example.com"}
{"level":"info","ts":1633871992.201487,"caller":"test_go_log/zap.go:104","msg":"Failed to fetch URL.","url":"http://example.com","attempt":3,"backoff":1}
{"level":"info","ts":1633871992.201492,"caller":"test_go_log/zap.go:113","msg":"Failed to fetch URL.","url":"http://example.com","attempt":3,"backoff":1}
{"level":"info","ts":1633871992.201497,"caller":"test_go_log/zap.go:119","msg":"Failed to fetch URL: http://example.com"}
{"level":"info","ts":1633871992.201501,"caller":"test_go_log/zap.go:104","msg":"Failed to fetch URL.","url":"http://example.com","attempt":3,"backoff":1}
{"level":"info","ts":1633871992.2015061,"caller":"test_go_log/zap.go:113","msg":"Failed to fetch URL.","url":"http://example.com","attempt":3,"backoff":1}
{"level":"info","ts":1633871992.201511,"caller":"test_go_log/zap.go:119","msg":"Failed to fetch URL: http://example.com"}
{"level":"info","ts":1633871992.201515,"caller":"test_go_log/zap.go:104","msg":"Failed to fetch URL.","url":"http://example.com","attempt":3,"backoff":1}
{"level":"info","ts":1633871992.2015202,"caller":"test_go_log/zap.go:113","msg":"Failed to fetch URL.","url":"http://example.com","attempt":3,"backoff":1}
{"level":"info","ts":1633871992.201529,"caller":"test_go_log/zap.go:119","msg":"Failed to fetch URL: http://example.com"}
{"level":"info","ts":1633871992.2015328,"caller":"test_go_log/zap.go:104","msg":"Failed to fetch URL.","url":"http://example.com","attempt":3,"backoff":1}
{"level":"info","ts":1633871992.201538,"caller":"test_go_log/zap.go:113","msg":"Failed to fetch URL.","url":"http://example.com","attempt":3,"backoff":1}
{"level":"info","ts":1633871992.2015429,"caller":"test_go_log/zap.go:119","msg":"Failed to fetch URL: http://example.com"}
{"level":"info","ts":1633871992.201547,"caller":"test_go_log/zap.go:104","msg":"Failed to fetch URL.","url":"http://example.com","attempt":3,"backoff":1}
{"level":"info","ts":1633871992.201552,"caller":"test_go_log/zap.go:113","msg":"Failed to fetch URL.","url":"http://example.com","attempt":3,"backoff":1}
{"level":"info","ts":1633871992.201557,"caller":"test_go_log/zap.go:119","msg":"Failed to fetch URL: http://example.com"}
{"level":"info","ts":1633871992.2015622,"caller":"test_go_log/zap.go:104","msg":"Failed to fetch URL.","url":"http://example.com","attempt":3,"backoff":1}
{"level":"info","ts":1633871992.201566,"caller":"test_go_log/zap.go:113","msg":"Failed to fetch URL.","url":"http://example.com","attempt":3,"backoff":1}
{"level":"info","ts":1633871992.201571,"caller":"test_go_log/zap.go:119","msg":"Failed to fetch URL: http://example.com"}
{"level":"info","ts":1633871992.201576,"caller":"test_go_log/zap.go:104","msg":"Failed to fetch URL.","url":"http://example.com","attempt":3,"backoff":1}
{"level":"info","ts":1633871992.201581,"caller":"test_go_log/zap.go:113","msg":"Failed to fetch URL.","url":"http://example.com","attempt":3,"backoff":1}
{"level":"info","ts":1633871992.201586,"caller":"test_go_log/zap.go:119","msg":"Failed to fetch URL: http://example.com"}
{"level":"info","ts":1633871992.201591,"caller":"test_go_log/zap.go:104","msg":"Failed to fetch URL.","url":"http://example.com","attempt":3,"backoff":1}
{"level":"info","ts":1633871992.2015948,"caller":"test_go_log/zap.go:113","msg":"Failed to fetch URL.","url":"http://example.com","attempt":3,"backoff":1}
{"level":"info","ts":1633871992.2016,"caller":"test_go_log/zap.go:119","msg":"Failed to fetch URL: http://example.com"}
{"level":"info","ts":1633871992.201605,"caller":"test_go_log/zap.go:104","msg":"Failed to fetch URL.","url":"http://example.com","attempt":3,"backoff":1}
{"level":"info","ts":1633871992.201609,"caller":"test_go_log/zap.go:113","msg":"Failed to fetch URL.","url":"http://example.com","attempt":3,"backoff":1}
{"level":"info","ts":1633871992.201615,"caller":"test_go_log/zap.go:119","msg":"Failed to fetch URL: http://example.com"}
{"level":"info","ts":1633871992.201619,"caller":"test_go_log/zap.go:104","msg":"Failed to fetch URL.","url":"http://example.com","attempt":3,"backoff":1}
{"level":"info","ts":1633871992.201623,"caller":"test_go_log/zap.go:113","msg":"Failed to fetch URL.","url":"http://example.com","attempt":3,"backoff":1}
{"level":"info","ts":1633871992.201629,"caller":"test_go_log/zap.go:119","msg":"Failed to fetch URL: http://example.com"}
{"level":"info","ts":1633871992.201633,"caller":"test_go_log/zap.go:104","msg":"Failed to fetch URL.","url":"http://example.com","attempt":3,"backoff":1}
{"level":"info","ts":1633871992.201638,"caller":"test_go_log/zap.go:113","msg":"Failed to fetch URL.","url":"http://example.com","attempt":3,"backoff":1}
{"level":"info","ts":1633871992.201643,"caller":"test_go_log/zap.go:119","msg":"Failed to fetch URL: http://example.com"}
{"level":"info","ts":1633871992.201647,"caller":"test_go_log/zap.go:104","msg":"Failed to fetch URL.","url":"http://example.com","attempt":3,"backoff":1}
{"level":"info","ts":1633871992.201652,"caller":"test_go_log/zap.go:113","msg":"Failed to fetch URL.","url":"http://example.com","attempt":3,"backoff":1}
{"level":"info","ts":1633871992.201657,"caller":"test_go_log/zap.go:119","msg":"Failed to fetch URL: http://example.com"}
{"level":"info","ts":1633871992.2016609,"caller":"test_go_log/zap.go:104","msg":"Failed to fetch URL.","url":"http://example.com","attempt":3,"backoff":1}
{"level":"info","ts":1633871992.201666,"caller":"test_go_log/zap.go:113","msg":"Failed to fetch URL.","url":"http://example.com","attempt":3,"backoff":1}
{"level":"info","ts":1633871992.201671,"caller":"test_go_log/zap.go:119","msg":"Failed to fetch URL: http://example.com"}
{"level":"info","ts":1633871992.201675,"caller":"test_go_log/zap.go:104","msg":"Failed to fetch URL.","url":"http://example.com","attempt":3,"backoff":1}
{"level":"info","ts":1633871992.20168,"caller":"test_go_log/zap.go:113","msg":"Failed to fetch URL.","url":"http://example.com","attempt":3,"backoff":1}
{"level":"info","ts":1633871992.201685,"caller":"test_go_log/zap.go:119","msg":"Failed to fetch URL: http://example.com"}
{"level":"info","ts":1633871992.201689,"caller":"test_go_log/zap.go:104","msg":"Failed to fetch URL.","url":"http://example.com","attempt":3,"backoff":1}
{"level":"info","ts":1633871992.201694,"caller":"test_go_log/zap.go:113","msg":"Failed to fetch URL.","url":"http://example.com","attempt":3,"backoff":1}
{"level":"info","ts":1633871992.201699,"caller":"test_go_log/zap.go:119","msg":"Failed to fetch URL: http://example.com"}
{"level":"info","ts":1633871992.201704,"caller":"test_go_log/zap.go:104","msg":"Failed to fetch URL.","url":"http://example.com","attempt":3,"backoff":1}
{"level":"info","ts":1633871992.201708,"caller":"test_go_log/zap.go:113","msg":"Failed to fetch URL.","url":"http://example.com","attempt":3,"backoff":1}
{"level":"info","ts":1633871992.2017128,"caller":"test_go_log/zap.go:119","msg":"Failed to fetch URL: http://example.com"}
{"level":"info","ts":1633871992.201718,"caller":"test_go_log/zap.go:104","msg":"Failed to fetch URL.","url":"http://example.com","attempt":3,"backoff":1}
{"level":"info","ts":1633871992.2017221,"caller":"test_go_log/zap.go:113","msg":"Failed to fetch URL.","url":"http://example.com","attempt":3,"backoff":1}
{"level":"info","ts":1633871992.201727,"caller":"test_go_log/zap.go:119","msg":"Failed to fetch URL: http://example.com"}
{"level":"info","ts":1633871992.2017322,"caller":"test_go_log/zap.go:104","msg":"Failed to fetch URL.","url":"http://example.com","attempt":3,"backoff":1}
{"level":"info","ts":1633871992.201736,"caller":"test_go_log/zap.go:113","msg":"Failed to fetch URL.","url":"http://example.com","attempt":3,"backoff":1}
{"level":"info","ts":1633871992.201741,"caller":"test_go_log/zap.go:119","msg":"Failed to fetch URL: http://example.com"}
{"level":"info","ts":1633871992.201746,"caller":"test_go_log/zap.go:104","msg":"Failed to fetch URL.","url":"http://example.com","attempt":3,"backoff":1}
{"level":"info","ts":1633871992.20175,"caller":"test_go_log/zap.go:113","msg":"Failed to fetch URL.","url":"http://example.com","attempt":3,"backoff":1}
{"level":"info","ts":1633871992.201756,"caller":"test_go_log/zap.go:119","msg":"Failed to fetch URL: http://example.com"}
{"level":"info","ts":1633871992.2017632,"caller":"test_go_log/zap.go:104","msg":"Failed to fetch URL.","url":"http://example.com","attempt":3,"backoff":1}
{"level":"info","ts":1633871992.201767,"caller":"test_go_log/zap.go:113","msg":"Failed to fetch URL.","url":"http://example.com","attempt":3,"backoff":1}
{"level":"info","ts":1633871992.201772,"caller":"test_go_log/zap.go:119","msg":"Failed to fetch URL: http://example.com"}
{"level":"info","ts":1633871992.201777,"caller":"test_go_log/zap.go:104","msg":"Failed to fetch URL.","url":"http://example.com","attempt":3,"backoff":1}
{"level":"info","ts":1633871992.201781,"caller":"test_go_log/zap.go:113","msg":"Failed to fetch URL.","url":"http://example.com","attempt":3,"backoff":1}
{"level":"info","ts":1633871992.201787,"caller":"test_go_log/zap.go:119","msg":"Failed to fetch URL: http://example.com"}
{"level":"info","ts":1633871992.201791,"caller":"test_go_log/zap.go:104","msg":"Failed to fetch URL.","url":"http://example.com","attempt":3,"backoff":1}
{"level":"info","ts":1633871992.201795,"caller":"test_go_log/zap.go:113","msg":"Failed to fetch URL.","url":"http://example.com","attempt":3,"backoff":1}
{"level":"info","ts":1633871992.201801,"caller":"test_go_log/zap.go:119","msg":"Failed to fetch URL: http://example.com"}
{"level":"info","ts":1633871992.201805,"caller":"test_go_log/zap.go:104","msg":"Failed to fetch URL.","url":"http://example.com","attempt":3,"backoff":1}
{"level":"info","ts":1633871992.20181,"caller":"test_go_log/zap.go:113","msg":"Failed to fetch URL.","url":"http://example.com","attempt":3,"backoff":1}
{"level":"info","ts":1633871992.2018151,"caller":"test_go_log/zap.go:119","msg":"Failed to fetch URL: http://example.com"}
{"level":"info","ts":1633871992.201819,"caller":"test_go_log/zap.go:104","msg":"Failed to fetch URL.","url":"http://example.com","attempt":3,"backoff":1}
{"level":"info","ts":1633871992.201824,"caller":"test_go_log/zap.go:113","msg":"Failed to fetch URL.","url":"http://example.com","attempt":3,"backoff":1}
{"level":"info","ts":1633871992.20183,"caller":"test_go_log/zap.go:119","msg":"Failed to fetch URL: http://example.com"}
{"level":"info","ts":1633871992.201835,"caller":"test_go_log/zap.go:104","msg":"Failed to fetch URL.","url":"http://example.com","attempt":3,"backoff":1}
{"level":"info","ts":1633871992.2018392,"caller":"test_go_log/zap.go:113","msg":"Failed to fetch URL.","url":"http://example.com","attempt":3,"backoff":1}
{"level":"info","ts":1633871992.201844,"caller":"test_go_log/zap.go:119","msg":"Failed to fetch URL: http://example.com"}
{"level":"info","ts":1633871992.201849,"caller":"test_go_log/zap.go:104","msg":"Failed to fetch URL.","url":"http://example.com","attempt":3,"backoff":1}
{"level":"info","ts":1633871992.201853,"caller":"test_go_log/zap.go:113","msg":"Failed to fetch URL.","url":"http://example.com","attempt":3,"backoff":1}
{"level":"info","ts":1633871992.201858,"caller":"test_go_log/zap.go:119","msg":"Failed to fetch URL: http://example.com"}
{"level":"info","ts":1633871992.2018628,"caller":"test_go_log/zap.go:104","msg":"Failed to fetch URL.","url":"http://example.com","attempt":3,"backoff":1}
{"level":"info","ts":1633871992.201867,"caller":"test_go_log/zap.go:113","msg":"Failed to fetch URL.","url":"http://example.com","attempt":3,"backoff":1}
{"level":"info","ts":1633871992.2018719,"caller":"test_go_log/zap.go:119","msg":"Failed to fetch URL: http://example.com"}
{"level":"info","ts":1633871992.2018769,"caller":"test_go_log/zap.go:104","msg":"Failed to fetch URL.","url":"http://example.com","attempt":3,"backoff":1}
{"level":"info","ts":1633871992.2018812,"caller":"test_go_log/zap.go:113","msg":"Failed to fetch URL.","url":"http://example.com","attempt":3,"backoff":1}
{"level":"info","ts":1633871992.201887,"caller":"test_go_log/zap.go:119","msg":"Failed to fetch URL: http://example.com"}
{"level":"info","ts":1633871992.201893,"caller":"test_go_log/zap.go:104","msg":"Failed to fetch URL.","url":"http://example.com","attempt":3,"backoff":1}
{"level":"info","ts":1633871992.201898,"caller":"test_go_log/zap.go:113","msg":"Failed to fetch URL.","url":"http://example.com","attempt":3,"backoff":1}
{"level":"info","ts":1633871992.201903,"caller":"test_go_log/zap.go:119","msg":"Failed to fetch URL: http://example.com"}
{"level":"info","ts":1633871992.2019079,"caller":"test_go_log/zap.go:104","msg":"Failed to fetch URL.","url":"http://example.com","attempt":3,"backoff":1}
{"level":"info","ts":1633871992.2019122,"caller":"test_go_log/zap.go:113","msg":"Failed to fetch URL.","url":"http://example.com","attempt":3,"backoff":1}
{"level":"info","ts":1633871992.201917,"caller":"test_go_log/zap.go:119","msg":"Failed to fetch URL: http://example.com"}
{"level":"info","ts":1633871992.201922,"caller":"test_go_log/zap.go:104","msg":"Failed to fetch URL.","url":"http://example.com","attempt":3,"backoff":1}
{"level":"info","ts":1633871992.201926,"caller":"test_go_log/zap.go:113","msg":"Failed to fetch URL.","url":"http://example.com","attempt":3,"backoff":1}
{"level":"info","ts":1633871992.201932,"caller":"test_go_log/zap.go:119","msg":"Failed to fetch URL: http://example.com"}
{"level":"info","ts":1633871992.2019358,"caller":"test_go_log/zap.go:104","msg":"Failed to fetch URL.","url":"http://example.com","attempt":3,"backoff":1}
{"level":"info","ts":1633871992.201941,"caller":"test_go_log/zap.go:113","msg":"Failed to fetch URL.","url":"http://example.com","attempt":3,"backoff":1}
{"level":"info","ts":1633871992.201946,"caller":"test_go_log/zap.go:119","msg":"Failed to fetch URL: http://example.com"}
{"level":"info","ts":1633871992.201953,"caller":"test_go_log/zap.go:104","msg":"Failed to fetch URL.","url":"http://example.com","attempt":3,"backoff":1}
{"level":"info","ts":1633871992.2019572,"caller":"test_go_log/zap.go:113","msg":"Failed to fetch URL.","url":"http://example.com","attempt":3,"backoff":1}
{"level":"info","ts":1633871992.201963,"caller":"test_go_log/zap.go:119","msg":"Failed to fetch URL: http://example.com"}
{"level":"info","ts":1633871992.201967,"caller":"test_go_log/zap.go:104","msg":"Failed to fetch URL.","url":"http://example.com","attempt":3,"backoff":1}
{"level":"info","ts":1633871992.201972,"caller":"test_go_log/zap.go:113","msg":"Failed to fetch URL.","url":"http://example.com","attempt":3,"backoff":1}
{"level":"info","ts":1633871992.201977,"caller":"test_go_log/zap.go:119","msg":"Failed to fetch URL: http://example.com"}
{"level":"info","ts":1633871992.2019808,"caller":"test_go_log/zap.go:104","msg":"Failed to fetch URL.","url":"http://example.com","attempt":3,"backoff":1}
{"level":"info","ts":1633871992.201986,"caller":"test_go_log/zap.go:113","msg":"Failed to fetch URL.","url":"http://example.com","attempt":3,"backoff":1}
{"level":"info","ts":1633871992.2019908,"caller":"test_go_log/zap.go:119","msg":"Failed to fetch URL: http://example.com"}
{"level":"info","ts":1633871992.201995,"caller":"test_go_log/zap.go:104","msg":"Failed to fetch URL.","url":"http://example.com","attempt":3,"backoff":1}
{"level":"info","ts":1633871992.202,"caller":"test_go_log/zap.go:113","msg":"Failed to fetch URL.","url":"http://example.com","attempt":3,"backoff":1}
{"level":"info","ts":1633871992.202005,"caller":"test_go_log/zap.go:119","msg":"Failed to fetch URL: http://example.com"}
{"level":"info","ts":1633871992.2020092,"caller":"test_go_log/zap.go:104","msg":"Failed to fetch URL.","url":"http://example.com","attempt":3,"backoff":1}
{"level":"info","ts":1633871992.202014,"caller":"test_go_log/zap.go:113","msg":"Failed to fetch URL.","url":"http://example.com","attempt":3,"backoff":1}
{"level":"info","ts":1633871992.202019,"caller":"test_go_log/zap.go:119","msg":"Failed to fetch URL: http://example.com"}
{"level":"info","ts":1633871992.202024,"caller":"test_go_log/zap.go:104","msg":"Failed to fetch URL.","url":"http://example.com","attempt":3,"backoff":1}
{"level":"info","ts":1633871992.202029,"caller":"test_go_log/zap.go:113","msg":"Failed to fetch URL.","url":"http://example.com","attempt":3,"backoff":1}
{"level":"info","ts":1633871992.202034,"caller":"test_go_log/zap.go:119","msg":"Failed to fetch URL: http://example.com"}
{"level":"info","ts":1633871992.202038,"caller":"test_go_log/zap.go:104","msg":"Failed to fetch URL.","url":"http://example.com","attempt":3,"backoff":1}
{"level":"info","ts":1633871992.2020428,"caller":"test_go_log/zap.go:113","msg":"Failed to fetch URL.","url":"http://example.com","attempt":3,"backoff":1}
{"level":"info","ts":1633871992.202048,"caller":"test_go_log/zap.go:119","msg":"Failed to fetch URL: http://example.com"}
{"level":"info","ts":1633871992.202053,"caller":"test_go_log/zap.go:104","msg":"Failed to fetch URL.","url":"http://example.com","attempt":3,"backoff":1}
{"level":"info","ts":1633871992.202057,"caller":"test_go_log/zap.go:113","msg":"Failed to fetch URL.","url":"http://example.com","attempt":3,"backoff":1}
{"level":"info","ts":1633871992.202063,"caller":"test_go_log/zap.go:119","msg":"Failed to fetch URL: http://example.com"}
{"level":"info","ts":1633871992.202067,"caller":"test_go_log/zap.go:104","msg":"Failed to fetch URL.","url":"http://example.com","attempt":3,"backoff":1}
{"level":"info","ts":1633871992.2020721,"caller":"test_go_log/zap.go:113","msg":"Failed to fetch URL.","url":"http://example.com","attempt":3,"backoff":1}
{"level":"info","ts":1633871992.202077,"caller":"test_go_log/zap.go:119","msg":"Failed to fetch URL: http://example.com"}
{"level":"info","ts":1633871992.202081,"caller":"test_go_log/zap.go:104","msg":"Failed to fetch URL.","url":"http://example.com","attempt":3,"backoff":1}
{"level":"info","ts":1633871992.202086,"caller":"test_go_log/zap.go:113","msg":"Failed to fetch URL.","url":"http://example.com","attempt":3,"backoff":1}
{"level":"info","ts":1633871992.202091,"caller":"test_go_log/zap.go:119","msg":"Failed to fetch URL: http://example.com"}
{"level":"info","ts":1633871992.202095,"caller":"test_go_log/zap.go:104","msg":"Failed to fetch URL.","url":"http://example.com","attempt":3,"backoff":1}
{"level":"info","ts":1633871992.2021,"caller":"test_go_log/zap.go:113","msg":"Failed to fetch URL.","url":"http://example.com","attempt":3,"backoff":1}
{"level":"info","ts":1633871992.202105,"caller":"test_go_log/zap.go:119","msg":"Failed to fetch URL: http://example.com"}
{"level":"info","ts":1633871992.2021089,"caller":"test_go_log/zap.go:104","msg":"Failed to fetch URL.","url":"http://example.com","attempt":3,"backoff":1}
{"level":"info","ts":1633871992.202114,"caller":"test_go_log/zap.go:113","msg":"Failed to fetch URL.","url":"http://example.com","attempt":3,"backoff":1}
{"level":"info","ts":1633871992.2021189,"caller":"test_go_log/zap.go:119","msg":"Failed to fetch URL: http://example.com"}
{"level":"info","ts":1633871992.202123,"caller":"test_go_log/zap.go:104","msg":"Failed to fetch URL.","url":"http://example.com","attempt":3,"backoff":1}
{"level":"info","ts":1633871992.202128,"caller":"test_go_log/zap.go:113","msg":"Failed to fetch URL.","url":"http://example.com","attempt":3,"backoff":1}
{"level":"info","ts":1633871992.202136,"caller":"test_go_log/zap.go:119","msg":"Failed to fetch URL: http://example.com"}
{"level":"info","ts":1633871992.202141,"caller":"test_go_log/zap.go:104","msg":"Failed to fetch URL.","url":"http://example.com","attempt":3,"backoff":1}
{"level":"info","ts":1633871992.202146,"caller":"test_go_log/zap.go:113","msg":"Failed to fetch URL.","url":"http://example.com","attempt":3,"backoff":1}
{"level":"info","ts":1633871992.2021508,"caller":"test_go_log/zap.go:119","msg":"Failed to fetch URL: http://example.com"}
{"level":"info","ts":1633871992.202156,"caller":"test_go_log/zap.go:104","msg":"Failed to fetch URL.","url":"http://example.com","attempt":3,"backoff":1}
{"level":"info","ts":1633871992.2021601,"caller":"test_go_log/zap.go:113","msg":"Failed to fetch URL.","url":"http://example.com","attempt":3,"backoff":1}
{"level":"info","ts":1633871992.202165,"caller":"test_go_log/zap.go:119","msg":"Failed to fetch URL: http://example.com"}
{"level":"info","ts":1633871992.2021701,"caller":"test_go_log/zap.go:104","msg":"Failed to fetch URL.","url":"http://example.com","attempt":3,"backoff":1}
{"level":"info","ts":1633871992.202174,"caller":"test_go_log/zap.go:113","msg":"Failed to fetch URL.","url":"http://example.com","attempt":3,"backoff":1}
{"level":"info","ts":1633871992.202179,"caller":"test_go_log/zap.go:119","msg":"Failed to fetch URL: http://example.com"}
{"level":"info","ts":1633871992.202184,"caller":"test_go_log/zap.go:104","msg":"Failed to fetch URL.","url":"http://example.com","attempt":3,"backoff":1}
{"level":"info","ts":1633871992.202188,"caller":"test_go_log/zap.go:113","msg":"Failed to fetch URL.","url":"http://example.com","attempt":3,"backoff":1}
{"level":"info","ts":1633871992.2021928,"caller":"test_go_log/zap.go:119","msg":"Failed to fetch URL: http://example.com"}
{"level":"info","ts":1633871992.202198,"caller":"test_go_log/zap.go:104","msg":"Failed to fetch URL.","url":"http://example.com","attempt":3,"backoff":1}
{"level":"info","ts":1633871992.202202,"caller":"test_go_log/zap.go:113","msg":"Failed to fetch URL.","url":"http://example.com","attempt":3,"backoff":1}
{"level":"info","ts":1633871992.202207,"caller":"test_go_log/zap.go:119","msg":"Failed to fetch URL: http://example.com"}
{"level":"info","ts":1633871992.202212,"caller":"test_go_log/zap.go:104","msg":"Failed to fetch URL.","url":"http://example.com","attempt":3,"backoff":1}
{"level":"info","ts":1633871992.202216,"caller":"test_go_log/zap.go:113","msg":"Failed to fetch URL.","url":"http://example.com","attempt":3,"backoff":1}
{"level":"info","ts":1633871992.2022212,"caller":"test_go_log/zap.go:119","msg":"Failed to fetch URL: http://example.com"}
{"level":"info","ts":1633871992.202226,"caller":"test_go_log/zap.go:104","msg":"Failed to fetch URL.","url":"http://example.com","attempt":3,"backoff":1}
{"level":"info","ts":1633871992.20223,"caller":"test_go_log/zap.go:113","msg":"Failed to fetch URL.","url":"http://example.com","attempt":3,"backoff":1}
{"level":"info","ts":1633871992.202235,"caller":"test_go_log/zap.go:119","msg":"Failed to fetch URL: http://example.com"}
{"level":"info","ts":1633871992.20224,"caller":"test_go_log/zap.go:104","msg":"Failed to fetch URL.","url":"http://example.com","attempt":3,"backoff":1}
{"level":"info","ts":1633871992.202244,"caller":"test_go_log/zap.go:113","msg":"Failed to fetch URL.","url":"http://example.com","attempt":3,"backoff":1}
{"level":"info","ts":1633871992.202249,"caller":"test_go_log/zap.go:119","msg":"Failed to fetch URL: http://example.com"}
{"level":"info","ts":1633871992.202254,"caller":"test_go_log/zap.go:104","msg":"Failed to fetch URL.","url":"http://example.com","attempt":3,"backoff":1}
{"level":"info","ts":1633871992.2022579,"caller":"test_go_log/zap.go:113","msg":"Failed to fetch URL.","url":"http://example.com","attempt":3,"backoff":1}
{"level":"info","ts":1633871992.202263,"caller":"test_go_log/zap.go:119","msg":"Failed to fetch URL: http://example.com"}
{"level":"info","ts":1633871992.202268,"caller":"test_go_log/zap.go:104","msg":"Failed to fetch URL.","url":"http://example.com","attempt":3,"backoff":1}
{"level":"info","ts":1633871992.202272,"caller":"test_go_log/zap.go:113","msg":"Failed to fetch URL.","url":"http://example.com","attempt":3,"backoff":1}
{"level":"info","ts":1633871992.2022772,"caller":"test_go_log/zap.go:119","msg":"Failed to fetch URL: http://example.com"}
{"level":"info","ts":1633871992.202282,"caller":"test_go_log/zap.go:104","msg":"Failed to fetch URL.","url":"http://example.com","attempt":3,"backoff":1}
{"level":"info","ts":1633871992.202286,"caller":"test_go_log/zap.go:113","msg":"Failed to fetch URL.","url":"http://example.com","attempt":3,"backoff":1}
{"level":"info","ts":1633871992.202291,"caller":"test_go_log/zap.go:119","msg":"Failed to fetch URL: http://example.com"}
{"level":"info","ts":1633871992.202296,"caller":"test_go_log/zap.go:104","msg":"Failed to fetch URL.","url":"http://example.com","attempt":3,"backoff":1}
{"level":"info","ts":1633871992.2022998,"caller":"test_go_log/zap.go:113","msg":"Failed to fetch URL.","url":"http://example.com","attempt":3,"backoff":1}
{"level":"info","ts":1633871992.202305,"caller":"test_go_log/zap.go:119","msg":"Failed to fetch URL: http://example.com"}
{"level":"info","ts":1633871992.2023098,"caller":"test_go_log/zap.go:104","msg":"Failed to fetch URL.","url":"http://example.com","attempt":3,"backoff":1}
{"level":"info","ts":1633871992.202314,"caller":"test_go_log/zap.go:113","msg":"Failed to fetch URL.","url":"http://example.com","attempt":3,"backoff":1}
{"level":"info","ts":1633871992.2023191,"caller":"test_go_log/zap.go:119","msg":"Failed to fetch URL: http://example.com"}
{"level":"info","ts":1633871992.202326,"caller":"test_go_log/zap.go:104","msg":"Failed to fetch URL.","url":"http://example.com","attempt":3,"backoff":1}
{"level":"info","ts":1633871992.2023308,"caller":"test_go_log/zap.go:113","msg":"Failed to fetch URL.","url":"http://example.com","attempt":3,"backoff":1}
{"level":"info","ts":1633871992.202336,"caller":"test_go_log/zap.go:119","msg":"Failed to fetch URL: http://example.com"}
{"level":"info","ts":1633871992.202341,"caller":"test_go_log/zap.go:104","msg":"Failed to fetch URL.","url":"http://example.com","attempt":3,"backoff":1}
{"level":"info","ts":1633871992.202345,"caller":"test_go_log/zap.go:113","msg":"Failed to fetch URL.","url":"http://example.com","attempt":3,"backoff":1}
{"level":"info","ts":1633871992.2023501,"caller":"test_go_log/zap.go:119","msg":"Failed to fetch URL: http://example.com"}
{"level":"info","ts":1633871992.202355,"caller":"test_go_log/zap.go:104","msg":"Failed to fetch URL.","url":"http://example.com","attempt":3,"backoff":1}
{"level":"info","ts":1633871992.202359,"caller":"test_go_log/zap.go:113","msg":"Failed to fetch URL.","url":"http://example.com","attempt":3,"backoff":1}
{"level":"info","ts":1633871992.202364,"caller":"test_go_log/zap.go:119","msg":"Failed to fetch URL: http://example.com"}
{"level":"info","ts":1633871992.202369,"caller":"test_go_log/zap.go:104","msg":"Failed to fetch URL.","url":"http://example.com","attempt":3,"backoff":1}
{"level":"info","ts":1633871992.202373,"caller":"test_go_log/zap.go:113","msg":"Failed to fetch URL.","url":"http://example.com","attempt":3,"backoff":1}
{"level":"info","ts":1633871992.202378,"caller":"test_go_log/zap.go:119","msg":"Failed to fetch URL: http://example.com"}
{"level":"info","ts":1633871992.202383,"caller":"test_go_log/zap.go:104","msg":"Failed to fetch URL.","url":"http://example.com","attempt":3,"backoff":1}
{"level":"info","ts":1633871992.2023869,"caller":"test_go_log/zap.go:113","msg":"Failed to fetch URL.","url":"http://example.com","attempt":3,"backoff":1}
{"level":"info","ts":1633871992.202392,"caller":"test_go_log/zap.go:119","msg":"Failed to fetch URL: http://example.com"}
{"level":"info","ts":1633871992.2023969,"caller":"test_go_log/zap.go:104","msg":"Failed to fetch URL.","url":"http://example.com","attempt":3,"backoff":1}
{"level":"info","ts":1633871992.202401,"caller":"test_go_log/zap.go:113","msg":"Failed to fetch URL.","url":"http://example.com","attempt":3,"backoff":1}
{"level":"info","ts":1633871992.202406,"caller":"test_go_log/zap.go:119","msg":"Failed to fetch URL: http://example.com"}
{"level":"info","ts":1633871992.202411,"caller":"test_go_log/zap.go:104","msg":"Failed to fetch URL.","url":"http://example.com","attempt":3,"backoff":1}
{"level":"info","ts":1633871992.202415,"caller":"test_go_log/zap.go:113","msg":"Failed to fetch URL.","url":"http://example.com","attempt":3,"backoff":1}
{"level":"info","ts":1633871992.20242,"caller":"test_go_log/zap.go:119","msg":"Failed to fetch URL: http://example.com"}
{"level":"info","ts":1633871992.202425,"caller":"test_go_log/zap.go:104","msg":"Failed to fetch URL.","url":"http://example.com","attempt":3,"backoff":1}
{"level":"info","ts":1633871992.2024288,"caller":"test_go_log/zap.go:113","msg":"Failed to fetch URL.","url":"http://example.com","attempt":3,"backoff":1}
{"level":"info","ts":1633871992.202435,"caller":"test_go_log/zap.go:119","msg":"Failed to fetch URL: http://example.com"}
{"level":"info","ts":1633871992.202442,"caller":"test_go_log/zap.go:104","msg":"Failed to fetch URL.","url":"http://example.com","attempt":3,"backoff":1}
{"level":"info","ts":1633871992.202446,"caller":"test_go_log/zap.go:113","msg":"Failed to fetch URL.","url":"http://example.com","attempt":3,"backoff":1}
{"level":"info","ts":1633871992.202452,"caller":"test_go_log/zap.go:119","msg":"Failed to fetch URL: http://example.com"}
{"level":"info","ts":1633871992.202456,"caller":"test_go_log/zap.go:104","msg":"Failed to fetch URL.","url":"http://example.com","attempt":3,"backoff":1}
{"level":"info","ts":1633871992.202461,"caller":"test_go_log/zap.go:113","msg":"Failed to fetch URL.","url":"http://example.com","attempt":3,"backoff":1}
{"level":"info","ts":1633871992.202466,"caller":"test_go_log/zap.go:119","msg":"Failed to fetch URL: http://example.com"}
{"level":"info","ts":1633871992.2024698,"caller":"test_go_log/zap.go:104","msg":"Failed to fetch URL.","url":"http://example.com","attempt":3,"backoff":1}
{"level":"info","ts":1633871992.202475,"caller":"test_go_log/zap.go:113","msg":"Failed to fetch URL.","url":"http://example.com","attempt":3,"backoff":1}
{"level":"info","ts":1633871992.20248,"caller":"test_go_log/zap.go:119","msg":"Failed to fetch URL: http://example.com"}
{"level":"info","ts":1633871992.202484,"caller":"test_go_log/zap.go:104","msg":"Failed to fetch URL.","url":"http://example.com","attempt":3,"backoff":1}
{"level":"info","ts":1633871992.2024891,"caller":"test_go_log/zap.go:113","msg":"Failed to fetch URL.","url":"http://example.com","attempt":3,"backoff":1}
{"level":"info","ts":1633871992.202494,"caller":"test_go_log/zap.go:119","msg":"Failed to fetch URL: http://example.com"}
{"level":"info","ts":1633871992.202498,"caller":"test_go_log/zap.go:104","msg":"Failed to fetch URL.","url":"http://example.com","attempt":3,"backoff":1}
{"level":"info","ts":1633871992.202503,"caller":"test_go_log/zap.go:113","msg":"Failed to fetch URL.","url":"http://example.com","attempt":3,"backoff":1}
{"level":"info","ts":1633871992.202508,"caller":"test_go_log/zap.go:119","msg":"Failed to fetch URL: http://example.com"}
{"level":"info","ts":1633871992.202515,"caller":"test_go_log/zap.go:104","msg":"Failed to fetch URL.","url":"http://example.com","attempt":3,"backoff":1}
{"level":"info","ts":1633871992.2025201,"caller":"test_go_log/zap.go:113","msg":"Failed to fetch URL.","url":"http://example.com","attempt":3,"backoff":1}
{"level":"info","ts":1633871992.202525,"caller":"test_go_log/zap.go:119","msg":"Failed to fetch URL: http://example.com"}
{"level":"info","ts":1633871992.202529,"caller":"test_go_log/zap.go:104","msg":"Failed to fetch URL.","url":"http://example.com","attempt":3,"backoff":1}
{"level":"info","ts":1633871992.202534,"caller":"test_go_log/zap.go:113","msg":"Failed to fetch URL.","url":"http://example.com","attempt":3,"backoff":1}
{"level":"info","ts":1633871992.202539,"caller":"test_go_log/zap.go:119","msg":"Failed to fetch URL: http://example.com"}
{"level":"info","ts":1633871992.202543,"caller":"test_go_log/zap.go:104","msg":"Failed to fetch URL.","url":"http://example.com","attempt":3,"backoff":1}
{"level":"info","ts":1633871992.202548,"caller":"test_go_log/zap.go:113","msg":"Failed to fetch URL.","url":"http://example.com","attempt":3,"backoff":1}
{"level":"info","ts":1633871992.202553,"caller":"test_go_log/zap.go:119","msg":"Failed to fetch URL: http://example.com"}
{"level":"info","ts":1633871992.202558,"caller":"test_go_log/zap.go:104","msg":"Failed to fetch URL.","url":"http://example.com","attempt":3,"backoff":1}
{"level":"info","ts":1633871992.202562,"caller":"test_go_log/zap.go:113","msg":"Failed to fetch URL.","url":"http://example.com","attempt":3,"backoff":1}
{"level":"info","ts":1633871992.2025669,"caller":"test_go_log/zap.go:119","msg":"Failed to fetch URL: http://example.com"}
{"level":"info","ts":1633871992.202572,"caller":"test_go_log/zap.go:104","msg":"Failed to fetch URL.","url":"http://example.com","attempt":3,"backoff":1}
{"level":"info","ts":1633871992.202576,"caller":"test_go_log/zap.go:113","msg":"Failed to fetch URL.","url":"http://example.com","attempt":3,"backoff":1}
{"level":"info","ts":1633871992.2025821,"caller":"test_go_log/zap.go:119","msg":"Failed to fetch URL: http://example.com"}
{"level":"info","ts":1633871992.2025862,"caller":"test_go_log/zap.go:104","msg":"Failed to fetch URL.","url":"http://example.com","attempt":3,"backoff":1}
{"level":"info","ts":1633871992.202591,"caller":"test_go_log/zap.go:113","msg":"Failed to fetch URL.","url":"http://example.com","attempt":3,"backoff":1}
{"level":"info","ts":1633871992.2025962,"caller":"test_go_log/zap.go:119","msg":"Failed to fetch URL: http://example.com"}
{"level":"info","ts":1633871992.2026,"caller":"test_go_log/zap.go:104","msg":"Failed to fetch URL.","url":"http://example.com","attempt":3,"backoff":1}
{"level":"info","ts":1633871992.202605,"caller":"test_go_log/zap.go:113","msg":"Failed to fetch URL.","url":"http://example.com","attempt":3,"backoff":1}
{"level":"info","ts":1633871992.20261,"caller":"test_go_log/zap.go:119","msg":"Failed to fetch URL: http://example.com"}
{"level":"info","ts":1633871992.202614,"caller":"test_go_log/zap.go:104","msg":"Failed to fetch URL.","url":"http://example.com","attempt":3,"backoff":1}
{"level":"info","ts":1633871992.2026188,"caller":"test_go_log/zap.go:113","msg":"Failed to fetch URL.","url":"http://example.com","attempt":3,"backoff":1}
{"level":"info","ts":1633871992.202624,"caller":"test_go_log/zap.go:119","msg":"Failed to fetch URL: http://example.com"}
{"level":"info","ts":1633871992.202629,"caller":"test_go_log/zap.go:104","msg":"Failed to fetch URL.","url":"http://example.com","attempt":3,"backoff":1}
{"level":"info","ts":1633871992.202633,"caller":"test_go_log/zap.go:113","msg":"Failed to fetch URL.","url":"http://example.com","attempt":3,"backoff":1}
{"level":"info","ts":1633871992.202639,"caller":"test_go_log/zap.go:119","msg":"Failed to fetch URL: http://example.com"}
{"level":"info","ts":1633871992.202643,"caller":"test_go_log/zap.go:104","msg":"Failed to fetch URL.","url":"http://example.com","attempt":3,"backoff":1}
{"level":"info","ts":1633871992.2026482,"caller":"test_go_log/zap.go:113","msg":"Failed to fetch URL.","url":"http://example.com","attempt":3,"backoff":1}
{"level":"info","ts":1633871992.202653,"caller":"test_go_log/zap.go:119","msg":"Failed to fetch URL: http://example.com"}
{"level":"info","ts":1633871992.202658,"caller":"test_go_log/zap.go:104","msg":"Failed to fetch URL.","url":"http://example.com","attempt":3,"backoff":1}
{"level":"info","ts":1633871992.202662,"caller":"test_go_log/zap.go:113","msg":"Failed to fetch URL.","url":"http://example.com","attempt":3,"backoff":1}
{"level":"info","ts":1633871992.202667,"caller":"test_go_log/zap.go:119","msg":"Failed to fetch URL: http://example.com"}
{"level":"info","ts":1633871992.2026722,"caller":"test_go_log/zap.go:104","msg":"Failed to fetch URL.","url":"http://example.com","attempt":3,"backoff":1}
{"level":"info","ts":1633871992.202676,"caller":"test_go_log/zap.go:113","msg":"Failed to fetch URL.","url":"http://example.com","attempt":3,"backoff":1}
{"level":"info","ts":1633871992.202681,"caller":"test_go_log/zap.go:119","msg":"Failed to fetch URL: http://example.com"}
{"level":"info","ts":1633871992.2026858,"caller":"test_go_log/zap.go:104","msg":"Failed to fetch URL.","url":"http://example.com","attempt":3,"backoff":1}
{"level":"info","ts":1633871992.2026901,"caller":"test_go_log/zap.go:113","msg":"Failed to fetch URL.","url":"http://example.com","attempt":3,"backoff":1}
{"level":"info","ts":1633871992.202695,"caller":"test_go_log/zap.go:119","msg":"Failed to fetch URL: http://example.com"}
{"level":"info","ts":1633871992.202703,"caller":"test_go_log/zap.go:104","msg":"Failed to fetch URL.","url":"http://example.com","attempt":3,"backoff":1}
{"level":"info","ts":1633871992.202707,"caller":"test_go_log/zap.go:113","msg":"Failed to fetch URL.","url":"http://example.com","attempt":3,"backoff":1}
{"level":"info","ts":1633871992.202712,"caller":"test_go_log/zap.go:119","msg":"Failed to fetch URL: http://example.com"}
{"level":"info","ts":1633871992.2027168,"caller":"test_go_log/zap.go:104","msg":"Failed to fetch URL.","url":"http://example.com","attempt":3,"backoff":1}
{"level":"info","ts":1633871992.202721,"caller":"test_go_log/zap.go:113","msg":"Failed to fetch URL.","url":"http://example.com","attempt":3,"backoff":1}
{"level":"info","ts":1633871992.202726,"caller":"test_go_log/zap.go:119","msg":"Failed to fetch URL: http://example.com"}
{"level":"info","ts":1633871992.202731,"caller":"test_go_log/zap.go:104","msg":"Failed to fetch URL.","url":"http://example.com","attempt":3,"backoff":1}
{"level":"info","ts":1633871992.2027352,"caller":"test_go_log/zap.go:113","msg":"Failed to fetch URL.","url":"http://example.com","attempt":3,"backoff":1}
{"level":"info","ts":1633871992.202741,"caller":"test_go_log/zap.go:119","msg":"Failed to fetch URL: http://example.com"}
{"level":"info","ts":1633871992.2027462,"caller":"test_go_log/zap.go:104","msg":"Failed to fetch URL.","url":"http://example.com","attempt":3,"backoff":1}
{"level":"info","ts":1633871992.202751,"caller":"test_go_log/zap.go:113","msg":"Failed to fetch URL.","url":"http://example.com","attempt":3,"backoff":1}
{"level":"info","ts":1633871992.2027562,"caller":"test_go_log/zap.go:119","msg":"Failed to fetch URL: http://example.com"}
{"level":"info","ts":1633871992.20276,"caller":"test_go_log/zap.go:104","msg":"Failed to fetch URL.","url":"http://example.com","attempt":3,"backoff":1}
{"level":"info","ts":1633871992.202765,"caller":"test_go_log/zap.go:113","msg":"Failed to fetch URL.","url":"http://example.com","attempt":3,"backoff":1}
{"level":"info","ts":1633871992.20277,"caller":"test_go_log/zap.go:119","msg":"Failed to fetch URL: http://example.com"}
{"level":"info","ts":1633871992.202775,"caller":"test_go_log/zap.go:104","msg":"Failed to fetch URL.","url":"http://example.com","attempt":3,"backoff":1}
{"level":"info","ts":1633871992.2027788,"caller":"test_go_log/zap.go:113","msg":"Failed to fetch URL.","url":"http://example.com","attempt":3,"backoff":1}
{"level":"info","ts":1633871992.202784,"caller":"test_go_log/zap.go:119","msg":"Failed to fetch URL: http://example.com"}
{"level":"info","ts":1633871992.202789,"caller":"test_go_log/zap.go:104","msg":"Failed to fetch URL.","url":"http://example.com","attempt":3,"backoff":1}
{"level":"info","ts":1633871992.202793,"caller":"test_go_log/zap.go:113","msg":"Failed to fetch URL.","url":"http://example.com","attempt":3,"backoff":1}
{"level":"info","ts":1633871992.2027981,"caller":"test_go_log/zap.go:119","msg":"Failed to fetch URL: http://example.com"}
{"level":"info","ts":1633871992.202803,"caller":"test_go_log/zap.go:104","msg":"Failed to fetch URL.","url":"http://example.com","attempt":3,"backoff":1}
{"level":"info","ts":1633871992.202807,"caller":"test_go_log/zap.go:113","msg":"Failed to fetch URL.","url":"http://example.com","attempt":3,"backoff":1}
{"level":"info","ts":1633871992.202813,"caller":"test_go_log/zap.go:119","msg":"Failed to fetch URL: http://example.com"}
{"level":"info","ts":1633871992.202817,"caller":"test_go_log/zap.go:104","msg":"Failed to fetch URL.","url":"http://example.com","attempt":3,"backoff":1}
{"level":"info","ts":1633871992.202822,"caller":"test_go_log/zap.go:113","msg":"Failed to fetch URL.","url":"http://example.com","attempt":3,"backoff":1}
{"level":"info","ts":1633871992.202827,"caller":"test_go_log/zap.go:119","msg":"Failed to fetch URL: http://example.com"}
{"level":"info","ts":1633871992.202832,"caller":"test_go_log/zap.go:104","msg":"Failed to fetch URL.","url":"http://example.com","attempt":3,"backoff":1}
{"level":"info","ts":1633871992.202836,"caller":"test_go_log/zap.go:113","msg":"Failed to fetch URL.","url":"http://example.com","attempt":3,"backoff":1}
{"level":"info","ts":1633871992.202842,"caller":"test_go_log/zap.go:119","msg":"Failed to fetch URL: http://example.com"}
{"level":"info","ts":1633871992.202846,"caller":"test_go_log/zap.go:104","msg":"Failed to fetch URL.","url":"http://example.com","attempt":3,"backoff":1}
{"level":"info","ts":1633871992.202851,"caller":"test_go_log/zap.go:113","msg":"Failed to fetch URL.","url":"http://example.com","attempt":3,"backoff":1}
{"level":"info","ts":1633871992.2028558,"caller":"test_go_log/zap.go:119","msg":"Failed to fetch URL: http://example.com"}
{"level":"info","ts":1633871992.202861,"caller":"test_go_log/zap.go:104","msg":"Failed to fetch URL.","url":"http://example.com","attempt":3,"backoff":1}
{"level":"info","ts":1633871992.202865,"caller":"test_go_log/zap.go:113","msg":"Failed to fetch URL.","url":"http://example.com","attempt":3,"backoff":1}
{"level":"info","ts":1633871992.2028701,"caller":"test_go_log/zap.go:119","msg":"Failed to fetch URL: http://example.com"}
{"level":"info","ts":1633871992.202875,"caller":"test_go_log/zap.go:104","msg":"Failed to fetch URL.","url":"http://example.com","attempt":3,"backoff":1}
{"level":"info","ts":1633871992.202879,"caller":"test_go_log/zap.go:113","msg":"Failed to fetch URL.","url":"http://example.com","attempt":3,"backoff":1}
{"level":"info","ts":1633871992.2028842,"caller":"test_go_log/zap.go:119","msg":"Failed to fetch URL: http://example.com"}
{"level":"info","ts":1633871992.202891,"caller":"test_go_log/zap.go:104","msg":"Failed to fetch URL.","url":"http://example.com","attempt":3,"backoff":1}
{"level":"info","ts":1633871992.2028959,"caller":"test_go_log/zap.go:113","msg":"Failed to fetch URL.","url":"http://example.com","attempt":3,"backoff":1}
{"level":"info","ts":1633871992.202901,"caller":"test_go_log/zap.go:119","msg":"Failed to fetch URL: http://example.com"}
{"level":"info","ts":1633871992.2029061,"caller":"test_go_log/zap.go:104","msg":"Failed to fetch URL.","url":"http://example.com","attempt":3,"backoff":1}
{"level":"info","ts":1633871992.20291,"caller":"test_go_log/zap.go:113","msg":"Failed to fetch URL.","url":"http://example.com","attempt":3,"backoff":1}
{"level":"info","ts":1633871992.202915,"caller":"test_go_log/zap.go:119","msg":"Failed to fetch URL: http://example.com"}
{"level":"info","ts":1633871992.20292,"caller":"test_go_log/zap.go:104","msg":"Failed to fetch URL.","url":"http://example.com","attempt":3,"backoff":1}
{"level":"info","ts":1633871992.202925,"caller":"test_go_log/zap.go:113","msg":"Failed to fetch URL.","url":"http://example.com","attempt":3,"backoff":1}
{"level":"info","ts":1633871992.20293,"caller":"test_go_log/zap.go:119","msg":"Failed to fetch URL: http://example.com"}
{"level":"info","ts":1633871992.202935,"caller":"test_go_log/zap.go:104","msg":"Failed to fetch URL.","url":"http://example.com","attempt":3,"backoff":1}
{"level":"info","ts":1633871992.2029388,"caller":"test_go_log/zap.go:113","msg":"Failed to fetch URL.","url":"http://example.com","attempt":3,"backoff":1}
{"level":"info","ts":1633871992.202944,"caller":"test_go_log/zap.go:119","msg":"Failed to fetch URL: http://example.com"}
{"level":"info","ts":1633871992.202949,"caller":"test_go_log/zap.go:104","msg":"Failed to fetch URL.","url":"http://example.com","attempt":3,"backoff":1}
{"level":"info","ts":1633871992.202954,"caller":"test_go_log/zap.go:113","msg":"Failed to fetch URL.","url":"http://example.com","attempt":3,"backoff":1}
{"level":"info","ts":1633871992.202959,"caller":"test_go_log/zap.go:119","msg":"Failed to fetch URL: http://example.com"}
{"level":"info","ts":1633871992.2029629,"caller":"test_go_log/zap.go:104","msg":"Failed to fetch URL.","url":"http://example.com","attempt":3,"backoff":1}
{"level":"info","ts":1633871992.2029681,"caller":"test_go_log/zap.go:113","msg":"Failed to fetch URL.","url":"http://example.com","attempt":3,"backoff":1}
{"level":"info","ts":1633871992.202973,"caller":"test_go_log/zap.go:119","msg":"Failed to fetch URL: http://example.com"}
{"level":"info","ts":1633871992.2029781,"caller":"test_go_log/zap.go:104","msg":"Failed to fetch URL.","url":"http://example.com","attempt":3,"backoff":1}
{"level":"info","ts":1633871992.202982,"caller":"test_go_log/zap.go:113","msg":"Failed to fetch URL.","url":"http://example.com","attempt":3,"backoff":1}
{"level":"info","ts":1633871992.202987,"caller":"test_go_log/zap.go:119","msg":"Failed to fetch URL: http://example.com"}
{"level":"info","ts":1633871992.202993,"caller":"test_go_log/zap.go:104","msg":"Failed to fetch URL.","url":"http://example.com","attempt":3,"backoff":1}
{"level":"info","ts":1633871992.202998,"caller":"test_go_log/zap.go:113","msg":"Failed to fetch URL.","url":"http://example.com","attempt":3,"backoff":1}
{"level":"info","ts":1633871992.203003,"caller":"test_go_log/zap.go:119","msg":"Failed to fetch URL: http://example.com"}
{"level":"info","ts":1633871992.203008,"caller":"test_go_log/zap.go:104","msg":"Failed to fetch URL.","url":"http://example.com","attempt":3,"backoff":1}
{"level":"info","ts":1633871992.203012,"caller":"test_go_log/zap.go:113","msg":"Failed to fetch URL.","url":"http://example.com","attempt":3,"backoff":1}
{"level":"info","ts":1633871992.203017,"caller":"test_go_log/zap.go:119","msg":"Failed to fetch URL: http://example.com"}
{"level":"info","ts":1633871992.203022,"caller":"test_go_log/zap.go:104","msg":"Failed to fetch URL.","url":"http://example.com","attempt":3,"backoff":1}
{"level":"info","ts":1633871992.2030258,"caller":"test_go_log/zap.go:113","msg":"Failed to fetch URL.","url":"http://example.com","attempt":3,"backoff":1}
{"level":"info","ts":1633871992.203031,"caller":"test_go_log/zap.go:119","msg":"Failed to fetch URL: http://example.com"}
{"level":"info","ts":1633871992.2030358,"caller":"test_go_log/zap.go:104","msg":"Failed to fetch URL.","url":"http://example.com","attempt":3,"backoff":1}
{"level":"info","ts":1633871992.20304,"caller":"test_go_log/zap.go:113","msg":"Failed to fetch URL.","url":"http://example.com","attempt":3,"backoff":1}
{"level":"info","ts":1633871992.2030458,"caller":"test_go_log/zap.go:119","msg":"Failed to fetch URL: http://example.com"}
{"level":"info","ts":1633871992.203051,"caller":"test_go_log/zap.go:104","msg":"Failed to fetch URL.","url":"http://example.com","attempt":3,"backoff":1}
{"level":"info","ts":1633871992.2030551,"caller":"test_go_log/zap.go:113","msg":"Failed to fetch URL.","url":"http://example.com","attempt":3,"backoff":1}
{"level":"info","ts":1633871992.20306,"caller":"test_go_log/zap.go:119","msg":"Failed to fetch URL: http://example.com"}
{"level":"info","ts":1633871992.2030652,"caller":"test_go_log/zap.go:104","msg":"Failed to fetch URL.","url":"http://example.com","attempt":3,"backoff":1}
{"level":"info","ts":1633871992.203069,"caller":"test_go_log/zap.go:113","msg":"Failed to fetch URL.","url":"http://example.com","attempt":3,"backoff":1}
{"level":"info","ts":1633871992.2030752,"caller":"test_go_log/zap.go:119","msg":"Failed to fetch URL: http://example.com"}
{"level":"info","ts":1633871992.203082,"caller":"test_go_log/zap.go:104","msg":"Failed to fetch URL.","url":"http://example.com","attempt":3,"backoff":1}
{"level":"info","ts":1633871992.2030861,"caller":"test_go_log/zap.go:113","msg":"Failed to fetch URL.","url":"http://example.com","attempt":3,"backoff":1}
{"level":"info","ts":1633871992.203091,"caller":"test_go_log/zap.go:119","msg":"Failed to fetch URL: http://example.com"}
{"level":"info","ts":1633871992.2030962,"caller":"test_go_log/zap.go:104","msg":"Failed to fetch URL.","url":"http://example.com","attempt":3,"backoff":1}
{"level":"info","ts":1633871992.203101,"caller":"test_go_log/zap.go:113","msg":"Failed to fetch URL.","url":"http://example.com","attempt":3,"backoff":1}
{"level":"info","ts":1633871992.2031062,"caller":"test_go_log/zap.go:119","msg":"Failed to fetch URL: http://example.com"}
{"level":"info","ts":1633871992.20311,"caller":"test_go_log/zap.go:104","msg":"Failed to fetch URL.","url":"http://example.com","attempt":3,"backoff":1}
{"level":"info","ts":1633871992.203115,"caller":"test_go_log/zap.go:113","msg":"Failed to fetch URL.","url":"http://example.com","attempt":3,"backoff":1}
{"level":"info","ts":1633871992.2031202,"caller":"test_go_log/zap.go:119","msg":"Failed to fetch URL: http://example.com"}
{"level":"info","ts":1633871992.203124,"caller":"test_go_log/zap.go:104","msg":"Failed to fetch URL.","url":"http://example.com","attempt":3,"backoff":1}
{"level":"info","ts":1633871992.203129,"caller":"test_go_log/zap.go:113","msg":"Failed to fetch URL.","url":"http://example.com","attempt":3,"backoff":1}
{"level":"info","ts":1633871992.203134,"caller":"test_go_log/zap.go:119","msg":"Failed to fetch URL: http://example.com"}
{"level":"info","ts":1633871992.203138,"caller":"test_go_log/zap.go:104","msg":"Failed to fetch URL.","url":"http://example.com","attempt":3,"backoff":1}
{"level":"info","ts":1633871992.203143,"caller":"test_go_log/zap.go:113","msg":"Failed to fetch URL.","url":"http://example.com","attempt":3,"backoff":1}
{"level":"info","ts":1633871992.2031481,"caller":"test_go_log/zap.go:119","msg":"Failed to fetch URL: http://example.com"}
{"level":"info","ts":1633871992.203152,"caller":"test_go_log/zap.go:104","msg":"Failed to fetch URL.","url":"http://example.com","attempt":3,"backoff":1}
{"level":"info","ts":1633871992.203157,"caller":"test_go_log/zap.go:113","msg":"Failed to fetch URL.","url":"http://example.com","attempt":3,"backoff":1}
{"level":"info","ts":1633871992.2031622,"caller":"test_go_log/zap.go:119","msg":"Failed to fetch URL: http://example.com"}
{"level":"info","ts":1633871992.203166,"caller":"test_go_log/zap.go:104","msg":"Failed to fetch URL.","url":"http://example.com","attempt":3,"backoff":1}
{"level":"info","ts":1633871992.2031722,"caller":"test_go_log/zap.go:113","msg":"Failed to fetch URL.","url":"http://example.com","attempt":3,"backoff":1}
{"level":"info","ts":1633871992.203177,"caller":"test_go_log/zap.go:119","msg":"Failed to fetch URL: http://example.com"}
{"level":"info","ts":1633871992.203181,"caller":"test_go_log/zap.go:104","msg":"Failed to fetch URL.","url":"http://example.com","attempt":3,"backoff":1}
{"level":"info","ts":1633871992.203186,"caller":"test_go_log/zap.go:113","msg":"Failed to fetch URL.","url":"http://example.com","attempt":3,"backoff":1}
{"level":"info","ts":1633871992.203191,"caller":"test_go_log/zap.go:119","msg":"Failed to fetch URL: http://example.com"}
{"level":"info","ts":1633871992.2031949,"caller":"test_go_log/zap.go:104","msg":"Failed to fetch URL.","url":"http://example.com","attempt":3,"backoff":1}
{"level":"info","ts":1633871992.2032,"caller":"test_go_log/zap.go:113","msg":"Failed to fetch URL.","url":"http://example.com","attempt":3,"backoff":1}
{"level":"info","ts":1633871992.203205,"caller":"test_go_log/zap.go:119","msg":"Failed to fetch URL: http://example.com"}
{"level":"info","ts":1633871992.2032099,"caller":"test_go_log/zap.go:104","msg":"Failed to fetch URL.","url":"http://example.com","attempt":3,"backoff":1}
{"level":"info","ts":1633871992.2032142,"caller":"test_go_log/zap.go:113","msg":"Failed to fetch URL.","url":"http://example.com","attempt":3,"backoff":1}
{"level":"info","ts":1633871992.203219,"caller":"test_go_log/zap.go:119","msg":"Failed to fetch URL: http://example.com"}
{"level":"info","ts":1633871992.2032242,"caller":"test_go_log/zap.go:104","msg":"Failed to fetch URL.","url":"http://example.com","attempt":3,"backoff":1}
{"level":"info","ts":1633871992.203228,"caller":"test_go_log/zap.go:113","msg":"Failed to fetch URL.","url":"http://example.com","attempt":3,"backoff":1}
{"level":"info","ts":1633871992.203233,"caller":"test_go_log/zap.go:119","msg":"Failed to fetch URL: http://example.com"}
{"level":"info","ts":1633871992.20324,"caller":"test_go_log/zap.go:104","msg":"Failed to fetch URL.","url":"http://example.com","attempt":3,"backoff":1}
{"level":"info","ts":1633871992.2032452,"caller":"test_go_log/zap.go:113","msg":"Failed to fetch URL.","url":"http://example.com","attempt":3,"backoff":1}
{"level":"info","ts":1633871992.20325,"caller":"test_go_log/zap.go:119","msg":"Failed to fetch URL: http://example.com"}
{"level":"info","ts":1633871992.203255,"caller":"test_go_log/zap.go:104","msg":"Failed to fetch URL.","url":"http://example.com","attempt":3,"backoff":1}
{"level":"info","ts":1633871992.203259,"caller":"test_go_log/zap.go:113","msg":"Failed to fetch URL.","url":"http://example.com","attempt":3,"backoff":1}
{"level":"info","ts":1633871992.203264,"caller":"test_go_log/zap.go:119","msg":"Failed to fetch URL: http://example.com"}
{"level":"info","ts":1633871992.20327,"caller":"test_go_log/zap.go:104","msg":"Failed to fetch URL.","url":"http://example.com","attempt":3,"backoff":1}
{"level":"info","ts":1633871992.203274,"caller":"test_go_log/zap.go:113","msg":"Failed to fetch URL.","url":"http://example.com","attempt":3,"backoff":1}
{"level":"info","ts":1633871992.20328,"caller":"test_go_log/zap.go:119","msg":"Failed to fetch URL: http://example.com"}
{"level":"info","ts":1633871992.203284,"caller":"test_go_log/zap.go:104","msg":"Failed to fetch URL.","url":"http://example.com","attempt":3,"backoff":1}
{"level":"info","ts":1633871992.203289,"caller":"test_go_log/zap.go:113","msg":"Failed to fetch URL.","url":"http://example.com","attempt":3,"backoff":1}
{"level":"info","ts":1633871992.203294,"caller":"test_go_log/zap.go:119","msg":"Failed to fetch URL: http://example.com"}
{"level":"info","ts":1633871992.203299,"caller":"test_go_log/zap.go:104","msg":"Failed to fetch URL.","url":"http://example.com","attempt":3,"backoff":1}
{"level":"info","ts":1633871992.203304,"caller":"test_go_log/zap.go:113","msg":"Failed to fetch URL.","url":"http://example.com","attempt":3,"backoff":1}
{"level":"info","ts":1633871992.203309,"caller":"test_go_log/zap.go:119","msg":"Failed to fetch URL: http://example.com"}
{"level":"info","ts":1633871992.2033129,"caller":"test_go_log/zap.go:104","msg":"Failed to fetch URL.","url":"http://example.com","attempt":3,"backoff":1}
{"level":"info","ts":1633871992.203318,"caller":"test_go_log/zap.go:113","msg":"Failed to fetch URL.","url":"http://example.com","attempt":3,"backoff":1}
{"level":"info","ts":1633871992.203323,"caller":"test_go_log/zap.go:119","msg":"Failed to fetch URL: http://example.com"}
{"level":"info","ts":1633871992.203328,"caller":"test_go_log/zap.go:104","msg":"Failed to fetch URL.","url":"http://example.com","attempt":3,"backoff":1}
{"level":"info","ts":1633871992.2033322,"caller":"test_go_log/zap.go:113","msg":"Failed to fetch URL.","url":"http://example.com","attempt":3,"backoff":1}
{"level":"info","ts":1633871992.203337,"caller":"test_go_log/zap.go:119","msg":"Failed to fetch URL: http://example.com"}
{"level":"info","ts":1633871992.203342,"caller":"test_go_log/zap.go:104","msg":"Failed to fetch URL.","url":"http://example.com","attempt":3,"backoff":1}
{"level":"info","ts":1633871992.203346,"caller":"test_go_log/zap.go:113","msg":"Failed to fetch URL.","url":"http://example.com","attempt":3,"backoff":1}
{"level":"info","ts":1633871992.2033541,"caller":"test_go_log/zap.go:119","msg":"Failed to fetch URL: http://example.com"}
{"level":"info","ts":1633871992.203359,"caller":"test_go_log/zap.go:104","msg":"Failed to fetch URL.","url":"http://example.com","attempt":3,"backoff":1}
{"level":"info","ts":1633871992.2033641,"caller":"test_go_log/zap.go:113","msg":"Failed to fetch URL.","url":"http://example.com","attempt":3,"backoff":1}
{"level":"info","ts":1633871992.203369,"caller":"test_go_log/zap.go:119","msg":"Failed to fetch URL: http://example.com"}
{"level":"info","ts":1633871992.203373,"caller":"test_go_log/zap.go:104","msg":"Failed to fetch URL.","url":"http://example.com","attempt":3,"backoff":1}
{"level":"info","ts":1633871992.203378,"caller":"test_go_log/zap.go:113","msg":"Failed to fetch URL.","url":"http://example.com","attempt":3,"backoff":1}
{"level":"info","ts":1633871992.203383,"caller":"test_go_log/zap.go:119","msg":"Failed to fetch URL: http://example.com"}
{"level":"info","ts":1633871992.203388,"caller":"test_go_log/zap.go:104","msg":"Failed to fetch URL.","url":"http://example.com","attempt":3,"backoff":1}
{"level":"info","ts":1633871992.203392,"caller":"test_go_log/zap.go:113","msg":"Failed to fetch URL.","url":"http://example.com","attempt":3,"backoff":1}
{"level":"info","ts":1633871992.203397,"caller":"test_go_log/zap.go:119","msg":"Failed to fetch URL: http://example.com"}
{"level":"info","ts":1633871992.203402,"caller":"test_go_log/zap.go:104","msg":"Failed to fetch URL.","url":"http://example.com","attempt":3,"backoff":1}
{"level":"info","ts":1633871992.203406,"caller":"test_go_log/zap.go:113","msg":"Failed to fetch URL.","url":"http://example.com","attempt":3,"backoff":1}
{"level":"info","ts":1633871992.203424,"caller":"test_go_log/zap.go:119","msg":"Failed to fetch URL: http://example.com"}
{"level":"info","ts":1633871992.2034292,"caller":"test_go_log/zap.go:104","msg":"Failed to fetch URL.","url":"http://example.com","attempt":3,"backoff":1}
{"level":"info","ts":1633871992.203433,"caller":"test_go_log/zap.go:113","msg":"Failed to fetch URL.","url":"http://example.com","attempt":3,"backoff":1}
{"level":"info","ts":1633871992.203438,"caller":"test_go_log/zap.go:119","msg":"Failed to fetch URL: http://example.com"}
{"level":"info","ts":1633871992.203443,"caller":"test_go_log/zap.go:104","msg":"Failed to fetch URL.","url":"http://example.com","attempt":3,"backoff":1}
{"level":"info","ts":1633871992.203447,"caller":"test_go_log/zap.go:113","msg":"Failed to fetch URL.","url":"http://example.com","attempt":3,"backoff":1}
{"level":"info","ts":1633871992.2034528,"caller":"test_go_log/zap.go:119","msg":"Failed to fetch URL: http://example.com"}
{"level":"info","ts":1633871992.203457,"caller":"test_go_log/zap.go:104","msg":"Failed to fetch URL.","url":"http://example.com","attempt":3,"backoff":1}
{"level":"info","ts":1633871992.203462,"caller":"test_go_log/zap.go:113","msg":"Failed to fetch URL.","url":"http://example.com","attempt":3,"backoff":1}
{"level":"info","ts":1633871992.203467,"caller":"test_go_log/zap.go:119","msg":"Failed to fetch URL: http://example.com"}
{"level":"info","ts":1633871992.2034729,"caller":"test_go_log/zap.go:104","msg":"Failed to fetch URL.","url":"http://example.com","attempt":3,"backoff":1}
{"level":"info","ts":1633871992.203477,"caller":"test_go_log/zap.go:113","msg":"Failed to fetch URL.","url":"http://example.com","attempt":3,"backoff":1}
{"level":"info","ts":1633871992.2034822,"caller":"test_go_log/zap.go:119","msg":"Failed to fetch URL: http://example.com"}
{"level":"info","ts":1633871992.203487,"caller":"test_go_log/zap.go:104","msg":"Failed to fetch URL.","url":"http://example.com","attempt":3,"backoff":1}
{"level":"info","ts":1633871992.203491,"caller":"test_go_log/zap.go:113","msg":"Failed to fetch URL.","url":"http://example.com","attempt":3,"backoff":1}
{"level":"info","ts":1633871992.203497,"caller":"test_go_log/zap.go:119","msg":"Failed to fetch URL: http://example.com"}
{"level":"info","ts":1633871992.203501,"caller":"test_go_log/zap.go:104","msg":"Failed to fetch URL.","url":"http://example.com","attempt":3,"backoff":1}
{"level":"info","ts":1633871992.203506,"caller":"test_go_log/zap.go:113","msg":"Failed to fetch URL.","url":"http://example.com","attempt":3,"backoff":1}
{"level":"info","ts":1633871992.203511,"caller":"test_go_log/zap.go:119","msg":"Failed to fetch URL: http://example.com"}
{"level":"info","ts":1633871992.2035148,"caller":"test_go_log/zap.go:104","msg":"Failed to fetch URL.","url":"http://example.com","attempt":3,"backoff":1}
{"level":"info","ts":1633871992.20352,"caller":"test_go_log/zap.go:113","msg":"Failed to fetch URL.","url":"http://example.com","attempt":3,"backoff":1}
{"level":"info","ts":1633871992.203525,"caller":"test_go_log/zap.go:119","msg":"Failed to fetch URL: http://example.com"}
{"level":"info","ts":1633871992.203529,"caller":"test_go_log/zap.go:104","msg":"Failed to fetch URL.","url":"http://example.com","attempt":3,"backoff":1}
{"level":"info","ts":1633871992.2035341,"caller":"test_go_log/zap.go:113","msg":"Failed to fetch URL.","url":"http://example.com","attempt":3,"backoff":1}
{"level":"info","ts":1633871992.203539,"caller":"test_go_log/zap.go:119","msg":"Failed to fetch URL: http://example.com"}
{"level":"info","ts":1633871992.203543,"caller":"test_go_log/zap.go:104","msg":"Failed to fetch URL.","url":"http://example.com","attempt":3,"backoff":1}
{"level":"info","ts":1633871992.203548,"caller":"test_go_log/zap.go:113","msg":"Failed to fetch URL.","url":"http://example.com","attempt":3,"backoff":1}
{"level":"info","ts":1633871992.203553,"caller":"test_go_log/zap.go:119","msg":"Failed to fetch URL: http://example.com"}
{"level":"info","ts":1633871992.203559,"caller":"test_go_log/zap.go:104","msg":"Failed to fetch URL.","url":"http://example.com","attempt":3,"backoff":1}
{"level":"info","ts":1633871992.203563,"caller":"test_go_log/zap.go:113","msg":"Failed to fetch URL.","url":"http://example.com","attempt":3,"backoff":1}
{"level":"info","ts":1633871992.2035682,"caller":"test_go_log/zap.go:119","msg":"Failed to fetch URL: http://example.com"}
{"level":"info","ts":1633871992.203573,"caller":"test_go_log/zap.go:104","msg":"Failed to fetch URL.","url":"http://example.com","attempt":3,"backoff":1}
{"level":"info","ts":1633871992.203577,"caller":"test_go_log/zap.go:113","msg":"Failed to fetch URL.","url":"http://example.com","attempt":3,"backoff":1}
{"level":"info","ts":1633871992.203583,"caller":"test_go_log/zap.go:119","msg":"Failed to fetch URL: http://example.com"}
{"level":"info","ts":1633871992.203587,"caller":"test_go_log/zap.go:104","msg":"Failed to fetch URL.","url":"http://example.com","attempt":3,"backoff":1}
{"level":"info","ts":1633871992.2035918,"caller":"test_go_log/zap.go:113","msg":"Failed to fetch URL.","url":"http://example.com","attempt":3,"backoff":1}
{"level":"info","ts":1633871992.203597,"caller":"test_go_log/zap.go:119","msg":"Failed to fetch URL: http://example.com"}
{"level":"info","ts":1633871992.203601,"caller":"test_go_log/zap.go:104","msg":"Failed to fetch URL.","url":"http://example.com","attempt":3,"backoff":1}
{"level":"info","ts":1633871992.203605,"caller":"test_go_log/zap.go:113","msg":"Failed to fetch URL.","url":"http://example.com","attempt":3,"backoff":1}
{"level":"info","ts":1633871992.203611,"caller":"test_go_log/zap.go:119","msg":"Failed to fetch URL: http://example.com"}
{"level":"info","ts":1633871992.203615,"caller":"test_go_log/zap.go:104","msg":"Failed to fetch URL.","url":"http://example.com","attempt":3,"backoff":1}
{"level":"info","ts":1633871992.2036202,"caller":"test_go_log/zap.go:113","msg":"Failed to fetch URL.","url":"http://example.com","attempt":3,"backoff":1}
{"level":"info","ts":1633871992.203625,"caller":"test_go_log/zap.go:119","msg":"Failed to fetch URL: http://example.com"}
{"level":"info","ts":1633871992.203629,"caller":"test_go_log/zap.go:104","msg":"Failed to fetch URL.","url":"http://example.com","attempt":3,"backoff":1}
{"level":"info","ts":1633871992.203634,"caller":"test_go_log/zap.go:113","msg":"Failed to fetch URL.","url":"http://example.com","attempt":3,"backoff":1}
{"level":"info","ts":1633871992.203639,"caller":"test_go_log/zap.go:119","msg":"Failed to fetch URL: http://example.com"}
{"level":"info","ts":1633871992.2036438,"caller":"test_go_log/zap.go:104","msg":"Failed to fetch URL.","url":"http://example.com","attempt":3,"backoff":1}
{"level":"info","ts":1633871992.203648,"caller":"test_go_log/zap.go:113","msg":"Failed to fetch URL.","url":"http://example.com","attempt":3,"backoff":1}
{"level":"info","ts":1633871992.203653,"caller":"test_go_log/zap.go:119","msg":"Failed to fetch URL: http://example.com"}
{"level":"info","ts":1633871992.20366,"caller":"test_go_log/zap.go:104","msg":"Failed to fetch URL.","url":"http://example.com","attempt":3,"backoff":1}
{"level":"info","ts":1633871992.2036648,"caller":"test_go_log/zap.go:113","msg":"Failed to fetch URL.","url":"http://example.com","attempt":3,"backoff":1}
{"level":"info","ts":1633871992.203671,"caller":"test_go_log/zap.go:119","msg":"Failed to fetch URL: http://example.com"}
{"level":"info","ts":1633871992.2036748,"caller":"test_go_log/zap.go:104","msg":"Failed to fetch URL.","url":"http://example.com","attempt":3,"backoff":1}
{"level":"info","ts":1633871992.20368,"caller":"test_go_log/zap.go:113","msg":"Failed to fetch URL.","url":"http://example.com","attempt":3,"backoff":1}
{"level":"info","ts":1633871992.203685,"caller":"test_go_log/zap.go:119","msg":"Failed to fetch URL: http://example.com"}
{"level":"info","ts":1633871992.20369,"caller":"test_go_log/zap.go:104","msg":"Failed to fetch URL.","url":"http://example.com","attempt":3,"backoff":1}
{"level":"info","ts":1633871992.203694,"caller":"test_go_log/zap.go:113","msg":"Failed to fetch URL.","url":"http://example.com","attempt":3,"backoff":1}
{"level":"info","ts":1633871992.2036989,"caller":"test_go_log/zap.go:119","msg":"Failed to fetch URL: http://example.com"}
{"level":"info","ts":1633871992.203703,"caller":"test_go_log/zap.go:104","msg":"Failed to fetch URL.","url":"http://example.com","attempt":3,"backoff":1}
{"level":"info","ts":1633871992.203708,"caller":"test_go_log/zap.go:113","msg":"Failed to fetch URL.","url":"http://example.com","attempt":3,"backoff":1}
{"level":"info","ts":1633871992.203713,"caller":"test_go_log/zap.go:119","msg":"Failed to fetch URL: http://example.com"}
{"level":"info","ts":1633871992.203718,"caller":"test_go_log/zap.go:104","msg":"Failed to fetch URL.","url":"http://example.com","attempt":3,"backoff":1}
{"level":"info","ts":1633871992.203722,"caller":"test_go_log/zap.go:113","msg":"Failed to fetch URL.","url":"http://example.com","attempt":3,"backoff":1}
{"level":"info","ts":1633871992.203727,"caller":"test_go_log/zap.go:119","msg":"Failed to fetch URL: http://example.com"}
{"level":"info","ts":1633871992.203732,"caller":"test_go_log/zap.go:104","msg":"Failed to fetch URL.","url":"http://example.com","attempt":3,"backoff":1}
{"level":"info","ts":1633871992.203736,"caller":"test_go_log/zap.go:113","msg":"Failed to fetch URL.","url":"http://example.com","attempt":3,"backoff":1}
{"level":"info","ts":1633871992.2037408,"caller":"test_go_log/zap.go:119","msg":"Failed to fetch URL: http://example.com"}
{"level":"info","ts":1633871992.203746,"caller":"test_go_log/zap.go:104","msg":"Failed to fetch URL.","url":"http://example.com","attempt":3,"backoff":1}
{"level":"info","ts":1633871992.20375,"caller":"test_go_log/zap.go:113","msg":"Failed to fetch URL.","url":"http://example.com","attempt":3,"backoff":1}
{"level":"info","ts":1633871992.203755,"caller":"test_go_log/zap.go:119","msg":"Failed to fetch URL: http://example.com"}
{"level":"info","ts":1633871992.2037601,"caller":"test_go_log/zap.go:104","msg":"Failed to fetch URL.","url":"http://example.com","attempt":3,"backoff":1}
{"level":"info","ts":1633871992.203764,"caller":"test_go_log/zap.go:113","msg":"Failed to fetch URL.","url":"http://example.com","attempt":3,"backoff":1}
{"level":"info","ts":1633871992.2037692,"caller":"test_go_log/zap.go:119","msg":"Failed to fetch URL: http://example.com"}
{"level":"info","ts":1633871992.203774,"caller":"test_go_log/zap.go:104","msg":"Failed to fetch URL.","url":"http://example.com","attempt":3,"backoff":1}
{"level":"info","ts":1633871992.203778,"caller":"test_go_log/zap.go:113","msg":"Failed to fetch URL.","url":"http://example.com","attempt":3,"backoff":1}
{"level":"info","ts":1633871992.2037828,"caller":"test_go_log/zap.go:119","msg":"Failed to fetch URL: http://example.com"}
{"level":"info","ts":1633871992.203788,"caller":"test_go_log/zap.go:104","msg":"Failed to fetch URL.","url":"http://example.com","attempt":3,"backoff":1}
{"level":"info","ts":1633871992.2037919,"caller":"test_go_log/zap.go:113","msg":"Failed to fetch URL.","url":"http://example.com","attempt":3,"backoff":1}
{"level":"info","ts":1633871992.203797,"caller":"test_go_log/zap.go:119","msg":"Failed to fetch URL: http://example.com"}
{"level":"info","ts":1633871992.203802,"caller":"test_go_log/zap.go:104","msg":"Failed to fetch URL.","url":"http://example.com","attempt":3,"backoff":1}
{"level":"info","ts":1633871992.2038069,"caller":"test_go_log/zap.go:113","msg":"Failed to fetch URL.","url":"http://example.com","attempt":3,"backoff":1}
{"level":"info","ts":1633871992.2038121,"caller":"test_go_log/zap.go:119","msg":"Failed to fetch URL: http://example.com"}
{"level":"info","ts":1633871992.203816,"caller":"test_go_log/zap.go:104","msg":"Failed to fetch URL.","url":"http://example.com","attempt":3,"backoff":1}
{"level":"info","ts":1633871992.203821,"caller":"test_go_log/zap.go:113","msg":"Failed to fetch URL.","url":"http://example.com","attempt":3,"backoff":1}
{"level":"info","ts":1633871992.203826,"caller":"test_go_log/zap.go:119","msg":"Failed to fetch URL: http://example.com"}
{"level":"info","ts":1633871992.203831,"caller":"test_go_log/zap.go:104","msg":"Failed to fetch URL.","url":"http://example.com","attempt":3,"backoff":1}
{"level":"info","ts":1633871992.2038348,"caller":"test_go_log/zap.go:113","msg":"Failed to fetch URL.","url":"http://example.com","attempt":3,"backoff":1}
{"level":"info","ts":1633871992.203843,"caller":"test_go_log/zap.go:119","msg":"Failed to fetch URL: http://example.com"}
{"level":"info","ts":1633871992.203848,"caller":"test_go_log/zap.go:104","msg":"Failed to fetch URL.","url":"http://example.com","attempt":3,"backoff":1}
{"level":"info","ts":1633871992.203852,"caller":"test_go_log/zap.go:113","msg":"Failed to fetch URL.","url":"http://example.com","attempt":3,"backoff":1}
{"level":"info","ts":1633871992.203858,"caller":"test_go_log/zap.go:119","msg":"Failed to fetch URL: http://example.com"}
{"level":"info","ts":1633871992.20387,"caller":"test_go_log/zap.go:104","msg":"Failed to fetch URL.","url":"http://example.com","attempt":3,"backoff":1}
{"level":"info","ts":1633871992.203875,"caller":"test_go_log/zap.go:113","msg":"Failed to fetch URL.","url":"http://example.com","attempt":3,"backoff":1}
{"level":"info","ts":1633871992.2038798,"caller":"test_go_log/zap.go:119","msg":"Failed to fetch URL: http://example.com"}
{"level":"info","ts":1633871992.203885,"caller":"test_go_log/zap.go:104","msg":"Failed to fetch URL.","url":"http://example.com","attempt":3,"backoff":1}
{"level":"info","ts":1633871992.2038898,"caller":"test_go_log/zap.go:113","msg":"Failed to fetch URL.","url":"http://example.com","attempt":3,"backoff":1}
{"level":"info","ts":1633871992.203895,"caller":"test_go_log/zap.go:119","msg":"Failed to fetch URL: http://example.com"}
{"level":"info","ts":1633871992.2038999,"caller":"test_go_log/zap.go:104","msg":"Failed to fetch URL.","url":"http://example.com","attempt":3,"backoff":1}
{"level":"info","ts":1633871992.203904,"caller":"test_go_log/zap.go:113","msg":"Failed to fetch URL.","url":"http://example.com","attempt":3,"backoff":1}
{"level":"info","ts":1633871992.2039092,"caller":"test_go_log/zap.go:119","msg":"Failed to fetch URL: http://example.com"}
{"level":"info","ts":1633871992.203914,"caller":"test_go_log/zap.go:104","msg":"Failed to fetch URL.","url":"http://example.com","attempt":3,"backoff":1}
{"level":"info","ts":1633871992.2039192,"caller":"test_go_log/zap.go:113","msg":"Failed to fetch URL.","url":"http://example.com","attempt":3,"backoff":1}
{"level":"info","ts":1633871992.203924,"caller":"test_go_log/zap.go:119","msg":"Failed to fetch URL: http://example.com"}
{"level":"info","ts":1633871992.203928,"caller":"test_go_log/zap.go:104","msg":"Failed to fetch URL.","url":"http://example.com","attempt":3,"backoff":1}
{"level":"info","ts":1633871992.203933,"caller":"test_go_log/zap.go:113","msg":"Failed to fetch URL.","url":"http://example.com","attempt":3,"backoff":1}
{"level":"info","ts":1633871992.203938,"caller":"test_go_log/zap.go:119","msg":"Failed to fetch URL: http://example.com"}
{"level":"info","ts":1633871992.203943,"caller":"test_go_log/zap.go:104","msg":"Failed to fetch URL.","url":"http://example.com","attempt":3,"backoff":1}
{"level":"info","ts":1633871992.203947,"caller":"test_go_log/zap.go:113","msg":"Failed to fetch URL.","url":"http://example.com","attempt":3,"backoff":1}
{"level":"info","ts":1633871992.203952,"caller":"test_go_log/zap.go:119","msg":"Failed to fetch URL: http://example.com"}
{"level":"info","ts":1633871992.203957,"caller":"test_go_log/zap.go:104","msg":"Failed to fetch URL.","url":"http://example.com","attempt":3,"backoff":1}
{"level":"info","ts":1633871992.2039611,"caller":"test_go_log/zap.go:113","msg":"Failed to fetch URL.","url":"http://example.com","attempt":3,"backoff":1}
{"level":"info","ts":1633871992.203967,"caller":"test_go_log/zap.go:119","msg":"Failed to fetch URL: http://example.com"}
{"level":"info","ts":1633871992.2039711,"caller":"test_go_log/zap.go:104","msg":"Failed to fetch URL.","url":"http://example.com","attempt":3,"backoff":1}
{"level":"info","ts":1633871992.203976,"caller":"test_go_log/zap.go:113","msg":"Failed to fetch URL.","url":"http://example.com","attempt":3,"backoff":1}
{"level":"info","ts":1633871992.203983,"caller":"test_go_log/zap.go:119","msg":"Failed to fetch URL: http://example.com"}
{"level":"info","ts":1633871992.203988,"caller":"test_go_log/zap.go:104","msg":"Failed to fetch URL.","url":"http://example.com","attempt":3,"backoff":1}
{"level":"info","ts":1633871992.2039921,"caller":"test_go_log/zap.go:113","msg":"Failed to fetch URL.","url":"http://example.com","attempt":3,"backoff":1}
{"level":"info","ts":1633871992.2039979,"caller":"test_go_log/zap.go:119","msg":"Failed to fetch URL: http://example.com"}
{"level":"info","ts":1633871992.2040021,"caller":"test_go_log/zap.go:104","msg":"Failed to fetch URL.","url":"http://example.com","attempt":3,"backoff":1}
{"level":"info","ts":1633871992.204007,"caller":"test_go_log/zap.go:113","msg":"Failed to fetch URL.","url":"http://example.com","attempt":3,"backoff":1}
{"level":"info","ts":1633871992.204012,"caller":"test_go_log/zap.go:119","msg":"Failed to fetch URL: http://example.com"}
{"level":"info","ts":1633871992.204017,"caller":"test_go_log/zap.go:104","msg":"Failed to fetch URL.","url":"http://example.com","attempt":3,"backoff":1}
{"level":"info","ts":1633871992.204021,"caller":"test_go_log/zap.go:113","msg":"Failed to fetch URL.","url":"http://example.com","attempt":3,"backoff":1}
{"level":"info","ts":1633871992.2040262,"caller":"test_go_log/zap.go:119","msg":"Failed to fetch URL: http://example.com"}
{"level":"info","ts":1633871992.204031,"caller":"test_go_log/zap.go:104","msg":"Failed to fetch URL.","url":"http://example.com","attempt":3,"backoff":1}
{"level":"info","ts":1633871992.204035,"caller":"test_go_log/zap.go:113","msg":"Failed to fetch URL.","url":"http://example.com","attempt":3,"backoff":1}
{"level":"info","ts":1633871992.20404,"caller":"test_go_log/zap.go:119","msg":"Failed to fetch URL: http://example.com"}
{"level":"info","ts":1633871992.204048,"caller":"test_go_log/zap.go:104","msg":"Failed to fetch URL.","url":"http://example.com","attempt":3,"backoff":1}
{"level":"info","ts":1633871992.204052,"caller":"test_go_log/zap.go:113","msg":"Failed to fetch URL.","url":"http://example.com","attempt":3,"backoff":1}
{"level":"info","ts":1633871992.204057,"caller":"test_go_log/zap.go:119","msg":"Failed to fetch URL: http://example.com"}
{"level":"info","ts":1633871992.204062,"caller":"test_go_log/zap.go:104","msg":"Failed to fetch URL.","url":"http://example.com","attempt":3,"backoff":1}
{"level":"info","ts":1633871992.204066,"caller":"test_go_log/zap.go:113","msg":"Failed to fetch URL.","url":"http://example.com","attempt":3,"backoff":1}
{"level":"info","ts":1633871992.204072,"caller":"test_go_log/zap.go:119","msg":"Failed to fetch URL: http://example.com"}
{"level":"info","ts":1633871992.204076,"caller":"test_go_log/zap.go:104","msg":"Failed to fetch URL.","url":"http://example.com","attempt":3,"backoff":1}
{"level":"info","ts":1633871992.20408,"caller":"test_go_log/zap.go:113","msg":"Failed to fetch URL.","url":"http://example.com","attempt":3,"backoff":1}
{"level":"info","ts":1633871992.204086,"caller":"test_go_log/zap.go:119","msg":"Failed to fetch URL: http://example.com"}
{"level":"info","ts":1633871992.20409,"caller":"test_go_log/zap.go:104","msg":"Failed to fetch URL.","url":"http://example.com","attempt":3,"backoff":1}
{"level":"info","ts":1633871992.204095,"caller":"test_go_log/zap.go:113","msg":"Failed to fetch URL.","url":"http://example.com","attempt":3,"backoff":1}
{"level":"info","ts":1633871992.204101,"caller":"test_go_log/zap.go:119","msg":"Failed to fetch URL: http://example.com"}
{"level":"info","ts":1633871992.204106,"caller":"test_go_log/zap.go:104","msg":"Failed to fetch URL.","url":"http://example.com","attempt":3,"backoff":1}
{"level":"info","ts":1633871992.2041101,"caller":"test_go_log/zap.go:113","msg":"Failed to fetch URL.","url":"http://example.com","attempt":3,"backoff":1}
{"level":"info","ts":1633871992.204115,"caller":"test_go_log/zap.go:119","msg":"Failed to fetch URL: http://example.com"}
{"level":"info","ts":1633871992.2041202,"caller":"test_go_log/zap.go:104","msg":"Failed to fetch URL.","url":"http://example.com","attempt":3,"backoff":1}
{"level":"info","ts":1633871992.204126,"caller":"test_go_log/zap.go:113","msg":"Failed to fetch URL.","url":"http://example.com","attempt":3,"backoff":1}
{"level":"info","ts":1633871992.2041311,"caller":"test_go_log/zap.go:119","msg":"Failed to fetch URL: http://example.com"}
{"level":"info","ts":1633871992.204136,"caller":"test_go_log/zap.go:104","msg":"Failed to fetch URL.","url":"http://example.com","attempt":3,"backoff":1}
{"level":"info","ts":1633871992.20414,"caller":"test_go_log/zap.go:113","msg":"Failed to fetch URL.","url":"http://example.com","attempt":3,"backoff":1}
{"level":"info","ts":1633871992.204145,"caller":"test_go_log/zap.go:119","msg":"Failed to fetch URL: http://example.com"}
{"level":"info","ts":1633871992.2041512,"caller":"test_go_log/zap.go:104","msg":"Failed to fetch URL.","url":"http://example.com","attempt":3,"backoff":1}
{"level":"info","ts":1633871992.204155,"caller":"test_go_log/zap.go:113","msg":"Failed to fetch URL.","url":"http://example.com","attempt":3,"backoff":1}
{"level":"info","ts":1633871992.20416,"caller":"test_go_log/zap.go:119","msg":"Failed to fetch URL: http://example.com"}
{"level":"info","ts":1633871992.2041652,"caller":"test_go_log/zap.go:104","msg":"Failed to fetch URL.","url":"http://example.com","attempt":3,"backoff":1}
{"level":"info","ts":1633871992.204169,"caller":"test_go_log/zap.go:113","msg":"Failed to fetch URL.","url":"http://example.com","attempt":3,"backoff":1}
{"level":"info","ts":1633871992.204175,"caller":"test_go_log/zap.go:119","msg":"Failed to fetch URL: http://example.com"}
{"level":"info","ts":1633871992.204179,"caller":"test_go_log/zap.go:104","msg":"Failed to fetch URL.","url":"http://example.com","attempt":3,"backoff":1}
{"level":"info","ts":1633871992.204184,"caller":"test_go_log/zap.go:113","msg":"Failed to fetch URL.","url":"http://example.com","attempt":3,"backoff":1}
{"level":"info","ts":1633871992.2041888,"caller":"test_go_log/zap.go:119","msg":"Failed to fetch URL: http://example.com"}
{"level":"info","ts":1633871992.204194,"caller":"test_go_log/zap.go:104","msg":"Failed to fetch URL.","url":"http://example.com","attempt":3,"backoff":1}
{"level":"info","ts":1633871992.204198,"caller":"test_go_log/zap.go:113","msg":"Failed to fetch URL.","url":"http://example.com","attempt":3,"backoff":1}
{"level":"info","ts":1633871992.204203,"caller":"test_go_log/zap.go:119","msg":"Failed to fetch URL: http://example.com"}
{"level":"info","ts":1633871992.2042081,"caller":"test_go_log/zap.go:104","msg":"Failed to fetch URL.","url":"http://example.com","attempt":3,"backoff":1}
{"level":"info","ts":1633871992.204212,"caller":"test_go_log/zap.go:113","msg":"Failed to fetch URL.","url":"http://example.com","attempt":3,"backoff":1}
{"level":"info","ts":1633871992.2042172,"caller":"test_go_log/zap.go:119","msg":"Failed to fetch URL: http://example.com"}
{"level":"info","ts":1633871992.204222,"caller":"test_go_log/zap.go:104","msg":"Failed to fetch URL.","url":"http://example.com","attempt":3,"backoff":1}
{"level":"info","ts":1633871992.204226,"caller":"test_go_log/zap.go:113","msg":"Failed to fetch URL.","url":"http://example.com","attempt":3,"backoff":1}
{"level":"info","ts":1633871992.204231,"caller":"test_go_log/zap.go:119","msg":"Failed to fetch URL: http://example.com"}
{"level":"info","ts":1633871992.204237,"caller":"test_go_log/zap.go:104","msg":"Failed to fetch URL.","url":"http://example.com","attempt":3,"backoff":1}
{"level":"info","ts":1633871992.2042408,"caller":"test_go_log/zap.go:113","msg":"Failed to fetch URL.","url":"http://example.com","attempt":3,"backoff":1}
{"level":"info","ts":1633871992.204246,"caller":"test_go_log/zap.go:119","msg":"Failed to fetch URL: http://example.com"}
{"level":"info","ts":1633871992.2042508,"caller":"test_go_log/zap.go:104","msg":"Failed to fetch URL.","url":"http://example.com","attempt":3,"backoff":1}
{"level":"info","ts":1633871992.2042549,"caller":"test_go_log/zap.go:113","msg":"Failed to fetch URL.","url":"http://example.com","attempt":3,"backoff":1}
{"level":"info","ts":1633871992.20426,"caller":"test_go_log/zap.go:119","msg":"Failed to fetch URL: http://example.com"}
{"level":"info","ts":1633871992.2042649,"caller":"test_go_log/zap.go:104","msg":"Failed to fetch URL.","url":"http://example.com","attempt":3,"backoff":1}
{"level":"info","ts":1633871992.2042692,"caller":"test_go_log/zap.go:113","msg":"Failed to fetch URL.","url":"http://example.com","attempt":3,"backoff":1}
{"level":"info","ts":1633871992.204274,"caller":"test_go_log/zap.go:119","msg":"Failed to fetch URL: http://example.com"}
{"level":"info","ts":1633871992.204279,"caller":"test_go_log/zap.go:104","msg":"Failed to fetch URL.","url":"http://example.com","attempt":3,"backoff":1}
{"level":"info","ts":1633871992.204284,"caller":"test_go_log/zap.go:113","msg":"Failed to fetch URL.","url":"http://example.com","attempt":3,"backoff":1}
{"level":"info","ts":1633871992.204291,"caller":"test_go_log/zap.go:119","msg":"Failed to fetch URL: http://example.com"}
{"level":"info","ts":1633871992.204352,"caller":"test_go_log/zap.go:104","msg":"Failed to fetch URL.","url":"http://example.com","attempt":3,"backoff":1}
{"level":"info","ts":1633871992.20437,"caller":"test_go_log/zap.go:113","msg":"Failed to fetch URL.","url":"http://example.com","attempt":3,"backoff":1}
{"level":"info","ts":1633871992.204383,"caller":"test_go_log/zap.go:119","msg":"Failed to fetch URL: http://example.com"}
{"level":"info","ts":1633871992.204389,"caller":"test_go_log/zap.go:104","msg":"Failed to fetch URL.","url":"http://example.com","attempt":3,"backoff":1}
{"level":"info","ts":1633871992.204394,"caller":"test_go_log/zap.go:113","msg":"Failed to fetch URL.","url":"http://example.com","attempt":3,"backoff":1}
{"level":"info","ts":1633871992.2044,"caller":"test_go_log/zap.go:119","msg":"Failed to fetch URL: http://example.com"}
{"level":"info","ts":1633871992.204406,"caller":"test_go_log/zap.go:104","msg":"Failed to fetch URL.","url":"http://example.com","attempt":3,"backoff":1}
{"level":"info","ts":1633871992.20441,"caller":"test_go_log/zap.go:113","msg":"Failed to fetch URL.","url":"http://example.com","attempt":3,"backoff":1}
{"level":"info","ts":1633871992.204416,"caller":"test_go_log/zap.go:119","msg":"Failed to fetch URL: http://example.com"}
{"level":"info","ts":1633871992.204422,"caller":"test_go_log/zap.go:104","msg":"Failed to fetch URL.","url":"http://example.com","attempt":3,"backoff":1}
{"level":"info","ts":1633871992.204426,"caller":"test_go_log/zap.go:113","msg":"Failed to fetch URL.","url":"http://example.com","attempt":3,"backoff":1}
{"level":"info","ts":1633871992.2044318,"caller":"test_go_log/zap.go:119","msg":"Failed to fetch URL: http://example.com"}
{"level":"info","ts":1633871992.204437,"caller":"test_go_log/zap.go:104","msg":"Failed to fetch URL.","url":"http://example.com","attempt":3,"backoff":1}
{"level":"info","ts":1633871992.204441,"caller":"test_go_log/zap.go:113","msg":"Failed to fetch URL.","url":"http://example.com","attempt":3,"backoff":1}
{"level":"info","ts":1633871992.204447,"caller":"test_go_log/zap.go:119","msg":"Failed to fetch URL: http://example.com"}
{"level":"info","ts":1633871992.204451,"caller":"test_go_log/zap.go:104","msg":"Failed to fetch URL.","url":"http://example.com","attempt":3,"backoff":1}
{"level":"info","ts":1633871992.2044559,"caller":"test_go_log/zap.go:113","msg":"Failed to fetch URL.","url":"http://example.com","attempt":3,"backoff":1}
{"level":"info","ts":1633871992.204461,"caller":"test_go_log/zap.go:119","msg":"Failed to fetch URL: http://example.com"}
{"level":"info","ts":1633871992.2044659,"caller":"test_go_log/zap.go:104","msg":"Failed to fetch URL.","url":"http://example.com","attempt":3,"backoff":1}
{"level":"info","ts":1633871992.20447,"caller":"test_go_log/zap.go:113","msg":"Failed to fetch URL.","url":"http://example.com","attempt":3,"backoff":1}
{"level":"info","ts":1633871992.204475,"caller":"test_go_log/zap.go:119","msg":"Failed to fetch URL: http://example.com"}
{"level":"info","ts":1633871992.20448,"caller":"test_go_log/zap.go:104","msg":"Failed to fetch URL.","url":"http://example.com","attempt":3,"backoff":1}
{"level":"info","ts":1633871992.2044852,"caller":"test_go_log/zap.go:113","msg":"Failed to fetch URL.","url":"http://example.com","attempt":3,"backoff":1}
{"level":"info","ts":1633871992.20449,"caller":"test_go_log/zap.go:119","msg":"Failed to fetch URL: http://example.com"}
{"level":"info","ts":1633871992.204494,"caller":"test_go_log/zap.go:104","msg":"Failed to fetch URL.","url":"http://example.com","attempt":3,"backoff":1}
{"level":"info","ts":1633871992.204499,"caller":"test_go_log/zap.go:113","msg":"Failed to fetch URL.","url":"http://example.com","attempt":3,"backoff":1}
{"level":"info","ts":1633871992.204504,"caller":"test_go_log/zap.go:119","msg":"Failed to fetch URL: http://example.com"}
{"level":"info","ts":1633871992.204512,"caller":"test_go_log/zap.go:104","msg":"Failed to fetch URL.","url":"http://example.com","attempt":3,"backoff":1}
{"level":"info","ts":1633871992.2045171,"caller":"test_go_log/zap.go:113","msg":"Failed to fetch URL.","url":"http://example.com","attempt":3,"backoff":1}
{"level":"info","ts":1633871992.204522,"caller":"test_go_log/zap.go:119","msg":"Failed to fetch URL: http://example.com"}
{"level":"info","ts":1633871992.2045271,"caller":"test_go_log/zap.go:104","msg":"Failed to fetch URL.","url":"http://example.com","attempt":3,"backoff":1}
{"level":"info","ts":1633871992.204531,"caller":"test_go_log/zap.go:113","msg":"Failed to fetch URL.","url":"http://example.com","attempt":3,"backoff":1}
{"level":"info","ts":1633871992.204536,"caller":"test_go_log/zap.go:119","msg":"Failed to fetch URL: http://example.com"}
{"level":"info","ts":1633871992.204541,"caller":"test_go_log/zap.go:104","msg":"Failed to fetch URL.","url":"http://example.com","attempt":3,"backoff":1}
{"level":"info","ts":1633871992.204545,"caller":"test_go_log/zap.go:113","msg":"Failed to fetch URL.","url":"http://example.com","attempt":3,"backoff":1}
{"level":"info","ts":1633871992.204551,"caller":"test_go_log/zap.go:119","msg":"Failed to fetch URL: http://example.com"}
{"level":"info","ts":1633871992.204555,"caller":"test_go_log/zap.go:104","msg":"Failed to fetch URL.","url":"http://example.com","attempt":3,"backoff":1}
{"level":"info","ts":1633871992.2045598,"caller":"test_go_log/zap.go:113","msg":"Failed to fetch URL.","url":"http://example.com","attempt":3,"backoff":1}
{"level":"info","ts":1633871992.204565,"caller":"test_go_log/zap.go:119","msg":"Failed to fetch URL: http://example.com"}
{"level":"info","ts":1633871992.204573,"caller":"test_go_log/zap.go:104","msg":"Failed to fetch URL.","url":"http://example.com","attempt":3,"backoff":1}
{"level":"info","ts":1633871992.204579,"caller":"test_go_log/zap.go:113","msg":"Failed to fetch URL.","url":"http://example.com","attempt":3,"backoff":1}
{"level":"info","ts":1633871992.204584,"caller":"test_go_log/zap.go:119","msg":"Failed to fetch URL: http://example.com"}
{"level":"info","ts":1633871992.204588,"caller":"test_go_log/zap.go:104","msg":"Failed to fetch URL.","url":"http://example.com","attempt":3,"backoff":1}
{"level":"info","ts":1633871992.204593,"caller":"test_go_log/zap.go:113","msg":"Failed to fetch URL.","url":"http://example.com","attempt":3,"backoff":1}
{"level":"info","ts":1633871992.204598,"caller":"test_go_log/zap.go:119","msg":"Failed to fetch URL: http://example.com"}
{"level":"info","ts":1633871992.204603,"caller":"test_go_log/zap.go:104","msg":"Failed to fetch URL.","url":"http://example.com","attempt":3,"backoff":1}
{"level":"info","ts":1633871992.204607,"caller":"test_go_log/zap.go:113","msg":"Failed to fetch URL.","url":"http://example.com","attempt":3,"backoff":1}
{"level":"info","ts":1633871992.2046132,"caller":"test_go_log/zap.go:119","msg":"Failed to fetch URL: http://example.com"}
{"level":"info","ts":1633871992.204617,"caller":"test_go_log/zap.go:104","msg":"Failed to fetch URL.","url":"http://example.com","attempt":3,"backoff":1}
{"level":"info","ts":1633871992.204622,"caller":"test_go_log/zap.go:113","msg":"Failed to fetch URL.","url":"http://example.com","attempt":3,"backoff":1}
{"level":"info","ts":1633871992.204627,"caller":"test_go_log/zap.go:119","msg":"Failed to fetch URL: http://example.com"}
{"level":"info","ts":1633871992.204632,"caller":"test_go_log/zap.go:104","msg":"Failed to fetch URL.","url":"http://example.com","attempt":3,"backoff":1}
{"level":"info","ts":1633871992.2046359,"caller":"test_go_log/zap.go:113","msg":"Failed to fetch URL.","url":"http://example.com","attempt":3,"backoff":1}
{"level":"info","ts":1633871992.204641,"caller":"test_go_log/zap.go:119","msg":"Failed to fetch URL: http://example.com"}
{"level":"info","ts":1633871992.2046459,"caller":"test_go_log/zap.go:104","msg":"Failed to fetch URL.","url":"http://example.com","attempt":3,"backoff":1}
{"level":"info","ts":1633871992.20465,"caller":"test_go_log/zap.go:113","msg":"Failed to fetch URL.","url":"http://example.com","attempt":3,"backoff":1}
{"level":"info","ts":1633871992.2046552,"caller":"test_go_log/zap.go:119","msg":"Failed to fetch URL: http://example.com"}
{"level":"info","ts":1633871992.20466,"caller":"test_go_log/zap.go:104","msg":"Failed to fetch URL.","url":"http://example.com","attempt":3,"backoff":1}
{"level":"info","ts":1633871992.2046652,"caller":"test_go_log/zap.go:113","msg":"Failed to fetch URL.","url":"http://example.com","attempt":3,"backoff":1}
{"level":"info","ts":1633871992.20467,"caller":"test_go_log/zap.go:119","msg":"Failed to fetch URL: http://example.com"}
{"level":"info","ts":1633871992.204674,"caller":"test_go_log/zap.go:104","msg":"Failed to fetch URL.","url":"http://example.com","attempt":3,"backoff":1}
{"level":"info","ts":1633871992.204679,"caller":"test_go_log/zap.go:113","msg":"Failed to fetch URL.","url":"http://example.com","attempt":3,"backoff":1}
{"level":"info","ts":1633871992.204685,"caller":"test_go_log/zap.go:119","msg":"Failed to fetch URL: http://example.com"}
{"level":"info","ts":1633871992.20469,"caller":"test_go_log/zap.go:104","msg":"Failed to fetch URL.","url":"http://example.com","attempt":3,"backoff":1}
{"level":"info","ts":1633871992.204694,"caller":"test_go_log/zap.go:113","msg":"Failed to fetch URL.","url":"http://example.com","attempt":3,"backoff":1}
{"level":"info","ts":1633871992.2047548,"caller":"test_go_log/zap.go:119","msg":"Failed to fetch URL: http://example.com"}
{"level":"info","ts":1633871992.204764,"caller":"test_go_log/zap.go:104","msg":"Failed to fetch URL.","url":"http://example.com","attempt":3,"backoff":1}
{"level":"info","ts":1633871992.2047691,"caller":"test_go_log/zap.go:113","msg":"Failed to fetch URL.","url":"http://example.com","attempt":3,"backoff":1}
{"level":"info","ts":1633871992.2047749,"caller":"test_go_log/zap.go:119","msg":"Failed to fetch URL: http://example.com"}
{"level":"info","ts":1633871992.204779,"caller":"test_go_log/zap.go:104","msg":"Failed to fetch URL.","url":"http://example.com","attempt":3,"backoff":1}
{"level":"info","ts":1633871992.2047842,"caller":"test_go_log/zap.go:113","msg":"Failed to fetch URL.","url":"http://example.com","attempt":3,"backoff":1}
{"level":"info","ts":1633871992.204789,"caller":"test_go_log/zap.go:119","msg":"Failed to fetch URL: http://example.com"}
{"level":"info","ts":1633871992.2047942,"caller":"test_go_log/zap.go:104","msg":"Failed to fetch URL.","url":"http://example.com","attempt":3,"backoff":1}
{"level":"info","ts":1633871992.204798,"caller":"test_go_log/zap.go:113","msg":"Failed to fetch URL.","url":"http://example.com","attempt":3,"backoff":1}
{"level":"info","ts":1633871992.2048042,"caller":"test_go_log/zap.go:119","msg":"Failed to fetch URL: http://example.com"}
{"level":"info","ts":1633871992.204808,"caller":"test_go_log/zap.go:104","msg":"Failed to fetch URL.","url":"http://example.com","attempt":3,"backoff":1}
{"level":"info","ts":1633871992.204813,"caller":"test_go_log/zap.go:113","msg":"Failed to fetch URL.","url":"http://example.com","attempt":3,"backoff":1}
{"level":"info","ts":1633871992.204818,"caller":"test_go_log/zap.go:119","msg":"Failed to fetch URL: http://example.com"}
{"level":"info","ts":1633871992.204823,"caller":"test_go_log/zap.go:104","msg":"Failed to fetch URL.","url":"http://example.com","attempt":3,"backoff":1}
{"level":"info","ts":1633871992.20483,"caller":"test_go_log/zap.go:113","msg":"Failed to fetch URL.","url":"http://example.com","attempt":3,"backoff":1}
{"level":"info","ts":1633871992.2048361,"caller":"test_go_log/zap.go:119","msg":"Failed to fetch URL: http://example.com"}
{"level":"info","ts":1633871992.204841,"caller":"test_go_log/zap.go:104","msg":"Failed to fetch URL.","url":"http://example.com","attempt":3,"backoff":1}
{"level":"info","ts":1633871992.204845,"caller":"test_go_log/zap.go:113","msg":"Failed to fetch URL.","url":"http://example.com","attempt":3,"backoff":1}
{"level":"info","ts":1633871992.20485,"caller":"test_go_log/zap.go:119","msg":"Failed to fetch URL: http://example.com"}
{"level":"info","ts":1633871992.204855,"caller":"test_go_log/zap.go:104","msg":"Failed to fetch URL.","url":"http://example.com","attempt":3,"backoff":1}
{"level":"info","ts":1633871992.20486,"caller":"test_go_log/zap.go:113","msg":"Failed to fetch URL.","url":"http://example.com","attempt":3,"backoff":1}
{"level":"info","ts":1633871992.204865,"caller":"test_go_log/zap.go:119","msg":"Failed to fetch URL: http://example.com"}
{"level":"info","ts":1633871992.20487,"caller":"test_go_log/zap.go:104","msg":"Failed to fetch URL.","url":"http://example.com","attempt":3,"backoff":1}
{"level":"info","ts":1633871992.204874,"caller":"test_go_log/zap.go:113","msg":"Failed to fetch URL.","url":"http://example.com","attempt":3,"backoff":1}
{"level":"info","ts":1633871992.2048798,"caller":"test_go_log/zap.go:119","msg":"Failed to fetch URL: http://example.com"}
{"level":"info","ts":1633871992.204884,"caller":"test_go_log/zap.go:104","msg":"Failed to fetch URL.","url":"http://example.com","attempt":3,"backoff":1}
{"level":"info","ts":1633871992.204889,"caller":"test_go_log/zap.go:113","msg":"Failed to fetch URL.","url":"http://example.com","attempt":3,"backoff":1}
{"level":"info","ts":1633871992.204894,"caller":"test_go_log/zap.go:119","msg":"Failed to fetch URL: http://example.com"}
{"level":"info","ts":1633871992.204899,"caller":"test_go_log/zap.go:104","msg":"Failed to fetch URL.","url":"http://example.com","attempt":3,"backoff":1}
{"level":"info","ts":1633871992.204903,"caller":"test_go_log/zap.go:113","msg":"Failed to fetch URL.","url":"http://example.com","attempt":3,"backoff":1}
{"level":"info","ts":1633871992.2049081,"caller":"test_go_log/zap.go:119","msg":"Failed to fetch URL: http://example.com"}
{"level":"info","ts":1633871992.204913,"caller":"test_go_log/zap.go:104","msg":"Failed to fetch URL.","url":"http://example.com","attempt":3,"backoff":1}
{"level":"info","ts":1633871992.204917,"caller":"test_go_log/zap.go:113","msg":"Failed to fetch URL.","url":"http://example.com","attempt":3,"backoff":1}
{"level":"info","ts":1633871992.2049222,"caller":"test_go_log/zap.go:119","msg":"Failed to fetch URL: http://example.com"}
{"level":"info","ts":1633871992.204927,"caller":"test_go_log/zap.go:104","msg":"Failed to fetch URL.","url":"http://example.com","attempt":3,"backoff":1}
{"level":"info","ts":1633871992.2049322,"caller":"test_go_log/zap.go:113","msg":"Failed to fetch URL.","url":"http://example.com","attempt":3,"backoff":1}
{"level":"info","ts":1633871992.204937,"caller":"test_go_log/zap.go:119","msg":"Failed to fetch URL: http://example.com"}
{"level":"info","ts":1633871992.204942,"caller":"test_go_log/zap.go:104","msg":"Failed to fetch URL.","url":"http://example.com","attempt":3,"backoff":1}
{"level":"info","ts":1633871992.2049458,"caller":"test_go_log/zap.go:113","msg":"Failed to fetch URL.","url":"http://example.com","attempt":3,"backoff":1}
{"level":"info","ts":1633871992.204951,"caller":"test_go_log/zap.go:119","msg":"Failed to fetch URL: http://example.com"}
{"level":"info","ts":1633871992.204957,"caller":"test_go_log/zap.go:104","msg":"Failed to fetch URL.","url":"http://example.com","attempt":3,"backoff":1}
{"level":"info","ts":1633871992.204962,"caller":"test_go_log/zap.go:113","msg":"Failed to fetch URL.","url":"http://example.com","attempt":3,"backoff":1}
{"level":"info","ts":1633871992.204967,"caller":"test_go_log/zap.go:119","msg":"Failed to fetch URL: http://example.com"}
{"level":"info","ts":1633871992.204972,"caller":"test_go_log/zap.go:104","msg":"Failed to fetch URL.","url":"http://example.com","attempt":3,"backoff":1}
{"level":"info","ts":1633871992.204976,"caller":"test_go_log/zap.go:113","msg":"Failed to fetch URL.","url":"http://example.com","attempt":3,"backoff":1}
{"level":"info","ts":1633871992.204981,"caller":"test_go_log/zap.go:119","msg":"Failed to fetch URL: http://example.com"}
{"level":"info","ts":1633871992.204986,"caller":"test_go_log/zap.go:104","msg":"Failed to fetch URL.","url":"http://example.com","attempt":3,"backoff":1}
{"level":"info","ts":1633871992.20499,"caller":"test_go_log/zap.go:113","msg":"Failed to fetch URL.","url":"http://example.com","attempt":3,"backoff":1}
{"level":"info","ts":1633871992.204996,"caller":"test_go_log/zap.go:119","msg":"Failed to fetch URL: http://example.com"}
{"level":"info","ts":1633871992.205003,"caller":"test_go_log/zap.go:104","msg":"Failed to fetch URL.","url":"http://example.com","attempt":3,"backoff":1}
{"level":"info","ts":1633871992.2050078,"caller":"test_go_log/zap.go:113","msg":"Failed to fetch URL.","url":"http://example.com","attempt":3,"backoff":1}
{"level":"info","ts":1633871992.205013,"caller":"test_go_log/zap.go:119","msg":"Failed to fetch URL: http://example.com"}
{"level":"info","ts":1633871992.205018,"caller":"test_go_log/zap.go:104","msg":"Failed to fetch URL.","url":"http://example.com","attempt":3,"backoff":1}
{"level":"info","ts":1633871992.2050219,"caller":"test_go_log/zap.go:113","msg":"Failed to fetch URL.","url":"http://example.com","attempt":3,"backoff":1}
{"level":"info","ts":1633871992.205027,"caller":"test_go_log/zap.go:119","msg":"Failed to fetch URL: http://example.com"}
{"level":"info","ts":1633871992.2050319,"caller":"test_go_log/zap.go:104","msg":"Failed to fetch URL.","url":"http://example.com","attempt":3,"backoff":1}
{"level":"info","ts":1633871992.205037,"caller":"test_go_log/zap.go:113","msg":"Failed to fetch URL.","url":"http://example.com","attempt":3,"backoff":1}
{"level":"info","ts":1633871992.205042,"caller":"test_go_log/zap.go:119","msg":"Failed to fetch URL: http://example.com"}
{"level":"info","ts":1633871992.205046,"caller":"test_go_log/zap.go:104","msg":"Failed to fetch URL.","url":"http://example.com","attempt":3,"backoff":1}
{"level":"info","ts":1633871992.205051,"caller":"test_go_log/zap.go:113","msg":"Failed to fetch URL.","url":"http://example.com","attempt":3,"backoff":1}
{"level":"info","ts":1633871992.205057,"caller":"test_go_log/zap.go:119","msg":"Failed to fetch URL: http://example.com"}
{"level":"info","ts":1633871992.205062,"caller":"test_go_log/zap.go:104","msg":"Failed to fetch URL.","url":"http://example.com","attempt":3,"backoff":1}
{"level":"info","ts":1633871992.205066,"caller":"test_go_log/zap.go:113","msg":"Failed to fetch URL.","url":"http://example.com","attempt":3,"backoff":1}
{"level":"info","ts":1633871992.205072,"caller":"test_go_log/zap.go:119","msg":"Failed to fetch URL: http://example.com"}
{"level":"info","ts":1633871992.205076,"caller":"test_go_log/zap.go:104","msg":"Failed to fetch URL.","url":"http://example.com","attempt":3,"backoff":1}
{"level":"info","ts":1633871992.20508,"caller":"test_go_log/zap.go:113","msg":"Failed to fetch URL.","url":"http://example.com","attempt":3,"backoff":1}
{"level":"info","ts":1633871992.205086,"caller":"test_go_log/zap.go:119","msg":"Failed to fetch URL: http://example.com"}
{"level":"info","ts":1633871992.20509,"caller":"test_go_log/zap.go:104","msg":"Failed to fetch URL.","url":"http://example.com","attempt":3,"backoff":1}
{"level":"info","ts":1633871992.2050948,"caller":"test_go_log/zap.go:113","msg":"Failed to fetch URL.","url":"http://example.com","attempt":3,"backoff":1}
{"level":"info","ts":1633871992.2051,"caller":"test_go_log/zap.go:119","msg":"Failed to fetch URL: http://example.com"}
{"level":"info","ts":1633871992.205104,"caller":"test_go_log/zap.go:104","msg":"Failed to fetch URL.","url":"http://example.com","attempt":3,"backoff":1}
{"level":"info","ts":1633871992.205109,"caller":"test_go_log/zap.go:113","msg":"Failed to fetch URL.","url":"http://example.com","attempt":3,"backoff":1}
{"level":"info","ts":1633871992.2051141,"caller":"test_go_log/zap.go:119","msg":"Failed to fetch URL: http://example.com"}
{"level":"info","ts":1633871992.205118,"caller":"test_go_log/zap.go:104","msg":"Failed to fetch URL.","url":"http://example.com","attempt":3,"backoff":1}
{"level":"info","ts":1633871992.2051232,"caller":"test_go_log/zap.go:113","msg":"Failed to fetch URL.","url":"http://example.com","attempt":3,"backoff":1}
{"level":"info","ts":1633871992.205128,"caller":"test_go_log/zap.go:119","msg":"Failed to fetch URL: http://example.com"}
{"level":"info","ts":1633871992.205132,"caller":"test_go_log/zap.go:104","msg":"Failed to fetch URL.","url":"http://example.com","attempt":3,"backoff":1}
{"level":"info","ts":1633871992.205137,"caller":"test_go_log/zap.go:113","msg":"Failed to fetch URL.","url":"http://example.com","attempt":3,"backoff":1}
{"level":"info","ts":1633871992.205142,"caller":"test_go_log/zap.go:119","msg":"Failed to fetch URL: http://example.com"}
{"level":"info","ts":1633871992.20515,"caller":"test_go_log/zap.go:104","msg":"Failed to fetch URL.","url":"http://example.com","attempt":3,"backoff":1}
{"level":"info","ts":1633871992.205154,"caller":"test_go_log/zap.go:113","msg":"Failed to fetch URL.","url":"http://example.com","attempt":3,"backoff":1}
{"level":"info","ts":1633871992.205159,"caller":"test_go_log/zap.go:119","msg":"Failed to fetch URL: http://example.com"}
{"level":"info","ts":1633871992.205164,"caller":"test_go_log/zap.go:104","msg":"Failed to fetch URL.","url":"http://example.com","attempt":3,"backoff":1}
{"level":"info","ts":1633871992.205168,"caller":"test_go_log/zap.go:113","msg":"Failed to fetch URL.","url":"http://example.com","attempt":3,"backoff":1}
{"level":"info","ts":1633871992.205173,"caller":"test_go_log/zap.go:119","msg":"Failed to fetch URL: http://example.com"}
{"level":"info","ts":1633871992.205178,"caller":"test_go_log/zap.go:104","msg":"Failed to fetch URL.","url":"http://example.com","attempt":3,"backoff":1}
{"level":"info","ts":1633871992.2051818,"caller":"test_go_log/zap.go:113","msg":"Failed to fetch URL.","url":"http://example.com","attempt":3,"backoff":1}
{"level":"info","ts":1633871992.205187,"caller":"test_go_log/zap.go:119","msg":"Failed to fetch URL: http://example.com"}
{"level":"info","ts":1633871992.2051919,"caller":"test_go_log/zap.go:104","msg":"Failed to fetch URL.","url":"http://example.com","attempt":3,"backoff":1}
{"level":"info","ts":1633871992.2051961,"caller":"test_go_log/zap.go:113","msg":"Failed to fetch URL.","url":"http://example.com","attempt":3,"backoff":1}
{"level":"info","ts":1633871992.205201,"caller":"test_go_log/zap.go:119","msg":"Failed to fetch URL: http://example.com"}
{"level":"info","ts":1633871992.205206,"caller":"test_go_log/zap.go:104","msg":"Failed to fetch URL.","url":"http://example.com","attempt":3,"backoff":1}
{"level":"info","ts":1633871992.2052102,"caller":"test_go_log/zap.go:113","msg":"Failed to fetch URL.","url":"http://example.com","attempt":3,"backoff":1}
{"level":"info","ts":1633871992.205216,"caller":"test_go_log/zap.go:119","msg":"Failed to fetch URL: http://example.com"}
{"level":"info","ts":1633871992.20522,"caller":"test_go_log/zap.go:104","msg":"Failed to fetch URL.","url":"http://example.com","attempt":3,"backoff":1}
{"level":"info","ts":1633871992.205225,"caller":"test_go_log/zap.go:113","msg":"Failed to fetch URL.","url":"http://example.com","attempt":3,"backoff":1}
{"level":"info","ts":1633871992.20523,"caller":"test_go_log/zap.go:119","msg":"Failed to fetch URL: http://example.com"}
{"level":"info","ts":1633871992.2052338,"caller":"test_go_log/zap.go:104","msg":"Failed to fetch URL.","url":"http://example.com","attempt":3,"backoff":1}
{"level":"info","ts":1633871992.205238,"caller":"test_go_log/zap.go:113","msg":"Failed to fetch URL.","url":"http://example.com","attempt":3,"backoff":1}
{"level":"info","ts":1633871992.2052438,"caller":"test_go_log/zap.go:119","msg":"Failed to fetch URL: http://example.com"}
{"level":"info","ts":1633871992.205249,"caller":"test_go_log/zap.go:104","msg":"Failed to fetch URL.","url":"http://example.com","attempt":3,"backoff":1}
{"level":"info","ts":1633871992.2052531,"caller":"test_go_log/zap.go:113","msg":"Failed to fetch URL.","url":"http://example.com","attempt":3,"backoff":1}
{"level":"info","ts":1633871992.205259,"caller":"test_go_log/zap.go:119","msg":"Failed to fetch URL: http://example.com"}
{"level":"info","ts":1633871992.2052631,"caller":"test_go_log/zap.go:104","msg":"Failed to fetch URL.","url":"http://example.com","attempt":3,"backoff":1}
{"level":"info","ts":1633871992.205268,"caller":"test_go_log/zap.go:113","msg":"Failed to fetch URL.","url":"http://example.com","attempt":3,"backoff":1}
{"level":"info","ts":1633871992.2052732,"caller":"test_go_log/zap.go:119","msg":"Failed to fetch URL: http://example.com"}
{"level":"info","ts":1633871992.205277,"caller":"test_go_log/zap.go:104","msg":"Failed to fetch URL.","url":"http://example.com","attempt":3,"backoff":1}
{"level":"info","ts":1633871992.205282,"caller":"test_go_log/zap.go:113","msg":"Failed to fetch URL.","url":"http://example.com","attempt":3,"backoff":1}
{"level":"info","ts":1633871992.205287,"caller":"test_go_log/zap.go:119","msg":"Failed to fetch URL: http://example.com"}
{"level":"info","ts":1633871992.205291,"caller":"test_go_log/zap.go:104","msg":"Failed to fetch URL.","url":"http://example.com","attempt":3,"backoff":1}
{"level":"info","ts":1633871992.205296,"caller":"test_go_log/zap.go:113","msg":"Failed to fetch URL.","url":"http://example.com","attempt":3,"backoff":1}
{"level":"info","ts":1633871992.205301,"caller":"test_go_log/zap.go:119","msg":"Failed to fetch URL: http://example.com"}
{"level":"info","ts":1633871992.205306,"caller":"test_go_log/zap.go:104","msg":"Failed to fetch URL.","url":"http://example.com","attempt":3,"backoff":1}
{"level":"info","ts":1633871992.2053099,"caller":"test_go_log/zap.go:113","msg":"Failed to fetch URL.","url":"http://example.com","attempt":3,"backoff":1}
{"level":"info","ts":1633871992.205315,"caller":"test_go_log/zap.go:119","msg":"Failed to fetch URL: http://example.com"}
{"level":"info","ts":1633871992.20532,"caller":"test_go_log/zap.go:104","msg":"Failed to fetch URL.","url":"http://example.com","attempt":3,"backoff":1}
{"level":"info","ts":1633871992.205324,"caller":"test_go_log/zap.go:113","msg":"Failed to fetch URL.","url":"http://example.com","attempt":3,"backoff":1}
{"level":"info","ts":1633871992.205329,"caller":"test_go_log/zap.go:119","msg":"Failed to fetch URL: http://example.com"}
{"level":"info","ts":1633871992.205342,"caller":"test_go_log/zap.go:104","msg":"Failed to fetch URL.","url":"http://example.com","attempt":3,"backoff":1}
{"level":"info","ts":1633871992.205346,"caller":"test_go_log/zap.go:113","msg":"Failed to fetch URL.","url":"http://example.com","attempt":3,"backoff":1}
{"level":"info","ts":1633871992.2053509,"caller":"test_go_log/zap.go:119","msg":"Failed to fetch URL: http://example.com"}
{"level":"info","ts":1633871992.2053561,"caller":"test_go_log/zap.go:104","msg":"Failed to fetch URL.","url":"http://example.com","attempt":3,"backoff":1}
{"level":"info","ts":1633871992.2053602,"caller":"test_go_log/zap.go:113","msg":"Failed to fetch URL.","url":"http://example.com","attempt":3,"backoff":1}
{"level":"info","ts":1633871992.205367,"caller":"test_go_log/zap.go:119","msg":"Failed to fetch URL: http://example.com"}
{"level":"info","ts":1633871992.205371,"caller":"test_go_log/zap.go:104","msg":"Failed to fetch URL.","url":"http://example.com","attempt":3,"backoff":1}
{"level":"info","ts":1633871992.205376,"caller":"test_go_log/zap.go:113","msg":"Failed to fetch URL.","url":"http://example.com","attempt":3,"backoff":1}
{"level":"info","ts":1633871992.2053812,"caller":"test_go_log/zap.go:119","msg":"Failed to fetch URL: http://example.com"}
{"level":"info","ts":1633871992.205385,"caller":"test_go_log/zap.go:104","msg":"Failed to fetch URL.","url":"http://example.com","attempt":3,"backoff":1}
{"level":"info","ts":1633871992.205392,"caller":"test_go_log/zap.go:113","msg":"Failed to fetch URL.","url":"http://example.com","attempt":3,"backoff":1}
{"level":"info","ts":1633871992.205397,"caller":"test_go_log/zap.go:119","msg":"Failed to fetch URL: http://example.com"}
{"level":"info","ts":1633871992.2054021,"caller":"test_go_log/zap.go:104","msg":"Failed to fetch URL.","url":"http://example.com","attempt":3,"backoff":1}
{"level":"info","ts":1633871992.205406,"caller":"test_go_log/zap.go:113","msg":"Failed to fetch URL.","url":"http://example.com","attempt":3,"backoff":1}
{"level":"info","ts":1633871992.205411,"caller":"test_go_log/zap.go:119","msg":"Failed to fetch URL: http://example.com"}
{"level":"info","ts":1633871992.205416,"caller":"test_go_log/zap.go:104","msg":"Failed to fetch URL.","url":"http://example.com","attempt":3,"backoff":1}
{"level":"info","ts":1633871992.20542,"caller":"test_go_log/zap.go:113","msg":"Failed to fetch URL.","url":"http://example.com","attempt":3,"backoff":1}
{"level":"info","ts":1633871992.205426,"caller":"test_go_log/zap.go:119","msg":"Failed to fetch URL: http://example.com"}
{"level":"info","ts":1633871992.20543,"caller":"test_go_log/zap.go:104","msg":"Failed to fetch URL.","url":"http://example.com","attempt":3,"backoff":1}
{"level":"info","ts":1633871992.2054348,"caller":"test_go_log/zap.go:113","msg":"Failed to fetch URL.","url":"http://example.com","attempt":3,"backoff":1}
{"level":"info","ts":1633871992.20544,"caller":"test_go_log/zap.go:119","msg":"Failed to fetch URL: http://example.com"}
{"level":"info","ts":1633871992.205445,"caller":"test_go_log/zap.go:104","msg":"Failed to fetch URL.","url":"http://example.com","attempt":3,"backoff":1}
{"level":"info","ts":1633871992.2054489,"caller":"test_go_log/zap.go:113","msg":"Failed to fetch URL.","url":"http://example.com","attempt":3,"backoff":1}
{"level":"info","ts":1633871992.205454,"caller":"test_go_log/zap.go:119","msg":"Failed to fetch URL: http://example.com"}
{"level":"info","ts":1633871992.2054589,"caller":"test_go_log/zap.go:104","msg":"Failed to fetch URL.","url":"http://example.com","attempt":3,"backoff":1}
{"level":"info","ts":1633871992.205463,"caller":"test_go_log/zap.go:113","msg":"Failed to fetch URL.","url":"http://example.com","attempt":3,"backoff":1}
{"level":"info","ts":1633871992.205469,"caller":"test_go_log/zap.go:119","msg":"Failed to fetch URL: http://example.com"}
{"level":"info","ts":1633871992.205473,"caller":"test_go_log/zap.go:104","msg":"Failed to fetch URL.","url":"http://example.com","attempt":3,"backoff":1}
{"level":"info","ts":1633871992.205478,"caller":"test_go_log/zap.go:113","msg":"Failed to fetch URL.","url":"http://example.com","attempt":3,"backoff":1}
{"level":"info","ts":1633871992.205483,"caller":"test_go_log/zap.go:119","msg":"Failed to fetch URL: http://example.com"}
{"level":"info","ts":1633871992.205487,"caller":"test_go_log/zap.go:104","msg":"Failed to fetch URL.","url":"http://example.com","attempt":3,"backoff":1}
{"level":"info","ts":1633871992.205492,"caller":"test_go_log/zap.go:113","msg":"Failed to fetch URL.","url":"http://example.com","attempt":3,"backoff":1}
{"level":"info","ts":1633871992.205497,"caller":"test_go_log/zap.go:119","msg":"Failed to fetch URL: http://example.com"}
{"level":"info","ts":1633871992.205502,"caller":"test_go_log/zap.go:104","msg":"Failed to fetch URL.","url":"http://example.com","attempt":3,"backoff":1}
{"level":"info","ts":1633871992.205506,"caller":"test_go_log/zap.go:113","msg":"Failed to fetch URL.","url":"http://example.com","attempt":3,"backoff":1}
{"level":"info","ts":1633871992.2055109,"caller":"test_go_log/zap.go:119","msg":"Failed to fetch URL: http://example.com"}
{"level":"info","ts":1633871992.205516,"caller":"test_go_log/zap.go:104","msg":"Failed to fetch URL.","url":"http://example.com","attempt":3,"backoff":1}
{"level":"info","ts":1633871992.20552,"caller":"test_go_log/zap.go:113","msg":"Failed to fetch URL.","url":"http://example.com","attempt":3,"backoff":1}
{"level":"info","ts":1633871992.205526,"caller":"test_go_log/zap.go:119","msg":"Failed to fetch URL: http://example.com"}
{"level":"info","ts":1633871992.205533,"caller":"test_go_log/zap.go:104","msg":"Failed to fetch URL.","url":"http://example.com","attempt":3,"backoff":1}
{"level":"info","ts":1633871992.205537,"caller":"test_go_log/zap.go:113","msg":"Failed to fetch URL.","url":"http://example.com","attempt":3,"backoff":1}
{"level":"info","ts":1633871992.2055428,"caller":"test_go_log/zap.go:119","msg":"Failed to fetch URL: http://example.com"}
{"level":"info","ts":1633871992.205547,"caller":"test_go_log/zap.go:104","msg":"Failed to fetch URL.","url":"http://example.com","attempt":3,"backoff":1}
{"level":"info","ts":1633871992.205552,"caller":"test_go_log/zap.go:113","msg":"Failed to fetch URL.","url":"http://example.com","attempt":3,"backoff":1}
{"level":"info","ts":1633871992.205557,"caller":"test_go_log/zap.go:119","msg":"Failed to fetch URL: http://example.com"}
{"level":"info","ts":1633871992.2055612,"caller":"test_go_log/zap.go:104","msg":"Failed to fetch URL.","url":"http://example.com","attempt":3,"backoff":1}
{"level":"info","ts":1633871992.205566,"caller":"test_go_log/zap.go:113","msg":"Failed to fetch URL.","url":"http://example.com","attempt":3,"backoff":1}
{"level":"info","ts":1633871992.2055712,"caller":"test_go_log/zap.go:119","msg":"Failed to fetch URL: http://example.com"}
{"level":"info","ts":1633871992.205576,"caller":"test_go_log/zap.go:104","msg":"Failed to fetch URL.","url":"http://example.com","attempt":3,"backoff":1}
{"level":"info","ts":1633871992.20558,"caller":"test_go_log/zap.go:113","msg":"Failed to fetch URL.","url":"http://example.com","attempt":3,"backoff":1}
{"level":"info","ts":1633871992.205585,"caller":"test_go_log/zap.go:119","msg":"Failed to fetch URL: http://example.com"}
{"level":"info","ts":1633871992.20559,"caller":"test_go_log/zap.go:104","msg":"Failed to fetch URL.","url":"http://example.com","attempt":3,"backoff":1}
{"level":"info","ts":1633871992.205594,"caller":"test_go_log/zap.go:113","msg":"Failed to fetch URL.","url":"http://example.com","attempt":3,"backoff":1}
{"level":"info","ts":1633871992.205599,"caller":"test_go_log/zap.go:119","msg":"Failed to fetch URL: http://example.com"}
{"level":"info","ts":1633871992.205604,"caller":"test_go_log/zap.go:104","msg":"Failed to fetch URL.","url":"http://example.com","attempt":3,"backoff":1}
{"level":"info","ts":1633871992.205608,"caller":"test_go_log/zap.go:113","msg":"Failed to fetch URL.","url":"http://example.com","attempt":3,"backoff":1}
{"level":"info","ts":1633871992.205614,"caller":"test_go_log/zap.go:119","msg":"Failed to fetch URL: http://example.com"}
{"level":"info","ts":1633871992.205618,"caller":"test_go_log/zap.go:104","msg":"Failed to fetch URL.","url":"http://example.com","attempt":3,"backoff":1}
{"level":"info","ts":1633871992.2056231,"caller":"test_go_log/zap.go:113","msg":"Failed to fetch URL.","url":"http://example.com","attempt":3,"backoff":1}
{"level":"info","ts":1633871992.205628,"caller":"test_go_log/zap.go:119","msg":"Failed to fetch URL: http://example.com"}
{"level":"info","ts":1633871992.205632,"caller":"test_go_log/zap.go:104","msg":"Failed to fetch URL.","url":"http://example.com","attempt":3,"backoff":1}
{"level":"info","ts":1633871992.2056372,"caller":"test_go_log/zap.go:113","msg":"Failed to fetch URL.","url":"http://example.com","attempt":3,"backoff":1}
{"level":"info","ts":1633871992.205642,"caller":"test_go_log/zap.go:119","msg":"Failed to fetch URL: http://example.com"}
{"level":"info","ts":1633871992.205646,"caller":"test_go_log/zap.go:104","msg":"Failed to fetch URL.","url":"http://example.com","attempt":3,"backoff":1}
{"level":"info","ts":1633871992.205651,"caller":"test_go_log/zap.go:113","msg":"Failed to fetch URL.","url":"http://example.com","attempt":3,"backoff":1}
{"level":"info","ts":1633871992.205656,"caller":"test_go_log/zap.go:119","msg":"Failed to fetch URL: http://example.com"}
{"level":"info","ts":1633871992.2056599,"caller":"test_go_log/zap.go:104","msg":"Failed to fetch URL.","url":"http://example.com","attempt":3,"backoff":1}
{"level":"info","ts":1633871992.205665,"caller":"test_go_log/zap.go:113","msg":"Failed to fetch URL.","url":"http://example.com","attempt":3,"backoff":1}
{"level":"info","ts":1633871992.2056708,"caller":"test_go_log/zap.go:119","msg":"Failed to fetch URL: http://example.com"}
{"level":"info","ts":1633871992.205676,"caller":"test_go_log/zap.go:104","msg":"Failed to fetch URL.","url":"http://example.com","attempt":3,"backoff":1}
{"level":"info","ts":1633871992.2056801,"caller":"test_go_log/zap.go:113","msg":"Failed to fetch URL.","url":"http://example.com","attempt":3,"backoff":1}
{"level":"info","ts":1633871992.205685,"caller":"test_go_log/zap.go:119","msg":"Failed to fetch URL: http://example.com"}
{"level":"info","ts":1633871992.2056901,"caller":"test_go_log/zap.go:104","msg":"Failed to fetch URL.","url":"http://example.com","attempt":3,"backoff":1}
{"level":"info","ts":1633871992.205694,"caller":"test_go_log/zap.go:113","msg":"Failed to fetch URL.","url":"http://example.com","attempt":3,"backoff":1}
{"level":"info","ts":1633871992.2057002,"caller":"test_go_log/zap.go:119","msg":"Failed to fetch URL: http://example.com"}
{"level":"info","ts":1633871992.205704,"caller":"test_go_log/zap.go:104","msg":"Failed to fetch URL.","url":"http://example.com","attempt":3,"backoff":1}
{"level":"info","ts":1633871992.205709,"caller":"test_go_log/zap.go:113","msg":"Failed to fetch URL.","url":"http://example.com","attempt":3,"backoff":1}
{"level":"info","ts":1633871992.205714,"caller":"test_go_log/zap.go:119","msg":"Failed to fetch URL: http://example.com"}
{"level":"info","ts":1633871992.2057211,"caller":"test_go_log/zap.go:104","msg":"Failed to fetch URL.","url":"http://example.com","attempt":3,"backoff":1}
{"level":"info","ts":1633871992.205726,"caller":"test_go_log/zap.go:113","msg":"Failed to fetch URL.","url":"http://example.com","attempt":3,"backoff":1}
{"level":"info","ts":1633871992.2057312,"caller":"test_go_log/zap.go:119","msg":"Failed to fetch URL: http://example.com"}
{"level":"info","ts":1633871992.205736,"caller":"test_go_log/zap.go:104","msg":"Failed to fetch URL.","url":"http://example.com","attempt":3,"backoff":1}
{"level":"info","ts":1633871992.20574,"caller":"test_go_log/zap.go:113","msg":"Failed to fetch URL.","url":"http://example.com","attempt":3,"backoff":1}
{"level":"info","ts":1633871992.205745,"caller":"test_go_log/zap.go:119","msg":"Failed to fetch URL: http://example.com"}
{"level":"info","ts":1633871992.20575,"caller":"test_go_log/zap.go:104","msg":"Failed to fetch URL.","url":"http://example.com","attempt":3,"backoff":1}
{"level":"info","ts":1633871992.205754,"caller":"test_go_log/zap.go:113","msg":"Failed to fetch URL.","url":"http://example.com","attempt":3,"backoff":1}
{"level":"info","ts":1633871992.20576,"caller":"test_go_log/zap.go:119","msg":"Failed to fetch URL: http://example.com"}
{"level":"info","ts":1633871992.205764,"caller":"test_go_log/zap.go:104","msg":"Failed to fetch URL.","url":"http://example.com","attempt":3,"backoff":1}
{"level":"info","ts":1633871992.205769,"caller":"test_go_log/zap.go:113","msg":"Failed to fetch URL.","url":"http://example.com","attempt":3,"backoff":1}
{"level":"info","ts":1633871992.205774,"caller":"test_go_log/zap.go:119","msg":"Failed to fetch URL: http://example.com"}
{"level":"info","ts":1633871992.205778,"caller":"test_go_log/zap.go:104","msg":"Failed to fetch URL.","url":"http://example.com","attempt":3,"backoff":1}
{"level":"info","ts":1633871992.2057831,"caller":"test_go_log/zap.go:113","msg":"Failed to fetch URL.","url":"http://example.com","attempt":3,"backoff":1}
{"level":"info","ts":1633871992.205788,"caller":"test_go_log/zap.go:119","msg":"Failed to fetch URL: http://example.com"}
{"level":"info","ts":1633871992.2057931,"caller":"test_go_log/zap.go:104","msg":"Failed to fetch URL.","url":"http://example.com","attempt":3,"backoff":1}
{"level":"info","ts":1633871992.2057972,"caller":"test_go_log/zap.go:113","msg":"Failed to fetch URL.","url":"http://example.com","attempt":3,"backoff":1}
{"level":"info","ts":1633871992.205816,"caller":"test_go_log/zap.go:119","msg":"Failed to fetch URL: http://example.com"}
{"level":"info","ts":1633871992.205821,"caller":"test_go_log/zap.go:104","msg":"Failed to fetch URL.","url":"http://example.com","attempt":3,"backoff":1}
{"level":"info","ts":1633871992.205825,"caller":"test_go_log/zap.go:113","msg":"Failed to fetch URL.","url":"http://example.com","attempt":3,"backoff":1}
{"level":"info","ts":1633871992.2058299,"caller":"test_go_log/zap.go:119","msg":"Failed to fetch URL: http://example.com"}
{"level":"info","ts":1633871992.205835,"caller":"test_go_log/zap.go:104","msg":"Failed to fetch URL.","url":"http://example.com","attempt":3,"backoff":1}
{"level":"info","ts":1633871992.2058399,"caller":"test_go_log/zap.go:113","msg":"Failed to fetch URL.","url":"http://example.com","attempt":3,"backoff":1}
{"level":"info","ts":1633871992.2058449,"caller":"test_go_log/zap.go:119","msg":"Failed to fetch URL: http://example.com"}
{"level":"info","ts":1633871992.2058501,"caller":"test_go_log/zap.go:104","msg":"Failed to fetch URL.","url":"http://example.com","attempt":3,"backoff":1}
{"level":"info","ts":1633871992.205854,"caller":"test_go_log/zap.go:113","msg":"Failed to fetch URL.","url":"http://example.com","attempt":3,"backoff":1}
{"level":"info","ts":1633871992.2058592,"caller":"test_go_log/zap.go:119","msg":"Failed to fetch URL: http://example.com"}
{"level":"info","ts":1633871992.205864,"caller":"test_go_log/zap.go:104","msg":"Failed to fetch URL.","url":"http://example.com","attempt":3,"backoff":1}
{"level":"info","ts":1633871992.205868,"caller":"test_go_log/zap.go:113","msg":"Failed to fetch URL.","url":"http://example.com","attempt":3,"backoff":1}
{"level":"info","ts":1633871992.205873,"caller":"test_go_log/zap.go:119","msg":"Failed to fetch URL: http://example.com"}
{"level":"info","ts":1633871992.205879,"caller":"test_go_log/zap.go:104","msg":"Failed to fetch URL.","url":"http://example.com","attempt":3,"backoff":1}
{"level":"info","ts":1633871992.2058828,"caller":"test_go_log/zap.go:113","msg":"Failed to fetch URL.","url":"http://example.com","attempt":3,"backoff":1}
{"level":"info","ts":1633871992.205888,"caller":"test_go_log/zap.go:119","msg":"Failed to fetch URL: http://example.com"}
{"level":"info","ts":1633871992.205893,"caller":"test_go_log/zap.go:104","msg":"Failed to fetch URL.","url":"http://example.com","attempt":3,"backoff":1}
{"level":"info","ts":1633871992.2058969,"caller":"test_go_log/zap.go:113","msg":"Failed to fetch URL.","url":"http://example.com","attempt":3,"backoff":1}
{"level":"info","ts":1633871992.205902,"caller":"test_go_log/zap.go:119","msg":"Failed to fetch URL: http://example.com"}
{"level":"info","ts":1633871992.2059069,"caller":"test_go_log/zap.go:104","msg":"Failed to fetch URL.","url":"http://example.com","attempt":3,"backoff":1}
{"level":"info","ts":1633871992.205912,"caller":"test_go_log/zap.go:113","msg":"Failed to fetch URL.","url":"http://example.com","attempt":3,"backoff":1}
{"level":"info","ts":1633871992.205917,"caller":"test_go_log/zap.go:119","msg":"Failed to fetch URL: http://example.com"}
{"level":"info","ts":1633871992.205924,"caller":"test_go_log/zap.go:104","msg":"Failed to fetch URL.","url":"http://example.com","attempt":3,"backoff":1}
{"level":"info","ts":1633871992.205929,"caller":"test_go_log/zap.go:113","msg":"Failed to fetch URL.","url":"http://example.com","attempt":3,"backoff":1}
{"level":"info","ts":1633871992.205934,"caller":"test_go_log/zap.go:119","msg":"Failed to fetch URL: http://example.com"}
{"level":"info","ts":1633871992.2059379,"caller":"test_go_log/zap.go:104","msg":"Failed to fetch URL.","url":"http://example.com","attempt":3,"backoff":1}
{"level":"info","ts":1633871992.205943,"caller":"test_go_log/zap.go:113","msg":"Failed to fetch URL.","url":"http://example.com","attempt":3,"backoff":1}
{"level":"info","ts":1633871992.2059488,"caller":"test_go_log/zap.go:119","msg":"Failed to fetch URL: http://example.com"}
{"level":"info","ts":1633871992.205954,"caller":"test_go_log/zap.go:104","msg":"Failed to fetch URL.","url":"http://example.com","attempt":3,"backoff":1}
{"level":"info","ts":1633871992.20596,"caller":"test_go_log/zap.go:113","msg":"Failed to fetch URL.","url":"http://example.com","attempt":3,"backoff":1}
{"level":"info","ts":1633871992.205965,"caller":"test_go_log/zap.go:119","msg":"Failed to fetch URL: http://example.com"}
{"level":"info","ts":1633871992.2059698,"caller":"test_go_log/zap.go:104","msg":"Failed to fetch URL.","url":"http://example.com","attempt":3,"backoff":1}
{"level":"info","ts":1633871992.205974,"caller":"test_go_log/zap.go:113","msg":"Failed to fetch URL.","url":"http://example.com","attempt":3,"backoff":1}
{"level":"info","ts":1633871992.2059789,"caller":"test_go_log/zap.go:119","msg":"Failed to fetch URL: http://example.com"}
{"level":"info","ts":1633871992.205984,"caller":"test_go_log/zap.go:104","msg":"Failed to fetch URL.","url":"http://example.com","attempt":3,"backoff":1}
{"level":"info","ts":1633871992.2059882,"caller":"test_go_log/zap.go:113","msg":"Failed to fetch URL.","url":"http://example.com","attempt":3,"backoff":1}
{"level":"info","ts":1633871992.205996,"caller":"test_go_log/zap.go:119","msg":"Failed to fetch URL: http://example.com"}
{"level":"info","ts":1633871992.2060008,"caller":"test_go_log/zap.go:104","msg":"Failed to fetch URL.","url":"http://example.com","attempt":3,"backoff":1}
{"level":"info","ts":1633871992.206006,"caller":"test_go_log/zap.go:113","msg":"Failed to fetch URL.","url":"http://example.com","attempt":3,"backoff":1}
{"level":"info","ts":1633871992.2060108,"caller":"test_go_log/zap.go:119","msg":"Failed to fetch URL: http://example.com"}
{"level":"info","ts":1633871992.2060149,"caller":"test_go_log/zap.go:104","msg":"Failed to fetch URL.","url":"http://example.com","attempt":3,"backoff":1}
{"level":"info","ts":1633871992.20602,"caller":"test_go_log/zap.go:113","msg":"Failed to fetch URL.","url":"http://example.com","attempt":3,"backoff":1}
{"level":"info","ts":1633871992.206025,"caller":"test_go_log/zap.go:119","msg":"Failed to fetch URL: http://example.com"}
{"level":"info","ts":1633871992.2060301,"caller":"test_go_log/zap.go:104","msg":"Failed to fetch URL.","url":"http://example.com","attempt":3,"backoff":1}
{"level":"info","ts":1633871992.206034,"caller":"test_go_log/zap.go:113","msg":"Failed to fetch URL.","url":"http://example.com","attempt":3,"backoff":1}
{"level":"info","ts":1633871992.206039,"caller":"test_go_log/zap.go:119","msg":"Failed to fetch URL: http://example.com"}
{"level":"info","ts":1633871992.206044,"caller":"test_go_log/zap.go:104","msg":"Failed to fetch URL.","url":"http://example.com","attempt":3,"backoff":1}
{"level":"info","ts":1633871992.206048,"caller":"test_go_log/zap.go:113","msg":"Failed to fetch URL.","url":"http://example.com","attempt":3,"backoff":1}
{"level":"info","ts":1633871992.206053,"caller":"test_go_log/zap.go:119","msg":"Failed to fetch URL: http://example.com"}
{"level":"info","ts":1633871992.206058,"caller":"test_go_log/zap.go:104","msg":"Failed to fetch URL.","url":"http://example.com","attempt":3,"backoff":1}
{"level":"info","ts":1633871992.206062,"caller":"test_go_log/zap.go:113","msg":"Failed to fetch URL.","url":"http://example.com","attempt":3,"backoff":1}
{"level":"info","ts":1633871992.206068,"caller":"test_go_log/zap.go:119","msg":"Failed to fetch URL: http://example.com"}
{"level":"info","ts":1633871992.206072,"caller":"test_go_log/zap.go:104","msg":"Failed to fetch URL.","url":"http://example.com","attempt":3,"backoff":1}
{"level":"info","ts":1633871992.206076,"caller":"test_go_log/zap.go:113","msg":"Failed to fetch URL.","url":"http://example.com","attempt":3,"backoff":1}
{"level":"info","ts":1633871992.206082,"caller":"test_go_log/zap.go:119","msg":"Failed to fetch URL: http://example.com"}
{"level":"info","ts":1633871992.206086,"caller":"test_go_log/zap.go:104","msg":"Failed to fetch URL.","url":"http://example.com","attempt":3,"backoff":1}
{"level":"info","ts":1633871992.206091,"caller":"test_go_log/zap.go:113","msg":"Failed to fetch URL.","url":"http://example.com","attempt":3,"backoff":1}
{"level":"info","ts":1633871992.206096,"caller":"test_go_log/zap.go:119","msg":"Failed to fetch URL: http://example.com"}
{"level":"info","ts":1633871992.2061,"caller":"test_go_log/zap.go:104","msg":"Failed to fetch URL.","url":"http://example.com","attempt":3,"backoff":1}
{"level":"info","ts":1633871992.206105,"caller":"test_go_log/zap.go:113","msg":"Failed to fetch URL.","url":"http://example.com","attempt":3,"backoff":1}
{"level":"info","ts":1633871992.20611,"caller":"test_go_log/zap.go:119","msg":"Failed to fetch URL: http://example.com"}
{"level":"info","ts":1633871992.206115,"caller":"test_go_log/zap.go:104","msg":"Failed to fetch URL.","url":"http://example.com","attempt":3,"backoff":1}
{"level":"info","ts":1633871992.2061188,"caller":"test_go_log/zap.go:113","msg":"Failed to fetch URL.","url":"http://example.com","attempt":3,"backoff":1}
{"level":"info","ts":1633871992.206125,"caller":"test_go_log/zap.go:119","msg":"Failed to fetch URL: http://example.com"}
{"level":"info","ts":1633871992.2061288,"caller":"test_go_log/zap.go:104","msg":"Failed to fetch URL.","url":"http://example.com","attempt":3,"backoff":1}
{"level":"info","ts":1633871992.206134,"caller":"test_go_log/zap.go:113","msg":"Failed to fetch URL.","url":"http://example.com","attempt":3,"backoff":1}
{"level":"info","ts":1633871992.2061388,"caller":"test_go_log/zap.go:119","msg":"Failed to fetch URL: http://example.com"}
{"level":"info","ts":1633871992.206143,"caller":"test_go_log/zap.go:104","msg":"Failed to fetch URL.","url":"http://example.com","attempt":3,"backoff":1}
{"level":"info","ts":1633871992.2061481,"caller":"test_go_log/zap.go:113","msg":"Failed to fetch URL.","url":"http://example.com","attempt":3,"backoff":1}
{"level":"info","ts":1633871992.206153,"caller":"test_go_log/zap.go:119","msg":"Failed to fetch URL: http://example.com"}
{"level":"info","ts":1633871992.206157,"caller":"test_go_log/zap.go:104","msg":"Failed to fetch URL.","url":"http://example.com","attempt":3,"backoff":1}
{"level":"info","ts":1633871992.206162,"caller":"test_go_log/zap.go:113","msg":"Failed to fetch URL.","url":"http://example.com","attempt":3,"backoff":1}
{"level":"info","ts":1633871992.206167,"caller":"test_go_log/zap.go:119","msg":"Failed to fetch URL: http://example.com"}
{"level":"info","ts":1633871992.206172,"caller":"test_go_log/zap.go:104","msg":"Failed to fetch URL.","url":"http://example.com","attempt":3,"backoff":1}
{"level":"info","ts":1633871992.206176,"caller":"test_go_log/zap.go:113","msg":"Failed to fetch URL.","url":"http://example.com","attempt":3,"backoff":1}
{"level":"info","ts":1633871992.206181,"caller":"test_go_log/zap.go:119","msg":"Failed to fetch URL: http://example.com"}
{"level":"info","ts":1633871992.206186,"caller":"test_go_log/zap.go:104","msg":"Failed to fetch URL.","url":"http://example.com","attempt":3,"backoff":1}
{"level":"info","ts":1633871992.20619,"caller":"test_go_log/zap.go:113","msg":"Failed to fetch URL.","url":"http://example.com","attempt":3,"backoff":1}
{"level":"info","ts":1633871992.2061949,"caller":"test_go_log/zap.go:119","msg":"Failed to fetch URL: http://example.com"}
{"level":"info","ts":1633871992.2062001,"caller":"test_go_log/zap.go:104","msg":"Failed to fetch URL.","url":"http://example.com","attempt":3,"backoff":1}
{"level":"info","ts":1633871992.206204,"caller":"test_go_log/zap.go:113","msg":"Failed to fetch URL.","url":"http://example.com","attempt":3,"backoff":1}
{"level":"info","ts":1633871992.206209,"caller":"test_go_log/zap.go:119","msg":"Failed to fetch URL: http://example.com"}
{"level":"info","ts":1633871992.206214,"caller":"test_go_log/zap.go:104","msg":"Failed to fetch URL.","url":"http://example.com","attempt":3,"backoff":1}
{"level":"info","ts":1633871992.206219,"caller":"test_go_log/zap.go:113","msg":"Failed to fetch URL.","url":"http://example.com","attempt":3,"backoff":1}
{"level":"info","ts":1633871992.206224,"caller":"test_go_log/zap.go:119","msg":"Failed to fetch URL: http://example.com"}
{"level":"info","ts":1633871992.206228,"caller":"test_go_log/zap.go:104","msg":"Failed to fetch URL.","url":"http://example.com","attempt":3,"backoff":1}
{"level":"info","ts":1633871992.206233,"caller":"test_go_log/zap.go:113","msg":"Failed to fetch URL.","url":"http://example.com","attempt":3,"backoff":1}
{"level":"info","ts":1633871992.206238,"caller":"test_go_log/zap.go:119","msg":"Failed to fetch URL: http://example.com"}
{"level":"info","ts":1633871992.206243,"caller":"test_go_log/zap.go:104","msg":"Failed to fetch URL.","url":"http://example.com","attempt":3,"backoff":1}
{"level":"info","ts":1633871992.2062469,"caller":"test_go_log/zap.go:113","msg":"Failed to fetch URL.","url":"http://example.com","attempt":3,"backoff":1}
{"level":"info","ts":1633871992.2062569,"caller":"test_go_log/zap.go:119","msg":"Failed to fetch URL: http://example.com"}
{"level":"info","ts":1633871992.206262,"caller":"test_go_log/zap.go:104","msg":"Failed to fetch URL.","url":"http://example.com","attempt":3,"backoff":1}
{"level":"info","ts":1633871992.2062662,"caller":"test_go_log/zap.go:113","msg":"Failed to fetch URL.","url":"http://example.com","attempt":3,"backoff":1}
{"level":"info","ts":1633871992.206271,"caller":"test_go_log/zap.go:119","msg":"Failed to fetch URL: http://example.com"}
{"level":"info","ts":1633871992.2062762,"caller":"test_go_log/zap.go:104","msg":"Failed to fetch URL.","url":"http://example.com","attempt":3,"backoff":1}
{"level":"info","ts":1633871992.206281,"caller":"test_go_log/zap.go:113","msg":"Failed to fetch URL.","url":"http://example.com","attempt":3,"backoff":1}
{"level":"info","ts":1633871992.2062862,"caller":"test_go_log/zap.go:119","msg":"Failed to fetch URL: http://example.com"}
{"level":"info","ts":1633871992.20629,"caller":"test_go_log/zap.go:104","msg":"Failed to fetch URL.","url":"http://example.com","attempt":3,"backoff":1}
{"level":"info","ts":1633871992.206295,"caller":"test_go_log/zap.go:113","msg":"Failed to fetch URL.","url":"http://example.com","attempt":3,"backoff":1}
{"level":"info","ts":1633871992.206302,"caller":"test_go_log/zap.go:119","msg":"Failed to fetch URL: http://example.com"}
{"level":"info","ts":1633871992.2063081,"caller":"test_go_log/zap.go:104","msg":"Failed to fetch URL.","url":"http://example.com","attempt":3,"backoff":1}
{"level":"info","ts":1633871992.206312,"caller":"test_go_log/zap.go:113","msg":"Failed to fetch URL.","url":"http://example.com","attempt":3,"backoff":1}
{"level":"info","ts":1633871992.2063181,"caller":"test_go_log/zap.go:119","msg":"Failed to fetch URL: http://example.com"}
{"level":"info","ts":1633871992.206322,"caller":"test_go_log/zap.go:104","msg":"Failed to fetch URL.","url":"http://example.com","attempt":3,"backoff":1}
{"level":"info","ts":1633871992.206327,"caller":"test_go_log/zap.go:113","msg":"Failed to fetch URL.","url":"http://example.com","attempt":3,"backoff":1}
{"level":"info","ts":1633871992.206332,"caller":"test_go_log/zap.go:119","msg":"Failed to fetch URL: http://example.com"}
{"level":"info","ts":1633871992.206336,"caller":"test_go_log/zap.go:104","msg":"Failed to fetch URL.","url":"http://example.com","attempt":3,"backoff":1}
{"level":"info","ts":1633871992.206341,"caller":"test_go_log/zap.go:113","msg":"Failed to fetch URL.","url":"http://example.com","attempt":3,"backoff":1}
{"level":"info","ts":1633871992.206346,"caller":"test_go_log/zap.go:119","msg":"Failed to fetch URL: http://example.com"}
{"level":"info","ts":1633871992.206351,"caller":"test_go_log/zap.go:104","msg":"Failed to fetch URL.","url":"http://example.com","attempt":3,"backoff":1}
{"level":"info","ts":1633871992.2063549,"caller":"test_go_log/zap.go:113","msg":"Failed to fetch URL.","url":"http://example.com","attempt":3,"backoff":1}
{"level":"info","ts":1633871992.20636,"caller":"test_go_log/zap.go:119","msg":"Failed to fetch URL: http://example.com"}
{"level":"info","ts":1633871992.2063649,"caller":"test_go_log/zap.go:104","msg":"Failed to fetch URL.","url":"http://example.com","attempt":3,"backoff":1}
{"level":"info","ts":1633871992.206369,"caller":"test_go_log/zap.go:113","msg":"Failed to fetch URL.","url":"http://example.com","attempt":3,"backoff":1}
{"level":"info","ts":1633871992.206375,"caller":"test_go_log/zap.go:119","msg":"Failed to fetch URL: http://example.com"}
{"level":"info","ts":1633871992.206379,"caller":"test_go_log/zap.go:104","msg":"Failed to fetch URL.","url":"http://example.com","attempt":3,"backoff":1}
{"level":"info","ts":1633871992.2063842,"caller":"test_go_log/zap.go:113","msg":"Failed to fetch URL.","url":"http://example.com","attempt":3,"backoff":1}
{"level":"info","ts":1633871992.206389,"caller":"test_go_log/zap.go:119","msg":"Failed to fetch URL: http://example.com"}
{"level":"info","ts":1633871992.206393,"caller":"test_go_log/zap.go:104","msg":"Failed to fetch URL.","url":"http://example.com","attempt":3,"backoff":1}
{"level":"info","ts":1633871992.206398,"caller":"test_go_log/zap.go:113","msg":"Failed to fetch URL.","url":"http://example.com","attempt":3,"backoff":1}
{"level":"info","ts":1633871992.206403,"caller":"test_go_log/zap.go:119","msg":"Failed to fetch URL: http://example.com"}
{"level":"info","ts":1633871992.206408,"caller":"test_go_log/zap.go:104","msg":"Failed to fetch URL.","url":"http://example.com","attempt":3,"backoff":1}
{"level":"info","ts":1633871992.206412,"caller":"test_go_log/zap.go:113","msg":"Failed to fetch URL.","url":"http://example.com","attempt":3,"backoff":1}
{"level":"info","ts":1633871992.2064168,"caller":"test_go_log/zap.go:119","msg":"Failed to fetch URL: http://example.com"}
{"level":"info","ts":1633871992.206422,"caller":"test_go_log/zap.go:104","msg":"Failed to fetch URL.","url":"http://example.com","attempt":3,"backoff":1}
{"level":"info","ts":1633871992.2064261,"caller":"test_go_log/zap.go:113","msg":"Failed to fetch URL.","url":"http://example.com","attempt":3,"backoff":1}
{"level":"info","ts":1633871992.206431,"caller":"test_go_log/zap.go:119","msg":"Failed to fetch URL: http://example.com"}
{"level":"info","ts":1633871992.2064362,"caller":"test_go_log/zap.go:104","msg":"Failed to fetch URL.","url":"http://example.com","attempt":3,"backoff":1}
{"level":"info","ts":1633871992.206441,"caller":"test_go_log/zap.go:113","msg":"Failed to fetch URL.","url":"http://example.com","attempt":3,"backoff":1}
{"level":"info","ts":1633871992.2064462,"caller":"test_go_log/zap.go:119","msg":"Failed to fetch URL: http://example.com"}
{"level":"info","ts":1633871992.20645,"caller":"test_go_log/zap.go:104","msg":"Failed to fetch URL.","url":"http://example.com","attempt":3,"backoff":1}
{"level":"info","ts":1633871992.206455,"caller":"test_go_log/zap.go:113","msg":"Failed to fetch URL.","url":"http://example.com","attempt":3,"backoff":1}
{"level":"info","ts":1633871992.20646,"caller":"test_go_log/zap.go:119","msg":"Failed to fetch URL: http://example.com"}
{"level":"info","ts":1633871992.206464,"caller":"test_go_log/zap.go:104","msg":"Failed to fetch URL.","url":"http://example.com","attempt":3,"backoff":1}
{"level":"info","ts":1633871992.206469,"caller":"test_go_log/zap.go:113","msg":"Failed to fetch URL.","url":"http://example.com","attempt":3,"backoff":1}
{"level":"info","ts":1633871992.206474,"caller":"test_go_log/zap.go:119","msg":"Failed to fetch URL: http://example.com"}
{"level":"info","ts":1633871992.206478,"caller":"test_go_log/zap.go:104","msg":"Failed to fetch URL.","url":"http://example.com","attempt":3,"backoff":1}
{"level":"info","ts":1633871992.206483,"caller":"test_go_log/zap.go:113","msg":"Failed to fetch URL.","url":"http://example.com","attempt":3,"backoff":1}
{"level":"info","ts":1633871992.2064881,"caller":"test_go_log/zap.go:119","msg":"Failed to fetch URL: http://example.com"}
{"level":"info","ts":1633871992.206496,"caller":"test_go_log/zap.go:104","msg":"Failed to fetch URL.","url":"http://example.com","attempt":3,"backoff":1}
{"level":"info","ts":1633871992.2065,"caller":"test_go_log/zap.go:113","msg":"Failed to fetch URL.","url":"http://example.com","attempt":3,"backoff":1}
{"level":"info","ts":1633871992.206508,"caller":"test_go_log/zap.go:119","msg":"Failed to fetch URL: http://example.com"}
{"level":"info","ts":1633871992.206513,"caller":"test_go_log/zap.go:104","msg":"Failed to fetch URL.","url":"http://example.com","attempt":3,"backoff":1}
{"level":"info","ts":1633871992.2065191,"caller":"test_go_log/zap.go:113","msg":"Failed to fetch URL.","url":"http://example.com","attempt":3,"backoff":1}
{"level":"info","ts":1633871992.206524,"caller":"test_go_log/zap.go:119","msg":"Failed to fetch URL: http://example.com"}
{"level":"info","ts":1633871992.2065291,"caller":"test_go_log/zap.go:104","msg":"Failed to fetch URL.","url":"http://example.com","attempt":3,"backoff":1}
{"level":"info","ts":1633871992.2065332,"caller":"test_go_log/zap.go:113","msg":"Failed to fetch URL.","url":"http://example.com","attempt":3,"backoff":1}
{"level":"info","ts":1633871992.206538,"caller":"test_go_log/zap.go:119","msg":"Failed to fetch URL: http://example.com"}
{"level":"info","ts":1633871992.2065432,"caller":"test_go_log/zap.go:104","msg":"Failed to fetch URL.","url":"http://example.com","attempt":3,"backoff":1}
{"level":"info","ts":1633871992.206547,"caller":"test_go_log/zap.go:113","msg":"Failed to fetch URL.","url":"http://example.com","attempt":3,"backoff":1}
{"level":"info","ts":1633871992.206552,"caller":"test_go_log/zap.go:119","msg":"Failed to fetch URL: http://example.com"}
{"level":"info","ts":1633871992.206557,"caller":"test_go_log/zap.go:104","msg":"Failed to fetch URL.","url":"http://example.com","attempt":3,"backoff":1}
{"level":"info","ts":1633871992.206561,"caller":"test_go_log/zap.go:113","msg":"Failed to fetch URL.","url":"http://example.com","attempt":3,"backoff":1}
{"level":"info","ts":1633871992.2065659,"caller":"test_go_log/zap.go:119","msg":"Failed to fetch URL: http://example.com"}
{"level":"info","ts":1633871992.206571,"caller":"test_go_log/zap.go:104","msg":"Failed to fetch URL.","url":"http://example.com","attempt":3,"backoff":1}
{"level":"info","ts":1633871992.2065752,"caller":"test_go_log/zap.go:113","msg":"Failed to fetch URL.","url":"http://example.com","attempt":3,"backoff":1}
{"level":"info","ts":1633871992.20658,"caller":"test_go_log/zap.go:119","msg":"Failed to fetch URL: http://example.com"}
{"level":"info","ts":1633871992.2065852,"caller":"test_go_log/zap.go:104","msg":"Failed to fetch URL.","url":"http://example.com","attempt":3,"backoff":1}
{"level":"info","ts":1633871992.20659,"caller":"test_go_log/zap.go:113","msg":"Failed to fetch URL.","url":"http://example.com","attempt":3,"backoff":1}
{"level":"info","ts":1633871992.2065952,"caller":"test_go_log/zap.go:119","msg":"Failed to fetch URL: http://example.com"}
{"level":"info","ts":1633871992.206599,"caller":"test_go_log/zap.go:104","msg":"Failed to fetch URL.","url":"http://example.com","attempt":3,"backoff":1}
{"level":"info","ts":1633871992.206604,"caller":"test_go_log/zap.go:113","msg":"Failed to fetch URL.","url":"http://example.com","attempt":3,"backoff":1}
{"level":"info","ts":1633871992.20661,"caller":"test_go_log/zap.go:119","msg":"Failed to fetch URL: http://example.com"}
{"level":"info","ts":1633871992.206614,"caller":"test_go_log/zap.go:104","msg":"Failed to fetch URL.","url":"http://example.com","attempt":3,"backoff":1}
{"level":"info","ts":1633871992.2066188,"caller":"test_go_log/zap.go:113","msg":"Failed to fetch URL.","url":"http://example.com","attempt":3,"backoff":1}
{"level":"info","ts":1633871992.206624,"caller":"test_go_log/zap.go:119","msg":"Failed to fetch URL: http://example.com"}
{"level":"info","ts":1633871992.206628,"caller":"test_go_log/zap.go:104","msg":"Failed to fetch URL.","url":"http://example.com","attempt":3,"backoff":1}
{"level":"info","ts":1633871992.2066329,"caller":"test_go_log/zap.go:113","msg":"Failed to fetch URL.","url":"http://example.com","attempt":3,"backoff":1}
{"level":"info","ts":1633871992.206638,"caller":"test_go_log/zap.go:119","msg":"Failed to fetch URL: http://example.com"}
{"level":"info","ts":1633871992.2066429,"caller":"test_go_log/zap.go:104","msg":"Failed to fetch URL.","url":"http://example.com","attempt":3,"backoff":1}
{"level":"info","ts":1633871992.2066472,"caller":"test_go_log/zap.go:113","msg":"Failed to fetch URL.","url":"http://example.com","attempt":3,"backoff":1}
{"level":"info","ts":1633871992.206652,"caller":"test_go_log/zap.go:119","msg":"Failed to fetch URL: http://example.com"}
{"level":"info","ts":1633871992.206657,"caller":"test_go_log/zap.go:104","msg":"Failed to fetch URL.","url":"http://example.com","attempt":3,"backoff":1}
{"level":"info","ts":1633871992.2066612,"caller":"test_go_log/zap.go:113","msg":"Failed to fetch URL.","url":"http://example.com","attempt":3,"backoff":1}
{"level":"info","ts":1633871992.206666,"caller":"test_go_log/zap.go:119","msg":"Failed to fetch URL: http://example.com"}
{"level":"info","ts":1633871992.206671,"caller":"test_go_log/zap.go:104","msg":"Failed to fetch URL.","url":"http://example.com","attempt":3,"backoff":1}
{"level":"info","ts":1633871992.206675,"caller":"test_go_log/zap.go:113","msg":"Failed to fetch URL.","url":"http://example.com","attempt":3,"backoff":1}
{"level":"info","ts":1633871992.206683,"caller":"test_go_log/zap.go:119","msg":"Failed to fetch URL: http://example.com"}
{"level":"info","ts":1633871992.2066891,"caller":"test_go_log/zap.go:104","msg":"Failed to fetch URL.","url":"http://example.com","attempt":3,"backoff":1}
{"level":"info","ts":1633871992.2066932,"caller":"test_go_log/zap.go:113","msg":"Failed to fetch URL.","url":"http://example.com","attempt":3,"backoff":1}
{"level":"info","ts":1633871992.206698,"caller":"test_go_log/zap.go:119","msg":"Failed to fetch URL: http://example.com"}
{"level":"info","ts":1633871992.2067032,"caller":"test_go_log/zap.go:104","msg":"Failed to fetch URL.","url":"http://example.com","attempt":3,"backoff":1}
{"level":"info","ts":1633871992.206708,"caller":"test_go_log/zap.go:113","msg":"Failed to fetch URL.","url":"http://example.com","attempt":3,"backoff":1}
{"level":"info","ts":1633871992.2067132,"caller":"test_go_log/zap.go:119","msg":"Failed to fetch URL: http://example.com"}
{"level":"info","ts":1633871992.206717,"caller":"test_go_log/zap.go:104","msg":"Failed to fetch URL.","url":"http://example.com","attempt":3,"backoff":1}
{"level":"info","ts":1633871992.206722,"caller":"test_go_log/zap.go:113","msg":"Failed to fetch URL.","url":"http://example.com","attempt":3,"backoff":1}
{"level":"info","ts":1633871992.206727,"caller":"test_go_log/zap.go:119","msg":"Failed to fetch URL: http://example.com"}
{"level":"info","ts":1633871992.206732,"caller":"test_go_log/zap.go:104","msg":"Failed to fetch URL.","url":"http://example.com","attempt":3,"backoff":1}
{"level":"info","ts":1633871992.2067358,"caller":"test_go_log/zap.go:113","msg":"Failed to fetch URL.","url":"http://example.com","attempt":3,"backoff":1}
{"level":"info","ts":1633871992.206741,"caller":"test_go_log/zap.go:119","msg":"Failed to fetch URL: http://example.com"}
{"level":"info","ts":1633871992.206746,"caller":"test_go_log/zap.go:104","msg":"Failed to fetch URL.","url":"http://example.com","attempt":3,"backoff":1}
{"level":"info","ts":1633871992.20675,"caller":"test_go_log/zap.go:113","msg":"Failed to fetch URL.","url":"http://example.com","attempt":3,"backoff":1}
{"level":"info","ts":1633871992.206756,"caller":"test_go_log/zap.go:119","msg":"Failed to fetch URL: http://example.com"}
{"level":"info","ts":1633871992.20676,"caller":"test_go_log/zap.go:104","msg":"Failed to fetch URL.","url":"http://example.com","attempt":3,"backoff":1}
{"level":"info","ts":1633871992.2067652,"caller":"test_go_log/zap.go:113","msg":"Failed to fetch URL.","url":"http://example.com","attempt":3,"backoff":1}
{"level":"info","ts":1633871992.20677,"caller":"test_go_log/zap.go:119","msg":"Failed to fetch URL: http://example.com"}
{"level":"info","ts":1633871992.206774,"caller":"test_go_log/zap.go:104","msg":"Failed to fetch URL.","url":"http://example.com","attempt":3,"backoff":1}
{"level":"info","ts":1633871992.2067788,"caller":"test_go_log/zap.go:113","msg":"Failed to fetch URL.","url":"http://example.com","attempt":3,"backoff":1}
{"level":"info","ts":1633871992.206784,"caller":"test_go_log/zap.go:119","msg":"Failed to fetch URL: http://example.com"}
{"level":"info","ts":1633871992.206789,"caller":"test_go_log/zap.go:104","msg":"Failed to fetch URL.","url":"http://example.com","attempt":3,"backoff":1}
{"level":"info","ts":1633871992.206793,"caller":"test_go_log/zap.go:113","msg":"Failed to fetch URL.","url":"http://example.com","attempt":3,"backoff":1}
{"level":"info","ts":1633871992.206798,"caller":"test_go_log/zap.go:119","msg":"Failed to fetch URL: http://example.com"}
{"level":"info","ts":1633871992.2068028,"caller":"test_go_log/zap.go:104","msg":"Failed to fetch URL.","url":"http://example.com","attempt":3,"backoff":1}
{"level":"info","ts":1633871992.2068071,"caller":"test_go_log/zap.go:113","msg":"Failed to fetch URL.","url":"http://example.com","attempt":3,"backoff":1}
{"level":"info","ts":1633871992.206812,"caller":"test_go_log/zap.go:119","msg":"Failed to fetch URL: http://example.com"}
{"level":"info","ts":1633871992.206817,"caller":"test_go_log/zap.go:104","msg":"Failed to fetch URL.","url":"http://example.com","attempt":3,"backoff":1}
{"level":"info","ts":1633871992.2068212,"caller":"test_go_log/zap.go:113","msg":"Failed to fetch URL.","url":"http://example.com","attempt":3,"backoff":1}
{"level":"info","ts":1633871992.206826,"caller":"test_go_log/zap.go:119","msg":"Failed to fetch URL: http://example.com"}
{"level":"info","ts":1633871992.2068312,"caller":"test_go_log/zap.go:104","msg":"Failed to fetch URL.","url":"http://example.com","attempt":3,"backoff":1}
{"level":"info","ts":1633871992.206836,"caller":"test_go_log/zap.go:113","msg":"Failed to fetch URL.","url":"http://example.com","attempt":3,"backoff":1}
{"level":"info","ts":1633871992.206841,"caller":"test_go_log/zap.go:119","msg":"Failed to fetch URL: http://example.com"}
{"level":"info","ts":1633871992.206846,"caller":"test_go_log/zap.go:104","msg":"Failed to fetch URL.","url":"http://example.com","attempt":3,"backoff":1}
{"level":"info","ts":1633871992.20685,"caller":"test_go_log/zap.go:113","msg":"Failed to fetch URL.","url":"http://example.com","attempt":3,"backoff":1}
{"level":"info","ts":1633871992.2068548,"caller":"test_go_log/zap.go:119","msg":"Failed to fetch URL: http://example.com"}
{"level":"info","ts":1633871992.20686,"caller":"test_go_log/zap.go:104","msg":"Failed to fetch URL.","url":"http://example.com","attempt":3,"backoff":1}
{"level":"info","ts":1633871992.2068648,"caller":"test_go_log/zap.go:113","msg":"Failed to fetch URL.","url":"http://example.com","attempt":3,"backoff":1}
{"level":"info","ts":1633871992.20687,"caller":"test_go_log/zap.go:119","msg":"Failed to fetch URL: http://example.com"}
{"level":"info","ts":1633871992.206877,"caller":"test_go_log/zap.go:104","msg":"Failed to fetch URL.","url":"http://example.com","attempt":3,"backoff":1}
{"level":"info","ts":1633871992.206882,"caller":"test_go_log/zap.go:113","msg":"Failed to fetch URL.","url":"http://example.com","attempt":3,"backoff":1}
{"level":"info","ts":1633871992.206887,"caller":"test_go_log/zap.go:119","msg":"Failed to fetch URL: http://example.com"}
{"level":"info","ts":1633871992.206892,"caller":"test_go_log/zap.go:104","msg":"Failed to fetch URL.","url":"http://example.com","attempt":3,"backoff":1}
{"level":"info","ts":1633871992.2068968,"caller":"test_go_log/zap.go:113","msg":"Failed to fetch URL.","url":"http://example.com","attempt":3,"backoff":1}
{"level":"info","ts":1633871992.206902,"caller":"test_go_log/zap.go:119","msg":"Failed to fetch URL: http://example.com"}
{"level":"info","ts":1633871992.2069068,"caller":"test_go_log/zap.go:104","msg":"Failed to fetch URL.","url":"http://example.com","attempt":3,"backoff":1}
{"level":"info","ts":1633871992.206911,"caller":"test_go_log/zap.go:113","msg":"Failed to fetch URL.","url":"http://example.com","attempt":3,"backoff":1}
{"level":"info","ts":1633871992.206917,"caller":"test_go_log/zap.go:119","msg":"Failed to fetch URL: http://example.com"}
{"level":"info","ts":1633871992.206922,"caller":"test_go_log/zap.go:104","msg":"Failed to fetch URL.","url":"http://example.com","attempt":3,"backoff":1}
{"level":"info","ts":1633871992.206927,"caller":"test_go_log/zap.go:113","msg":"Failed to fetch URL.","url":"http://example.com","attempt":3,"backoff":1}
{"level":"info","ts":1633871992.206932,"caller":"test_go_log/zap.go:119","msg":"Failed to fetch URL: http://example.com"}
{"level":"info","ts":1633871992.2069361,"caller":"test_go_log/zap.go:104","msg":"Failed to fetch URL.","url":"http://example.com","attempt":3,"backoff":1}
{"level":"info","ts":1633871992.206941,"caller":"test_go_log/zap.go:113","msg":"Failed to fetch URL.","url":"http://example.com","attempt":3,"backoff":1}
{"level":"info","ts":1633871992.2069461,"caller":"test_go_log/zap.go:119","msg":"Failed to fetch URL: http://example.com"}
{"level":"info","ts":1633871992.206951,"caller":"test_go_log/zap.go:104","msg":"Failed to fetch URL.","url":"http://example.com","attempt":3,"backoff":1}
{"level":"info","ts":1633871992.2069561,"caller":"test_go_log/zap.go:113","msg":"Failed to fetch URL.","url":"http://example.com","attempt":3,"backoff":1}
{"level":"info","ts":1633871992.206961,"caller":"test_go_log/zap.go:119","msg":"Failed to fetch URL: http://example.com"}
{"level":"info","ts":1633871992.206966,"caller":"test_go_log/zap.go:104","msg":"Failed to fetch URL.","url":"http://example.com","attempt":3,"backoff":1}
{"level":"info","ts":1633871992.2069702,"caller":"test_go_log/zap.go:113","msg":"Failed to fetch URL.","url":"http://example.com","attempt":3,"backoff":1}
{"level":"info","ts":1633871992.206975,"caller":"test_go_log/zap.go:119","msg":"Failed to fetch URL: http://example.com"}
{"level":"info","ts":1633871992.20698,"caller":"test_go_log/zap.go:104","msg":"Failed to fetch URL.","url":"http://example.com","attempt":3,"backoff":1}
{"level":"info","ts":1633871992.206985,"caller":"test_go_log/zap.go:113","msg":"Failed to fetch URL.","url":"http://example.com","attempt":3,"backoff":1}
{"level":"info","ts":1633871992.20699,"caller":"test_go_log/zap.go:119","msg":"Failed to fetch URL: http://example.com"}
{"level":"info","ts":1633871992.206995,"caller":"test_go_log/zap.go:104","msg":"Failed to fetch URL.","url":"http://example.com","attempt":3,"backoff":1}
{"level":"info","ts":1633871992.206999,"caller":"test_go_log/zap.go:113","msg":"Failed to fetch URL.","url":"http://example.com","attempt":3,"backoff":1}
{"level":"info","ts":1633871992.2070038,"caller":"test_go_log/zap.go:119","msg":"Failed to fetch URL: http://example.com"}
{"level":"info","ts":1633871992.207009,"caller":"test_go_log/zap.go:104","msg":"Failed to fetch URL.","url":"http://example.com","attempt":3,"backoff":1}
{"level":"info","ts":1633871992.2070138,"caller":"test_go_log/zap.go:113","msg":"Failed to fetch URL.","url":"http://example.com","attempt":3,"backoff":1}
{"level":"info","ts":1633871992.207019,"caller":"test_go_log/zap.go:119","msg":"Failed to fetch URL: http://example.com"}
{"level":"info","ts":1633871992.2070231,"caller":"test_go_log/zap.go:104","msg":"Failed to fetch URL.","url":"http://example.com","attempt":3,"backoff":1}
{"level":"info","ts":1633871992.207028,"caller":"test_go_log/zap.go:113","msg":"Failed to fetch URL.","url":"http://example.com","attempt":3,"backoff":1}
{"level":"info","ts":1633871992.2070332,"caller":"test_go_log/zap.go:119","msg":"Failed to fetch URL: http://example.com"}
{"level":"info","ts":1633871992.207038,"caller":"test_go_log/zap.go:104","msg":"Failed to fetch URL.","url":"http://example.com","attempt":3,"backoff":1}
{"level":"info","ts":1633871992.207042,"caller":"test_go_log/zap.go:113","msg":"Failed to fetch URL.","url":"http://example.com","attempt":3,"backoff":1}
{"level":"info","ts":1633871992.207047,"caller":"test_go_log/zap.go:119","msg":"Failed to fetch URL: http://example.com"}
{"level":"info","ts":1633871992.207052,"caller":"test_go_log/zap.go:104","msg":"Failed to fetch URL.","url":"http://example.com","attempt":3,"backoff":1}
{"level":"info","ts":1633871992.2070558,"caller":"test_go_log/zap.go:113","msg":"Failed to fetch URL.","url":"http://example.com","attempt":3,"backoff":1}
{"level":"info","ts":1633871992.207062,"caller":"test_go_log/zap.go:119","msg":"Failed to fetch URL: http://example.com"}
{"level":"info","ts":1633871992.207069,"caller":"test_go_log/zap.go:104","msg":"Failed to fetch URL.","url":"http://example.com","attempt":3,"backoff":1}
{"level":"info","ts":1633871992.207075,"caller":"test_go_log/zap.go:113","msg":"Failed to fetch URL.","url":"http://example.com","attempt":3,"backoff":1}
{"level":"info","ts":1633871992.20708,"caller":"test_go_log/zap.go:119","msg":"Failed to fetch URL: http://example.com"}
{"level":"info","ts":1633871992.207084,"caller":"test_go_log/zap.go:104","msg":"Failed to fetch URL.","url":"http://example.com","attempt":3,"backoff":1}
{"level":"info","ts":1633871992.207089,"caller":"test_go_log/zap.go:113","msg":"Failed to fetch URL.","url":"http://example.com","attempt":3,"backoff":1}
{"level":"info","ts":1633871992.207094,"caller":"test_go_log/zap.go:119","msg":"Failed to fetch URL: http://example.com"}
{"level":"info","ts":1633871992.207099,"caller":"test_go_log/zap.go:104","msg":"Failed to fetch URL.","url":"http://example.com","attempt":3,"backoff":1}
{"level":"info","ts":1633871992.207103,"caller":"test_go_log/zap.go:113","msg":"Failed to fetch URL.","url":"http://example.com","attempt":3,"backoff":1}
{"level":"info","ts":1633871992.207108,"caller":"test_go_log/zap.go:119","msg":"Failed to fetch URL: http://example.com"}
{"level":"info","ts":1633871992.207113,"caller":"test_go_log/zap.go:104","msg":"Failed to fetch URL.","url":"http://example.com","attempt":3,"backoff":1}
{"level":"info","ts":1633871992.207118,"caller":"test_go_log/zap.go:113","msg":"Failed to fetch URL.","url":"http://example.com","attempt":3,"backoff":1}
{"level":"info","ts":1633871992.207123,"caller":"test_go_log/zap.go:119","msg":"Failed to fetch URL: http://example.com"}
{"level":"info","ts":1633871992.207128,"caller":"test_go_log/zap.go:104","msg":"Failed to fetch URL.","url":"http://example.com","attempt":3,"backoff":1}
{"level":"info","ts":1633871992.2071319,"caller":"test_go_log/zap.go:113","msg":"Failed to fetch URL.","url":"http://example.com","attempt":3,"backoff":1}
{"level":"info","ts":1633871992.207137,"caller":"test_go_log/zap.go:119","msg":"Failed to fetch URL: http://example.com"}
{"level":"info","ts":1633871992.2071419,"caller":"test_go_log/zap.go:104","msg":"Failed to fetch URL.","url":"http://example.com","attempt":3,"backoff":1}
{"level":"info","ts":1633871992.207146,"caller":"test_go_log/zap.go:113","msg":"Failed to fetch URL.","url":"http://example.com","attempt":3,"backoff":1}
{"level":"info","ts":1633871992.2071512,"caller":"test_go_log/zap.go:119","msg":"Failed to fetch URL: http://example.com"}
{"level":"info","ts":1633871992.207156,"caller":"test_go_log/zap.go:104","msg":"Failed to fetch URL.","url":"http://example.com","attempt":3,"backoff":1}
{"level":"info","ts":1633871992.20716,"caller":"test_go_log/zap.go:113","msg":"Failed to fetch URL.","url":"http://example.com","attempt":3,"backoff":1}
{"level":"info","ts":1633871992.207165,"caller":"test_go_log/zap.go:119","msg":"Failed to fetch URL: http://example.com"}
{"level":"info","ts":1633871992.20717,"caller":"test_go_log/zap.go:104","msg":"Failed to fetch URL.","url":"http://example.com","attempt":3,"backoff":1}
{"level":"info","ts":1633871992.2071738,"caller":"test_go_log/zap.go:113","msg":"Failed to fetch URL.","url":"http://example.com","attempt":3,"backoff":1}
{"level":"info","ts":1633871992.207179,"caller":"test_go_log/zap.go:119","msg":"Failed to fetch URL: http://example.com"}
{"level":"info","ts":1633871992.2071838,"caller":"test_go_log/zap.go:104","msg":"Failed to fetch URL.","url":"http://example.com","attempt":3,"backoff":1}
{"level":"info","ts":1633871992.207188,"caller":"test_go_log/zap.go:113","msg":"Failed to fetch URL.","url":"http://example.com","attempt":3,"backoff":1}
{"level":"info","ts":1633871992.207194,"caller":"test_go_log/zap.go:119","msg":"Failed to fetch URL: http://example.com"}
{"level":"info","ts":1633871992.207198,"caller":"test_go_log/zap.go:104","msg":"Failed to fetch URL.","url":"http://example.com","attempt":3,"backoff":1}
{"level":"info","ts":1633871992.207202,"caller":"test_go_log/zap.go:113","msg":"Failed to fetch URL.","url":"http://example.com","attempt":3,"backoff":1}
{"level":"info","ts":1633871992.207208,"caller":"test_go_log/zap.go:119","msg":"Failed to fetch URL: http://example.com"}
{"level":"info","ts":1633871992.207212,"caller":"test_go_log/zap.go:104","msg":"Failed to fetch URL.","url":"http://example.com","attempt":3,"backoff":1}
{"level":"info","ts":1633871992.207216,"caller":"test_go_log/zap.go:113","msg":"Failed to fetch URL.","url":"http://example.com","attempt":3,"backoff":1}
{"level":"info","ts":1633871992.2072241,"caller":"test_go_log/zap.go:119","msg":"Failed to fetch URL: http://example.com"}
{"level":"info","ts":1633871992.207229,"caller":"test_go_log/zap.go:104","msg":"Failed to fetch URL.","url":"http://example.com","attempt":3,"backoff":1}
{"level":"info","ts":1633871992.207233,"caller":"test_go_log/zap.go:113","msg":"Failed to fetch URL.","url":"http://example.com","attempt":3,"backoff":1}
{"level":"info","ts":1633871992.207239,"caller":"test_go_log/zap.go:119","msg":"Failed to fetch URL: http://example.com"}
{"level":"info","ts":1633871992.207243,"caller":"test_go_log/zap.go:104","msg":"Failed to fetch URL.","url":"http://example.com","attempt":3,"backoff":1}
{"level":"info","ts":1633871992.207247,"caller":"test_go_log/zap.go:113","msg":"Failed to fetch URL.","url":"http://example.com","attempt":3,"backoff":1}
{"level":"info","ts":1633871992.207253,"caller":"test_go_log/zap.go:119","msg":"Failed to fetch URL: http://example.com"}
{"level":"info","ts":1633871992.2072582,"caller":"test_go_log/zap.go:104","msg":"Failed to fetch URL.","url":"http://example.com","attempt":3,"backoff":1}
{"level":"info","ts":1633871992.207262,"caller":"test_go_log/zap.go:113","msg":"Failed to fetch URL.","url":"http://example.com","attempt":3,"backoff":1}
{"level":"info","ts":1633871992.207268,"caller":"test_go_log/zap.go:119","msg":"Failed to fetch URL: http://example.com"}
{"level":"info","ts":1633871992.207272,"caller":"test_go_log/zap.go:104","msg":"Failed to fetch URL.","url":"http://example.com","attempt":3,"backoff":1}
{"level":"info","ts":1633871992.207277,"caller":"test_go_log/zap.go:113","msg":"Failed to fetch URL.","url":"http://example.com","attempt":3,"backoff":1}
{"level":"info","ts":1633871992.2072818,"caller":"test_go_log/zap.go:119","msg":"Failed to fetch URL: http://example.com"}
{"level":"info","ts":1633871992.2072861,"caller":"test_go_log/zap.go:104","msg":"Failed to fetch URL.","url":"http://example.com","attempt":3,"backoff":1}
{"level":"info","ts":1633871992.207291,"caller":"test_go_log/zap.go:113","msg":"Failed to fetch URL.","url":"http://example.com","attempt":3,"backoff":1}
{"level":"info","ts":1633871992.207296,"caller":"test_go_log/zap.go:119","msg":"Failed to fetch URL: http://example.com"}
{"level":"info","ts":1633871992.2073011,"caller":"test_go_log/zap.go:104","msg":"Failed to fetch URL.","url":"http://example.com","attempt":3,"backoff":1}
{"level":"info","ts":1633871992.207305,"caller":"test_go_log/zap.go:113","msg":"Failed to fetch URL.","url":"http://example.com","attempt":3,"backoff":1}
{"level":"info","ts":1633871992.2073112,"caller":"test_go_log/zap.go:119","msg":"Failed to fetch URL: http://example.com"}
{"level":"info","ts":1633871992.207315,"caller":"test_go_log/zap.go:104","msg":"Failed to fetch URL.","url":"http://example.com","attempt":3,"backoff":1}
{"level":"info","ts":1633871992.20732,"caller":"test_go_log/zap.go:113","msg":"Failed to fetch URL.","url":"http://example.com","attempt":3,"backoff":1}
{"level":"info","ts":1633871992.207325,"caller":"test_go_log/zap.go:119","msg":"Failed to fetch URL: http://example.com"}
{"level":"info","ts":1633871992.207329,"caller":"test_go_log/zap.go:104","msg":"Failed to fetch URL.","url":"http://example.com","attempt":3,"backoff":1}
{"level":"info","ts":1633871992.2073338,"caller":"test_go_log/zap.go:113","msg":"Failed to fetch URL.","url":"http://example.com","attempt":3,"backoff":1}
{"level":"info","ts":1633871992.207339,"caller":"test_go_log/zap.go:119","msg":"Failed to fetch URL: http://example.com"}
{"level":"info","ts":1633871992.207344,"caller":"test_go_log/zap.go:104","msg":"Failed to fetch URL.","url":"http://example.com","attempt":3,"backoff":1}
{"level":"info","ts":1633871992.2073479,"caller":"test_go_log/zap.go:113","msg":"Failed to fetch URL.","url":"http://example.com","attempt":3,"backoff":1}
{"level":"info","ts":1633871992.207353,"caller":"test_go_log/zap.go:119","msg":"Failed to fetch URL: http://example.com"}
{"level":"info","ts":1633871992.207357,"caller":"test_go_log/zap.go:104","msg":"Failed to fetch URL.","url":"http://example.com","attempt":3,"backoff":1}
{"level":"info","ts":1633871992.207362,"caller":"test_go_log/zap.go:113","msg":"Failed to fetch URL.","url":"http://example.com","attempt":3,"backoff":1}
{"level":"info","ts":1633871992.207367,"caller":"test_go_log/zap.go:119","msg":"Failed to fetch URL: http://example.com"}
{"level":"info","ts":1633871992.207372,"caller":"test_go_log/zap.go:104","msg":"Failed to fetch URL.","url":"http://example.com","attempt":3,"backoff":1}
{"level":"info","ts":1633871992.2073758,"caller":"test_go_log/zap.go:113","msg":"Failed to fetch URL.","url":"http://example.com","attempt":3,"backoff":1}
{"level":"info","ts":1633871992.207381,"caller":"test_go_log/zap.go:119","msg":"Failed to fetch URL: http://example.com"}
{"level":"info","ts":1633871992.207386,"caller":"test_go_log/zap.go:104","msg":"Failed to fetch URL.","url":"http://example.com","attempt":3,"backoff":1}
{"level":"info","ts":1633871992.207391,"caller":"test_go_log/zap.go:113","msg":"Failed to fetch URL.","url":"http://example.com","attempt":3,"backoff":1}
{"level":"info","ts":1633871992.207396,"caller":"test_go_log/zap.go:119","msg":"Failed to fetch URL: http://example.com"}
{"level":"info","ts":1633871992.2073998,"caller":"test_go_log/zap.go:104","msg":"Failed to fetch URL.","url":"http://example.com","attempt":3,"backoff":1}
{"level":"info","ts":1633871992.207405,"caller":"test_go_log/zap.go:113","msg":"Failed to fetch URL.","url":"http://example.com","attempt":3,"backoff":1}
{"level":"info","ts":1633871992.2074099,"caller":"test_go_log/zap.go:119","msg":"Failed to fetch URL: http://example.com"}
{"level":"info","ts":1633871992.207414,"caller":"test_go_log/zap.go:104","msg":"Failed to fetch URL.","url":"http://example.com","attempt":3,"backoff":1}
{"level":"info","ts":1633871992.207419,"caller":"test_go_log/zap.go:113","msg":"Failed to fetch URL.","url":"http://example.com","attempt":3,"backoff":1}
{"level":"info","ts":1633871992.207424,"caller":"test_go_log/zap.go:119","msg":"Failed to fetch URL: http://example.com"}
{"level":"info","ts":1633871992.2074292,"caller":"test_go_log/zap.go:104","msg":"Failed to fetch URL.","url":"http://example.com","attempt":3,"backoff":1}
{"level":"info","ts":1633871992.207433,"caller":"test_go_log/zap.go:113","msg":"Failed to fetch URL.","url":"http://example.com","attempt":3,"backoff":1}
{"level":"info","ts":1633871992.207438,"caller":"test_go_log/zap.go:119","msg":"Failed to fetch URL: http://example.com"}
{"level":"info","ts":1633871992.207445,"caller":"test_go_log/zap.go:104","msg":"Failed to fetch URL.","url":"http://example.com","attempt":3,"backoff":1}
{"level":"info","ts":1633871992.2074502,"caller":"test_go_log/zap.go:113","msg":"Failed to fetch URL.","url":"http://example.com","attempt":3,"backoff":1}
{"level":"info","ts":1633871992.207455,"caller":"test_go_log/zap.go:119","msg":"Failed to fetch URL: http://example.com"}
{"level":"info","ts":1633871992.2074602,"caller":"test_go_log/zap.go:104","msg":"Failed to fetch URL.","url":"http://example.com","attempt":3,"backoff":1}
{"level":"info","ts":1633871992.207464,"caller":"test_go_log/zap.go:113","msg":"Failed to fetch URL.","url":"http://example.com","attempt":3,"backoff":1}
{"level":"info","ts":1633871992.207469,"caller":"test_go_log/zap.go:119","msg":"Failed to fetch URL: http://example.com"}
{"level":"info","ts":1633871992.2074728,"caller":"test_go_log/zap.go:104","msg":"Failed to fetch URL.","url":"http://example.com","attempt":3,"backoff":1}
{"level":"info","ts":1633871992.207478,"caller":"test_go_log/zap.go:113","msg":"Failed to fetch URL.","url":"http://example.com","attempt":3,"backoff":1}
{"level":"info","ts":1633871992.2074828,"caller":"test_go_log/zap.go:119","msg":"Failed to fetch URL: http://example.com"}
{"level":"info","ts":1633871992.207488,"caller":"test_go_log/zap.go:104","msg":"Failed to fetch URL.","url":"http://example.com","attempt":3,"backoff":1}
{"level":"info","ts":1633871992.207492,"caller":"test_go_log/zap.go:113","msg":"Failed to fetch URL.","url":"http://example.com","attempt":3,"backoff":1}
{"level":"info","ts":1633871992.207497,"caller":"test_go_log/zap.go:119","msg":"Failed to fetch URL: http://example.com"}
{"level":"info","ts":1633871992.2075021,"caller":"test_go_log/zap.go:104","msg":"Failed to fetch URL.","url":"http://example.com","attempt":3,"backoff":1}
{"level":"info","ts":1633871992.207506,"caller":"test_go_log/zap.go:113","msg":"Failed to fetch URL.","url":"http://example.com","attempt":3,"backoff":1}
{"level":"info","ts":1633871992.207511,"caller":"test_go_log/zap.go:119","msg":"Failed to fetch URL: http://example.com"}
{"level":"info","ts":1633871992.207516,"caller":"test_go_log/zap.go:104","msg":"Failed to fetch URL.","url":"http://example.com","attempt":3,"backoff":1}
{"level":"info","ts":1633871992.20752,"caller":"test_go_log/zap.go:113","msg":"Failed to fetch URL.","url":"http://example.com","attempt":3,"backoff":1}
{"level":"info","ts":1633871992.207526,"caller":"test_go_log/zap.go:119","msg":"Failed to fetch URL: http://example.com"}
{"level":"info","ts":1633871992.207531,"caller":"test_go_log/zap.go:104","msg":"Failed to fetch URL.","url":"http://example.com","attempt":3,"backoff":1}
{"level":"info","ts":1633871992.207535,"caller":"test_go_log/zap.go:113","msg":"Failed to fetch URL.","url":"http://example.com","attempt":3,"backoff":1}
{"level":"info","ts":1633871992.20754,"caller":"test_go_log/zap.go:119","msg":"Failed to fetch URL: http://example.com"}
{"level":"info","ts":1633871992.207545,"caller":"test_go_log/zap.go:104","msg":"Failed to fetch URL.","url":"http://example.com","attempt":3,"backoff":1}
{"level":"info","ts":1633871992.2075489,"caller":"test_go_log/zap.go:113","msg":"Failed to fetch URL.","url":"http://example.com","attempt":3,"backoff":1}
{"level":"info","ts":1633871992.207554,"caller":"test_go_log/zap.go:119","msg":"Failed to fetch URL: http://example.com"}
{"level":"info","ts":1633871992.2075589,"caller":"test_go_log/zap.go:104","msg":"Failed to fetch URL.","url":"http://example.com","attempt":3,"backoff":1}
{"level":"info","ts":1633871992.207563,"caller":"test_go_log/zap.go:113","msg":"Failed to fetch URL.","url":"http://example.com","attempt":3,"backoff":1}
{"level":"info","ts":1633871992.207568,"caller":"test_go_log/zap.go:119","msg":"Failed to fetch URL: http://example.com"}
{"level":"info","ts":1633871992.207573,"caller":"test_go_log/zap.go:104","msg":"Failed to fetch URL.","url":"http://example.com","attempt":3,"backoff":1}
{"level":"info","ts":1633871992.207577,"caller":"test_go_log/zap.go:113","msg":"Failed to fetch URL.","url":"http://example.com","attempt":3,"backoff":1}
{"level":"info","ts":1633871992.207582,"caller":"test_go_log/zap.go:119","msg":"Failed to fetch URL: http://example.com"}
{"level":"info","ts":1633871992.207587,"caller":"test_go_log/zap.go:104","msg":"Failed to fetch URL.","url":"http://example.com","attempt":3,"backoff":1}
{"level":"info","ts":1633871992.2075908,"caller":"test_go_log/zap.go:113","msg":"Failed to fetch URL.","url":"http://example.com","attempt":3,"backoff":1}
{"level":"info","ts":1633871992.207596,"caller":"test_go_log/zap.go:119","msg":"Failed to fetch URL: http://example.com"}
{"level":"info","ts":1633871992.2076008,"caller":"test_go_log/zap.go:104","msg":"Failed to fetch URL.","url":"http://example.com","attempt":3,"backoff":1}
{"level":"info","ts":1633871992.207605,"caller":"test_go_log/zap.go:113","msg":"Failed to fetch URL.","url":"http://example.com","attempt":3,"backoff":1}
{"level":"info","ts":1633871992.2076108,"caller":"test_go_log/zap.go:119","msg":"Failed to fetch URL: http://example.com"}
{"level":"info","ts":1633871992.207615,"caller":"test_go_log/zap.go:104","msg":"Failed to fetch URL.","url":"http://example.com","attempt":3,"backoff":1}
{"level":"info","ts":1633871992.2076192,"caller":"test_go_log/zap.go:113","msg":"Failed to fetch URL.","url":"http://example.com","attempt":3,"backoff":1}
{"level":"info","ts":1633871992.2076259,"caller":"test_go_log/zap.go:119","msg":"Failed to fetch URL: http://example.com"}
{"level":"info","ts":1633871992.2076328,"caller":"test_go_log/zap.go:104","msg":"Failed to fetch URL.","url":"http://example.com","attempt":3,"backoff":1}
{"level":"info","ts":1633871992.207638,"caller":"test_go_log/zap.go:113","msg":"Failed to fetch URL.","url":"http://example.com","attempt":3,"backoff":1}
{"level":"info","ts":1633871992.2076428,"caller":"test_go_log/zap.go:119","msg":"Failed to fetch URL: http://example.com"}
{"level":"info","ts":1633871992.207648,"caller":"test_go_log/zap.go:104","msg":"Failed to fetch URL.","url":"http://example.com","attempt":3,"backoff":1}
{"level":"info","ts":1633871992.207652,"caller":"test_go_log/zap.go:113","msg":"Failed to fetch URL.","url":"http://example.com","attempt":3,"backoff":1}
{"level":"info","ts":1633871992.2076569,"caller":"test_go_log/zap.go:119","msg":"Failed to fetch URL: http://example.com"}
{"level":"info","ts":1633871992.207662,"caller":"test_go_log/zap.go:104","msg":"Failed to fetch URL.","url":"http://example.com","attempt":3,"backoff":1}
{"level":"info","ts":1633871992.207666,"caller":"test_go_log/zap.go:113","msg":"Failed to fetch URL.","url":"http://example.com","attempt":3,"backoff":1}
{"level":"info","ts":1633871992.207671,"caller":"test_go_log/zap.go:119","msg":"Failed to fetch URL: http://example.com"}
{"level":"info","ts":1633871992.207676,"caller":"test_go_log/zap.go:104","msg":"Failed to fetch URL.","url":"http://example.com","attempt":3,"backoff":1}
{"level":"info","ts":1633871992.20768,"caller":"test_go_log/zap.go:113","msg":"Failed to fetch URL.","url":"http://example.com","attempt":3,"backoff":1}
{"level":"info","ts":1633871992.2076852,"caller":"test_go_log/zap.go:119","msg":"Failed to fetch URL: http://example.com"}
{"level":"info","ts":1633871992.20769,"caller":"test_go_log/zap.go:104","msg":"Failed to fetch URL.","url":"http://example.com","attempt":3,"backoff":1}
{"level":"info","ts":1633871992.207694,"caller":"test_go_log/zap.go:113","msg":"Failed to fetch URL.","url":"http://example.com","attempt":3,"backoff":1}
{"level":"info","ts":1633871992.2077,"caller":"test_go_log/zap.go:119","msg":"Failed to fetch URL: http://example.com"}
{"level":"info","ts":1633871992.207704,"caller":"test_go_log/zap.go:104","msg":"Failed to fetch URL.","url":"http://example.com","attempt":3,"backoff":1}
{"level":"info","ts":1633871992.2077088,"caller":"test_go_log/zap.go:113","msg":"Failed to fetch URL.","url":"http://example.com","attempt":3,"backoff":1}
{"level":"info","ts":1633871992.207714,"caller":"test_go_log/zap.go:119","msg":"Failed to fetch URL: http://example.com"}
{"level":"info","ts":1633871992.2077188,"caller":"test_go_log/zap.go:104","msg":"Failed to fetch URL.","url":"http://example.com","attempt":3,"backoff":1}
{"level":"info","ts":1633871992.207723,"caller":"test_go_log/zap.go:113","msg":"Failed to fetch URL.","url":"http://example.com","attempt":3,"backoff":1}
{"level":"info","ts":1633871992.2077289,"caller":"test_go_log/zap.go:119","msg":"Failed to fetch URL: http://example.com"}
{"level":"info","ts":1633871992.207733,"caller":"test_go_log/zap.go:104","msg":"Failed to fetch URL.","url":"http://example.com","attempt":3,"backoff":1}
{"level":"info","ts":1633871992.2077398,"caller":"test_go_log/zap.go:113","msg":"Failed to fetch URL.","url":"http://example.com","attempt":3,"backoff":1}
{"level":"info","ts":1633871992.207757,"caller":"test_go_log/zap.go:119","msg":"Failed to fetch URL: http://example.com"}
{"level":"info","ts":1633871992.2077608,"caller":"test_go_log/zap.go:104","msg":"Failed to fetch URL.","url":"http://example.com","attempt":3,"backoff":1}
{"level":"info","ts":1633871992.207766,"caller":"test_go_log/zap.go:113","msg":"Failed to fetch URL.","url":"http://example.com","attempt":3,"backoff":1}
{"level":"info","ts":1633871992.2077708,"caller":"test_go_log/zap.go:119","msg":"Failed to fetch URL: http://example.com"}
{"level":"info","ts":1633871992.207776,"caller":"test_go_log/zap.go:104","msg":"Failed to fetch URL.","url":"http://example.com","attempt":3,"backoff":1}
{"level":"info","ts":1633871992.207788,"caller":"test_go_log/zap.go:113","msg":"Failed to fetch URL.","url":"http://example.com","attempt":3,"backoff":1}
{"level":"info","ts":1633871992.207793,"caller":"test_go_log/zap.go:119","msg":"Failed to fetch URL: http://example.com"}
{"level":"info","ts":1633871992.207798,"caller":"test_go_log/zap.go:104","msg":"Failed to fetch URL.","url":"http://example.com","attempt":3,"backoff":1}
{"level":"info","ts":1633871992.207802,"caller":"test_go_log/zap.go:113","msg":"Failed to fetch URL.","url":"http://example.com","attempt":3,"backoff":1}
{"level":"info","ts":1633871992.207807,"caller":"test_go_log/zap.go:119","msg":"Failed to fetch URL: http://example.com"}
{"level":"info","ts":1633871992.207812,"caller":"test_go_log/zap.go:104","msg":"Failed to fetch URL.","url":"http://example.com","attempt":3,"backoff":1}
{"level":"info","ts":1633871992.207817,"caller":"test_go_log/zap.go:113","msg":"Failed to fetch URL.","url":"http://example.com","attempt":3,"backoff":1}
{"level":"info","ts":1633871992.207822,"caller":"test_go_log/zap.go:119","msg":"Failed to fetch URL: http://example.com"}
{"level":"info","ts":1633871992.2078269,"caller":"test_go_log/zap.go:104","msg":"Failed to fetch URL.","url":"http://example.com","attempt":3,"backoff":1}
{"level":"info","ts":1633871992.2078311,"caller":"test_go_log/zap.go:113","msg":"Failed to fetch URL.","url":"http://example.com","attempt":3,"backoff":1}
{"level":"info","ts":1633871992.207836,"caller":"test_go_log/zap.go:119","msg":"Failed to fetch URL: http://example.com"}
{"level":"info","ts":1633871992.207844,"caller":"test_go_log/zap.go:104","msg":"Failed to fetch URL.","url":"http://example.com","attempt":3,"backoff":1}
{"level":"info","ts":1633871992.2078478,"caller":"test_go_log/zap.go:113","msg":"Failed to fetch URL.","url":"http://example.com","attempt":3,"backoff":1}
{"level":"info","ts":1633871992.207854,"caller":"test_go_log/zap.go:119","msg":"Failed to fetch URL: http://example.com"}
{"level":"info","ts":1633871992.207859,"caller":"test_go_log/zap.go:104","msg":"Failed to fetch URL.","url":"http://example.com","attempt":3,"backoff":1}
{"level":"info","ts":1633871992.207864,"caller":"test_go_log/zap.go:113","msg":"Failed to fetch URL.","url":"http://example.com","attempt":3,"backoff":1}
{"level":"info","ts":1633871992.2078688,"caller":"test_go_log/zap.go:119","msg":"Failed to fetch URL: http://example.com"}
{"level":"info","ts":1633871992.207874,"caller":"test_go_log/zap.go:104","msg":"Failed to fetch URL.","url":"http://example.com","attempt":3,"backoff":1}
{"level":"info","ts":1633871992.2078779,"caller":"test_go_log/zap.go:113","msg":"Failed to fetch URL.","url":"http://example.com","attempt":3,"backoff":1}
{"level":"info","ts":1633871992.2078831,"caller":"test_go_log/zap.go:119","msg":"Failed to fetch URL: http://example.com"}
{"level":"info","ts":1633871992.207888,"caller":"test_go_log/zap.go:104","msg":"Failed to fetch URL.","url":"http://example.com","attempt":3,"backoff":1}
{"level":"info","ts":1633871992.207893,"caller":"test_go_log/zap.go:113","msg":"Failed to fetch URL.","url":"http://example.com","attempt":3,"backoff":1}
{"level":"info","ts":1633871992.2078981,"caller":"test_go_log/zap.go:119","msg":"Failed to fetch URL: http://example.com"}
{"level":"info","ts":1633871992.207902,"caller":"test_go_log/zap.go:104","msg":"Failed to fetch URL.","url":"http://example.com","attempt":3,"backoff":1}
{"level":"info","ts":1633871992.207907,"caller":"test_go_log/zap.go:113","msg":"Failed to fetch URL.","url":"http://example.com","attempt":3,"backoff":1}
{"level":"info","ts":1633871992.207912,"caller":"test_go_log/zap.go:119","msg":"Failed to fetch URL: http://example.com"}
{"level":"info","ts":1633871992.207916,"caller":"test_go_log/zap.go:104","msg":"Failed to fetch URL.","url":"http://example.com","attempt":3,"backoff":1}
{"level":"info","ts":1633871992.2079208,"caller":"test_go_log/zap.go:113","msg":"Failed to fetch URL.","url":"http://example.com","attempt":3,"backoff":1}
{"level":"info","ts":1633871992.207926,"caller":"test_go_log/zap.go:119","msg":"Failed to fetch URL: http://example.com"}
{"level":"info","ts":1633871992.2079308,"caller":"test_go_log/zap.go:104","msg":"Failed to fetch URL.","url":"http://example.com","attempt":3,"backoff":1}
{"level":"info","ts":1633871992.207936,"caller":"test_go_log/zap.go:113","msg":"Failed to fetch URL.","url":"http://example.com","attempt":3,"backoff":1}
{"level":"info","ts":1633871992.207941,"caller":"test_go_log/zap.go:119","msg":"Failed to fetch URL: http://example.com"}
{"level":"info","ts":1633871992.2079449,"caller":"test_go_log/zap.go:104","msg":"Failed to fetch URL.","url":"http://example.com","attempt":3,"backoff":1}
{"level":"info","ts":1633871992.20795,"caller":"test_go_log/zap.go:113","msg":"Failed to fetch URL.","url":"http://example.com","attempt":3,"backoff":1}
{"level":"info","ts":1633871992.207955,"caller":"test_go_log/zap.go:119","msg":"Failed to fetch URL: http://example.com"}
{"level":"info","ts":1633871992.2079601,"caller":"test_go_log/zap.go:104","msg":"Failed to fetch URL.","url":"http://example.com","attempt":3,"backoff":1}
{"level":"info","ts":1633871992.207965,"caller":"test_go_log/zap.go:113","msg":"Failed to fetch URL.","url":"http://example.com","attempt":3,"backoff":1}
{"level":"info","ts":1633871992.2079701,"caller":"test_go_log/zap.go:119","msg":"Failed to fetch URL: http://example.com"}
{"level":"info","ts":1633871992.207974,"caller":"test_go_log/zap.go:104","msg":"Failed to fetch URL.","url":"http://example.com","attempt":3,"backoff":1}
{"level":"info","ts":1633871992.207979,"caller":"test_go_log/zap.go:113","msg":"Failed to fetch URL.","url":"http://example.com","attempt":3,"backoff":1}
{"level":"info","ts":1633871992.2079842,"caller":"test_go_log/zap.go:119","msg":"Failed to fetch URL: http://example.com"}
{"level":"info","ts":1633871992.207989,"caller":"test_go_log/zap.go:104","msg":"Failed to fetch URL.","url":"http://example.com","attempt":3,"backoff":1}
{"level":"info","ts":1633871992.207993,"caller":"test_go_log/zap.go:113","msg":"Failed to fetch URL.","url":"http://example.com","attempt":3,"backoff":1}
{"level":"info","ts":1633871992.207998,"caller":"test_go_log/zap.go:119","msg":"Failed to fetch URL: http://example.com"}
{"level":"info","ts":1633871992.208003,"caller":"test_go_log/zap.go:104","msg":"Failed to fetch URL.","url":"http://example.com","attempt":3,"backoff":1}
{"level":"info","ts":1633871992.208008,"caller":"test_go_log/zap.go:113","msg":"Failed to fetch URL.","url":"http://example.com","attempt":3,"backoff":1}
{"level":"info","ts":1633871992.208013,"caller":"test_go_log/zap.go:119","msg":"Failed to fetch URL: http://example.com"}
{"level":"info","ts":1633871992.2080178,"caller":"test_go_log/zap.go:104","msg":"Failed to fetch URL.","url":"http://example.com","attempt":3,"backoff":1}
{"level":"info","ts":1633871992.208022,"caller":"test_go_log/zap.go:113","msg":"Failed to fetch URL.","url":"http://example.com","attempt":3,"backoff":1}
{"level":"info","ts":1633871992.208027,"caller":"test_go_log/zap.go:119","msg":"Failed to fetch URL: http://example.com"}
{"level":"info","ts":1633871992.208035,"caller":"test_go_log/zap.go:104","msg":"Failed to fetch URL.","url":"http://example.com","attempt":3,"backoff":1}
{"level":"info","ts":1633871992.2080388,"caller":"test_go_log/zap.go:113","msg":"Failed to fetch URL.","url":"http://example.com","attempt":3,"backoff":1}
{"level":"info","ts":1633871992.208045,"caller":"test_go_log/zap.go:119","msg":"Failed to fetch URL: http://example.com"}
{"level":"info","ts":1633871992.2080488,"caller":"test_go_log/zap.go:104","msg":"Failed to fetch URL.","url":"http://example.com","attempt":3,"backoff":1}
{"level":"info","ts":1633871992.208054,"caller":"test_go_log/zap.go:113","msg":"Failed to fetch URL.","url":"http://example.com","attempt":3,"backoff":1}
{"level":"info","ts":1633871992.2080588,"caller":"test_go_log/zap.go:119","msg":"Failed to fetch URL: http://example.com"}
{"level":"info","ts":1633871992.208072,"caller":"test_go_log/zap.go:104","msg":"Failed to fetch URL.","url":"http://example.com","attempt":3,"backoff":1}
{"level":"info","ts":1633871992.208077,"caller":"test_go_log/zap.go:113","msg":"Failed to fetch URL.","url":"http://example.com","attempt":3,"backoff":1}
{"level":"info","ts":1633871992.208083,"caller":"test_go_log/zap.go:119","msg":"Failed to fetch URL: http://example.com"}
{"level":"info","ts":1633871992.208087,"caller":"test_go_log/zap.go:104","msg":"Failed to fetch URL.","url":"http://example.com","attempt":3,"backoff":1}
{"level":"info","ts":1633871992.208092,"caller":"test_go_log/zap.go:113","msg":"Failed to fetch URL.","url":"http://example.com","attempt":3,"backoff":1}
{"level":"info","ts":1633871992.208097,"caller":"test_go_log/zap.go:119","msg":"Failed to fetch URL: http://example.com"}
{"level":"info","ts":1633871992.208102,"caller":"test_go_log/zap.go:104","msg":"Failed to fetch URL.","url":"http://example.com","attempt":3,"backoff":1}
{"level":"info","ts":1633871992.208106,"caller":"test_go_log/zap.go:113","msg":"Failed to fetch URL.","url":"http://example.com","attempt":3,"backoff":1}
{"level":"info","ts":1633871992.2081122,"caller":"test_go_log/zap.go:119","msg":"Failed to fetch URL: http://example.com"}
{"level":"info","ts":1633871992.208116,"caller":"test_go_log/zap.go:104","msg":"Failed to fetch URL.","url":"http://example.com","attempt":3,"backoff":1}
{"level":"info","ts":1633871992.208121,"caller":"test_go_log/zap.go:113","msg":"Failed to fetch URL.","url":"http://example.com","attempt":3,"backoff":1}
{"level":"info","ts":1633871992.208126,"caller":"test_go_log/zap.go:119","msg":"Failed to fetch URL: http://example.com"}
{"level":"info","ts":1633871992.2081301,"caller":"test_go_log/zap.go:104","msg":"Failed to fetch URL.","url":"http://example.com","attempt":3,"backoff":1}
{"level":"info","ts":1633871992.208135,"caller":"test_go_log/zap.go:113","msg":"Failed to fetch URL.","url":"http://example.com","attempt":3,"backoff":1}
{"level":"info","ts":1633871992.2081401,"caller":"test_go_log/zap.go:119","msg":"Failed to fetch URL: http://example.com"}
{"level":"info","ts":1633871992.208145,"caller":"test_go_log/zap.go:104","msg":"Failed to fetch URL.","url":"http://example.com","attempt":3,"backoff":1}
{"level":"info","ts":1633871992.208149,"caller":"test_go_log/zap.go:113","msg":"Failed to fetch URL.","url":"http://example.com","attempt":3,"backoff":1}
{"level":"info","ts":1633871992.2081542,"caller":"test_go_log/zap.go:119","msg":"Failed to fetch URL: http://example.com"}
{"level":"info","ts":1633871992.208159,"caller":"test_go_log/zap.go:104","msg":"Failed to fetch URL.","url":"http://example.com","attempt":3,"backoff":1}
{"level":"info","ts":1633871992.208163,"caller":"test_go_log/zap.go:113","msg":"Failed to fetch URL.","url":"http://example.com","attempt":3,"backoff":1}
{"level":"info","ts":1633871992.20817,"caller":"test_go_log/zap.go:119","msg":"Failed to fetch URL: http://example.com"}
{"level":"info","ts":1633871992.208174,"caller":"test_go_log/zap.go:104","msg":"Failed to fetch URL.","url":"http://example.com","attempt":3,"backoff":1}
{"level":"info","ts":1633871992.208179,"caller":"test_go_log/zap.go:113","msg":"Failed to fetch URL.","url":"http://example.com","attempt":3,"backoff":1}
{"level":"info","ts":1633871992.208184,"caller":"test_go_log/zap.go:119","msg":"Failed to fetch URL: http://example.com"}
{"level":"info","ts":1633871992.208189,"caller":"test_go_log/zap.go:104","msg":"Failed to fetch URL.","url":"http://example.com","attempt":3,"backoff":1}
{"level":"info","ts":1633871992.208194,"caller":"test_go_log/zap.go:113","msg":"Failed to fetch URL.","url":"http://example.com","attempt":3,"backoff":1}
{"level":"info","ts":1633871992.208199,"caller":"test_go_log/zap.go:119","msg":"Failed to fetch URL: http://example.com"}
{"level":"info","ts":1633871992.208203,"caller":"test_go_log/zap.go:104","msg":"Failed to fetch URL.","url":"http://example.com","attempt":3,"backoff":1}
{"level":"info","ts":1633871992.2082078,"caller":"test_go_log/zap.go:113","msg":"Failed to fetch URL.","url":"http://example.com","attempt":3,"backoff":1}
{"level":"info","ts":1633871992.208214,"caller":"test_go_log/zap.go:119","msg":"Failed to fetch URL: http://example.com"}
{"level":"info","ts":1633871992.208218,"caller":"test_go_log/zap.go:104","msg":"Failed to fetch URL.","url":"http://example.com","attempt":3,"backoff":1}
{"level":"info","ts":1633871992.2082229,"caller":"test_go_log/zap.go:113","msg":"Failed to fetch URL.","url":"http://example.com","attempt":3,"backoff":1}
{"level":"info","ts":1633871992.208228,"caller":"test_go_log/zap.go:119","msg":"Failed to fetch URL: http://example.com"}
{"level":"info","ts":1633871992.208235,"caller":"test_go_log/zap.go:104","msg":"Failed to fetch URL.","url":"http://example.com","attempt":3,"backoff":1}
{"level":"info","ts":1633871992.20824,"caller":"test_go_log/zap.go:113","msg":"Failed to fetch URL.","url":"http://example.com","attempt":3,"backoff":1}
{"level":"info","ts":1633871992.208245,"caller":"test_go_log/zap.go:119","msg":"Failed to fetch URL: http://example.com"}
{"level":"info","ts":1633871992.208249,"caller":"test_go_log/zap.go:104","msg":"Failed to fetch URL.","url":"http://example.com","attempt":3,"backoff":1}
{"level":"info","ts":1633871992.2082539,"caller":"test_go_log/zap.go:113","msg":"Failed to fetch URL.","url":"http://example.com","attempt":3,"backoff":1}
{"level":"info","ts":1633871992.208259,"caller":"test_go_log/zap.go:119","msg":"Failed to fetch URL: http://example.com"}
{"level":"info","ts":1633871992.2082639,"caller":"test_go_log/zap.go:104","msg":"Failed to fetch URL.","url":"http://example.com","attempt":3,"backoff":1}
{"level":"info","ts":1633871992.208268,"caller":"test_go_log/zap.go:113","msg":"Failed to fetch URL.","url":"http://example.com","attempt":3,"backoff":1}
{"level":"info","ts":1633871992.208273,"caller":"test_go_log/zap.go:119","msg":"Failed to fetch URL: http://example.com"}
{"level":"info","ts":1633871992.208278,"caller":"test_go_log/zap.go:104","msg":"Failed to fetch URL.","url":"http://example.com","attempt":3,"backoff":1}
{"level":"info","ts":1633871992.208282,"caller":"test_go_log/zap.go:113","msg":"Failed to fetch URL.","url":"http://example.com","attempt":3,"backoff":1}
{"level":"info","ts":1633871992.208287,"caller":"test_go_log/zap.go:119","msg":"Failed to fetch URL: http://example.com"}
{"level":"info","ts":1633871992.208292,"caller":"test_go_log/zap.go:104","msg":"Failed to fetch URL.","url":"http://example.com","attempt":3,"backoff":1}
{"level":"info","ts":1633871992.2082958,"caller":"test_go_log/zap.go:113","msg":"Failed to fetch URL.","url":"http://example.com","attempt":3,"backoff":1}
{"level":"info","ts":1633871992.208301,"caller":"test_go_log/zap.go:119","msg":"Failed to fetch URL: http://example.com"}
{"level":"info","ts":1633871992.2083058,"caller":"test_go_log/zap.go:104","msg":"Failed to fetch URL.","url":"http://example.com","attempt":3,"backoff":1}
{"level":"info","ts":1633871992.2083101,"caller":"test_go_log/zap.go:113","msg":"Failed to fetch URL.","url":"http://example.com","attempt":3,"backoff":1}
{"level":"info","ts":1633871992.2083158,"caller":"test_go_log/zap.go:119","msg":"Failed to fetch URL: http://example.com"}
{"level":"info","ts":1633871992.20832,"caller":"test_go_log/zap.go:104","msg":"Failed to fetch URL.","url":"http://example.com","attempt":3,"backoff":1}
{"level":"info","ts":1633871992.2083251,"caller":"test_go_log/zap.go:113","msg":"Failed to fetch URL.","url":"http://example.com","attempt":3,"backoff":1}
{"level":"info","ts":1633871992.20833,"caller":"test_go_log/zap.go:119","msg":"Failed to fetch URL: http://example.com"}
{"level":"info","ts":1633871992.208334,"caller":"test_go_log/zap.go:104","msg":"Failed to fetch URL.","url":"http://example.com","attempt":3,"backoff":1}
{"level":"info","ts":1633871992.208339,"caller":"test_go_log/zap.go:113","msg":"Failed to fetch URL.","url":"http://example.com","attempt":3,"backoff":1}
{"level":"info","ts":1633871992.208344,"caller":"test_go_log/zap.go:119","msg":"Failed to fetch URL: http://example.com"}
{"level":"info","ts":1633871992.2083478,"caller":"test_go_log/zap.go:104","msg":"Failed to fetch URL.","url":"http://example.com","attempt":3,"backoff":1}
{"level":"info","ts":1633871992.208353,"caller":"test_go_log/zap.go:113","msg":"Failed to fetch URL.","url":"http://example.com","attempt":3,"backoff":1}
{"level":"info","ts":1633871992.2083578,"caller":"test_go_log/zap.go:119","msg":"Failed to fetch URL: http://example.com"}
{"level":"info","ts":1633871992.208363,"caller":"test_go_log/zap.go:104","msg":"Failed to fetch URL.","url":"http://example.com","attempt":3,"backoff":1}
{"level":"info","ts":1633871992.20837,"caller":"test_go_log/zap.go:113","msg":"Failed to fetch URL.","url":"http://example.com","attempt":3,"backoff":1}
{"level":"info","ts":1633871992.2083762,"caller":"test_go_log/zap.go:119","msg":"Failed to fetch URL: http://example.com"}
{"level":"info","ts":1633871992.20838,"caller":"test_go_log/zap.go:104","msg":"Failed to fetch URL.","url":"http://example.com","attempt":3,"backoff":1}
{"level":"info","ts":1633871992.208385,"caller":"test_go_log/zap.go:113","msg":"Failed to fetch URL.","url":"http://example.com","attempt":3,"backoff":1}
{"level":"info","ts":1633871992.20839,"caller":"test_go_log/zap.go:119","msg":"Failed to fetch URL: http://example.com"}
{"level":"info","ts":1633871992.208395,"caller":"test_go_log/zap.go:104","msg":"Failed to fetch URL.","url":"http://example.com","attempt":3,"backoff":1}
{"level":"info","ts":1633871992.208399,"caller":"test_go_log/zap.go:113","msg":"Failed to fetch URL.","url":"http://example.com","attempt":3,"backoff":1}
{"level":"info","ts":1633871992.208405,"caller":"test_go_log/zap.go:119","msg":"Failed to fetch URL: http://example.com"}
{"level":"info","ts":1633871992.208409,"caller":"test_go_log/zap.go:104","msg":"Failed to fetch URL.","url":"http://example.com","attempt":3,"backoff":1}
{"level":"info","ts":1633871992.2084138,"caller":"test_go_log/zap.go:113","msg":"Failed to fetch URL.","url":"http://example.com","attempt":3,"backoff":1}
{"level":"info","ts":1633871992.208419,"caller":"test_go_log/zap.go:119","msg":"Failed to fetch URL: http://example.com"}
{"level":"info","ts":1633871992.2084239,"caller":"test_go_log/zap.go:104","msg":"Failed to fetch URL.","url":"http://example.com","attempt":3,"backoff":1}
{"level":"info","ts":1633871992.208429,"caller":"test_go_log/zap.go:113","msg":"Failed to fetch URL.","url":"http://example.com","attempt":3,"backoff":1}
{"level":"info","ts":1633871992.2084339,"caller":"test_go_log/zap.go:119","msg":"Failed to fetch URL: http://example.com"}
{"level":"info","ts":1633871992.208438,"caller":"test_go_log/zap.go:104","msg":"Failed to fetch URL.","url":"http://example.com","attempt":3,"backoff":1}
{"level":"info","ts":1633871992.208443,"caller":"test_go_log/zap.go:113","msg":"Failed to fetch URL.","url":"http://example.com","attempt":3,"backoff":1}
{"level":"info","ts":1633871992.208448,"caller":"test_go_log/zap.go:119","msg":"Failed to fetch URL: http://example.com"}
{"level":"info","ts":1633871992.2084532,"caller":"test_go_log/zap.go:104","msg":"Failed to fetch URL.","url":"http://example.com","attempt":3,"backoff":1}
{"level":"info","ts":1633871992.208457,"caller":"test_go_log/zap.go:113","msg":"Failed to fetch URL.","url":"http://example.com","attempt":3,"backoff":1}
{"level":"info","ts":1633871992.208462,"caller":"test_go_log/zap.go:119","msg":"Failed to fetch URL: http://example.com"}
{"level":"info","ts":1633871992.208467,"caller":"test_go_log/zap.go:104","msg":"Failed to fetch URL.","url":"http://example.com","attempt":3,"backoff":1}
{"level":"info","ts":1633871992.208471,"caller":"test_go_log/zap.go:113","msg":"Failed to fetch URL.","url":"http://example.com","attempt":3,"backoff":1}
{"level":"info","ts":1633871992.208479,"caller":"test_go_log/zap.go:119","msg":"Failed to fetch URL: http://example.com"}
{"level":"info","ts":1633871992.208483,"caller":"test_go_log/zap.go:104","msg":"Failed to fetch URL.","url":"http://example.com","attempt":3,"backoff":1}
{"level":"info","ts":1633871992.208488,"caller":"test_go_log/zap.go:113","msg":"Failed to fetch URL.","url":"http://example.com","attempt":3,"backoff":1}
{"level":"info","ts":1633871992.208493,"caller":"test_go_log/zap.go:119","msg":"Failed to fetch URL: http://example.com"}
{"level":"info","ts":1633871992.2084968,"caller":"test_go_log/zap.go:104","msg":"Failed to fetch URL.","url":"http://example.com","attempt":3,"backoff":1}
{"level":"info","ts":1633871992.208502,"caller":"test_go_log/zap.go:113","msg":"Failed to fetch URL.","url":"http://example.com","attempt":3,"backoff":1}
{"level":"info","ts":1633871992.2085068,"caller":"test_go_log/zap.go:119","msg":"Failed to fetch URL: http://example.com"}
{"level":"info","ts":1633871992.2085109,"caller":"test_go_log/zap.go:104","msg":"Failed to fetch URL.","url":"http://example.com","attempt":3,"backoff":1}
{"level":"info","ts":1633871992.2085161,"caller":"test_go_log/zap.go:113","msg":"Failed to fetch URL.","url":"http://example.com","attempt":3,"backoff":1}
{"level":"info","ts":1633871992.208521,"caller":"test_go_log/zap.go:119","msg":"Failed to fetch URL: http://example.com"}
{"level":"info","ts":1633871992.208525,"caller":"test_go_log/zap.go:104","msg":"Failed to fetch URL.","url":"http://example.com","attempt":3,"backoff":1}
{"level":"info","ts":1633871992.20853,"caller":"test_go_log/zap.go:113","msg":"Failed to fetch URL.","url":"http://example.com","attempt":3,"backoff":1}
{"level":"info","ts":1633871992.208535,"caller":"test_go_log/zap.go:119","msg":"Failed to fetch URL: http://example.com"}
{"level":"info","ts":1633871992.2085388,"caller":"test_go_log/zap.go:104","msg":"Failed to fetch URL.","url":"http://example.com","attempt":3,"backoff":1}
{"level":"info","ts":1633871992.208543,"caller":"test_go_log/zap.go:113","msg":"Failed to fetch URL.","url":"http://example.com","attempt":3,"backoff":1}
{"level":"info","ts":1633871992.208549,"caller":"test_go_log/zap.go:119","msg":"Failed to fetch URL: http://example.com"}
{"level":"info","ts":1633871992.208553,"caller":"test_go_log/zap.go:104","msg":"Failed to fetch URL.","url":"http://example.com","attempt":3,"backoff":1}
{"level":"info","ts":1633871992.208558,"caller":"test_go_log/zap.go:113","msg":"Failed to fetch URL.","url":"http://example.com","attempt":3,"backoff":1}
{"level":"info","ts":1633871992.2085629,"caller":"test_go_log/zap.go:119","msg":"Failed to fetch URL: http://example.com"}
{"level":"info","ts":1633871992.2085671,"caller":"test_go_log/zap.go:104","msg":"Failed to fetch URL.","url":"http://example.com","attempt":3,"backoff":1}
{"level":"info","ts":1633871992.208572,"caller":"test_go_log/zap.go:113","msg":"Failed to fetch URL.","url":"http://example.com","attempt":3,"backoff":1}
{"level":"info","ts":1633871992.208577,"caller":"test_go_log/zap.go:119","msg":"Failed to fetch URL: http://example.com"}
{"level":"info","ts":1633871992.2085812,"caller":"test_go_log/zap.go:104","msg":"Failed to fetch URL.","url":"http://example.com","attempt":3,"backoff":1}
{"level":"info","ts":1633871992.208586,"caller":"test_go_log/zap.go:113","msg":"Failed to fetch URL.","url":"http://example.com","attempt":3,"backoff":1}
{"level":"info","ts":1633871992.2085912,"caller":"test_go_log/zap.go:119","msg":"Failed to fetch URL: http://example.com"}
{"level":"info","ts":1633871992.208595,"caller":"test_go_log/zap.go:104","msg":"Failed to fetch URL.","url":"http://example.com","attempt":3,"backoff":1}
{"level":"info","ts":1633871992.2086,"caller":"test_go_log/zap.go:113","msg":"Failed to fetch URL.","url":"http://example.com","attempt":3,"backoff":1}
{"level":"info","ts":1633871992.2086048,"caller":"test_go_log/zap.go:119","msg":"Failed to fetch URL: http://example.com"}
{"level":"info","ts":1633871992.20861,"caller":"test_go_log/zap.go:104","msg":"Failed to fetch URL.","url":"http://example.com","attempt":3,"backoff":1}
{"level":"info","ts":1633871992.2086139,"caller":"test_go_log/zap.go:113","msg":"Failed to fetch URL.","url":"http://example.com","attempt":3,"backoff":1}
{"level":"info","ts":1633871992.20862,"caller":"test_go_log/zap.go:119","msg":"Failed to fetch URL: http://example.com"}
{"level":"info","ts":1633871992.2086241,"caller":"test_go_log/zap.go:104","msg":"Failed to fetch URL.","url":"http://example.com","attempt":3,"backoff":1}
{"level":"info","ts":1633871992.208628,"caller":"test_go_log/zap.go:113","msg":"Failed to fetch URL.","url":"http://example.com","attempt":3,"backoff":1}
{"level":"info","ts":1633871992.2086341,"caller":"test_go_log/zap.go:119","msg":"Failed to fetch URL: http://example.com"}
{"level":"info","ts":1633871992.208638,"caller":"test_go_log/zap.go:104","msg":"Failed to fetch URL.","url":"http://example.com","attempt":3,"backoff":1}
{"level":"info","ts":1633871992.208642,"caller":"test_go_log/zap.go:113","msg":"Failed to fetch URL.","url":"http://example.com","attempt":3,"backoff":1}
{"level":"info","ts":1633871992.208648,"caller":"test_go_log/zap.go:119","msg":"Failed to fetch URL: http://example.com"}
{"level":"info","ts":1633871992.208652,"caller":"test_go_log/zap.go:104","msg":"Failed to fetch URL.","url":"http://example.com","attempt":3,"backoff":1}
{"level":"info","ts":1633871992.2086568,"caller":"test_go_log/zap.go:113","msg":"Failed to fetch URL.","url":"http://example.com","attempt":3,"backoff":1}
{"level":"info","ts":1633871992.208662,"caller":"test_go_log/zap.go:119","msg":"Failed to fetch URL: http://example.com"}
{"level":"info","ts":1633871992.208666,"caller":"test_go_log/zap.go:104","msg":"Failed to fetch URL.","url":"http://example.com","attempt":3,"backoff":1}
{"level":"info","ts":1633871992.208671,"caller":"test_go_log/zap.go:113","msg":"Failed to fetch URL.","url":"http://example.com","attempt":3,"backoff":1}
{"level":"info","ts":1633871992.208676,"caller":"test_go_log/zap.go:119","msg":"Failed to fetch URL: http://example.com"}
{"level":"info","ts":1633871992.20868,"caller":"test_go_log/zap.go:104","msg":"Failed to fetch URL.","url":"http://example.com","attempt":3,"backoff":1}
{"level":"info","ts":1633871992.2086852,"caller":"test_go_log/zap.go:113","msg":"Failed to fetch URL.","url":"http://example.com","attempt":3,"backoff":1}
{"level":"info","ts":1633871992.20869,"caller":"test_go_log/zap.go:119","msg":"Failed to fetch URL: http://example.com"}
{"level":"info","ts":1633871992.208694,"caller":"test_go_log/zap.go:104","msg":"Failed to fetch URL.","url":"http://example.com","attempt":3,"backoff":1}
{"level":"info","ts":1633871992.208699,"caller":"test_go_log/zap.go:113","msg":"Failed to fetch URL.","url":"http://example.com","attempt":3,"backoff":1}
{"level":"info","ts":1633871992.208704,"caller":"test_go_log/zap.go:119","msg":"Failed to fetch URL: http://example.com"}
{"level":"info","ts":1633871992.208708,"caller":"test_go_log/zap.go:104","msg":"Failed to fetch URL.","url":"http://example.com","attempt":3,"backoff":1}
{"level":"info","ts":1633871992.208713,"caller":"test_go_log/zap.go:113","msg":"Failed to fetch URL.","url":"http://example.com","attempt":3,"backoff":1}
{"level":"info","ts":1633871992.208718,"caller":"test_go_log/zap.go:119","msg":"Failed to fetch URL: http://example.com"}
{"level":"info","ts":1633871992.2087228,"caller":"test_go_log/zap.go:104","msg":"Failed to fetch URL.","url":"http://example.com","attempt":3,"backoff":1}
{"level":"info","ts":1633871992.2087271,"caller":"test_go_log/zap.go:113","msg":"Failed to fetch URL.","url":"http://example.com","attempt":3,"backoff":1}
{"level":"info","ts":1633871992.208732,"caller":"test_go_log/zap.go:119","msg":"Failed to fetch URL: http://example.com"}
{"level":"info","ts":1633871992.2087371,"caller":"test_go_log/zap.go:104","msg":"Failed to fetch URL.","url":"http://example.com","attempt":3,"backoff":1}
{"level":"info","ts":1633871992.2087412,"caller":"test_go_log/zap.go:113","msg":"Failed to fetch URL.","url":"http://example.com","attempt":3,"backoff":1}
{"level":"info","ts":1633871992.208746,"caller":"test_go_log/zap.go:119","msg":"Failed to fetch URL: http://example.com"}
{"level":"info","ts":1633871992.2087512,"caller":"test_go_log/zap.go:104","msg":"Failed to fetch URL.","url":"http://example.com","attempt":3,"backoff":1}
{"level":"info","ts":1633871992.208755,"caller":"test_go_log/zap.go:113","msg":"Failed to fetch URL.","url":"http://example.com","attempt":3,"backoff":1}
{"level":"info","ts":1633871992.2087622,"caller":"test_go_log/zap.go:119","msg":"Failed to fetch URL: http://example.com"}
{"level":"info","ts":1633871992.208767,"caller":"test_go_log/zap.go:104","msg":"Failed to fetch URL.","url":"http://example.com","attempt":3,"backoff":1}
{"level":"info","ts":1633871992.208771,"caller":"test_go_log/zap.go:113","msg":"Failed to fetch URL.","url":"http://example.com","attempt":3,"backoff":1}
{"level":"info","ts":1633871992.208778,"caller":"test_go_log/zap.go:119","msg":"Failed to fetch URL: http://example.com"}
{"level":"info","ts":1633871992.2087831,"caller":"test_go_log/zap.go:104","msg":"Failed to fetch URL.","url":"http://example.com","attempt":3,"backoff":1}
{"level":"info","ts":1633871992.208788,"caller":"test_go_log/zap.go:113","msg":"Failed to fetch URL.","url":"http://example.com","attempt":3,"backoff":1}
{"level":"info","ts":1633871992.2087932,"caller":"test_go_log/zap.go:119","msg":"Failed to fetch URL: http://example.com"}
{"level":"info","ts":1633871992.208798,"caller":"test_go_log/zap.go:104","msg":"Failed to fetch URL.","url":"http://example.com","attempt":3,"backoff":1}
{"level":"info","ts":1633871992.208802,"caller":"test_go_log/zap.go:113","msg":"Failed to fetch URL.","url":"http://example.com","attempt":3,"backoff":1}
{"level":"info","ts":1633871992.208807,"caller":"test_go_log/zap.go:119","msg":"Failed to fetch URL: http://example.com"}
{"level":"info","ts":1633871992.208812,"caller":"test_go_log/zap.go:104","msg":"Failed to fetch URL.","url":"http://example.com","attempt":3,"backoff":1}
{"level":"info","ts":1633871992.208816,"caller":"test_go_log/zap.go:113","msg":"Failed to fetch URL.","url":"http://example.com","attempt":3,"backoff":1}
{"level":"info","ts":1633871992.208821,"caller":"test_go_log/zap.go:119","msg":"Failed to fetch URL: http://example.com"}
{"level":"info","ts":1633871992.208826,"caller":"test_go_log/zap.go:104","msg":"Failed to fetch URL.","url":"http://example.com","attempt":3,"backoff":1}
{"level":"info","ts":1633871992.2088299,"caller":"test_go_log/zap.go:113","msg":"Failed to fetch URL.","url":"http://example.com","attempt":3,"backoff":1}
{"level":"info","ts":1633871992.2088351,"caller":"test_go_log/zap.go:119","msg":"Failed to fetch URL: http://example.com"}
{"level":"info","ts":1633871992.20884,"caller":"test_go_log/zap.go:104","msg":"Failed to fetch URL.","url":"http://example.com","attempt":3,"backoff":1}
{"level":"info","ts":1633871992.208844,"caller":"test_go_log/zap.go:113","msg":"Failed to fetch URL.","url":"http://example.com","attempt":3,"backoff":1}
{"level":"info","ts":1633871992.208849,"caller":"test_go_log/zap.go:119","msg":"Failed to fetch URL: http://example.com"}
{"level":"info","ts":1633871992.208854,"caller":"test_go_log/zap.go:104","msg":"Failed to fetch URL.","url":"http://example.com","attempt":3,"backoff":1}
{"level":"info","ts":1633871992.208858,"caller":"test_go_log/zap.go:113","msg":"Failed to fetch URL.","url":"http://example.com","attempt":3,"backoff":1}
{"level":"info","ts":1633871992.208863,"caller":"test_go_log/zap.go:119","msg":"Failed to fetch URL: http://example.com"}
{"level":"info","ts":1633871992.208868,"caller":"test_go_log/zap.go:104","msg":"Failed to fetch URL.","url":"http://example.com","attempt":3,"backoff":1}
{"level":"info","ts":1633871992.208873,"caller":"test_go_log/zap.go:113","msg":"Failed to fetch URL.","url":"http://example.com","attempt":3,"backoff":1}
{"level":"info","ts":1633871992.208878,"caller":"test_go_log/zap.go:119","msg":"Failed to fetch URL: http://example.com"}
{"level":"info","ts":1633871992.2088819,"caller":"test_go_log/zap.go:104","msg":"Failed to fetch URL.","url":"http://example.com","attempt":3,"backoff":1}
{"level":"info","ts":1633871992.208886,"caller":"test_go_log/zap.go:113","msg":"Failed to fetch URL.","url":"http://example.com","attempt":3,"backoff":1}
{"level":"info","ts":1633871992.208891,"caller":"test_go_log/zap.go:119","msg":"Failed to fetch URL: http://example.com"}
{"level":"info","ts":1633871992.208896,"caller":"test_go_log/zap.go:104","msg":"Failed to fetch URL.","url":"http://example.com","attempt":3,"backoff":1}
{"level":"info","ts":1633871992.2089002,"caller":"test_go_log/zap.go:113","msg":"Failed to fetch URL.","url":"http://example.com","attempt":3,"backoff":1}
{"level":"info","ts":1633871992.208905,"caller":"test_go_log/zap.go:119","msg":"Failed to fetch URL: http://example.com"}
{"level":"info","ts":1633871992.20891,"caller":"test_go_log/zap.go:104","msg":"Failed to fetch URL.","url":"http://example.com","attempt":3,"backoff":1}
{"level":"info","ts":1633871992.2089138,"caller":"test_go_log/zap.go:113","msg":"Failed to fetch URL.","url":"http://example.com","attempt":3,"backoff":1}
{"level":"info","ts":1633871992.20892,"caller":"test_go_log/zap.go:119","msg":"Failed to fetch URL: http://example.com"}
{"level":"info","ts":1633871992.2089238,"caller":"test_go_log/zap.go:104","msg":"Failed to fetch URL.","url":"http://example.com","attempt":3,"backoff":1}
{"level":"info","ts":1633871992.208929,"caller":"test_go_log/zap.go:113","msg":"Failed to fetch URL.","url":"http://example.com","attempt":3,"backoff":1}
{"level":"info","ts":1633871992.2089338,"caller":"test_go_log/zap.go:119","msg":"Failed to fetch URL: http://example.com"}
{"level":"info","ts":1633871992.208939,"caller":"test_go_log/zap.go:104","msg":"Failed to fetch URL.","url":"http://example.com","attempt":3,"backoff":1}
{"level":"info","ts":1633871992.2089431,"caller":"test_go_log/zap.go:113","msg":"Failed to fetch URL.","url":"http://example.com","attempt":3,"backoff":1}
{"level":"info","ts":1633871992.208949,"caller":"test_go_log/zap.go:119","msg":"Failed to fetch URL: http://example.com"}
{"level":"info","ts":1633871992.2089531,"caller":"test_go_log/zap.go:104","msg":"Failed to fetch URL.","url":"http://example.com","attempt":3,"backoff":1}
{"level":"info","ts":1633871992.208958,"caller":"test_go_log/zap.go:113","msg":"Failed to fetch URL.","url":"http://example.com","attempt":3,"backoff":1}
{"level":"info","ts":1633871992.2089632,"caller":"test_go_log/zap.go:119","msg":"Failed to fetch URL: http://example.com"}
{"level":"info","ts":1633871992.20897,"caller":"test_go_log/zap.go:104","msg":"Failed to fetch URL.","url":"http://example.com","attempt":3,"backoff":1}
{"level":"info","ts":1633871992.2089741,"caller":"test_go_log/zap.go:113","msg":"Failed to fetch URL.","url":"http://example.com","attempt":3,"backoff":1}
{"level":"info","ts":1633871992.20898,"caller":"test_go_log/zap.go:119","msg":"Failed to fetch URL: http://example.com"}
{"level":"info","ts":1633871992.208985,"caller":"test_go_log/zap.go:104","msg":"Failed to fetch URL.","url":"http://example.com","attempt":3,"backoff":1}
{"level":"info","ts":1633871992.2089899,"caller":"test_go_log/zap.go:113","msg":"Failed to fetch URL.","url":"http://example.com","attempt":3,"backoff":1}
{"level":"info","ts":1633871992.208995,"caller":"test_go_log/zap.go:119","msg":"Failed to fetch URL: http://example.com"}
{"level":"info","ts":1633871992.208999,"caller":"test_go_log/zap.go:104","msg":"Failed to fetch URL.","url":"http://example.com","attempt":3,"backoff":1}
{"level":"info","ts":1633871992.209004,"caller":"test_go_log/zap.go:113","msg":"Failed to fetch URL.","url":"http://example.com","attempt":3,"backoff":1}
{"level":"info","ts":1633871992.2090108,"caller":"test_go_log/zap.go:119","msg":"Failed to fetch URL: http://example.com"}
{"level":"info","ts":1633871992.209016,"caller":"test_go_log/zap.go:104","msg":"Failed to fetch URL.","url":"http://example.com","attempt":3,"backoff":1}
{"level":"info","ts":1633871992.2090209,"caller":"test_go_log/zap.go:113","msg":"Failed to fetch URL.","url":"http://example.com","attempt":3,"backoff":1}
{"level":"info","ts":1633871992.209026,"caller":"test_go_log/zap.go:119","msg":"Failed to fetch URL: http://example.com"}
{"level":"info","ts":1633871992.2090309,"caller":"test_go_log/zap.go:104","msg":"Failed to fetch URL.","url":"http://example.com","attempt":3,"backoff":1}
{"level":"info","ts":1633871992.209035,"caller":"test_go_log/zap.go:113","msg":"Failed to fetch URL.","url":"http://example.com","attempt":3,"backoff":1}
{"level":"info","ts":1633871992.20904,"caller":"test_go_log/zap.go:119","msg":"Failed to fetch URL: http://example.com"}
{"level":"info","ts":1633871992.209045,"caller":"test_go_log/zap.go:104","msg":"Failed to fetch URL.","url":"http://example.com","attempt":3,"backoff":1}
{"level":"info","ts":1633871992.209049,"caller":"test_go_log/zap.go:113","msg":"Failed to fetch URL.","url":"http://example.com","attempt":3,"backoff":1}
{"level":"info","ts":1633871992.209057,"caller":"test_go_log/zap.go:119","msg":"Failed to fetch URL: http://example.com"}
{"level":"info","ts":1633871992.2090619,"caller":"test_go_log/zap.go:104","msg":"Failed to fetch URL.","url":"http://example.com","attempt":3,"backoff":1}
{"level":"info","ts":1633871992.209066,"caller":"test_go_log/zap.go:113","msg":"Failed to fetch URL.","url":"http://example.com","attempt":3,"backoff":1}
{"level":"info","ts":1633871992.2090712,"caller":"test_go_log/zap.go:119","msg":"Failed to fetch URL: http://example.com"}
{"level":"info","ts":1633871992.209076,"caller":"test_go_log/zap.go:104","msg":"Failed to fetch URL.","url":"http://example.com","attempt":3,"backoff":1}
{"level":"info","ts":1633871992.20908,"caller":"test_go_log/zap.go:113","msg":"Failed to fetch URL.","url":"http://example.com","attempt":3,"backoff":1}
{"level":"info","ts":1633871992.209086,"caller":"test_go_log/zap.go:119","msg":"Failed to fetch URL: http://example.com"}
{"level":"info","ts":1633871992.2090912,"caller":"test_go_log/zap.go:104","msg":"Failed to fetch URL.","url":"http://example.com","attempt":3,"backoff":1}
{"level":"info","ts":1633871992.209095,"caller":"test_go_log/zap.go:113","msg":"Failed to fetch URL.","url":"http://example.com","attempt":3,"backoff":1}
{"level":"info","ts":1633871992.2091,"caller":"test_go_log/zap.go:119","msg":"Failed to fetch URL: http://example.com"}
{"level":"info","ts":1633871992.209105,"caller":"test_go_log/zap.go:104","msg":"Failed to fetch URL.","url":"http://example.com","attempt":3,"backoff":1}
{"level":"info","ts":1633871992.209109,"caller":"test_go_log/zap.go:113","msg":"Failed to fetch URL.","url":"http://example.com","attempt":3,"backoff":1}
{"level":"info","ts":1633871992.209114,"caller":"test_go_log/zap.go:119","msg":"Failed to fetch URL: http://example.com"}
{"level":"info","ts":1633871992.209119,"caller":"test_go_log/zap.go:104","msg":"Failed to fetch URL.","url":"http://example.com","attempt":3,"backoff":1}
{"level":"info","ts":1633871992.2091231,"caller":"test_go_log/zap.go:113","msg":"Failed to fetch URL.","url":"http://example.com","attempt":3,"backoff":1}
{"level":"info","ts":1633871992.209128,"caller":"test_go_log/zap.go:119","msg":"Failed to fetch URL: http://example.com"}
{"level":"info","ts":1633871992.2091331,"caller":"test_go_log/zap.go:104","msg":"Failed to fetch URL.","url":"http://example.com","attempt":3,"backoff":1}
{"level":"info","ts":1633871992.209137,"caller":"test_go_log/zap.go:113","msg":"Failed to fetch URL.","url":"http://example.com","attempt":3,"backoff":1}
{"level":"info","ts":1633871992.209142,"caller":"test_go_log/zap.go:119","msg":"Failed to fetch URL: http://example.com"}
{"level":"info","ts":1633871992.209147,"caller":"test_go_log/zap.go:104","msg":"Failed to fetch URL.","url":"http://example.com","attempt":3,"backoff":1}
{"level":"info","ts":1633871992.209151,"caller":"test_go_log/zap.go:113","msg":"Failed to fetch URL.","url":"http://example.com","attempt":3,"backoff":1}
{"level":"info","ts":1633871992.2091572,"caller":"test_go_log/zap.go:119","msg":"Failed to fetch URL: http://example.com"}
{"level":"info","ts":1633871992.209161,"caller":"test_go_log/zap.go:104","msg":"Failed to fetch URL.","url":"http://example.com","attempt":3,"backoff":1}
{"level":"info","ts":1633871992.209166,"caller":"test_go_log/zap.go:113","msg":"Failed to fetch URL.","url":"http://example.com","attempt":3,"backoff":1}
{"level":"info","ts":1633871992.209171,"caller":"test_go_log/zap.go:119","msg":"Failed to fetch URL: http://example.com"}
{"level":"info","ts":1633871992.2091782,"caller":"test_go_log/zap.go:104","msg":"Failed to fetch URL.","url":"http://example.com","attempt":3,"backoff":1}
{"level":"info","ts":1633871992.209183,"caller":"test_go_log/zap.go:113","msg":"Failed to fetch URL.","url":"http://example.com","attempt":3,"backoff":1}
{"level":"info","ts":1633871992.209188,"caller":"test_go_log/zap.go:119","msg":"Failed to fetch URL: http://example.com"}
{"level":"info","ts":1633871992.209192,"caller":"test_go_log/zap.go:104","msg":"Failed to fetch URL.","url":"http://example.com","attempt":3,"backoff":1}
{"level":"info","ts":1633871992.209197,"caller":"test_go_log/zap.go:113","msg":"Failed to fetch URL.","url":"http://example.com","attempt":3,"backoff":1}
{"level":"info","ts":1633871992.2092018,"caller":"test_go_log/zap.go:119","msg":"Failed to fetch URL: http://example.com"}
{"level":"info","ts":1633871992.209206,"caller":"test_go_log/zap.go:104","msg":"Failed to fetch URL.","url":"http://example.com","attempt":3,"backoff":1}
{"level":"info","ts":1633871992.2092102,"caller":"test_go_log/zap.go:113","msg":"Failed to fetch URL.","url":"http://example.com","attempt":3,"backoff":1}
{"level":"info","ts":1633871992.209216,"caller":"test_go_log/zap.go:119","msg":"Failed to fetch URL: http://example.com"}
{"level":"info","ts":1633871992.2092202,"caller":"test_go_log/zap.go:104","msg":"Failed to fetch URL.","url":"http://example.com","attempt":3,"backoff":1}
{"level":"info","ts":1633871992.209225,"caller":"test_go_log/zap.go:113","msg":"Failed to fetch URL.","url":"http://example.com","attempt":3,"backoff":1}
{"level":"info","ts":1633871992.2092302,"caller":"test_go_log/zap.go:119","msg":"Failed to fetch URL: http://example.com"}
{"level":"info","ts":1633871992.209234,"caller":"test_go_log/zap.go:104","msg":"Failed to fetch URL.","url":"http://example.com","attempt":3,"backoff":1}
{"level":"info","ts":1633871992.209239,"caller":"test_go_log/zap.go:113","msg":"Failed to fetch URL.","url":"http://example.com","attempt":3,"backoff":1}
{"level":"info","ts":1633871992.209244,"caller":"test_go_log/zap.go:119","msg":"Failed to fetch URL: http://example.com"}
{"level":"info","ts":1633871992.209248,"caller":"test_go_log/zap.go:104","msg":"Failed to fetch URL.","url":"http://example.com","attempt":3,"backoff":1}
{"level":"info","ts":1633871992.209253,"caller":"test_go_log/zap.go:113","msg":"Failed to fetch URL.","url":"http://example.com","attempt":3,"backoff":1}
{"level":"info","ts":1633871992.209258,"caller":"test_go_log/zap.go:119","msg":"Failed to fetch URL: http://example.com"}
{"level":"info","ts":1633871992.2092621,"caller":"test_go_log/zap.go:104","msg":"Failed to fetch URL.","url":"http://example.com","attempt":3,"backoff":1}
{"level":"info","ts":1633871992.209267,"caller":"test_go_log/zap.go:113","msg":"Failed to fetch URL.","url":"http://example.com","attempt":3,"backoff":1}
{"level":"info","ts":1633871992.2092721,"caller":"test_go_log/zap.go:119","msg":"Failed to fetch URL: http://example.com"}
{"level":"info","ts":1633871992.209276,"caller":"test_go_log/zap.go:104","msg":"Failed to fetch URL.","url":"http://example.com","attempt":3,"backoff":1}
{"level":"info","ts":1633871992.209281,"caller":"test_go_log/zap.go:113","msg":"Failed to fetch URL.","url":"http://example.com","attempt":3,"backoff":1}
{"level":"info","ts":1633871992.209286,"caller":"test_go_log/zap.go:119","msg":"Failed to fetch URL: http://example.com"}
{"level":"info","ts":1633871992.209291,"caller":"test_go_log/zap.go:104","msg":"Failed to fetch URL.","url":"http://example.com","attempt":3,"backoff":1}
{"level":"info","ts":1633871992.209295,"caller":"test_go_log/zap.go:113","msg":"Failed to fetch URL.","url":"http://example.com","attempt":3,"backoff":1}
{"level":"info","ts":1633871992.2093,"caller":"test_go_log/zap.go:119","msg":"Failed to fetch URL: http://example.com"}
{"level":"info","ts":1633871992.209305,"caller":"test_go_log/zap.go:104","msg":"Failed to fetch URL.","url":"http://example.com","attempt":3,"backoff":1}
{"level":"info","ts":1633871992.2093089,"caller":"test_go_log/zap.go:113","msg":"Failed to fetch URL.","url":"http://example.com","attempt":3,"backoff":1}
{"level":"info","ts":1633871992.209316,"caller":"test_go_log/zap.go:119","msg":"Failed to fetch URL: http://example.com"}
{"level":"info","ts":1633871992.209321,"caller":"test_go_log/zap.go:104","msg":"Failed to fetch URL.","url":"http://example.com","attempt":3,"backoff":1}
{"level":"info","ts":1633871992.209325,"caller":"test_go_log/zap.go:113","msg":"Failed to fetch URL.","url":"http://example.com","attempt":3,"backoff":1}
{"level":"info","ts":1633871992.2093298,"caller":"test_go_log/zap.go:119","msg":"Failed to fetch URL: http://example.com"}
{"level":"info","ts":1633871992.209335,"caller":"test_go_log/zap.go:104","msg":"Failed to fetch URL.","url":"http://example.com","attempt":3,"backoff":1}
{"level":"info","ts":1633871992.209339,"caller":"test_go_log/zap.go:113","msg":"Failed to fetch URL.","url":"http://example.com","attempt":3,"backoff":1}
{"level":"info","ts":1633871992.209344,"caller":"test_go_log/zap.go:119","msg":"Failed to fetch URL: http://example.com"}
{"level":"info","ts":1633871992.2093492,"caller":"test_go_log/zap.go:104","msg":"Failed to fetch URL.","url":"http://example.com","attempt":3,"backoff":1}
{"level":"info","ts":1633871992.209353,"caller":"test_go_log/zap.go:113","msg":"Failed to fetch URL.","url":"http://example.com","attempt":3,"backoff":1}
{"level":"info","ts":1633871992.209358,"caller":"test_go_log/zap.go:119","msg":"Failed to fetch URL: http://example.com"}
{"level":"info","ts":1633871992.209364,"caller":"test_go_log/zap.go:104","msg":"Failed to fetch URL.","url":"http://example.com","attempt":3,"backoff":1}
{"level":"info","ts":1633871992.209368,"caller":"test_go_log/zap.go:113","msg":"Failed to fetch URL.","url":"http://example.com","attempt":3,"backoff":1}
{"level":"info","ts":1633871992.209373,"caller":"test_go_log/zap.go:119","msg":"Failed to fetch URL: http://example.com"}
{"level":"info","ts":1633871992.209378,"caller":"test_go_log/zap.go:104","msg":"Failed to fetch URL.","url":"http://example.com","attempt":3,"backoff":1}
{"level":"info","ts":1633871992.2093818,"caller":"test_go_log/zap.go:113","msg":"Failed to fetch URL.","url":"http://example.com","attempt":3,"backoff":1}
{"level":"info","ts":1633871992.2093902,"caller":"test_go_log/zap.go:119","msg":"Failed to fetch URL: http://example.com"}
{"level":"info","ts":1633871992.209395,"caller":"test_go_log/zap.go:104","msg":"Failed to fetch URL.","url":"http://example.com","attempt":3,"backoff":1}
{"level":"info","ts":1633871992.2094002,"caller":"test_go_log/zap.go:113","msg":"Failed to fetch URL.","url":"http://example.com","attempt":3,"backoff":1}
{"level":"info","ts":1633871992.209405,"caller":"test_go_log/zap.go:119","msg":"Failed to fetch URL: http://example.com"}
{"level":"info","ts":1633871992.20941,"caller":"test_go_log/zap.go:104","msg":"Failed to fetch URL.","url":"http://example.com","attempt":3,"backoff":1}
{"level":"info","ts":1633871992.209414,"caller":"test_go_log/zap.go:113","msg":"Failed to fetch URL.","url":"http://example.com","attempt":3,"backoff":1}
{"level":"info","ts":1633871992.209419,"caller":"test_go_log/zap.go:119","msg":"Failed to fetch URL: http://example.com"}
{"level":"info","ts":1633871992.2094238,"caller":"test_go_log/zap.go:104","msg":"Failed to fetch URL.","url":"http://example.com","attempt":3,"backoff":1}
{"level":"info","ts":1633871992.209428,"caller":"test_go_log/zap.go:113","msg":"Failed to fetch URL.","url":"http://example.com","attempt":3,"backoff":1}
{"level":"info","ts":1633871992.209433,"caller":"test_go_log/zap.go:119","msg":"Failed to fetch URL: http://example.com"}
{"level":"info","ts":1633871992.2094378,"caller":"test_go_log/zap.go:104","msg":"Failed to fetch URL.","url":"http://example.com","attempt":3,"backoff":1}
{"level":"info","ts":1633871992.2094421,"caller":"test_go_log/zap.go:113","msg":"Failed to fetch URL.","url":"http://example.com","attempt":3,"backoff":1}
{"level":"info","ts":1633871992.2094479,"caller":"test_go_log/zap.go:119","msg":"Failed to fetch URL: http://example.com"}
{"level":"info","ts":1633871992.209452,"caller":"test_go_log/zap.go:104","msg":"Failed to fetch URL.","url":"http://example.com","attempt":3,"backoff":1}
{"level":"info","ts":1633871992.209457,"caller":"test_go_log/zap.go:113","msg":"Failed to fetch URL.","url":"http://example.com","attempt":3,"backoff":1}
{"level":"info","ts":1633871992.209462,"caller":"test_go_log/zap.go:119","msg":"Failed to fetch URL: http://example.com"}
{"level":"info","ts":1633871992.2094662,"caller":"test_go_log/zap.go:104","msg":"Failed to fetch URL.","url":"http://example.com","attempt":3,"backoff":1}
{"level":"info","ts":1633871992.209471,"caller":"test_go_log/zap.go:113","msg":"Failed to fetch URL.","url":"http://example.com","attempt":3,"backoff":1}
{"level":"info","ts":1633871992.209476,"caller":"test_go_log/zap.go:119","msg":"Failed to fetch URL: http://example.com"}
{"level":"info","ts":1633871992.20948,"caller":"test_go_log/zap.go:104","msg":"Failed to fetch URL.","url":"http://example.com","attempt":3,"backoff":1}
{"level":"info","ts":1633871992.209485,"caller":"test_go_log/zap.go:113","msg":"Failed to fetch URL.","url":"http://example.com","attempt":3,"backoff":1}
{"level":"info","ts":1633871992.2094898,"caller":"test_go_log/zap.go:119","msg":"Failed to fetch URL: http://example.com"}
{"level":"info","ts":1633871992.209494,"caller":"test_go_log/zap.go:104","msg":"Failed to fetch URL.","url":"http://example.com","attempt":3,"backoff":1}
{"level":"info","ts":1633871992.209499,"caller":"test_go_log/zap.go:113","msg":"Failed to fetch URL.","url":"http://example.com","attempt":3,"backoff":1}
{"level":"info","ts":1633871992.209504,"caller":"test_go_log/zap.go:119","msg":"Failed to fetch URL: http://example.com"}
{"level":"info","ts":1633871992.2095082,"caller":"test_go_log/zap.go:104","msg":"Failed to fetch URL.","url":"http://example.com","attempt":3,"backoff":1}
{"level":"info","ts":1633871992.209513,"caller":"test_go_log/zap.go:113","msg":"Failed to fetch URL.","url":"http://example.com","attempt":3,"backoff":1}
{"level":"info","ts":1633871992.2095182,"caller":"test_go_log/zap.go:119","msg":"Failed to fetch URL: http://example.com"}
{"level":"info","ts":1633871992.209522,"caller":"test_go_log/zap.go:104","msg":"Failed to fetch URL.","url":"http://example.com","attempt":3,"backoff":1}
{"level":"info","ts":1633871992.209527,"caller":"test_go_log/zap.go:113","msg":"Failed to fetch URL.","url":"http://example.com","attempt":3,"backoff":1}
{"level":"info","ts":1633871992.209532,"caller":"test_go_log/zap.go:119","msg":"Failed to fetch URL: http://example.com"}
{"level":"info","ts":1633871992.209537,"caller":"test_go_log/zap.go:104","msg":"Failed to fetch URL.","url":"http://example.com","attempt":3,"backoff":1}
{"level":"info","ts":1633871992.209541,"caller":"test_go_log/zap.go:113","msg":"Failed to fetch URL.","url":"http://example.com","attempt":3,"backoff":1}
{"level":"info","ts":1633871992.209546,"caller":"test_go_log/zap.go:119","msg":"Failed to fetch URL: http://example.com"}
{"level":"info","ts":1633871992.209551,"caller":"test_go_log/zap.go:104","msg":"Failed to fetch URL.","url":"http://example.com","attempt":3,"backoff":1}
{"level":"info","ts":1633871992.2095559,"caller":"test_go_log/zap.go:113","msg":"Failed to fetch URL.","url":"http://example.com","attempt":3,"backoff":1}
{"level":"info","ts":1633871992.209561,"caller":"test_go_log/zap.go:119","msg":"Failed to fetch URL: http://example.com"}
{"level":"info","ts":1633871992.2095659,"caller":"test_go_log/zap.go:104","msg":"Failed to fetch URL.","url":"http://example.com","attempt":3,"backoff":1}
{"level":"info","ts":1633871992.20957,"caller":"test_go_log/zap.go:113","msg":"Failed to fetch URL.","url":"http://example.com","attempt":3,"backoff":1}
{"level":"info","ts":1633871992.209575,"caller":"test_go_log/zap.go:119","msg":"Failed to fetch URL: http://example.com"}
{"level":"info","ts":1633871992.209582,"caller":"test_go_log/zap.go:104","msg":"Failed to fetch URL.","url":"http://example.com","attempt":3,"backoff":1}
{"level":"info","ts":1633871992.2095869,"caller":"test_go_log/zap.go:113","msg":"Failed to fetch URL.","url":"http://example.com","attempt":3,"backoff":1}
{"level":"info","ts":1633871992.209592,"caller":"test_go_log/zap.go:119","msg":"Failed to fetch URL: http://example.com"}
{"level":"info","ts":1633871992.209596,"caller":"test_go_log/zap.go:104","msg":"Failed to fetch URL.","url":"http://example.com","attempt":3,"backoff":1}
{"level":"info","ts":1633871992.209601,"caller":"test_go_log/zap.go:113","msg":"Failed to fetch URL.","url":"http://example.com","attempt":3,"backoff":1}
{"level":"info","ts":1633871992.209606,"caller":"test_go_log/zap.go:119","msg":"Failed to fetch URL: http://example.com"}
{"level":"info","ts":1633871992.209611,"caller":"test_go_log/zap.go:104","msg":"Failed to fetch URL.","url":"http://example.com","attempt":3,"backoff":1}
{"level":"info","ts":1633871992.209615,"caller":"test_go_log/zap.go:113","msg":"Failed to fetch URL.","url":"http://example.com","attempt":3,"backoff":1}
{"level":"info","ts":1633871992.20962,"caller":"test_go_log/zap.go:119","msg":"Failed to fetch URL: http://example.com"}
{"level":"info","ts":1633871992.209625,"caller":"test_go_log/zap.go:104","msg":"Failed to fetch URL.","url":"http://example.com","attempt":3,"backoff":1}
{"level":"info","ts":1633871992.2096288,"caller":"test_go_log/zap.go:113","msg":"Failed to fetch URL.","url":"http://example.com","attempt":3,"backoff":1}
{"level":"info","ts":1633871992.209634,"caller":"test_go_log/zap.go:119","msg":"Failed to fetch URL: http://example.com"}
{"level":"info","ts":1633871992.2096388,"caller":"test_go_log/zap.go:104","msg":"Failed to fetch URL.","url":"http://example.com","attempt":3,"backoff":1}
{"level":"info","ts":1633871992.2096431,"caller":"test_go_log/zap.go:113","msg":"Failed to fetch URL.","url":"http://example.com","attempt":3,"backoff":1}
{"level":"info","ts":1633871992.2096481,"caller":"test_go_log/zap.go:119","msg":"Failed to fetch URL: http://example.com"}
{"level":"info","ts":1633871992.209653,"caller":"test_go_log/zap.go:104","msg":"Failed to fetch URL.","url":"http://example.com","attempt":3,"backoff":1}
{"level":"info","ts":1633871992.2096572,"caller":"test_go_log/zap.go:113","msg":"Failed to fetch URL.","url":"http://example.com","attempt":3,"backoff":1}
{"level":"info","ts":1633871992.209662,"caller":"test_go_log/zap.go:119","msg":"Failed to fetch URL: http://example.com"}
{"level":"info","ts":1633871992.209667,"caller":"test_go_log/zap.go:104","msg":"Failed to fetch URL.","url":"http://example.com","attempt":3,"backoff":1}
{"level":"info","ts":1633871992.209671,"caller":"test_go_log/zap.go:113","msg":"Failed to fetch URL.","url":"http://example.com","attempt":3,"backoff":1}
{"level":"info","ts":1633871992.209676,"caller":"test_go_log/zap.go:119","msg":"Failed to fetch URL: http://example.com"}
{"level":"info","ts":1633871992.2096808,"caller":"test_go_log/zap.go:104","msg":"Failed to fetch URL.","url":"http://example.com","attempt":3,"backoff":1}
{"level":"info","ts":1633871992.209685,"caller":"test_go_log/zap.go:113","msg":"Failed to fetch URL.","url":"http://example.com","attempt":3,"backoff":1}
{"level":"info","ts":1633871992.2096908,"caller":"test_go_log/zap.go:119","msg":"Failed to fetch URL: http://example.com"}
{"level":"info","ts":1633871992.209696,"caller":"test_go_log/zap.go:104","msg":"Failed to fetch URL.","url":"http://example.com","attempt":3,"backoff":1}
{"level":"info","ts":1633871992.2097,"caller":"test_go_log/zap.go:113","msg":"Failed to fetch URL.","url":"http://example.com","attempt":3,"backoff":1}
{"level":"info","ts":1633871992.2097049,"caller":"test_go_log/zap.go:119","msg":"Failed to fetch URL: http://example.com"}
{"level":"info","ts":1633871992.2097101,"caller":"test_go_log/zap.go:104","msg":"Failed to fetch URL.","url":"http://example.com","attempt":3,"backoff":1}
{"level":"info","ts":1633871992.209714,"caller":"test_go_log/zap.go:113","msg":"Failed to fetch URL.","url":"http://example.com","attempt":3,"backoff":1}
{"level":"info","ts":1633871992.209719,"caller":"test_go_log/zap.go:119","msg":"Failed to fetch URL: http://example.com"}
{"level":"info","ts":1633871992.209724,"caller":"test_go_log/zap.go:104","msg":"Failed to fetch URL.","url":"http://example.com","attempt":3,"backoff":1}
{"level":"info","ts":1633871992.209728,"caller":"test_go_log/zap.go:113","msg":"Failed to fetch URL.","url":"http://example.com","attempt":3,"backoff":1}
{"level":"info","ts":1633871992.209733,"caller":"test_go_log/zap.go:119","msg":"Failed to fetch URL: http://example.com"}
{"level":"info","ts":1633871992.209746,"caller":"test_go_log/zap.go:104","msg":"Failed to fetch URL.","url":"http://example.com","attempt":3,"backoff":1}
{"level":"info","ts":1633871992.20975,"caller":"test_go_log/zap.go:113","msg":"Failed to fetch URL.","url":"http://example.com","attempt":3,"backoff":1}
{"level":"info","ts":1633871992.209755,"caller":"test_go_log/zap.go:119","msg":"Failed to fetch URL: http://example.com"}
{"level":"info","ts":1633871992.20976,"caller":"test_go_log/zap.go:104","msg":"Failed to fetch URL.","url":"http://example.com","attempt":3,"backoff":1}
{"level":"info","ts":1633871992.2097652,"caller":"test_go_log/zap.go:113","msg":"Failed to fetch URL.","url":"http://example.com","attempt":3,"backoff":1}
{"level":"info","ts":1633871992.20977,"caller":"test_go_log/zap.go:119","msg":"Failed to fetch URL: http://example.com"}
{"level":"info","ts":1633871992.2097752,"caller":"test_go_log/zap.go:104","msg":"Failed to fetch URL.","url":"http://example.com","attempt":3,"backoff":1}
{"level":"info","ts":1633871992.209779,"caller":"test_go_log/zap.go:113","msg":"Failed to fetch URL.","url":"http://example.com","attempt":3,"backoff":1}
{"level":"info","ts":1633871992.209784,"caller":"test_go_log/zap.go:119","msg":"Failed to fetch URL: http://example.com"}
{"level":"info","ts":1633871992.209789,"caller":"test_go_log/zap.go:104","msg":"Failed to fetch URL.","url":"http://example.com","attempt":3,"backoff":1}
{"level":"info","ts":1633871992.209793,"caller":"test_go_log/zap.go:113","msg":"Failed to fetch URL.","url":"http://example.com","attempt":3,"backoff":1}
{"level":"info","ts":1633871992.2097979,"caller":"test_go_log/zap.go:119","msg":"Failed to fetch URL: http://example.com"}
{"level":"info","ts":1633871992.209803,"caller":"test_go_log/zap.go:104","msg":"Failed to fetch URL.","url":"http://example.com","attempt":3,"backoff":1}
{"level":"info","ts":1633871992.2098072,"caller":"test_go_log/zap.go:113","msg":"Failed to fetch URL.","url":"http://example.com","attempt":3,"backoff":1}
{"level":"info","ts":1633871992.209812,"caller":"test_go_log/zap.go:119","msg":"Failed to fetch URL: http://example.com"}
{"level":"info","ts":1633871992.2098172,"caller":"test_go_log/zap.go:104","msg":"Failed to fetch URL.","url":"http://example.com","attempt":3,"backoff":1}
{"level":"info","ts":1633871992.209821,"caller":"test_go_log/zap.go:113","msg":"Failed to fetch URL.","url":"http://example.com","attempt":3,"backoff":1}
{"level":"info","ts":1633871992.209826,"caller":"test_go_log/zap.go:119","msg":"Failed to fetch URL: http://example.com"}
{"level":"info","ts":1633871992.209831,"caller":"test_go_log/zap.go:104","msg":"Failed to fetch URL.","url":"http://example.com","attempt":3,"backoff":1}
{"level":"info","ts":1633871992.209835,"caller":"test_go_log/zap.go:113","msg":"Failed to fetch URL.","url":"http://example.com","attempt":3,"backoff":1}
{"level":"info","ts":1633871992.20984,"caller":"test_go_log/zap.go:119","msg":"Failed to fetch URL: http://example.com"}
{"level":"info","ts":1633871992.209845,"caller":"test_go_log/zap.go:104","msg":"Failed to fetch URL.","url":"http://example.com","attempt":3,"backoff":1}
{"level":"info","ts":1633871992.209849,"caller":"test_go_log/zap.go:113","msg":"Failed to fetch URL.","url":"http://example.com","attempt":3,"backoff":1}
{"level":"info","ts":1633871992.209854,"caller":"test_go_log/zap.go:119","msg":"Failed to fetch URL: http://example.com"}
{"level":"info","ts":1633871992.2098591,"caller":"test_go_log/zap.go:104","msg":"Failed to fetch URL.","url":"http://example.com","attempt":3,"backoff":1}
{"level":"info","ts":1633871992.209863,"caller":"test_go_log/zap.go:113","msg":"Failed to fetch URL.","url":"http://example.com","attempt":3,"backoff":1}
{"level":"info","ts":1633871992.2098691,"caller":"test_go_log/zap.go:119","msg":"Failed to fetch URL: http://example.com"}
{"level":"info","ts":1633871992.209874,"caller":"test_go_log/zap.go:104","msg":"Failed to fetch URL.","url":"http://example.com","attempt":3,"backoff":1}
{"level":"info","ts":1633871992.209879,"caller":"test_go_log/zap.go:113","msg":"Failed to fetch URL.","url":"http://example.com","attempt":3,"backoff":1}
{"level":"info","ts":1633871992.209884,"caller":"test_go_log/zap.go:119","msg":"Failed to fetch URL: http://example.com"}
{"level":"info","ts":1633871992.209888,"caller":"test_go_log/zap.go:104","msg":"Failed to fetch URL.","url":"http://example.com","attempt":3,"backoff":1}
{"level":"info","ts":1633871992.209892,"caller":"test_go_log/zap.go:113","msg":"Failed to fetch URL.","url":"http://example.com","attempt":3,"backoff":1}
{"level":"info","ts":1633871992.209898,"caller":"test_go_log/zap.go:119","msg":"Failed to fetch URL: http://example.com"}
{"level":"info","ts":1633871992.209902,"caller":"test_go_log/zap.go:104","msg":"Failed to fetch URL.","url":"http://example.com","attempt":3,"backoff":1}
{"level":"info","ts":1633871992.209907,"caller":"test_go_log/zap.go:113","msg":"Failed to fetch URL.","url":"http://example.com","attempt":3,"backoff":1}
{"level":"info","ts":1633871992.209912,"caller":"test_go_log/zap.go:119","msg":"Failed to fetch URL: http://example.com"}
{"level":"info","ts":1633871992.2099159,"caller":"test_go_log/zap.go:104","msg":"Failed to fetch URL.","url":"http://example.com","attempt":3,"backoff":1}
{"level":"info","ts":1633871992.2099211,"caller":"test_go_log/zap.go:113","msg":"Failed to fetch URL.","url":"http://example.com","attempt":3,"backoff":1}
{"level":"info","ts":1633871992.209926,"caller":"test_go_log/zap.go:119","msg":"Failed to fetch URL: http://example.com"}
{"level":"info","ts":1633871992.209939,"caller":"test_go_log/zap.go:104","msg":"Failed to fetch URL.","url":"http://example.com","attempt":3,"backoff":1}
{"level":"info","ts":1633871992.209944,"caller":"test_go_log/zap.go:113","msg":"Failed to fetch URL.","url":"http://example.com","attempt":3,"backoff":1}
{"level":"info","ts":1633871992.209949,"caller":"test_go_log/zap.go:119","msg":"Failed to fetch URL: http://example.com"}
{"level":"info","ts":1633871992.209954,"caller":"test_go_log/zap.go:104","msg":"Failed to fetch URL.","url":"http://example.com","attempt":3,"backoff":1}
{"level":"info","ts":1633871992.2099578,"caller":"test_go_log/zap.go:113","msg":"Failed to fetch URL.","url":"http://example.com","attempt":3,"backoff":1}
{"level":"info","ts":1633871992.209963,"caller":"test_go_log/zap.go:119","msg":"Failed to fetch URL: http://example.com"}
{"level":"info","ts":1633871992.209968,"caller":"test_go_log/zap.go:104","msg":"Failed to fetch URL.","url":"http://example.com","attempt":3,"backoff":1}
{"level":"info","ts":1633871992.209972,"caller":"test_go_log/zap.go:113","msg":"Failed to fetch URL.","url":"http://example.com","attempt":3,"backoff":1}
{"level":"info","ts":1633871992.2099771,"caller":"test_go_log/zap.go:119","msg":"Failed to fetch URL: http://example.com"}
{"level":"info","ts":1633871992.209982,"caller":"test_go_log/zap.go:104","msg":"Failed to fetch URL.","url":"http://example.com","attempt":3,"backoff":1}
{"level":"info","ts":1633871992.209986,"caller":"test_go_log/zap.go:113","msg":"Failed to fetch URL.","url":"http://example.com","attempt":3,"backoff":1}
{"level":"info","ts":1633871992.209991,"caller":"test_go_log/zap.go:119","msg":"Failed to fetch URL: http://example.com"}
{"level":"info","ts":1633871992.209996,"caller":"test_go_log/zap.go:104","msg":"Failed to fetch URL.","url":"http://example.com","attempt":3,"backoff":1}
{"level":"info","ts":1633871992.2099998,"caller":"test_go_log/zap.go:113","msg":"Failed to fetch URL.","url":"http://example.com","attempt":3,"backoff":1}
{"level":"info","ts":1633871992.2100081,"caller":"test_go_log/zap.go:119","msg":"Failed to fetch URL: http://example.com"}
{"level":"info","ts":1633871992.210013,"caller":"test_go_log/zap.go:104","msg":"Failed to fetch URL.","url":"http://example.com","attempt":3,"backoff":1}
{"level":"info","ts":1633871992.210017,"caller":"test_go_log/zap.go:113","msg":"Failed to fetch URL.","url":"http://example.com","attempt":3,"backoff":1}
{"level":"info","ts":1633871992.210022,"caller":"test_go_log/zap.go:119","msg":"Failed to fetch URL: http://example.com"}
{"level":"info","ts":1633871992.210028,"caller":"test_go_log/zap.go:104","msg":"Failed to fetch URL.","url":"http://example.com","attempt":3,"backoff":1}
{"level":"info","ts":1633871992.2100322,"caller":"test_go_log/zap.go:113","msg":"Failed to fetch URL.","url":"http://example.com","attempt":3,"backoff":1}
{"level":"info","ts":1633871992.210037,"caller":"test_go_log/zap.go:119","msg":"Failed to fetch URL: http://example.com"}
{"level":"info","ts":1633871992.210042,"caller":"test_go_log/zap.go:104","msg":"Failed to fetch URL.","url":"http://example.com","attempt":3,"backoff":1}
{"level":"info","ts":1633871992.210046,"caller":"test_go_log/zap.go:113","msg":"Failed to fetch URL.","url":"http://example.com","attempt":3,"backoff":1}
{"level":"info","ts":1633871992.210051,"caller":"test_go_log/zap.go:119","msg":"Failed to fetch URL: http://example.com"}
{"level":"info","ts":1633871992.2100558,"caller":"test_go_log/zap.go:104","msg":"Failed to fetch URL.","url":"http://example.com","attempt":3,"backoff":1}
{"level":"info","ts":1633871992.2100601,"caller":"test_go_log/zap.go:113","msg":"Failed to fetch URL.","url":"http://example.com","attempt":3,"backoff":1}
{"level":"info","ts":1633871992.210065,"caller":"test_go_log/zap.go:119","msg":"Failed to fetch URL: http://example.com"}
{"level":"info","ts":1633871992.2100701,"caller":"test_go_log/zap.go:104","msg":"Failed to fetch URL.","url":"http://example.com","attempt":3,"backoff":1}
{"level":"info","ts":1633871992.2100742,"caller":"test_go_log/zap.go:113","msg":"Failed to fetch URL.","url":"http://example.com","attempt":3,"backoff":1}
{"level":"info","ts":1633871992.210079,"caller":"test_go_log/zap.go:119","msg":"Failed to fetch URL: http://example.com"}
{"level":"info","ts":1633871992.2100842,"caller":"test_go_log/zap.go:104","msg":"Failed to fetch URL.","url":"http://example.com","attempt":3,"backoff":1}
{"level":"info","ts":1633871992.210088,"caller":"test_go_log/zap.go:113","msg":"Failed to fetch URL.","url":"http://example.com","attempt":3,"backoff":1}
{"level":"info","ts":1633871992.210093,"caller":"test_go_log/zap.go:119","msg":"Failed to fetch URL: http://example.com"}
{"level":"info","ts":1633871992.210098,"caller":"test_go_log/zap.go:104","msg":"Failed to fetch URL.","url":"http://example.com","attempt":3,"backoff":1}
{"level":"info","ts":1633871992.210102,"caller":"test_go_log/zap.go:113","msg":"Failed to fetch URL.","url":"http://example.com","attempt":3,"backoff":1}
{"level":"info","ts":1633871992.2101078,"caller":"test_go_log/zap.go:119","msg":"Failed to fetch URL: http://example.com"}
{"level":"info","ts":1633871992.210112,"caller":"test_go_log/zap.go:104","msg":"Failed to fetch URL.","url":"http://example.com","attempt":3,"backoff":1}
{"level":"info","ts":1633871992.210117,"caller":"test_go_log/zap.go:113","msg":"Failed to fetch URL.","url":"http://example.com","attempt":3,"backoff":1}
{"level":"info","ts":1633871992.2101219,"caller":"test_go_log/zap.go:119","msg":"Failed to fetch URL: http://example.com"}
{"level":"info","ts":1633871992.2101288,"caller":"test_go_log/zap.go:104","msg":"Failed to fetch URL.","url":"http://example.com","attempt":3,"backoff":1}
{"level":"info","ts":1633871992.210134,"caller":"test_go_log/zap.go:113","msg":"Failed to fetch URL.","url":"http://example.com","attempt":3,"backoff":1}
{"level":"info","ts":1633871992.2101388,"caller":"test_go_log/zap.go:119","msg":"Failed to fetch URL: http://example.com"}
{"level":"info","ts":1633871992.210144,"caller":"test_go_log/zap.go:104","msg":"Failed to fetch URL.","url":"http://example.com","attempt":3,"backoff":1}
{"level":"info","ts":1633871992.210148,"caller":"test_go_log/zap.go:113","msg":"Failed to fetch URL.","url":"http://example.com","attempt":3,"backoff":1}
{"level":"info","ts":1633871992.2101529,"caller":"test_go_log/zap.go:119","msg":"Failed to fetch URL: http://example.com"}
{"level":"info","ts":1633871992.210158,"caller":"test_go_log/zap.go:104","msg":"Failed to fetch URL.","url":"http://example.com","attempt":3,"backoff":1}
{"level":"info","ts":1633871992.210162,"caller":"test_go_log/zap.go:113","msg":"Failed to fetch URL.","url":"http://example.com","attempt":3,"backoff":1}
{"level":"info","ts":1633871992.210167,"caller":"test_go_log/zap.go:119","msg":"Failed to fetch URL: http://example.com"}
{"level":"info","ts":1633871992.210172,"caller":"test_go_log/zap.go:104","msg":"Failed to fetch URL.","url":"http://example.com","attempt":3,"backoff":1}
{"level":"info","ts":1633871992.210176,"caller":"test_go_log/zap.go:113","msg":"Failed to fetch URL.","url":"http://example.com","attempt":3,"backoff":1}
{"level":"info","ts":1633871992.2101812,"caller":"test_go_log/zap.go:119","msg":"Failed to fetch URL: http://example.com"}
{"level":"info","ts":1633871992.210186,"caller":"test_go_log/zap.go:104","msg":"Failed to fetch URL.","url":"http://example.com","attempt":3,"backoff":1}
{"level":"info","ts":1633871992.21019,"caller":"test_go_log/zap.go:113","msg":"Failed to fetch URL.","url":"http://example.com","attempt":3,"backoff":1}
{"level":"info","ts":1633871992.2101948,"caller":"test_go_log/zap.go:119","msg":"Failed to fetch URL: http://example.com"}
{"level":"info","ts":1633871992.210201,"caller":"test_go_log/zap.go:104","msg":"Failed to fetch URL.","url":"http://example.com","attempt":3,"backoff":1}
{"level":"info","ts":1633871992.2102048,"caller":"test_go_log/zap.go:113","msg":"Failed to fetch URL.","url":"http://example.com","attempt":3,"backoff":1}
{"level":"info","ts":1633871992.21021,"caller":"test_go_log/zap.go:119","msg":"Failed to fetch URL: http://example.com"}
{"level":"info","ts":1633871992.2102149,"caller":"test_go_log/zap.go:104","msg":"Failed to fetch URL.","url":"http://example.com","attempt":3,"backoff":1}
{"level":"info","ts":1633871992.210219,"caller":"test_go_log/zap.go:113","msg":"Failed to fetch URL.","url":"http://example.com","attempt":3,"backoff":1}
{"level":"info","ts":1633871992.2102242,"caller":"test_go_log/zap.go:119","msg":"Failed to fetch URL: http://example.com"}
{"level":"info","ts":1633871992.210229,"caller":"test_go_log/zap.go:104","msg":"Failed to fetch URL.","url":"http://example.com","attempt":3,"backoff":1}
{"level":"info","ts":1633871992.210233,"caller":"test_go_log/zap.go:113","msg":"Failed to fetch URL.","url":"http://example.com","attempt":3,"backoff":1}
{"level":"info","ts":1633871992.210239,"caller":"test_go_log/zap.go:119","msg":"Failed to fetch URL: http://example.com"}
{"level":"info","ts":1633871992.210243,"caller":"test_go_log/zap.go:104","msg":"Failed to fetch URL.","url":"http://example.com","attempt":3,"backoff":1}
{"level":"info","ts":1633871992.2102468,"caller":"test_go_log/zap.go:113","msg":"Failed to fetch URL.","url":"http://example.com","attempt":3,"backoff":1}
{"level":"info","ts":1633871992.210252,"caller":"test_go_log/zap.go:119","msg":"Failed to fetch URL: http://example.com"}
{"level":"info","ts":1633871992.2102568,"caller":"test_go_log/zap.go:104","msg":"Failed to fetch URL.","url":"http://example.com","attempt":3,"backoff":1}
{"level":"info","ts":1633871992.210261,"caller":"test_go_log/zap.go:113","msg":"Failed to fetch URL.","url":"http://example.com","attempt":3,"backoff":1}
{"level":"info","ts":1633871992.2102668,"caller":"test_go_log/zap.go:119","msg":"Failed to fetch URL: http://example.com"}
{"level":"info","ts":1633871992.210271,"caller":"test_go_log/zap.go:104","msg":"Failed to fetch URL.","url":"http://example.com","attempt":3,"backoff":1}
{"level":"info","ts":1633871992.2102761,"caller":"test_go_log/zap.go:113","msg":"Failed to fetch URL.","url":"http://example.com","attempt":3,"backoff":1}
{"level":"info","ts":1633871992.210281,"caller":"test_go_log/zap.go:119","msg":"Failed to fetch URL: http://example.com"}
{"level":"info","ts":1633871992.210285,"caller":"test_go_log/zap.go:104","msg":"Failed to fetch URL.","url":"http://example.com","attempt":3,"backoff":1}
{"level":"info","ts":1633871992.2103,"caller":"test_go_log/zap.go:113","msg":"Failed to fetch URL.","url":"http://example.com","attempt":3,"backoff":1}
{"level":"info","ts":1633871992.210306,"caller":"test_go_log/zap.go:119","msg":"Failed to fetch URL: http://example.com"}
{"level":"info","ts":1633871992.21031,"caller":"test_go_log/zap.go:104","msg":"Failed to fetch URL.","url":"http://example.com","attempt":3,"backoff":1}
{"level":"info","ts":1633871992.210314,"caller":"test_go_log/zap.go:113","msg":"Failed to fetch URL.","url":"http://example.com","attempt":3,"backoff":1}
{"level":"info","ts":1633871992.210322,"caller":"test_go_log/zap.go:119","msg":"Failed to fetch URL: http://example.com"}
{"level":"info","ts":1633871992.210328,"caller":"test_go_log/zap.go:104","msg":"Failed to fetch URL.","url":"http://example.com","attempt":3,"backoff":1}
{"level":"info","ts":1633871992.210332,"caller":"test_go_log/zap.go:113","msg":"Failed to fetch URL.","url":"http://example.com","attempt":3,"backoff":1}
{"level":"info","ts":1633871992.210337,"caller":"test_go_log/zap.go:119","msg":"Failed to fetch URL: http://example.com"}
{"level":"info","ts":1633871992.210342,"caller":"test_go_log/zap.go:104","msg":"Failed to fetch URL.","url":"http://example.com","attempt":3,"backoff":1}
{"level":"info","ts":1633871992.210346,"caller":"test_go_log/zap.go:113","msg":"Failed to fetch URL.","url":"http://example.com","attempt":3,"backoff":1}
{"level":"info","ts":1633871992.210351,"caller":"test_go_log/zap.go:119","msg":"Failed to fetch URL: http://example.com"}
{"level":"info","ts":1633871992.210356,"caller":"test_go_log/zap.go:104","msg":"Failed to fetch URL.","url":"http://example.com","attempt":3,"backoff":1}
{"level":"info","ts":1633871992.21036,"caller":"test_go_log/zap.go:113","msg":"Failed to fetch URL.","url":"http://example.com","attempt":3,"backoff":1}
{"level":"info","ts":1633871992.210366,"caller":"test_go_log/zap.go:119","msg":"Failed to fetch URL: http://example.com"}
{"level":"info","ts":1633871992.21037,"caller":"test_go_log/zap.go:104","msg":"Failed to fetch URL.","url":"http://example.com","attempt":3,"backoff":1}
{"level":"info","ts":1633871992.2103748,"caller":"test_go_log/zap.go:113","msg":"Failed to fetch URL.","url":"http://example.com","attempt":3,"backoff":1}
{"level":"info","ts":1633871992.21038,"caller":"test_go_log/zap.go:119","msg":"Failed to fetch URL: http://example.com"}
{"level":"info","ts":1633871992.210384,"caller":"test_go_log/zap.go:104","msg":"Failed to fetch URL.","url":"http://example.com","attempt":3,"backoff":1}
{"level":"info","ts":1633871992.210389,"caller":"test_go_log/zap.go:113","msg":"Failed to fetch URL.","url":"http://example.com","attempt":3,"backoff":1}
{"level":"info","ts":1633871992.2103941,"caller":"test_go_log/zap.go:119","msg":"Failed to fetch URL: http://example.com"}
{"level":"info","ts":1633871992.210398,"caller":"test_go_log/zap.go:104","msg":"Failed to fetch URL.","url":"http://example.com","attempt":3,"backoff":1}
{"level":"info","ts":1633871992.210403,"caller":"test_go_log/zap.go:113","msg":"Failed to fetch URL.","url":"http://example.com","attempt":3,"backoff":1}
{"level":"info","ts":1633871992.210408,"caller":"test_go_log/zap.go:119","msg":"Failed to fetch URL: http://example.com"}
{"level":"info","ts":1633871992.210413,"caller":"test_go_log/zap.go:104","msg":"Failed to fetch URL.","url":"http://example.com","attempt":3,"backoff":1}
{"level":"info","ts":1633871992.2104168,"caller":"test_go_log/zap.go:113","msg":"Failed to fetch URL.","url":"http://example.com","attempt":3,"backoff":1}
{"level":"info","ts":1633871992.210422,"caller":"test_go_log/zap.go:119","msg":"Failed to fetch URL: http://example.com"}
{"level":"info","ts":1633871992.2104268,"caller":"test_go_log/zap.go:104","msg":"Failed to fetch URL.","url":"http://example.com","attempt":3,"backoff":1}
{"level":"info","ts":1633871992.2104309,"caller":"test_go_log/zap.go:113","msg":"Failed to fetch URL.","url":"http://example.com","attempt":3,"backoff":1}
{"level":"info","ts":1633871992.210439,"caller":"test_go_log/zap.go:119","msg":"Failed to fetch URL: http://example.com"}
{"level":"info","ts":1633871992.210444,"caller":"test_go_log/zap.go:104","msg":"Failed to fetch URL.","url":"http://example.com","attempt":3,"backoff":1}
{"level":"info","ts":1633871992.2104478,"caller":"test_go_log/zap.go:113","msg":"Failed to fetch URL.","url":"http://example.com","attempt":3,"backoff":1}
{"level":"info","ts":1633871992.210454,"caller":"test_go_log/zap.go:119","msg":"Failed to fetch URL: http://example.com"}
{"level":"info","ts":1633871992.210458,"caller":"test_go_log/zap.go:104","msg":"Failed to fetch URL.","url":"http://example.com","attempt":3,"backoff":1}
{"level":"info","ts":1633871992.210463,"caller":"test_go_log/zap.go:113","msg":"Failed to fetch URL.","url":"http://example.com","attempt":3,"backoff":1}
{"level":"info","ts":1633871992.210471,"caller":"test_go_log/zap.go:119","msg":"Failed to fetch URL: http://example.com"}
{"level":"info","ts":1633871992.210476,"caller":"test_go_log/zap.go:104","msg":"Failed to fetch URL.","url":"http://example.com","attempt":3,"backoff":1}
{"level":"info","ts":1633871992.2104802,"caller":"test_go_log/zap.go:113","msg":"Failed to fetch URL.","url":"http://example.com","attempt":3,"backoff":1}
{"level":"info","ts":1633871992.210486,"caller":"test_go_log/zap.go:119","msg":"Failed to fetch URL: http://example.com"}
{"level":"info","ts":1633871992.2104902,"caller":"test_go_log/zap.go:104","msg":"Failed to fetch URL.","url":"http://example.com","attempt":3,"backoff":1}
{"level":"info","ts":1633871992.210495,"caller":"test_go_log/zap.go:113","msg":"Failed to fetch URL.","url":"http://example.com","attempt":3,"backoff":1}
{"level":"info","ts":1633871992.2105,"caller":"test_go_log/zap.go:119","msg":"Failed to fetch URL: http://example.com"}
{"level":"info","ts":1633871992.210504,"caller":"test_go_log/zap.go:104","msg":"Failed to fetch URL.","url":"http://example.com","attempt":3,"backoff":1}
{"level":"info","ts":1633871992.210509,"caller":"test_go_log/zap.go:113","msg":"Failed to fetch URL.","url":"http://example.com","attempt":3,"backoff":1}
{"level":"info","ts":1633871992.2105138,"caller":"test_go_log/zap.go:119","msg":"Failed to fetch URL: http://example.com"}
{"level":"info","ts":1633871992.210521,"caller":"test_go_log/zap.go:104","msg":"Failed to fetch URL.","url":"http://example.com","attempt":3,"backoff":1}
{"level":"info","ts":1633871992.210525,"caller":"test_go_log/zap.go:113","msg":"Failed to fetch URL.","url":"http://example.com","attempt":3,"backoff":1}
{"level":"info","ts":1633871992.210531,"caller":"test_go_log/zap.go:119","msg":"Failed to fetch URL: http://example.com"}
{"level":"info","ts":1633871992.2105348,"caller":"test_go_log/zap.go:104","msg":"Failed to fetch URL.","url":"http://example.com","attempt":3,"backoff":1}
{"level":"info","ts":1633871992.210539,"caller":"test_go_log/zap.go:113","msg":"Failed to fetch URL.","url":"http://example.com","attempt":3,"backoff":1}
{"level":"info","ts":1633871992.2105448,"caller":"test_go_log/zap.go:119","msg":"Failed to fetch URL: http://example.com"}
{"level":"info","ts":1633871992.2105489,"caller":"test_go_log/zap.go:104","msg":"Failed to fetch URL.","url":"http://example.com","attempt":3,"backoff":1}
{"level":"info","ts":1633871992.2105541,"caller":"test_go_log/zap.go:113","msg":"Failed to fetch URL.","url":"http://example.com","attempt":3,"backoff":1}
{"level":"info","ts":1633871992.210559,"caller":"test_go_log/zap.go:119","msg":"Failed to fetch URL: http://example.com"}
{"level":"info","ts":1633871992.2105632,"caller":"test_go_log/zap.go:104","msg":"Failed to fetch URL.","url":"http://example.com","attempt":3,"backoff":1}
{"level":"info","ts":1633871992.210568,"caller":"test_go_log/zap.go:113","msg":"Failed to fetch URL.","url":"http://example.com","attempt":3,"backoff":1}
{"level":"info","ts":1633871992.210573,"caller":"test_go_log/zap.go:119","msg":"Failed to fetch URL: http://example.com"}
{"level":"info","ts":1633871992.210577,"caller":"test_go_log/zap.go:104","msg":"Failed to fetch URL.","url":"http://example.com","attempt":3,"backoff":1}
{"level":"info","ts":1633871992.210582,"caller":"test_go_log/zap.go:113","msg":"Failed to fetch URL.","url":"http://example.com","attempt":3,"backoff":1}
{"level":"info","ts":1633871992.2105868,"caller":"test_go_log/zap.go:119","msg":"Failed to fetch URL: http://example.com"}
{"level":"info","ts":1633871992.210591,"caller":"test_go_log/zap.go:104","msg":"Failed to fetch URL.","url":"http://example.com","attempt":3,"backoff":1}
{"level":"info","ts":1633871992.210596,"caller":"test_go_log/zap.go:113","msg":"Failed to fetch URL.","url":"http://example.com","attempt":3,"backoff":1}
{"level":"info","ts":1633871992.2106009,"caller":"test_go_log/zap.go:119","msg":"Failed to fetch URL: http://example.com"}
{"level":"info","ts":1633871992.210606,"caller":"test_go_log/zap.go:104","msg":"Failed to fetch URL.","url":"http://example.com","attempt":3,"backoff":1}
{"level":"info","ts":1633871992.21061,"caller":"test_go_log/zap.go:113","msg":"Failed to fetch URL.","url":"http://example.com","attempt":3,"backoff":1}
{"level":"info","ts":1633871992.2106152,"caller":"test_go_log/zap.go:119","msg":"Failed to fetch URL: http://example.com"}
{"level":"info","ts":1633871992.21062,"caller":"test_go_log/zap.go:104","msg":"Failed to fetch URL.","url":"http://example.com","attempt":3,"backoff":1}
{"level":"info","ts":1633871992.210624,"caller":"test_go_log/zap.go:113","msg":"Failed to fetch URL.","url":"http://example.com","attempt":3,"backoff":1}
{"level":"info","ts":1633871992.21063,"caller":"test_go_log/zap.go:119","msg":"Failed to fetch URL: http://example.com"}
{"level":"info","ts":1633871992.210635,"caller":"test_go_log/zap.go:104","msg":"Failed to fetch URL.","url":"http://example.com","attempt":3,"backoff":1}
{"level":"info","ts":1633871992.210639,"caller":"test_go_log/zap.go:113","msg":"Failed to fetch URL.","url":"http://example.com","attempt":3,"backoff":1}
{"level":"info","ts":1633871992.210644,"caller":"test_go_log/zap.go:119","msg":"Failed to fetch URL: http://example.com"}
{"level":"info","ts":1633871992.210649,"caller":"test_go_log/zap.go:104","msg":"Failed to fetch URL.","url":"http://example.com","attempt":3,"backoff":1}
{"level":"info","ts":1633871992.2106528,"caller":"test_go_log/zap.go:113","msg":"Failed to fetch URL.","url":"http://example.com","attempt":3,"backoff":1}
{"level":"info","ts":1633871992.210658,"caller":"test_go_log/zap.go:119","msg":"Failed to fetch URL: http://example.com"}
{"level":"info","ts":1633871992.2106628,"caller":"test_go_log/zap.go:104","msg":"Failed to fetch URL.","url":"http://example.com","attempt":3,"backoff":1}
{"level":"info","ts":1633871992.210667,"caller":"test_go_log/zap.go:113","msg":"Failed to fetch URL.","url":"http://example.com","attempt":3,"backoff":1}
{"level":"info","ts":1633871992.2106721,"caller":"test_go_log/zap.go:119","msg":"Failed to fetch URL: http://example.com"}
{"level":"info","ts":1633871992.210677,"caller":"test_go_log/zap.go:104","msg":"Failed to fetch URL.","url":"http://example.com","attempt":3,"backoff":1}
{"level":"info","ts":1633871992.2106812,"caller":"test_go_log/zap.go:113","msg":"Failed to fetch URL.","url":"http://example.com","attempt":3,"backoff":1}
{"level":"info","ts":1633871992.210686,"caller":"test_go_log/zap.go:119","msg":"Failed to fetch URL: http://example.com"}
{"level":"info","ts":1633871992.210691,"caller":"test_go_log/zap.go:104","msg":"Failed to fetch URL.","url":"http://example.com","attempt":3,"backoff":1}
{"level":"info","ts":1633871992.210695,"caller":"test_go_log/zap.go:113","msg":"Failed to fetch URL.","url":"http://example.com","attempt":3,"backoff":1}
{"level":"info","ts":1633871992.210701,"caller":"test_go_log/zap.go:119","msg":"Failed to fetch URL: http://example.com"}
{"level":"info","ts":1633871992.210708,"caller":"test_go_log/zap.go:104","msg":"Failed to fetch URL.","url":"http://example.com","attempt":3,"backoff":1}
{"level":"info","ts":1633871992.210712,"caller":"test_go_log/zap.go:113","msg":"Failed to fetch URL.","url":"http://example.com","attempt":3,"backoff":1}
{"level":"info","ts":1633871992.210718,"caller":"test_go_log/zap.go:119","msg":"Failed to fetch URL: http://example.com"}
{"level":"info","ts":1633871992.210722,"caller":"test_go_log/zap.go:104","msg":"Failed to fetch URL.","url":"http://example.com","attempt":3,"backoff":1}
{"level":"info","ts":1633871992.210727,"caller":"test_go_log/zap.go:113","msg":"Failed to fetch URL.","url":"http://example.com","attempt":3,"backoff":1}
{"level":"info","ts":1633871992.210732,"caller":"test_go_log/zap.go:119","msg":"Failed to fetch URL: http://example.com"}
{"level":"info","ts":1633871992.210736,"caller":"test_go_log/zap.go:104","msg":"Failed to fetch URL.","url":"http://example.com","attempt":3,"backoff":1}
{"level":"info","ts":1633871992.2107399,"caller":"test_go_log/zap.go:113","msg":"Failed to fetch URL.","url":"http://example.com","attempt":3,"backoff":1}
{"level":"info","ts":1633871992.210746,"caller":"test_go_log/zap.go:119","msg":"Failed to fetch URL: http://example.com"}
{"level":"info","ts":1633871992.2107499,"caller":"test_go_log/zap.go:104","msg":"Failed to fetch URL.","url":"http://example.com","attempt":3,"backoff":1}
{"level":"info","ts":1633871992.210755,"caller":"test_go_log/zap.go:113","msg":"Failed to fetch URL.","url":"http://example.com","attempt":3,"backoff":1}
{"level":"info","ts":1633871992.2107599,"caller":"test_go_log/zap.go:119","msg":"Failed to fetch URL: http://example.com"}
{"level":"info","ts":1633871992.210764,"caller":"test_go_log/zap.go:104","msg":"Failed to fetch URL.","url":"http://example.com","attempt":3,"backoff":1}
{"level":"info","ts":1633871992.210769,"caller":"test_go_log/zap.go:113","msg":"Failed to fetch URL.","url":"http://example.com","attempt":3,"backoff":1}
{"level":"info","ts":1633871992.210774,"caller":"test_go_log/zap.go:119","msg":"Failed to fetch URL: http://example.com"}
{"level":"info","ts":1633871992.210778,"caller":"test_go_log/zap.go:104","msg":"Failed to fetch URL.","url":"http://example.com","attempt":3,"backoff":1}
{"level":"info","ts":1633871992.210783,"caller":"test_go_log/zap.go:113","msg":"Failed to fetch URL.","url":"http://example.com","attempt":3,"backoff":1}
{"level":"info","ts":1633871992.210788,"caller":"test_go_log/zap.go:119","msg":"Failed to fetch URL: http://example.com"}
{"level":"info","ts":1633871992.210793,"caller":"test_go_log/zap.go:104","msg":"Failed to fetch URL.","url":"http://example.com","attempt":3,"backoff":1}
{"level":"info","ts":1633871992.210797,"caller":"test_go_log/zap.go:113","msg":"Failed to fetch URL.","url":"http://example.com","attempt":3,"backoff":1}
{"level":"info","ts":1633871992.2108018,"caller":"test_go_log/zap.go:119","msg":"Failed to fetch URL: http://example.com"}
{"level":"info","ts":1633871992.210807,"caller":"test_go_log/zap.go:104","msg":"Failed to fetch URL.","url":"http://example.com","attempt":3,"backoff":1}
{"level":"info","ts":1633871992.210811,"caller":"test_go_log/zap.go:113","msg":"Failed to fetch URL.","url":"http://example.com","attempt":3,"backoff":1}
{"level":"info","ts":1633871992.210816,"caller":"test_go_log/zap.go:119","msg":"Failed to fetch URL: http://example.com"}
{"level":"info","ts":1633871992.2108212,"caller":"test_go_log/zap.go:104","msg":"Failed to fetch URL.","url":"http://example.com","attempt":3,"backoff":1}
{"level":"info","ts":1633871992.210826,"caller":"test_go_log/zap.go:113","msg":"Failed to fetch URL.","url":"http://example.com","attempt":3,"backoff":1}
{"level":"info","ts":1633871992.2108312,"caller":"test_go_log/zap.go:119","msg":"Failed to fetch URL: http://example.com"}
{"level":"info","ts":1633871992.210835,"caller":"test_go_log/zap.go:104","msg":"Failed to fetch URL.","url":"http://example.com","attempt":3,"backoff":1}
{"level":"info","ts":1633871992.21084,"caller":"test_go_log/zap.go:113","msg":"Failed to fetch URL.","url":"http://example.com","attempt":3,"backoff":1}
{"level":"info","ts":1633871992.210845,"caller":"test_go_log/zap.go:119","msg":"Failed to fetch URL: http://example.com"}
{"level":"info","ts":1633871992.210849,"caller":"test_go_log/zap.go:104","msg":"Failed to fetch URL.","url":"http://example.com","attempt":3,"backoff":1}
{"level":"info","ts":1633871992.2108538,"caller":"test_go_log/zap.go:113","msg":"Failed to fetch URL.","url":"http://example.com","attempt":3,"backoff":1}
{"level":"info","ts":1633871992.210859,"caller":"test_go_log/zap.go:119","msg":"Failed to fetch URL: http://example.com"}
{"level":"info","ts":1633871992.210864,"caller":"test_go_log/zap.go:104","msg":"Failed to fetch URL.","url":"http://example.com","attempt":3,"backoff":1}
{"level":"info","ts":1633871992.210868,"caller":"test_go_log/zap.go:113","msg":"Failed to fetch URL.","url":"http://example.com","attempt":3,"backoff":1}
{"level":"info","ts":1633871992.2108731,"caller":"test_go_log/zap.go:119","msg":"Failed to fetch URL: http://example.com"}
{"level":"info","ts":1633871992.210878,"caller":"test_go_log/zap.go:104","msg":"Failed to fetch URL.","url":"http://example.com","attempt":3,"backoff":1}
{"level":"info","ts":1633871992.210882,"caller":"test_go_log/zap.go:113","msg":"Failed to fetch URL.","url":"http://example.com","attempt":3,"backoff":1}
{"level":"info","ts":1633871992.210887,"caller":"test_go_log/zap.go:119","msg":"Failed to fetch URL: http://example.com"}
{"level":"info","ts":1633871992.210894,"caller":"test_go_log/zap.go:104","msg":"Failed to fetch URL.","url":"http://example.com","attempt":3,"backoff":1}
{"level":"info","ts":1633871992.2108989,"caller":"test_go_log/zap.go:113","msg":"Failed to fetch URL.","url":"http://example.com","attempt":3,"backoff":1}
{"level":"info","ts":1633871992.2109041,"caller":"test_go_log/zap.go:119","msg":"Failed to fetch URL: http://example.com"}
{"level":"info","ts":1633871992.210908,"caller":"test_go_log/zap.go:104","msg":"Failed to fetch URL.","url":"http://example.com","attempt":3,"backoff":1}
{"level":"info","ts":1633871992.210913,"caller":"test_go_log/zap.go:113","msg":"Failed to fetch URL.","url":"http://example.com","attempt":3,"backoff":1}
{"level":"info","ts":1633871992.210918,"caller":"test_go_log/zap.go:119","msg":"Failed to fetch URL: http://example.com"}
{"level":"info","ts":1633871992.210922,"caller":"test_go_log/zap.go:104","msg":"Failed to fetch URL.","url":"http://example.com","attempt":3,"backoff":1}
{"level":"info","ts":1633871992.210927,"caller":"test_go_log/zap.go:113","msg":"Failed to fetch URL.","url":"http://example.com","attempt":3,"backoff":1}
{"level":"info","ts":1633871992.210933,"caller":"test_go_log/zap.go:119","msg":"Failed to fetch URL: http://example.com"}
{"level":"info","ts":1633871992.210937,"caller":"test_go_log/zap.go:104","msg":"Failed to fetch URL.","url":"http://example.com","attempt":3,"backoff":1}
{"level":"info","ts":1633871992.210942,"caller":"test_go_log/zap.go:113","msg":"Failed to fetch URL.","url":"http://example.com","attempt":3,"backoff":1}
{"level":"info","ts":1633871992.210947,"caller":"test_go_log/zap.go:119","msg":"Failed to fetch URL: http://example.com"}
{"level":"info","ts":1633871992.210952,"caller":"test_go_log/zap.go:104","msg":"Failed to fetch URL.","url":"http://example.com","attempt":3,"backoff":1}
{"level":"info","ts":1633871992.210957,"caller":"test_go_log/zap.go:113","msg":"Failed to fetch URL.","url":"http://example.com","attempt":3,"backoff":1}
{"level":"info","ts":1633871992.2109609,"caller":"test_go_log/zap.go:119","msg":"Failed to fetch URL: http://example.com"}
{"level":"info","ts":1633871992.210968,"caller":"test_go_log/zap.go:104","msg":"Failed to fetch URL.","url":"http://example.com","attempt":3,"backoff":1}
{"level":"info","ts":1633871992.2109718,"caller":"test_go_log/zap.go:113","msg":"Failed to fetch URL.","url":"http://example.com","attempt":3,"backoff":1}
{"level":"info","ts":1633871992.210977,"caller":"test_go_log/zap.go:119","msg":"Failed to fetch URL: http://example.com"}
{"level":"info","ts":1633871992.2109811,"caller":"test_go_log/zap.go:104","msg":"Failed to fetch URL.","url":"http://example.com","attempt":3,"backoff":1}
{"level":"info","ts":1633871992.210985,"caller":"test_go_log/zap.go:113","msg":"Failed to fetch URL.","url":"http://example.com","attempt":3,"backoff":1}
{"level":"info","ts":1633871992.2109911,"caller":"test_go_log/zap.go:119","msg":"Failed to fetch URL: http://example.com"}
{"level":"info","ts":1633871992.210995,"caller":"test_go_log/zap.go:104","msg":"Failed to fetch URL.","url":"http://example.com","attempt":3,"backoff":1}
{"level":"info","ts":1633871992.210999,"caller":"test_go_log/zap.go:113","msg":"Failed to fetch URL.","url":"http://example.com","attempt":3,"backoff":1}
{"level":"info","ts":1633871992.211004,"caller":"test_go_log/zap.go:119","msg":"Failed to fetch URL: http://example.com"}
{"level":"info","ts":1633871992.211008,"caller":"test_go_log/zap.go:104","msg":"Failed to fetch URL.","url":"http://example.com","attempt":3,"backoff":1}
{"level":"info","ts":1633871992.2110112,"caller":"test_go_log/zap.go:113","msg":"Failed to fetch URL.","url":"http://example.com","attempt":3,"backoff":1}
{"level":"info","ts":1633871992.211016,"caller":"test_go_log/zap.go:119","msg":"Failed to fetch URL: http://example.com"}
{"level":"info","ts":1633871992.21102,"caller":"test_go_log/zap.go:104","msg":"Failed to fetch URL.","url":"http://example.com","attempt":3,"backoff":1}
{"level":"info","ts":1633871992.2110238,"caller":"test_go_log/zap.go:113","msg":"Failed to fetch URL.","url":"http://example.com","attempt":3,"backoff":1}
{"level":"info","ts":1633871992.211029,"caller":"test_go_log/zap.go:119","msg":"Failed to fetch URL: http://example.com"}
{"level":"info","ts":1633871992.211033,"caller":"test_go_log/zap.go:104","msg":"Failed to fetch URL.","url":"http://example.com","attempt":3,"backoff":1}
{"level":"info","ts":1633871992.211037,"caller":"test_go_log/zap.go:113","msg":"Failed to fetch URL.","url":"http://example.com","attempt":3,"backoff":1}
{"level":"info","ts":1633871992.211041,"caller":"test_go_log/zap.go:119","msg":"Failed to fetch URL: http://example.com"}
{"level":"info","ts":1633871992.211045,"caller":"test_go_log/zap.go:104","msg":"Failed to fetch URL.","url":"http://example.com","attempt":3,"backoff":1}
{"level":"info","ts":1633871992.2110488,"caller":"test_go_log/zap.go:113","msg":"Failed to fetch URL.","url":"http://example.com","attempt":3,"backoff":1}
{"level":"info","ts":1633871992.211054,"caller":"test_go_log/zap.go:119","msg":"Failed to fetch URL: http://example.com"}
{"level":"info","ts":1633871992.211058,"caller":"test_go_log/zap.go:104","msg":"Failed to fetch URL.","url":"http://example.com","attempt":3,"backoff":1}
{"level":"info","ts":1633871992.211062,"caller":"test_go_log/zap.go:113","msg":"Failed to fetch URL.","url":"http://example.com","attempt":3,"backoff":1}
{"level":"info","ts":1633871992.211067,"caller":"test_go_log/zap.go:119","msg":"Failed to fetch URL: http://example.com"}
{"level":"info","ts":1633871992.211072,"caller":"test_go_log/zap.go:104","msg":"Failed to fetch URL.","url":"http://example.com","attempt":3,"backoff":1}
{"level":"info","ts":1633871992.211075,"caller":"test_go_log/zap.go:113","msg":"Failed to fetch URL.","url":"http://example.com","attempt":3,"backoff":1}
{"level":"info","ts":1633871992.2110798,"caller":"test_go_log/zap.go:119","msg":"Failed to fetch URL: http://example.com"}
{"level":"info","ts":1633871992.2110841,"caller":"test_go_log/zap.go:104","msg":"Failed to fetch URL.","url":"http://example.com","attempt":3,"backoff":1}
{"level":"info","ts":1633871992.211088,"caller":"test_go_log/zap.go:113","msg":"Failed to fetch URL.","url":"http://example.com","attempt":3,"backoff":1}
{"level":"info","ts":1633871992.211093,"caller":"test_go_log/zap.go:119","msg":"Failed to fetch URL: http://example.com"}
{"level":"info","ts":1633871992.211097,"caller":"test_go_log/zap.go:104","msg":"Failed to fetch URL.","url":"http://example.com","attempt":3,"backoff":1}
{"level":"info","ts":1633871992.2111008,"caller":"test_go_log/zap.go:113","msg":"Failed to fetch URL.","url":"http://example.com","attempt":3,"backoff":1}
{"level":"info","ts":1633871992.211105,"caller":"test_go_log/zap.go:119","msg":"Failed to fetch URL: http://example.com"}
{"level":"info","ts":1633871992.2111092,"caller":"test_go_log/zap.go:104","msg":"Failed to fetch URL.","url":"http://example.com","attempt":3,"backoff":1}
{"level":"info","ts":1633871992.211113,"caller":"test_go_log/zap.go:113","msg":"Failed to fetch URL.","url":"http://example.com","attempt":3,"backoff":1}
{"level":"info","ts":1633871992.211118,"caller":"test_go_log/zap.go:119","msg":"Failed to fetch URL: http://example.com"}
{"level":"info","ts":1633871992.211122,"caller":"test_go_log/zap.go:104","msg":"Failed to fetch URL.","url":"http://example.com","attempt":3,"backoff":1}
{"level":"info","ts":1633871992.211126,"caller":"test_go_log/zap.go:113","msg":"Failed to fetch URL.","url":"http://example.com","attempt":3,"backoff":1}
{"level":"info","ts":1633871992.2111309,"caller":"test_go_log/zap.go:119","msg":"Failed to fetch URL: http://example.com"}
{"level":"info","ts":1633871992.211135,"caller":"test_go_log/zap.go:104","msg":"Failed to fetch URL.","url":"http://example.com","attempt":3,"backoff":1}
{"level":"info","ts":1633871992.211139,"caller":"test_go_log/zap.go:113","msg":"Failed to fetch URL.","url":"http://example.com","attempt":3,"backoff":1}
{"level":"info","ts":1633871992.211143,"caller":"test_go_log/zap.go:119","msg":"Failed to fetch URL: http://example.com"}
{"level":"info","ts":1633871992.211147,"caller":"test_go_log/zap.go:104","msg":"Failed to fetch URL.","url":"http://example.com","attempt":3,"backoff":1}
{"level":"info","ts":1633871992.2111511,"caller":"test_go_log/zap.go:113","msg":"Failed to fetch URL.","url":"http://example.com","attempt":3,"backoff":1}
{"level":"info","ts":1633871992.211156,"caller":"test_go_log/zap.go:119","msg":"Failed to fetch URL: http://example.com"}
{"level":"info","ts":1633871992.2111602,"caller":"test_go_log/zap.go:104","msg":"Failed to fetch URL.","url":"http://example.com","attempt":3,"backoff":1}
{"level":"info","ts":1633871992.211164,"caller":"test_go_log/zap.go:113","msg":"Failed to fetch URL.","url":"http://example.com","attempt":3,"backoff":1}
{"level":"info","ts":1633871992.211169,"caller":"test_go_log/zap.go:119","msg":"Failed to fetch URL: http://example.com"}
{"level":"info","ts":1633871992.211173,"caller":"test_go_log/zap.go:104","msg":"Failed to fetch URL.","url":"http://example.com","attempt":3,"backoff":1}
{"level":"info","ts":1633871992.211176,"caller":"test_go_log/zap.go:113","msg":"Failed to fetch URL.","url":"http://example.com","attempt":3,"backoff":1}
{"level":"info","ts":1633871992.2111812,"caller":"test_go_log/zap.go:119","msg":"Failed to fetch URL: http://example.com"}
{"level":"info","ts":1633871992.211185,"caller":"test_go_log/zap.go:104","msg":"Failed to fetch URL.","url":"http://example.com","attempt":3,"backoff":1}
{"level":"info","ts":1633871992.211189,"caller":"test_go_log/zap.go:113","msg":"Failed to fetch URL.","url":"http://example.com","attempt":3,"backoff":1}
{"level":"info","ts":1633871992.211194,"caller":"test_go_log/zap.go:119","msg":"Failed to fetch URL: http://example.com"}
{"level":"info","ts":1633871992.2111979,"caller":"test_go_log/zap.go:104","msg":"Failed to fetch URL.","url":"http://example.com","attempt":3,"backoff":1}
{"level":"info","ts":1633871992.2112021,"caller":"test_go_log/zap.go:113","msg":"Failed to fetch URL.","url":"http://example.com","attempt":3,"backoff":1}
{"level":"info","ts":1633871992.211209,"caller":"test_go_log/zap.go:119","msg":"Failed to fetch URL: http://example.com"}
{"level":"info","ts":1633871992.211213,"caller":"test_go_log/zap.go:104","msg":"Failed to fetch URL.","url":"http://example.com","attempt":3,"backoff":1}
{"level":"info","ts":1633871992.211217,"caller":"test_go_log/zap.go:113","msg":"Failed to fetch URL.","url":"http://example.com","attempt":3,"backoff":1}
{"level":"info","ts":1633871992.211221,"caller":"test_go_log/zap.go:119","msg":"Failed to fetch URL: http://example.com"}
{"level":"info","ts":1633871992.211225,"caller":"test_go_log/zap.go:104","msg":"Failed to fetch URL.","url":"http://example.com","attempt":3,"backoff":1}
{"level":"info","ts":1633871992.2112288,"caller":"test_go_log/zap.go:113","msg":"Failed to fetch URL.","url":"http://example.com","attempt":3,"backoff":1}
{"level":"info","ts":1633871992.211234,"caller":"test_go_log/zap.go:119","msg":"Failed to fetch URL: http://example.com"}
{"level":"info","ts":1633871992.2112389,"caller":"test_go_log/zap.go:104","msg":"Failed to fetch URL.","url":"http://example.com","attempt":3,"backoff":1}
{"level":"info","ts":1633871992.211243,"caller":"test_go_log/zap.go:113","msg":"Failed to fetch URL.","url":"http://example.com","attempt":3,"backoff":1}
{"level":"info","ts":1633871992.2112472,"caller":"test_go_log/zap.go:119","msg":"Failed to fetch URL: http://example.com"}
{"level":"info","ts":1633871992.211252,"caller":"test_go_log/zap.go:104","msg":"Failed to fetch URL.","url":"http://example.com","attempt":3,"backoff":1}
{"level":"info","ts":1633871992.211256,"caller":"test_go_log/zap.go:113","msg":"Failed to fetch URL.","url":"http://example.com","attempt":3,"backoff":1}
{"level":"info","ts":1633871992.2112598,"caller":"test_go_log/zap.go:119","msg":"Failed to fetch URL: http://example.com"}
{"level":"info","ts":1633871992.211264,"caller":"test_go_log/zap.go:104","msg":"Failed to fetch URL.","url":"http://example.com","attempt":3,"backoff":1}
{"level":"info","ts":1633871992.2112682,"caller":"test_go_log/zap.go:113","msg":"Failed to fetch URL.","url":"http://example.com","attempt":3,"backoff":1}
{"level":"info","ts":1633871992.211273,"caller":"test_go_log/zap.go:119","msg":"Failed to fetch URL: http://example.com"}
{"level":"info","ts":1633871992.211277,"caller":"test_go_log/zap.go:104","msg":"Failed to fetch URL.","url":"http://example.com","attempt":3,"backoff":1}
{"level":"info","ts":1633871992.2112808,"caller":"test_go_log/zap.go:113","msg":"Failed to fetch URL.","url":"http://example.com","attempt":3,"backoff":1}
{"level":"info","ts":1633871992.211286,"caller":"test_go_log/zap.go:119","msg":"Failed to fetch URL: http://example.com"}
{"level":"info","ts":1633871992.2112901,"caller":"test_go_log/zap.go:104","msg":"Failed to fetch URL.","url":"http://example.com","attempt":3,"backoff":1}
{"level":"info","ts":1633871992.211294,"caller":"test_go_log/zap.go:113","msg":"Failed to fetch URL.","url":"http://example.com","attempt":3,"backoff":1}
{"level":"info","ts":1633871992.2112992,"caller":"test_go_log/zap.go:119","msg":"Failed to fetch URL: http://example.com"}
{"level":"info","ts":1633871992.211303,"caller":"test_go_log/zap.go:104","msg":"Failed to fetch URL.","url":"http://example.com","attempt":3,"backoff":1}
{"level":"info","ts":1633871992.211307,"caller":"test_go_log/zap.go:113","msg":"Failed to fetch URL.","url":"http://example.com","attempt":3,"backoff":1}
{"level":"info","ts":1633871992.211311,"caller":"test_go_log/zap.go:119","msg":"Failed to fetch URL: http://example.com"}
{"level":"info","ts":1633871992.211315,"caller":"test_go_log/zap.go:104","msg":"Failed to fetch URL.","url":"http://example.com","attempt":3,"backoff":1}
{"level":"info","ts":1633871992.211319,"caller":"test_go_log/zap.go:113","msg":"Failed to fetch URL.","url":"http://example.com","attempt":3,"backoff":1}
{"level":"info","ts":1633871992.211324,"caller":"test_go_log/zap.go:119","msg":"Failed to fetch URL: http://example.com"}
{"level":"info","ts":1633871992.211328,"caller":"test_go_log/zap.go:104","msg":"Failed to fetch URL.","url":"http://example.com","attempt":3,"backoff":1}
{"level":"info","ts":1633871992.211332,"caller":"test_go_log/zap.go:113","msg":"Failed to fetch URL.","url":"http://example.com","attempt":3,"backoff":1}
{"level":"info","ts":1633871992.211336,"caller":"test_go_log/zap.go:119","msg":"Failed to fetch URL: http://example.com"}
{"level":"info","ts":1633871992.21134,"caller":"test_go_log/zap.go:104","msg":"Failed to fetch URL.","url":"http://example.com","attempt":3,"backoff":1}
{"level":"info","ts":1633871992.2113438,"caller":"test_go_log/zap.go:113","msg":"Failed to fetch URL.","url":"http://example.com","attempt":3,"backoff":1}
{"level":"info","ts":1633871992.211349,"caller":"test_go_log/zap.go:119","msg":"Failed to fetch URL: http://example.com"}
{"level":"info","ts":1633871992.211353,"caller":"test_go_log/zap.go:104","msg":"Failed to fetch URL.","url":"http://example.com","attempt":3,"backoff":1}
{"level":"info","ts":1633871992.2113569,"caller":"test_go_log/zap.go:113","msg":"Failed to fetch URL.","url":"http://example.com","attempt":3,"backoff":1}
{"level":"info","ts":1633871992.2113621,"caller":"test_go_log/zap.go:119","msg":"Failed to fetch URL: http://example.com"}
{"level":"info","ts":1633871992.211366,"caller":"test_go_log/zap.go:104","msg":"Failed to fetch URL.","url":"http://example.com","attempt":3,"backoff":1}
{"level":"info","ts":1633871992.21137,"caller":"test_go_log/zap.go:113","msg":"Failed to fetch URL.","url":"http://example.com","attempt":3,"backoff":1}
{"level":"info","ts":1633871992.211374,"caller":"test_go_log/zap.go:119","msg":"Failed to fetch URL: http://example.com"}
{"level":"info","ts":1633871992.211381,"caller":"test_go_log/zap.go:104","msg":"Failed to fetch URL.","url":"http://example.com","attempt":3,"backoff":1}
{"level":"info","ts":1633871992.211385,"caller":"test_go_log/zap.go:113","msg":"Failed to fetch URL.","url":"http://example.com","attempt":3,"backoff":1}
{"level":"info","ts":1633871992.21139,"caller":"test_go_log/zap.go:119","msg":"Failed to fetch URL: http://example.com"}
